No files changed, compilation skipped

Ran 1 test for test/MerkleStorageOZ.t.sol:MerkleStorageOZTest
[FAIL. Reason: All leaves should be verifiable: 29 != 0] testAddAndVerifySequentially() (gas: 11840497)
Logs:
  Added leaf 1
  Getting proof for leaf index: 0
  Tree depth: 0
  Final proof length: 0
  --- Verification details for leaf 1 after adding 1 leaves ---
  Verifying leaf: 1534629507014924801801850062420965747762703560098700086918056654539096211930
  Merkle root: 1534629507014924801801850062420965747762703560098700086918056654539096211930
  Proof length: 0
  Is valid: true
  --- End of verification details ---
  Successfully verified leaf 1 after adding 1 leaves
  Added leaf 2
  Getting proof for leaf index: 0
  Tree depth: 1
  Level 0 size: 2
  Added to proof: 84303433209692230857384970403333823748570319246869449369625637863858470744792
  Final proof length: 1
  --- Verification details for leaf 1 after adding 2 leaves ---
  Verifying leaf: 1534629507014924801801850062420965747762703560098700086918056654539096211930
  Merkle root: 4819654492366420278237764346194618123787186199882361681321774604810163462263
  Proof length: 1
  Proof element 0 : 84303433209692230857384970403333823748570319246869449369625637863858470744792
  Computed hash after element 0 : 4819654492366420278237764346194618123787186199882361681321774604810163462263
  Is valid: true
  --- End of verification details ---
  Successfully verified leaf 1 after adding 2 leaves
  Getting proof for leaf index: 1
  Tree depth: 1
  Level 0 size: 2
  Added to proof: 1534629507014924801801850062420965747762703560098700086918056654539096211930
  Final proof length: 1
  --- Verification details for leaf 2 after adding 2 leaves ---
  Verifying leaf: 84303433209692230857384970403333823748570319246869449369625637863858470744792
  Merkle root: 4819654492366420278237764346194618123787186199882361681321774604810163462263
  Proof length: 1
  Proof element 0 : 1534629507014924801801850062420965747762703560098700086918056654539096211930
  Computed hash after element 0 : 4819654492366420278237764346194618123787186199882361681321774604810163462263
  Is valid: true
  --- End of verification details ---
  Successfully verified leaf 2 after adding 2 leaves
  Added leaf 3
  Getting proof for leaf index: 0
  Tree depth: 2
  Level 0 size: 3
  Added to proof: 84303433209692230857384970403333823748570319246869449369625637863858470744792
  Level 1 size: 2
  Added to proof: 114806096316174656260172984043681595992173194076043313710926606652151351550195
  Final proof length: 2
  --- Verification details for leaf 1 after adding 3 leaves ---
  Verifying leaf: 1534629507014924801801850062420965747762703560098700086918056654539096211930
  Merkle root: 67436294798345276949753595613095891872564208467660475530201896116977038840220
  Proof length: 2
  Proof element 0 : 84303433209692230857384970403333823748570319246869449369625637863858470744792
  Computed hash after element 0 : 4819654492366420278237764346194618123787186199882361681321774604810163462263
  Proof element 1 : 114806096316174656260172984043681595992173194076043313710926606652151351550195
  Computed hash after element 1 : 67436294798345276949753595613095891872564208467660475530201896116977038840220
  Is valid: true
  --- End of verification details ---
  Successfully verified leaf 1 after adding 3 leaves
  Getting proof for leaf index: 1
  Tree depth: 2
  Level 0 size: 3
  Added to proof: 1534629507014924801801850062420965747762703560098700086918056654539096211930
  Level 1 size: 2
  Added to proof: 114806096316174656260172984043681595992173194076043313710926606652151351550195
  Final proof length: 2
  --- Verification details for leaf 2 after adding 3 leaves ---
  Verifying leaf: 84303433209692230857384970403333823748570319246869449369625637863858470744792
  Merkle root: 67436294798345276949753595613095891872564208467660475530201896116977038840220
  Proof length: 2
  Proof element 0 : 1534629507014924801801850062420965747762703560098700086918056654539096211930
  Computed hash after element 0 : 4819654492366420278237764346194618123787186199882361681321774604810163462263
  Proof element 1 : 114806096316174656260172984043681595992173194076043313710926606652151351550195
  Computed hash after element 1 : 67436294798345276949753595613095891872564208467660475530201896116977038840220
  Is valid: true
  --- End of verification details ---
  Successfully verified leaf 2 after adding 3 leaves
  Getting proof for leaf index: 2
  Tree depth: 2
  Level 0 size: 3
  Added to proof (odd level): 114806096316174656260172984043681595992173194076043313710926606652151351550195
  Level 1 size: 2
  Added to proof: 4819654492366420278237764346194618123787186199882361681321774604810163462263
  Final proof length: 2
  --- Verification details for leaf 3 after adding 3 leaves ---
  Verifying leaf: 114806096316174656260172984043681595992173194076043313710926606652151351550195
  Merkle root: 67436294798345276949753595613095891872564208467660475530201896116977038840220
  Proof length: 2
  Proof element 0 : 114806096316174656260172984043681595992173194076043313710926606652151351550195
  Computed hash after element 0 : 56063023750464169424201752593871630494169566218716330992918830742532250616805
  Proof element 1 : 4819654492366420278237764346194618123787186199882361681321774604810163462263
  Computed hash after element 1 : 85126697450493682131273072009741742028962261674691772054558990580592983660351
  Is valid: false
  --- End of verification details ---
  Failed to verify leaf 3 after adding 3 leaves
  Added leaf 4
  Getting proof for leaf index: 0
  Tree depth: 2
  Level 0 size: 4
  Added to proof: 84303433209692230857384970403333823748570319246869449369625637863858470744792
  Level 1 size: 2
  Added to proof: 42994468410347004737970376126143620665813473361490896099477539813509562736181
  Final proof length: 2
  --- Verification details for leaf 1 after adding 4 leaves ---
  Verifying leaf: 1534629507014924801801850062420965747762703560098700086918056654539096211930
  Merkle root: 86167276729270415220365293603154116830872546334163333883227179387055231533441
  Proof length: 2
  Proof element 0 : 84303433209692230857384970403333823748570319246869449369625637863858470744792
  Computed hash after element 0 : 4819654492366420278237764346194618123787186199882361681321774604810163462263
  Proof element 1 : 42994468410347004737970376126143620665813473361490896099477539813509562736181
  Computed hash after element 1 : 86167276729270415220365293603154116830872546334163333883227179387055231533441
  Is valid: true
  --- End of verification details ---
  Successfully verified leaf 1 after adding 4 leaves
  Getting proof for leaf index: 1
  Tree depth: 2
  Level 0 size: 4
  Added to proof: 1534629507014924801801850062420965747762703560098700086918056654539096211930
  Level 1 size: 2
  Added to proof: 42994468410347004737970376126143620665813473361490896099477539813509562736181
  Final proof length: 2
  --- Verification details for leaf 2 after adding 4 leaves ---
  Verifying leaf: 84303433209692230857384970403333823748570319246869449369625637863858470744792
  Merkle root: 86167276729270415220365293603154116830872546334163333883227179387055231533441
  Proof length: 2
  Proof element 0 : 1534629507014924801801850062420965747762703560098700086918056654539096211930
  Computed hash after element 0 : 4819654492366420278237764346194618123787186199882361681321774604810163462263
  Proof element 1 : 42994468410347004737970376126143620665813473361490896099477539813509562736181
  Computed hash after element 1 : 86167276729270415220365293603154116830872546334163333883227179387055231533441
  Is valid: true
  --- End of verification details ---
  Successfully verified leaf 2 after adding 4 leaves
  Getting proof for leaf index: 2
  Tree depth: 2
  Level 0 size: 4
  Added to proof: 9718660262289985226213547307049526568607798083323067650698233131271439501106
  Level 1 size: 2
  Added to proof: 4819654492366420278237764346194618123787186199882361681321774604810163462263
  Final proof length: 2
  --- Verification details for leaf 3 after adding 4 leaves ---
  Verifying leaf: 114806096316174656260172984043681595992173194076043313710926606652151351550195
  Merkle root: 86167276729270415220365293603154116830872546334163333883227179387055231533441
  Proof length: 2
  Proof element 0 : 9718660262289985226213547307049526568607798083323067650698233131271439501106
  Computed hash after element 0 : 42994468410347004737970376126143620665813473361490896099477539813509562736181
  Proof element 1 : 4819654492366420278237764346194618123787186199882361681321774604810163462263
  Computed hash after element 1 : 86167276729270415220365293603154116830872546334163333883227179387055231533441
  Is valid: true
  --- End of verification details ---
  Successfully verified leaf 3 after adding 4 leaves
  Getting proof for leaf index: 3
  Tree depth: 2
  Level 0 size: 4
  Added to proof: 114806096316174656260172984043681595992173194076043313710926606652151351550195
  Level 1 size: 2
  Added to proof: 4819654492366420278237764346194618123787186199882361681321774604810163462263
  Final proof length: 2
  --- Verification details for leaf 4 after adding 4 leaves ---
  Verifying leaf: 9718660262289985226213547307049526568607798083323067650698233131271439501106
  Merkle root: 86167276729270415220365293603154116830872546334163333883227179387055231533441
  Proof length: 2
  Proof element 0 : 114806096316174656260172984043681595992173194076043313710926606652151351550195
  Computed hash after element 0 : 42994468410347004737970376126143620665813473361490896099477539813509562736181
  Proof element 1 : 4819654492366420278237764346194618123787186199882361681321774604810163462263
  Computed hash after element 1 : 86167276729270415220365293603154116830872546334163333883227179387055231533441
  Is valid: true
  --- End of verification details ---
  Successfully verified leaf 4 after adding 4 leaves
  Added leaf 5
  Getting proof for leaf index: 0
  Tree depth: 3
  Level 0 size: 5
  Added to proof: 84303433209692230857384970403333823748570319246869449369625637863858470744792
  Level 1 size: 3
  Added to proof: 42994468410347004737970376126143620665813473361490896099477539813509562736181
  Level 2 size: 2
  Added to proof: 3327891084304698462684256911003812127873740397003554529128445276024109161606
  Final proof length: 3
  --- Verification details for leaf 1 after adding 5 leaves ---
  Verifying leaf: 1534629507014924801801850062420965747762703560098700086918056654539096211930
  Merkle root: 23637561908370473951533874021285021016332715440169976720650927179558586907909
  Proof length: 3
  Proof element 0 : 84303433209692230857384970403333823748570319246869449369625637863858470744792
  Computed hash after element 0 : 4819654492366420278237764346194618123787186199882361681321774604810163462263
  Proof element 1 : 42994468410347004737970376126143620665813473361490896099477539813509562736181
  Computed hash after element 1 : 86167276729270415220365293603154116830872546334163333883227179387055231533441
  Proof element 2 : 3327891084304698462684256911003812127873740397003554529128445276024109161606
  Computed hash after element 2 : 23637561908370473951533874021285021016332715440169976720650927179558586907909
  Is valid: true
  --- End of verification details ---
  Successfully verified leaf 1 after adding 5 leaves
  Getting proof for leaf index: 1
  Tree depth: 3
  Level 0 size: 5
  Added to proof: 1534629507014924801801850062420965747762703560098700086918056654539096211930
  Level 1 size: 3
  Added to proof: 42994468410347004737970376126143620665813473361490896099477539813509562736181
  Level 2 size: 2
  Added to proof: 3327891084304698462684256911003812127873740397003554529128445276024109161606
  Final proof length: 3
  --- Verification details for leaf 2 after adding 5 leaves ---
  Verifying leaf: 84303433209692230857384970403333823748570319246869449369625637863858470744792
  Merkle root: 23637561908370473951533874021285021016332715440169976720650927179558586907909
  Proof length: 3
  Proof element 0 : 1534629507014924801801850062420965747762703560098700086918056654539096211930
  Computed hash after element 0 : 4819654492366420278237764346194618123787186199882361681321774604810163462263
  Proof element 1 : 42994468410347004737970376126143620665813473361490896099477539813509562736181
  Computed hash after element 1 : 86167276729270415220365293603154116830872546334163333883227179387055231533441
  Proof element 2 : 3327891084304698462684256911003812127873740397003554529128445276024109161606
  Computed hash after element 2 : 23637561908370473951533874021285021016332715440169976720650927179558586907909
  Is valid: true
  --- End of verification details ---
  Successfully verified leaf 2 after adding 5 leaves
  Getting proof for leaf index: 2
  Tree depth: 3
  Level 0 size: 5
  Added to proof: 9718660262289985226213547307049526568607798083323067650698233131271439501106
  Level 1 size: 3
  Added to proof: 4819654492366420278237764346194618123787186199882361681321774604810163462263
  Level 2 size: 2
  Added to proof: 3327891084304698462684256911003812127873740397003554529128445276024109161606
  Final proof length: 3
  --- Verification details for leaf 3 after adding 5 leaves ---
  Verifying leaf: 114806096316174656260172984043681595992173194076043313710926606652151351550195
  Merkle root: 23637561908370473951533874021285021016332715440169976720650927179558586907909
  Proof length: 3
  Proof element 0 : 9718660262289985226213547307049526568607798083323067650698233131271439501106
  Computed hash after element 0 : 42994468410347004737970376126143620665813473361490896099477539813509562736181
  Proof element 1 : 4819654492366420278237764346194618123787186199882361681321774604810163462263
  Computed hash after element 1 : 86167276729270415220365293603154116830872546334163333883227179387055231533441
  Proof element 2 : 3327891084304698462684256911003812127873740397003554529128445276024109161606
  Computed hash after element 2 : 23637561908370473951533874021285021016332715440169976720650927179558586907909
  Is valid: true
  --- End of verification details ---
  Successfully verified leaf 3 after adding 5 leaves
  Getting proof for leaf index: 3
  Tree depth: 3
  Level 0 size: 5
  Added to proof: 114806096316174656260172984043681595992173194076043313710926606652151351550195
  Level 1 size: 3
  Added to proof: 4819654492366420278237764346194618123787186199882361681321774604810163462263
  Level 2 size: 2
  Added to proof: 3327891084304698462684256911003812127873740397003554529128445276024109161606
  Final proof length: 3
  --- Verification details for leaf 4 after adding 5 leaves ---
  Verifying leaf: 9718660262289985226213547307049526568607798083323067650698233131271439501106
  Merkle root: 23637561908370473951533874021285021016332715440169976720650927179558586907909
  Proof length: 3
  Proof element 0 : 114806096316174656260172984043681595992173194076043313710926606652151351550195
  Computed hash after element 0 : 42994468410347004737970376126143620665813473361490896099477539813509562736181
  Proof element 1 : 4819654492366420278237764346194618123787186199882361681321774604810163462263
  Computed hash after element 1 : 86167276729270415220365293603154116830872546334163333883227179387055231533441
  Proof element 2 : 3327891084304698462684256911003812127873740397003554529128445276024109161606
  Computed hash after element 2 : 23637561908370473951533874021285021016332715440169976720650927179558586907909
  Is valid: true
  --- End of verification details ---
  Successfully verified leaf 4 after adding 5 leaves
  Getting proof for leaf index: 4
  Tree depth: 3
  Level 0 size: 5
  Added to proof (odd level): 3327891084304698462684256911003812127873740397003554529128445276024109161606
  Level 1 size: 3
  Added to proof (odd level): 3327891084304698462684256911003812127873740397003554529128445276024109161606
  Level 2 size: 2
  Added to proof: 86167276729270415220365293603154116830872546334163333883227179387055231533441
  Final proof length: 3
  --- Verification details for leaf 5 after adding 5 leaves ---
  Verifying leaf: 3327891084304698462684256911003812127873740397003554529128445276024109161606
  Merkle root: 23637561908370473951533874021285021016332715440169976720650927179558586907909
  Proof length: 3
  Proof element 0 : 3327891084304698462684256911003812127873740397003554529128445276024109161606
  Computed hash after element 0 : 115305437980246812817444549468108005175400761010163208092634480505946068136358
  Proof element 1 : 3327891084304698462684256911003812127873740397003554529128445276024109161606
  Computed hash after element 1 : 2790775049028927120506526557692158769948725546239910035209583962565326229360
  Proof element 2 : 86167276729270415220365293603154116830872546334163333883227179387055231533441
  Computed hash after element 2 : 47141169427476365175348197174419469303592909565558965943124618340433904189508
  Is valid: false
  --- End of verification details ---
  Failed to verify leaf 5 after adding 5 leaves
  Added leaf 6
  Getting proof for leaf index: 0
  Tree depth: 3
  Level 0 size: 6
  Added to proof: 84303433209692230857384970403333823748570319246869449369625637863858470744792
  Level 1 size: 3
  Added to proof: 42994468410347004737970376126143620665813473361490896099477539813509562736181
  Level 2 size: 2
  Added to proof: 79680312521381101304386615379526824036772258414601889669286272159596699208134
  Final proof length: 3
  --- Verification details for leaf 1 after adding 6 leaves ---
  Verifying leaf: 1534629507014924801801850062420965747762703560098700086918056654539096211930
  Merkle root: 111841313634447232958173335360507865486698914414601531397528370945363437241596
  Proof length: 3
  Proof element 0 : 84303433209692230857384970403333823748570319246869449369625637863858470744792
  Computed hash after element 0 : 4819654492366420278237764346194618123787186199882361681321774604810163462263
  Proof element 1 : 42994468410347004737970376126143620665813473361490896099477539813509562736181
  Computed hash after element 1 : 86167276729270415220365293603154116830872546334163333883227179387055231533441
  Proof element 2 : 79680312521381101304386615379526824036772258414601889669286272159596699208134
  Computed hash after element 2 : 111841313634447232958173335360507865486698914414601531397528370945363437241596
  Is valid: true
  --- End of verification details ---
  Successfully verified leaf 1 after adding 6 leaves
  Getting proof for leaf index: 1
  Tree depth: 3
  Level 0 size: 6
  Added to proof: 1534629507014924801801850062420965747762703560098700086918056654539096211930
  Level 1 size: 3
  Added to proof: 42994468410347004737970376126143620665813473361490896099477539813509562736181
  Level 2 size: 2
  Added to proof: 79680312521381101304386615379526824036772258414601889669286272159596699208134
  Final proof length: 3
  --- Verification details for leaf 2 after adding 6 leaves ---
  Verifying leaf: 84303433209692230857384970403333823748570319246869449369625637863858470744792
  Merkle root: 111841313634447232958173335360507865486698914414601531397528370945363437241596
  Proof length: 3
  Proof element 0 : 1534629507014924801801850062420965747762703560098700086918056654539096211930
  Computed hash after element 0 : 4819654492366420278237764346194618123787186199882361681321774604810163462263
  Proof element 1 : 42994468410347004737970376126143620665813473361490896099477539813509562736181
  Computed hash after element 1 : 86167276729270415220365293603154116830872546334163333883227179387055231533441
  Proof element 2 : 79680312521381101304386615379526824036772258414601889669286272159596699208134
  Computed hash after element 2 : 111841313634447232958173335360507865486698914414601531397528370945363437241596
  Is valid: true
  --- End of verification details ---
  Successfully verified leaf 2 after adding 6 leaves
  Getting proof for leaf index: 2
  Tree depth: 3
  Level 0 size: 6
  Added to proof: 9718660262289985226213547307049526568607798083323067650698233131271439501106
  Level 1 size: 3
  Added to proof: 4819654492366420278237764346194618123787186199882361681321774604810163462263
  Level 2 size: 2
  Added to proof: 79680312521381101304386615379526824036772258414601889669286272159596699208134
  Final proof length: 3
  --- Verification details for leaf 3 after adding 6 leaves ---
  Verifying leaf: 114806096316174656260172984043681595992173194076043313710926606652151351550195
  Merkle root: 111841313634447232958173335360507865486698914414601531397528370945363437241596
  Proof length: 3
  Proof element 0 : 9718660262289985226213547307049526568607798083323067650698233131271439501106
  Computed hash after element 0 : 42994468410347004737970376126143620665813473361490896099477539813509562736181
  Proof element 1 : 4819654492366420278237764346194618123787186199882361681321774604810163462263
  Computed hash after element 1 : 86167276729270415220365293603154116830872546334163333883227179387055231533441
  Proof element 2 : 79680312521381101304386615379526824036772258414601889669286272159596699208134
  Computed hash after element 2 : 111841313634447232958173335360507865486698914414601531397528370945363437241596
  Is valid: true
  --- End of verification details ---
  Successfully verified leaf 3 after adding 6 leaves
  Getting proof for leaf index: 3
  Tree depth: 3
  Level 0 size: 6
  Added to proof: 114806096316174656260172984043681595992173194076043313710926606652151351550195
  Level 1 size: 3
  Added to proof: 4819654492366420278237764346194618123787186199882361681321774604810163462263
  Level 2 size: 2
  Added to proof: 79680312521381101304386615379526824036772258414601889669286272159596699208134
  Final proof length: 3
  --- Verification details for leaf 4 after adding 6 leaves ---
  Verifying leaf: 9718660262289985226213547307049526568607798083323067650698233131271439501106
  Merkle root: 111841313634447232958173335360507865486698914414601531397528370945363437241596
  Proof length: 3
  Proof element 0 : 114806096316174656260172984043681595992173194076043313710926606652151351550195
  Computed hash after element 0 : 42994468410347004737970376126143620665813473361490896099477539813509562736181
  Proof element 1 : 4819654492366420278237764346194618123787186199882361681321774604810163462263
  Computed hash after element 1 : 86167276729270415220365293603154116830872546334163333883227179387055231533441
  Proof element 2 : 79680312521381101304386615379526824036772258414601889669286272159596699208134
  Computed hash after element 2 : 111841313634447232958173335360507865486698914414601531397528370945363437241596
  Is valid: true
  --- End of verification details ---
  Successfully verified leaf 4 after adding 6 leaves
  Getting proof for leaf index: 4
  Tree depth: 3
  Level 0 size: 6
  Added to proof: 42656216575733633865718546135288608701490211943531992892543518422469545049160
  Level 1 size: 3
  Added to proof (odd level): 79680312521381101304386615379526824036772258414601889669286272159596699208134
  Level 2 size: 2
  Added to proof: 86167276729270415220365293603154116830872546334163333883227179387055231533441
  Final proof length: 3
  --- Verification details for leaf 5 after adding 6 leaves ---
  Verifying leaf: 3327891084304698462684256911003812127873740397003554529128445276024109161606
  Merkle root: 111841313634447232958173335360507865486698914414601531397528370945363437241596
  Proof length: 3
  Proof element 0 : 42656216575733633865718546135288608701490211943531992892543518422469545049160
  Computed hash after element 0 : 79680312521381101304386615379526824036772258414601889669286272159596699208134
  Proof element 1 : 79680312521381101304386615379526824036772258414601889669286272159596699208134
  Computed hash after element 1 : 64639860902649671873132012782391169569220631438808154182077015043351013613668
  Proof element 2 : 86167276729270415220365293603154116830872546334163333883227179387055231533441
  Computed hash after element 2 : 2573702182877327608333119877610046721053602858640262587304244470013805379560
  Is valid: false
  --- End of verification details ---
  Failed to verify leaf 5 after adding 6 leaves
  Getting proof for leaf index: 5
  Tree depth: 3
  Level 0 size: 6
  Added to proof: 3327891084304698462684256911003812127873740397003554529128445276024109161606
  Level 1 size: 3
  Added to proof (odd level): 79680312521381101304386615379526824036772258414601889669286272159596699208134
  Level 2 size: 2
  Added to proof: 86167276729270415220365293603154116830872546334163333883227179387055231533441
  Final proof length: 3
  --- Verification details for leaf 6 after adding 6 leaves ---
  Verifying leaf: 42656216575733633865718546135288608701490211943531992892543518422469545049160
  Merkle root: 111841313634447232958173335360507865486698914414601531397528370945363437241596
  Proof length: 3
  Proof element 0 : 3327891084304698462684256911003812127873740397003554529128445276024109161606
  Computed hash after element 0 : 79680312521381101304386615379526824036772258414601889669286272159596699208134
  Proof element 1 : 79680312521381101304386615379526824036772258414601889669286272159596699208134
  Computed hash after element 1 : 64639860902649671873132012782391169569220631438808154182077015043351013613668
  Proof element 2 : 86167276729270415220365293603154116830872546334163333883227179387055231533441
  Computed hash after element 2 : 2573702182877327608333119877610046721053602858640262587304244470013805379560
  Is valid: false
  --- End of verification details ---
  Failed to verify leaf 6 after adding 6 leaves
  Added leaf 7
  Getting proof for leaf index: 0
  Tree depth: 3
  Level 0 size: 7
  Added to proof: 84303433209692230857384970403333823748570319246869449369625637863858470744792
  Level 1 size: 4
  Added to proof: 42994468410347004737970376126143620665813473361490896099477539813509562736181
  Level 2 size: 2
  Added to proof: 14972269898716642113743665851439064716233342046281552851739812834778748964784
  Final proof length: 3
  --- Verification details for leaf 1 after adding 7 leaves ---
  Verifying leaf: 1534629507014924801801850062420965747762703560098700086918056654539096211930
  Merkle root: 24402583392349023169344456727292119058555560956674006437777625691656633363379
  Proof length: 3
  Proof element 0 : 84303433209692230857384970403333823748570319246869449369625637863858470744792
  Computed hash after element 0 : 4819654492366420278237764346194618123787186199882361681321774604810163462263
  Proof element 1 : 42994468410347004737970376126143620665813473361490896099477539813509562736181
  Computed hash after element 1 : 86167276729270415220365293603154116830872546334163333883227179387055231533441
  Proof element 2 : 14972269898716642113743665851439064716233342046281552851739812834778748964784
  Computed hash after element 2 : 24402583392349023169344456727292119058555560956674006437777625691656633363379
  Is valid: true
  --- End of verification details ---
  Successfully verified leaf 1 after adding 7 leaves
  Getting proof for leaf index: 1
  Tree depth: 3
  Level 0 size: 7
  Added to proof: 1534629507014924801801850062420965747762703560098700086918056654539096211930
  Level 1 size: 4
  Added to proof: 42994468410347004737970376126143620665813473361490896099477539813509562736181
  Level 2 size: 2
  Added to proof: 14972269898716642113743665851439064716233342046281552851739812834778748964784
  Final proof length: 3
  --- Verification details for leaf 2 after adding 7 leaves ---
  Verifying leaf: 84303433209692230857384970403333823748570319246869449369625637863858470744792
  Merkle root: 24402583392349023169344456727292119058555560956674006437777625691656633363379
  Proof length: 3
  Proof element 0 : 1534629507014924801801850062420965747762703560098700086918056654539096211930
  Computed hash after element 0 : 4819654492366420278237764346194618123787186199882361681321774604810163462263
  Proof element 1 : 42994468410347004737970376126143620665813473361490896099477539813509562736181
  Computed hash after element 1 : 86167276729270415220365293603154116830872546334163333883227179387055231533441
  Proof element 2 : 14972269898716642113743665851439064716233342046281552851739812834778748964784
  Computed hash after element 2 : 24402583392349023169344456727292119058555560956674006437777625691656633363379
  Is valid: true
  --- End of verification details ---
  Successfully verified leaf 2 after adding 7 leaves
  Getting proof for leaf index: 2
  Tree depth: 3
  Level 0 size: 7
  Added to proof: 9718660262289985226213547307049526568607798083323067650698233131271439501106
  Level 1 size: 4
  Added to proof: 4819654492366420278237764346194618123787186199882361681321774604810163462263
  Level 2 size: 2
  Added to proof: 14972269898716642113743665851439064716233342046281552851739812834778748964784
  Final proof length: 3
  --- Verification details for leaf 3 after adding 7 leaves ---
  Verifying leaf: 114806096316174656260172984043681595992173194076043313710926606652151351550195
  Merkle root: 24402583392349023169344456727292119058555560956674006437777625691656633363379
  Proof length: 3
  Proof element 0 : 9718660262289985226213547307049526568607798083323067650698233131271439501106
  Computed hash after element 0 : 42994468410347004737970376126143620665813473361490896099477539813509562736181
  Proof element 1 : 4819654492366420278237764346194618123787186199882361681321774604810163462263
  Computed hash after element 1 : 86167276729270415220365293603154116830872546334163333883227179387055231533441
  Proof element 2 : 14972269898716642113743665851439064716233342046281552851739812834778748964784
  Computed hash after element 2 : 24402583392349023169344456727292119058555560956674006437777625691656633363379
  Is valid: true
  --- End of verification details ---
  Successfully verified leaf 3 after adding 7 leaves
  Getting proof for leaf index: 3
  Tree depth: 3
  Level 0 size: 7
  Added to proof: 114806096316174656260172984043681595992173194076043313710926606652151351550195
  Level 1 size: 4
  Added to proof: 4819654492366420278237764346194618123787186199882361681321774604810163462263
  Level 2 size: 2
  Added to proof: 14972269898716642113743665851439064716233342046281552851739812834778748964784
  Final proof length: 3
  --- Verification details for leaf 4 after adding 7 leaves ---
  Verifying leaf: 9718660262289985226213547307049526568607798083323067650698233131271439501106
  Merkle root: 24402583392349023169344456727292119058555560956674006437777625691656633363379
  Proof length: 3
  Proof element 0 : 114806096316174656260172984043681595992173194076043313710926606652151351550195
  Computed hash after element 0 : 42994468410347004737970376126143620665813473361490896099477539813509562736181
  Proof element 1 : 4819654492366420278237764346194618123787186199882361681321774604810163462263
  Computed hash after element 1 : 86167276729270415220365293603154116830872546334163333883227179387055231533441
  Proof element 2 : 14972269898716642113743665851439064716233342046281552851739812834778748964784
  Computed hash after element 2 : 24402583392349023169344456727292119058555560956674006437777625691656633363379
  Is valid: true
  --- End of verification details ---
  Successfully verified leaf 4 after adding 7 leaves
  Getting proof for leaf index: 4
  Tree depth: 3
  Level 0 size: 7
  Added to proof: 42656216575733633865718546135288608701490211943531992892543518422469545049160
  Level 1 size: 4
  Added to proof: 77058788664304649396218556642747909996121735590822886025965307874683454946759
  Level 2 size: 2
  Added to proof: 86167276729270415220365293603154116830872546334163333883227179387055231533441
  Final proof length: 3
  --- Verification details for leaf 5 after adding 7 leaves ---
  Verifying leaf: 3327891084304698462684256911003812127873740397003554529128445276024109161606
  Merkle root: 24402583392349023169344456727292119058555560956674006437777625691656633363379
  Proof length: 3
  Proof element 0 : 42656216575733633865718546135288608701490211943531992892543518422469545049160
  Computed hash after element 0 : 79680312521381101304386615379526824036772258414601889669286272159596699208134
  Proof element 1 : 77058788664304649396218556642747909996121735590822886025965307874683454946759
  Computed hash after element 1 : 14972269898716642113743665851439064716233342046281552851739812834778748964784
  Proof element 2 : 86167276729270415220365293603154116830872546334163333883227179387055231533441
  Computed hash after element 2 : 24402583392349023169344456727292119058555560956674006437777625691656633363379
  Is valid: true
  --- End of verification details ---
  Successfully verified leaf 5 after adding 7 leaves
  Getting proof for leaf index: 5
  Tree depth: 3
  Level 0 size: 7
  Added to proof: 3327891084304698462684256911003812127873740397003554529128445276024109161606
  Level 1 size: 4
  Added to proof: 77058788664304649396218556642747909996121735590822886025965307874683454946759
  Level 2 size: 2
  Added to proof: 86167276729270415220365293603154116830872546334163333883227179387055231533441
  Final proof length: 3
  --- Verification details for leaf 6 after adding 7 leaves ---
  Verifying leaf: 42656216575733633865718546135288608701490211943531992892543518422469545049160
  Merkle root: 24402583392349023169344456727292119058555560956674006437777625691656633363379
  Proof length: 3
  Proof element 0 : 3327891084304698462684256911003812127873740397003554529128445276024109161606
  Computed hash after element 0 : 79680312521381101304386615379526824036772258414601889669286272159596699208134
  Proof element 1 : 77058788664304649396218556642747909996121735590822886025965307874683454946759
  Computed hash after element 1 : 14972269898716642113743665851439064716233342046281552851739812834778748964784
  Proof element 2 : 86167276729270415220365293603154116830872546334163333883227179387055231533441
  Computed hash after element 2 : 24402583392349023169344456727292119058555560956674006437777625691656633363379
  Is valid: true
  --- End of verification details ---
  Successfully verified leaf 6 after adding 7 leaves
  Getting proof for leaf index: 6
  Tree depth: 3
  Level 0 size: 7
  Added to proof (odd level): 77058788664304649396218556642747909996121735590822886025965307874683454946759
  Level 1 size: 4
  Added to proof: 79680312521381101304386615379526824036772258414601889669286272159596699208134
  Level 2 size: 2
  Added to proof: 86167276729270415220365293603154116830872546334163333883227179387055231533441
  Final proof length: 3
  --- Verification details for leaf 7 after adding 7 leaves ---
  Verifying leaf: 77058788664304649396218556642747909996121735590822886025965307874683454946759
  Merkle root: 24402583392349023169344456727292119058555560956674006437777625691656633363379
  Proof length: 3
  Proof element 0 : 77058788664304649396218556642747909996121735590822886025965307874683454946759
  Computed hash after element 0 : 68225576523328201517420207221801561742659957429355695405138227477618703177218
  Proof element 1 : 79680312521381101304386615379526824036772258414601889669286272159596699208134
  Computed hash after element 1 : 16263509659604168343387272649306847675392256084078229652865369158297693738112
  Proof element 2 : 86167276729270415220365293603154116830872546334163333883227179387055231533441
  Computed hash after element 2 : 55583270664373849977825420980941361427027899872945163600189945750219275815949
  Is valid: false
  --- End of verification details ---
  Failed to verify leaf 7 after adding 7 leaves
  Added leaf 8
  Getting proof for leaf index: 0
  Tree depth: 3
  Level 0 size: 8
  Added to proof: 84303433209692230857384970403333823748570319246869449369625637863858470744792
  Level 1 size: 4
  Added to proof: 42994468410347004737970376126143620665813473361490896099477539813509562736181
  Level 2 size: 2
  Added to proof: 90519645207031266945590244632322326520069529432013691057992262226385608141027
  Final proof length: 3
  --- Verification details for leaf 1 after adding 8 leaves ---
  Verifying leaf: 1534629507014924801801850062420965747762703560098700086918056654539096211930
  Merkle root: 44812029912269844639383167223451376600872748978496635971607178627452478213724
  Proof length: 3
  Proof element 0 : 84303433209692230857384970403333823748570319246869449369625637863858470744792
  Computed hash after element 0 : 4819654492366420278237764346194618123787186199882361681321774604810163462263
  Proof element 1 : 42994468410347004737970376126143620665813473361490896099477539813509562736181
  Computed hash after element 1 : 86167276729270415220365293603154116830872546334163333883227179387055231533441
  Proof element 2 : 90519645207031266945590244632322326520069529432013691057992262226385608141027
  Computed hash after element 2 : 44812029912269844639383167223451376600872748978496635971607178627452478213724
  Is valid: true
  --- End of verification details ---
  Successfully verified leaf 1 after adding 8 leaves
  Getting proof for leaf index: 1
  Tree depth: 3
  Level 0 size: 8
  Added to proof: 1534629507014924801801850062420965747762703560098700086918056654539096211930
  Level 1 size: 4
  Added to proof: 42994468410347004737970376126143620665813473361490896099477539813509562736181
  Level 2 size: 2
  Added to proof: 90519645207031266945590244632322326520069529432013691057992262226385608141027
  Final proof length: 3
  --- Verification details for leaf 2 after adding 8 leaves ---
  Verifying leaf: 84303433209692230857384970403333823748570319246869449369625637863858470744792
  Merkle root: 44812029912269844639383167223451376600872748978496635971607178627452478213724
  Proof length: 3
  Proof element 0 : 1534629507014924801801850062420965747762703560098700086918056654539096211930
  Computed hash after element 0 : 4819654492366420278237764346194618123787186199882361681321774604810163462263
  Proof element 1 : 42994468410347004737970376126143620665813473361490896099477539813509562736181
  Computed hash after element 1 : 86167276729270415220365293603154116830872546334163333883227179387055231533441
  Proof element 2 : 90519645207031266945590244632322326520069529432013691057992262226385608141027
  Computed hash after element 2 : 44812029912269844639383167223451376600872748978496635971607178627452478213724
  Is valid: true
  --- End of verification details ---
  Successfully verified leaf 2 after adding 8 leaves
  Getting proof for leaf index: 2
  Tree depth: 3
  Level 0 size: 8
  Added to proof: 9718660262289985226213547307049526568607798083323067650698233131271439501106
  Level 1 size: 4
  Added to proof: 4819654492366420278237764346194618123787186199882361681321774604810163462263
  Level 2 size: 2
  Added to proof: 90519645207031266945590244632322326520069529432013691057992262226385608141027
  Final proof length: 3
  --- Verification details for leaf 3 after adding 8 leaves ---
  Verifying leaf: 114806096316174656260172984043681595992173194076043313710926606652151351550195
  Merkle root: 44812029912269844639383167223451376600872748978496635971607178627452478213724
  Proof length: 3
  Proof element 0 : 9718660262289985226213547307049526568607798083323067650698233131271439501106
  Computed hash after element 0 : 42994468410347004737970376126143620665813473361490896099477539813509562736181
  Proof element 1 : 4819654492366420278237764346194618123787186199882361681321774604810163462263
  Computed hash after element 1 : 86167276729270415220365293603154116830872546334163333883227179387055231533441
  Proof element 2 : 90519645207031266945590244632322326520069529432013691057992262226385608141027
  Computed hash after element 2 : 44812029912269844639383167223451376600872748978496635971607178627452478213724
  Is valid: true
  --- End of verification details ---
  Successfully verified leaf 3 after adding 8 leaves
  Getting proof for leaf index: 3
  Tree depth: 3
  Level 0 size: 8
  Added to proof: 114806096316174656260172984043681595992173194076043313710926606652151351550195
  Level 1 size: 4
  Added to proof: 4819654492366420278237764346194618123787186199882361681321774604810163462263
  Level 2 size: 2
  Added to proof: 90519645207031266945590244632322326520069529432013691057992262226385608141027
  Final proof length: 3
  --- Verification details for leaf 4 after adding 8 leaves ---
  Verifying leaf: 9718660262289985226213547307049526568607798083323067650698233131271439501106
  Merkle root: 44812029912269844639383167223451376600872748978496635971607178627452478213724
  Proof length: 3
  Proof element 0 : 114806096316174656260172984043681595992173194076043313710926606652151351550195
  Computed hash after element 0 : 42994468410347004737970376126143620665813473361490896099477539813509562736181
  Proof element 1 : 4819654492366420278237764346194618123787186199882361681321774604810163462263
  Computed hash after element 1 : 86167276729270415220365293603154116830872546334163333883227179387055231533441
  Proof element 2 : 90519645207031266945590244632322326520069529432013691057992262226385608141027
  Computed hash after element 2 : 44812029912269844639383167223451376600872748978496635971607178627452478213724
  Is valid: true
  --- End of verification details ---
  Successfully verified leaf 4 after adding 8 leaves
  Getting proof for leaf index: 4
  Tree depth: 3
  Level 0 size: 8
  Added to proof: 42656216575733633865718546135288608701490211943531992892543518422469545049160
  Level 1 size: 4
  Added to proof: 89139659228322516991511902812947417818976567277539582619759529237285492222351
  Level 2 size: 2
  Added to proof: 86167276729270415220365293603154116830872546334163333883227179387055231533441
  Final proof length: 3
  --- Verification details for leaf 5 after adding 8 leaves ---
  Verifying leaf: 3327891084304698462684256911003812127873740397003554529128445276024109161606
  Merkle root: 44812029912269844639383167223451376600872748978496635971607178627452478213724
  Proof length: 3
  Proof element 0 : 42656216575733633865718546135288608701490211943531992892543518422469545049160
  Computed hash after element 0 : 79680312521381101304386615379526824036772258414601889669286272159596699208134
  Proof element 1 : 89139659228322516991511902812947417818976567277539582619759529237285492222351
  Computed hash after element 1 : 90519645207031266945590244632322326520069529432013691057992262226385608141027
  Proof element 2 : 86167276729270415220365293603154116830872546334163333883227179387055231533441
  Computed hash after element 2 : 44812029912269844639383167223451376600872748978496635971607178627452478213724
  Is valid: true
  --- End of verification details ---
  Successfully verified leaf 5 after adding 8 leaves
  Getting proof for leaf index: 5
  Tree depth: 3
  Level 0 size: 8
  Added to proof: 3327891084304698462684256911003812127873740397003554529128445276024109161606
  Level 1 size: 4
  Added to proof: 89139659228322516991511902812947417818976567277539582619759529237285492222351
  Level 2 size: 2
  Added to proof: 86167276729270415220365293603154116830872546334163333883227179387055231533441
  Final proof length: 3
  --- Verification details for leaf 6 after adding 8 leaves ---
  Verifying leaf: 42656216575733633865718546135288608701490211943531992892543518422469545049160
  Merkle root: 44812029912269844639383167223451376600872748978496635971607178627452478213724
  Proof length: 3
  Proof element 0 : 3327891084304698462684256911003812127873740397003554529128445276024109161606
  Computed hash after element 0 : 79680312521381101304386615379526824036772258414601889669286272159596699208134
  Proof element 1 : 89139659228322516991511902812947417818976567277539582619759529237285492222351
  Computed hash after element 1 : 90519645207031266945590244632322326520069529432013691057992262226385608141027
  Proof element 2 : 86167276729270415220365293603154116830872546334163333883227179387055231533441
  Computed hash after element 2 : 44812029912269844639383167223451376600872748978496635971607178627452478213724
  Is valid: true
  --- End of verification details ---
  Successfully verified leaf 6 after adding 8 leaves
  Getting proof for leaf index: 6
  Tree depth: 3
  Level 0 size: 8
  Added to proof: 41333877701255859865019379003725985110118058655845990608936096526874421775531
  Level 1 size: 4
  Added to proof: 79680312521381101304386615379526824036772258414601889669286272159596699208134
  Level 2 size: 2
  Added to proof: 86167276729270415220365293603154116830872546334163333883227179387055231533441
  Final proof length: 3
  --- Verification details for leaf 7 after adding 8 leaves ---
  Verifying leaf: 77058788664304649396218556642747909996121735590822886025965307874683454946759
  Merkle root: 44812029912269844639383167223451376600872748978496635971607178627452478213724
  Proof length: 3
  Proof element 0 : 41333877701255859865019379003725985110118058655845990608936096526874421775531
  Computed hash after element 0 : 89139659228322516991511902812947417818976567277539582619759529237285492222351
  Proof element 1 : 79680312521381101304386615379526824036772258414601889669286272159596699208134
  Computed hash after element 1 : 90519645207031266945590244632322326520069529432013691057992262226385608141027
  Proof element 2 : 86167276729270415220365293603154116830872546334163333883227179387055231533441
  Computed hash after element 2 : 44812029912269844639383167223451376600872748978496635971607178627452478213724
  Is valid: true
  --- End of verification details ---
  Successfully verified leaf 7 after adding 8 leaves
  Getting proof for leaf index: 7
  Tree depth: 3
  Level 0 size: 8
  Added to proof: 77058788664304649396218556642747909996121735590822886025965307874683454946759
  Level 1 size: 4
  Added to proof: 79680312521381101304386615379526824036772258414601889669286272159596699208134
  Level 2 size: 2
  Added to proof: 86167276729270415220365293603154116830872546334163333883227179387055231533441
  Final proof length: 3
  --- Verification details for leaf 8 after adding 8 leaves ---
  Verifying leaf: 41333877701255859865019379003725985110118058655845990608936096526874421775531
  Merkle root: 44812029912269844639383167223451376600872748978496635971607178627452478213724
  Proof length: 3
  Proof element 0 : 77058788664304649396218556642747909996121735590822886025965307874683454946759
  Computed hash after element 0 : 89139659228322516991511902812947417818976567277539582619759529237285492222351
  Proof element 1 : 79680312521381101304386615379526824036772258414601889669286272159596699208134
  Computed hash after element 1 : 90519645207031266945590244632322326520069529432013691057992262226385608141027
  Proof element 2 : 86167276729270415220365293603154116830872546334163333883227179387055231533441
  Computed hash after element 2 : 44812029912269844639383167223451376600872748978496635971607178627452478213724
  Is valid: true
  --- End of verification details ---
  Successfully verified leaf 8 after adding 8 leaves
  Added leaf 9
  Getting proof for leaf index: 0
  Tree depth: 4
  Level 0 size: 9
  Added to proof: 84303433209692230857384970403333823748570319246869449369625637863858470744792
  Level 1 size: 5
  Added to proof: 42994468410347004737970376126143620665813473361490896099477539813509562736181
  Level 2 size: 3
  Added to proof: 90519645207031266945590244632322326520069529432013691057992262226385608141027
  Level 3 size: 2
  Added to proof: 83097023403658896075826216087624068326805273787826444717403742070225742999267
  Final proof length: 4
  --- Verification details for leaf 1 after adding 9 leaves ---
  Verifying leaf: 1534629507014924801801850062420965747762703560098700086918056654539096211930
  Merkle root: 101431186548090577036123159736608581075875377219746632876129439114055769245424
  Proof length: 4
  Proof element 0 : 84303433209692230857384970403333823748570319246869449369625637863858470744792
  Computed hash after element 0 : 4819654492366420278237764346194618123787186199882361681321774604810163462263
  Proof element 1 : 42994468410347004737970376126143620665813473361490896099477539813509562736181
  Computed hash after element 1 : 86167276729270415220365293603154116830872546334163333883227179387055231533441
  Proof element 2 : 90519645207031266945590244632322326520069529432013691057992262226385608141027
  Computed hash after element 2 : 44812029912269844639383167223451376600872748978496635971607178627452478213724
  Proof element 3 : 83097023403658896075826216087624068326805273787826444717403742070225742999267
  Computed hash after element 3 : 101431186548090577036123159736608581075875377219746632876129439114055769245424
  Is valid: true
  --- End of verification details ---
  Successfully verified leaf 1 after adding 9 leaves
  Getting proof for leaf index: 1
  Tree depth: 4
  Level 0 size: 9
  Added to proof: 1534629507014924801801850062420965747762703560098700086918056654539096211930
  Level 1 size: 5
  Added to proof: 42994468410347004737970376126143620665813473361490896099477539813509562736181
  Level 2 size: 3
  Added to proof: 90519645207031266945590244632322326520069529432013691057992262226385608141027
  Level 3 size: 2
  Added to proof: 83097023403658896075826216087624068326805273787826444717403742070225742999267
  Final proof length: 4
  --- Verification details for leaf 2 after adding 9 leaves ---
  Verifying leaf: 84303433209692230857384970403333823748570319246869449369625637863858470744792
  Merkle root: 101431186548090577036123159736608581075875377219746632876129439114055769245424
  Proof length: 4
  Proof element 0 : 1534629507014924801801850062420965747762703560098700086918056654539096211930
  Computed hash after element 0 : 4819654492366420278237764346194618123787186199882361681321774604810163462263
  Proof element 1 : 42994468410347004737970376126143620665813473361490896099477539813509562736181
  Computed hash after element 1 : 86167276729270415220365293603154116830872546334163333883227179387055231533441
  Proof element 2 : 90519645207031266945590244632322326520069529432013691057992262226385608141027
  Computed hash after element 2 : 44812029912269844639383167223451376600872748978496635971607178627452478213724
  Proof element 3 : 83097023403658896075826216087624068326805273787826444717403742070225742999267
  Computed hash after element 3 : 101431186548090577036123159736608581075875377219746632876129439114055769245424
  Is valid: true
  --- End of verification details ---
  Successfully verified leaf 2 after adding 9 leaves
  Getting proof for leaf index: 2
  Tree depth: 4
  Level 0 size: 9
  Added to proof: 9718660262289985226213547307049526568607798083323067650698233131271439501106
  Level 1 size: 5
  Added to proof: 4819654492366420278237764346194618123787186199882361681321774604810163462263
  Level 2 size: 3
  Added to proof: 90519645207031266945590244632322326520069529432013691057992262226385608141027
  Level 3 size: 2
  Added to proof: 83097023403658896075826216087624068326805273787826444717403742070225742999267
  Final proof length: 4
  --- Verification details for leaf 3 after adding 9 leaves ---
  Verifying leaf: 114806096316174656260172984043681595992173194076043313710926606652151351550195
  Merkle root: 101431186548090577036123159736608581075875377219746632876129439114055769245424
  Proof length: 4
  Proof element 0 : 9718660262289985226213547307049526568607798083323067650698233131271439501106
  Computed hash after element 0 : 42994468410347004737970376126143620665813473361490896099477539813509562736181
  Proof element 1 : 4819654492366420278237764346194618123787186199882361681321774604810163462263
  Computed hash after element 1 : 86167276729270415220365293603154116830872546334163333883227179387055231533441
  Proof element 2 : 90519645207031266945590244632322326520069529432013691057992262226385608141027
  Computed hash after element 2 : 44812029912269844639383167223451376600872748978496635971607178627452478213724
  Proof element 3 : 83097023403658896075826216087624068326805273787826444717403742070225742999267
  Computed hash after element 3 : 101431186548090577036123159736608581075875377219746632876129439114055769245424
  Is valid: true
  --- End of verification details ---
  Successfully verified leaf 3 after adding 9 leaves
  Getting proof for leaf index: 3
  Tree depth: 4
  Level 0 size: 9
  Added to proof: 114806096316174656260172984043681595992173194076043313710926606652151351550195
  Level 1 size: 5
  Added to proof: 4819654492366420278237764346194618123787186199882361681321774604810163462263
  Level 2 size: 3
  Added to proof: 90519645207031266945590244632322326520069529432013691057992262226385608141027
  Level 3 size: 2
  Added to proof: 83097023403658896075826216087624068326805273787826444717403742070225742999267
  Final proof length: 4
  --- Verification details for leaf 4 after adding 9 leaves ---
  Verifying leaf: 9718660262289985226213547307049526568607798083323067650698233131271439501106
  Merkle root: 101431186548090577036123159736608581075875377219746632876129439114055769245424
  Proof length: 4
  Proof element 0 : 114806096316174656260172984043681595992173194076043313710926606652151351550195
  Computed hash after element 0 : 42994468410347004737970376126143620665813473361490896099477539813509562736181
  Proof element 1 : 4819654492366420278237764346194618123787186199882361681321774604810163462263
  Computed hash after element 1 : 86167276729270415220365293603154116830872546334163333883227179387055231533441
  Proof element 2 : 90519645207031266945590244632322326520069529432013691057992262226385608141027
  Computed hash after element 2 : 44812029912269844639383167223451376600872748978496635971607178627452478213724
  Proof element 3 : 83097023403658896075826216087624068326805273787826444717403742070225742999267
  Computed hash after element 3 : 101431186548090577036123159736608581075875377219746632876129439114055769245424
  Is valid: true
  --- End of verification details ---
  Successfully verified leaf 4 after adding 9 leaves
  Getting proof for leaf index: 4
  Tree depth: 4
  Level 0 size: 9
  Added to proof: 42656216575733633865718546135288608701490211943531992892543518422469545049160
  Level 1 size: 5
  Added to proof: 89139659228322516991511902812947417818976567277539582619759529237285492222351
  Level 2 size: 3
  Added to proof: 86167276729270415220365293603154116830872546334163333883227179387055231533441
  Level 3 size: 2
  Added to proof: 83097023403658896075826216087624068326805273787826444717403742070225742999267
  Final proof length: 4
  --- Verification details for leaf 5 after adding 9 leaves ---
  Verifying leaf: 3327891084304698462684256911003812127873740397003554529128445276024109161606
  Merkle root: 101431186548090577036123159736608581075875377219746632876129439114055769245424
  Proof length: 4
  Proof element 0 : 42656216575733633865718546135288608701490211943531992892543518422469545049160
  Computed hash after element 0 : 79680312521381101304386615379526824036772258414601889669286272159596699208134
  Proof element 1 : 89139659228322516991511902812947417818976567277539582619759529237285492222351
  Computed hash after element 1 : 90519645207031266945590244632322326520069529432013691057992262226385608141027
  Proof element 2 : 86167276729270415220365293603154116830872546334163333883227179387055231533441
  Computed hash after element 2 : 44812029912269844639383167223451376600872748978496635971607178627452478213724
  Proof element 3 : 83097023403658896075826216087624068326805273787826444717403742070225742999267
  Computed hash after element 3 : 101431186548090577036123159736608581075875377219746632876129439114055769245424
  Is valid: true
  --- End of verification details ---
  Successfully verified leaf 5 after adding 9 leaves
  Getting proof for leaf index: 5
  Tree depth: 4
  Level 0 size: 9
  Added to proof: 3327891084304698462684256911003812127873740397003554529128445276024109161606
  Level 1 size: 5
  Added to proof: 89139659228322516991511902812947417818976567277539582619759529237285492222351
  Level 2 size: 3
  Added to proof: 86167276729270415220365293603154116830872546334163333883227179387055231533441
  Level 3 size: 2
  Added to proof: 83097023403658896075826216087624068326805273787826444717403742070225742999267
  Final proof length: 4
  --- Verification details for leaf 6 after adding 9 leaves ---
  Verifying leaf: 42656216575733633865718546135288608701490211943531992892543518422469545049160
  Merkle root: 101431186548090577036123159736608581075875377219746632876129439114055769245424
  Proof length: 4
  Proof element 0 : 3327891084304698462684256911003812127873740397003554529128445276024109161606
  Computed hash after element 0 : 79680312521381101304386615379526824036772258414601889669286272159596699208134
  Proof element 1 : 89139659228322516991511902812947417818976567277539582619759529237285492222351
  Computed hash after element 1 : 90519645207031266945590244632322326520069529432013691057992262226385608141027
  Proof element 2 : 86167276729270415220365293603154116830872546334163333883227179387055231533441
  Computed hash after element 2 : 44812029912269844639383167223451376600872748978496635971607178627452478213724
  Proof element 3 : 83097023403658896075826216087624068326805273787826444717403742070225742999267
  Computed hash after element 3 : 101431186548090577036123159736608581075875377219746632876129439114055769245424
  Is valid: true
  --- End of verification details ---
  Successfully verified leaf 6 after adding 9 leaves
  Getting proof for leaf index: 6
  Tree depth: 4
  Level 0 size: 9
  Added to proof: 41333877701255859865019379003725985110118058655845990608936096526874421775531
  Level 1 size: 5
  Added to proof: 79680312521381101304386615379526824036772258414601889669286272159596699208134
  Level 2 size: 3
  Added to proof: 86167276729270415220365293603154116830872546334163333883227179387055231533441
  Level 3 size: 2
  Added to proof: 83097023403658896075826216087624068326805273787826444717403742070225742999267
  Final proof length: 4
  --- Verification details for leaf 7 after adding 9 leaves ---
  Verifying leaf: 77058788664304649396218556642747909996121735590822886025965307874683454946759
  Merkle root: 101431186548090577036123159736608581075875377219746632876129439114055769245424
  Proof length: 4
  Proof element 0 : 41333877701255859865019379003725985110118058655845990608936096526874421775531
  Computed hash after element 0 : 89139659228322516991511902812947417818976567277539582619759529237285492222351
  Proof element 1 : 79680312521381101304386615379526824036772258414601889669286272159596699208134
  Computed hash after element 1 : 90519645207031266945590244632322326520069529432013691057992262226385608141027
  Proof element 2 : 86167276729270415220365293603154116830872546334163333883227179387055231533441
  Computed hash after element 2 : 44812029912269844639383167223451376600872748978496635971607178627452478213724
  Proof element 3 : 83097023403658896075826216087624068326805273787826444717403742070225742999267
  Computed hash after element 3 : 101431186548090577036123159736608581075875377219746632876129439114055769245424
  Is valid: true
  --- End of verification details ---
  Successfully verified leaf 7 after adding 9 leaves
  Getting proof for leaf index: 7
  Tree depth: 4
  Level 0 size: 9
  Added to proof: 77058788664304649396218556642747909996121735590822886025965307874683454946759
  Level 1 size: 5
  Added to proof: 79680312521381101304386615379526824036772258414601889669286272159596699208134
  Level 2 size: 3
  Added to proof: 86167276729270415220365293603154116830872546334163333883227179387055231533441
  Level 3 size: 2
  Added to proof: 83097023403658896075826216087624068326805273787826444717403742070225742999267
  Final proof length: 4
  --- Verification details for leaf 8 after adding 9 leaves ---
  Verifying leaf: 41333877701255859865019379003725985110118058655845990608936096526874421775531
  Merkle root: 101431186548090577036123159736608581075875377219746632876129439114055769245424
  Proof length: 4
  Proof element 0 : 77058788664304649396218556642747909996121735590822886025965307874683454946759
  Computed hash after element 0 : 89139659228322516991511902812947417818976567277539582619759529237285492222351
  Proof element 1 : 79680312521381101304386615379526824036772258414601889669286272159596699208134
  Computed hash after element 1 : 90519645207031266945590244632322326520069529432013691057992262226385608141027
  Proof element 2 : 86167276729270415220365293603154116830872546334163333883227179387055231533441
  Computed hash after element 2 : 44812029912269844639383167223451376600872748978496635971607178627452478213724
  Proof element 3 : 83097023403658896075826216087624068326805273787826444717403742070225742999267
  Computed hash after element 3 : 101431186548090577036123159736608581075875377219746632876129439114055769245424
  Is valid: true
  --- End of verification details ---
  Successfully verified leaf 8 after adding 9 leaves
  Getting proof for leaf index: 8
  Tree depth: 4
  Level 0 size: 9
  Added to proof (odd level): 83097023403658896075826216087624068326805273787826444717403742070225742999267
  Level 1 size: 5
  Added to proof (odd level): 83097023403658896075826216087624068326805273787826444717403742070225742999267
  Level 2 size: 3
  Added to proof (odd level): 83097023403658896075826216087624068326805273787826444717403742070225742999267
  Level 3 size: 2
  Added to proof: 44812029912269844639383167223451376600872748978496635971607178627452478213724
  Final proof length: 4
  --- Verification details for leaf 9 after adding 9 leaves ---
  Verifying leaf: 83097023403658896075826216087624068326805273787826444717403742070225742999267
  Merkle root: 101431186548090577036123159736608581075875377219746632876129439114055769245424
  Proof length: 4
  Proof element 0 : 83097023403658896075826216087624068326805273787826444717403742070225742999267
  Computed hash after element 0 : 4115633808150620473294140368610682466344838373513250858464874723907119172687
  Proof element 1 : 83097023403658896075826216087624068326805273787826444717403742070225742999267
  Computed hash after element 1 : 93797566461958233903094044896414728982080594579274088617911029290036028676657
  Proof element 2 : 83097023403658896075826216087624068326805273787826444717403742070225742999267
  Computed hash after element 2 : 77102413473636616494940246357043338953227727436043450935534451662405397822220
  Proof element 3 : 44812029912269844639383167223451376600872748978496635971607178627452478213724
  Computed hash after element 3 : 108002565849717675508656755122418748358250096026028695615969215136677273612138
  Is valid: false
  --- End of verification details ---
  Failed to verify leaf 9 after adding 9 leaves
  Added leaf 10
  Getting proof for leaf index: 0
  Tree depth: 4
  Level 0 size: 10
  Added to proof: 84303433209692230857384970403333823748570319246869449369625637863858470744792
  Level 1 size: 5
  Added to proof: 42994468410347004737970376126143620665813473361490896099477539813509562736181
  Level 2 size: 3
  Added to proof: 90519645207031266945590244632322326520069529432013691057992262226385608141027
  Level 3 size: 2
  Added to proof: 110058130168134052799716071097073281996591153893535428294527808496692578065614
  Final proof length: 4
  --- Verification details for leaf 1 after adding 10 leaves ---
  Verifying leaf: 1534629507014924801801850062420965747762703560098700086918056654539096211930
  Merkle root: 64178236115921275067792062344726167098188486009935675608193095349412704411890
  Proof length: 4
  Proof element 0 : 84303433209692230857384970403333823748570319246869449369625637863858470744792
  Computed hash after element 0 : 4819654492366420278237764346194618123787186199882361681321774604810163462263
  Proof element 1 : 42994468410347004737970376126143620665813473361490896099477539813509562736181
  Computed hash after element 1 : 86167276729270415220365293603154116830872546334163333883227179387055231533441
  Proof element 2 : 90519645207031266945590244632322326520069529432013691057992262226385608141027
  Computed hash after element 2 : 44812029912269844639383167223451376600872748978496635971607178627452478213724
  Proof element 3 : 110058130168134052799716071097073281996591153893535428294527808496692578065614
  Computed hash after element 3 : 64178236115921275067792062344726167098188486009935675608193095349412704411890
  Is valid: true
  --- End of verification details ---
  Successfully verified leaf 1 after adding 10 leaves
  Getting proof for leaf index: 1
  Tree depth: 4
  Level 0 size: 10
  Added to proof: 1534629507014924801801850062420965747762703560098700086918056654539096211930
  Level 1 size: 5
  Added to proof: 42994468410347004737970376126143620665813473361490896099477539813509562736181
  Level 2 size: 3
  Added to proof: 90519645207031266945590244632322326520069529432013691057992262226385608141027
  Level 3 size: 2
  Added to proof: 110058130168134052799716071097073281996591153893535428294527808496692578065614
  Final proof length: 4
  --- Verification details for leaf 2 after adding 10 leaves ---
  Verifying leaf: 84303433209692230857384970403333823748570319246869449369625637863858470744792
  Merkle root: 64178236115921275067792062344726167098188486009935675608193095349412704411890
  Proof length: 4
  Proof element 0 : 1534629507014924801801850062420965747762703560098700086918056654539096211930
  Computed hash after element 0 : 4819654492366420278237764346194618123787186199882361681321774604810163462263
  Proof element 1 : 42994468410347004737970376126143620665813473361490896099477539813509562736181
  Computed hash after element 1 : 86167276729270415220365293603154116830872546334163333883227179387055231533441
  Proof element 2 : 90519645207031266945590244632322326520069529432013691057992262226385608141027
  Computed hash after element 2 : 44812029912269844639383167223451376600872748978496635971607178627452478213724
  Proof element 3 : 110058130168134052799716071097073281996591153893535428294527808496692578065614
  Computed hash after element 3 : 64178236115921275067792062344726167098188486009935675608193095349412704411890
  Is valid: true
  --- End of verification details ---
  Successfully verified leaf 2 after adding 10 leaves
  Getting proof for leaf index: 2
  Tree depth: 4
  Level 0 size: 10
  Added to proof: 9718660262289985226213547307049526568607798083323067650698233131271439501106
  Level 1 size: 5
  Added to proof: 4819654492366420278237764346194618123787186199882361681321774604810163462263
  Level 2 size: 3
  Added to proof: 90519645207031266945590244632322326520069529432013691057992262226385608141027
  Level 3 size: 2
  Added to proof: 110058130168134052799716071097073281996591153893535428294527808496692578065614
  Final proof length: 4
  --- Verification details for leaf 3 after adding 10 leaves ---
  Verifying leaf: 114806096316174656260172984043681595992173194076043313710926606652151351550195
  Merkle root: 64178236115921275067792062344726167098188486009935675608193095349412704411890
  Proof length: 4
  Proof element 0 : 9718660262289985226213547307049526568607798083323067650698233131271439501106
  Computed hash after element 0 : 42994468410347004737970376126143620665813473361490896099477539813509562736181
  Proof element 1 : 4819654492366420278237764346194618123787186199882361681321774604810163462263
  Computed hash after element 1 : 86167276729270415220365293603154116830872546334163333883227179387055231533441
  Proof element 2 : 90519645207031266945590244632322326520069529432013691057992262226385608141027
  Computed hash after element 2 : 44812029912269844639383167223451376600872748978496635971607178627452478213724
  Proof element 3 : 110058130168134052799716071097073281996591153893535428294527808496692578065614
  Computed hash after element 3 : 64178236115921275067792062344726167098188486009935675608193095349412704411890
  Is valid: true
  --- End of verification details ---
  Successfully verified leaf 3 after adding 10 leaves
  Getting proof for leaf index: 3
  Tree depth: 4
  Level 0 size: 10
  Added to proof: 114806096316174656260172984043681595992173194076043313710926606652151351550195
  Level 1 size: 5
  Added to proof: 4819654492366420278237764346194618123787186199882361681321774604810163462263
  Level 2 size: 3
  Added to proof: 90519645207031266945590244632322326520069529432013691057992262226385608141027
  Level 3 size: 2
  Added to proof: 110058130168134052799716071097073281996591153893535428294527808496692578065614
  Final proof length: 4
  --- Verification details for leaf 4 after adding 10 leaves ---
  Verifying leaf: 9718660262289985226213547307049526568607798083323067650698233131271439501106
  Merkle root: 64178236115921275067792062344726167098188486009935675608193095349412704411890
  Proof length: 4
  Proof element 0 : 114806096316174656260172984043681595992173194076043313710926606652151351550195
  Computed hash after element 0 : 42994468410347004737970376126143620665813473361490896099477539813509562736181
  Proof element 1 : 4819654492366420278237764346194618123787186199882361681321774604810163462263
  Computed hash after element 1 : 86167276729270415220365293603154116830872546334163333883227179387055231533441
  Proof element 2 : 90519645207031266945590244632322326520069529432013691057992262226385608141027
  Computed hash after element 2 : 44812029912269844639383167223451376600872748978496635971607178627452478213724
  Proof element 3 : 110058130168134052799716071097073281996591153893535428294527808496692578065614
  Computed hash after element 3 : 64178236115921275067792062344726167098188486009935675608193095349412704411890
  Is valid: true
  --- End of verification details ---
  Successfully verified leaf 4 after adding 10 leaves
  Getting proof for leaf index: 4
  Tree depth: 4
  Level 0 size: 10
  Added to proof: 42656216575733633865718546135288608701490211943531992892543518422469545049160
  Level 1 size: 5
  Added to proof: 89139659228322516991511902812947417818976567277539582619759529237285492222351
  Level 2 size: 3
  Added to proof: 86167276729270415220365293603154116830872546334163333883227179387055231533441
  Level 3 size: 2
  Added to proof: 110058130168134052799716071097073281996591153893535428294527808496692578065614
  Final proof length: 4
  --- Verification details for leaf 5 after adding 10 leaves ---
  Verifying leaf: 3327891084304698462684256911003812127873740397003554529128445276024109161606
  Merkle root: 64178236115921275067792062344726167098188486009935675608193095349412704411890
  Proof length: 4
  Proof element 0 : 42656216575733633865718546135288608701490211943531992892543518422469545049160
  Computed hash after element 0 : 79680312521381101304386615379526824036772258414601889669286272159596699208134
  Proof element 1 : 89139659228322516991511902812947417818976567277539582619759529237285492222351
  Computed hash after element 1 : 90519645207031266945590244632322326520069529432013691057992262226385608141027
  Proof element 2 : 86167276729270415220365293603154116830872546334163333883227179387055231533441
  Computed hash after element 2 : 44812029912269844639383167223451376600872748978496635971607178627452478213724
  Proof element 3 : 110058130168134052799716071097073281996591153893535428294527808496692578065614
  Computed hash after element 3 : 64178236115921275067792062344726167098188486009935675608193095349412704411890
  Is valid: true
  --- End of verification details ---
  Successfully verified leaf 5 after adding 10 leaves
  Getting proof for leaf index: 5
  Tree depth: 4
  Level 0 size: 10
  Added to proof: 3327891084304698462684256911003812127873740397003554529128445276024109161606
  Level 1 size: 5
  Added to proof: 89139659228322516991511902812947417818976567277539582619759529237285492222351
  Level 2 size: 3
  Added to proof: 86167276729270415220365293603154116830872546334163333883227179387055231533441
  Level 3 size: 2
  Added to proof: 110058130168134052799716071097073281996591153893535428294527808496692578065614
  Final proof length: 4
  --- Verification details for leaf 6 after adding 10 leaves ---
  Verifying leaf: 42656216575733633865718546135288608701490211943531992892543518422469545049160
  Merkle root: 64178236115921275067792062344726167098188486009935675608193095349412704411890
  Proof length: 4
  Proof element 0 : 3327891084304698462684256911003812127873740397003554529128445276024109161606
  Computed hash after element 0 : 79680312521381101304386615379526824036772258414601889669286272159596699208134
  Proof element 1 : 89139659228322516991511902812947417818976567277539582619759529237285492222351
  Computed hash after element 1 : 90519645207031266945590244632322326520069529432013691057992262226385608141027
  Proof element 2 : 86167276729270415220365293603154116830872546334163333883227179387055231533441
  Computed hash after element 2 : 44812029912269844639383167223451376600872748978496635971607178627452478213724
  Proof element 3 : 110058130168134052799716071097073281996591153893535428294527808496692578065614
  Computed hash after element 3 : 64178236115921275067792062344726167098188486009935675608193095349412704411890
  Is valid: true
  --- End of verification details ---
  Successfully verified leaf 6 after adding 10 leaves
  Getting proof for leaf index: 6
  Tree depth: 4
  Level 0 size: 10
  Added to proof: 41333877701255859865019379003725985110118058655845990608936096526874421775531
  Level 1 size: 5
  Added to proof: 79680312521381101304386615379526824036772258414601889669286272159596699208134
  Level 2 size: 3
  Added to proof: 86167276729270415220365293603154116830872546334163333883227179387055231533441
  Level 3 size: 2
  Added to proof: 110058130168134052799716071097073281996591153893535428294527808496692578065614
  Final proof length: 4
  --- Verification details for leaf 7 after adding 10 leaves ---
  Verifying leaf: 77058788664304649396218556642747909996121735590822886025965307874683454946759
  Merkle root: 64178236115921275067792062344726167098188486009935675608193095349412704411890
  Proof length: 4
  Proof element 0 : 41333877701255859865019379003725985110118058655845990608936096526874421775531
  Computed hash after element 0 : 89139659228322516991511902812947417818976567277539582619759529237285492222351
  Proof element 1 : 79680312521381101304386615379526824036772258414601889669286272159596699208134
  Computed hash after element 1 : 90519645207031266945590244632322326520069529432013691057992262226385608141027
  Proof element 2 : 86167276729270415220365293603154116830872546334163333883227179387055231533441
  Computed hash after element 2 : 44812029912269844639383167223451376600872748978496635971607178627452478213724
  Proof element 3 : 110058130168134052799716071097073281996591153893535428294527808496692578065614
  Computed hash after element 3 : 64178236115921275067792062344726167098188486009935675608193095349412704411890
  Is valid: true
  --- End of verification details ---
  Successfully verified leaf 7 after adding 10 leaves
  Getting proof for leaf index: 7
  Tree depth: 4
  Level 0 size: 10
  Added to proof: 77058788664304649396218556642747909996121735590822886025965307874683454946759
  Level 1 size: 5
  Added to proof: 79680312521381101304386615379526824036772258414601889669286272159596699208134
  Level 2 size: 3
  Added to proof: 86167276729270415220365293603154116830872546334163333883227179387055231533441
  Level 3 size: 2
  Added to proof: 110058130168134052799716071097073281996591153893535428294527808496692578065614
  Final proof length: 4
  --- Verification details for leaf 8 after adding 10 leaves ---
  Verifying leaf: 41333877701255859865019379003725985110118058655845990608936096526874421775531
  Merkle root: 64178236115921275067792062344726167098188486009935675608193095349412704411890
  Proof length: 4
  Proof element 0 : 77058788664304649396218556642747909996121735590822886025965307874683454946759
  Computed hash after element 0 : 89139659228322516991511902812947417818976567277539582619759529237285492222351
  Proof element 1 : 79680312521381101304386615379526824036772258414601889669286272159596699208134
  Computed hash after element 1 : 90519645207031266945590244632322326520069529432013691057992262226385608141027
  Proof element 2 : 86167276729270415220365293603154116830872546334163333883227179387055231533441
  Computed hash after element 2 : 44812029912269844639383167223451376600872748978496635971607178627452478213724
  Proof element 3 : 110058130168134052799716071097073281996591153893535428294527808496692578065614
  Computed hash after element 3 : 64178236115921275067792062344726167098188486009935675608193095349412704411890
  Is valid: true
  --- End of verification details ---
  Successfully verified leaf 8 after adding 10 leaves
  Getting proof for leaf index: 8
  Tree depth: 4
  Level 0 size: 10
  Added to proof: 19972288769315928479630679177845711677268766594983667860090139443496462084286
  Level 1 size: 5
  Added to proof (odd level): 110058130168134052799716071097073281996591153893535428294527808496692578065614
  Level 2 size: 3
  Added to proof (odd level): 110058130168134052799716071097073281996591153893535428294527808496692578065614
  Level 3 size: 2
  Added to proof: 44812029912269844639383167223451376600872748978496635971607178627452478213724
  Final proof length: 4
  --- Verification details for leaf 9 after adding 10 leaves ---
  Verifying leaf: 83097023403658896075826216087624068326805273787826444717403742070225742999267
  Merkle root: 64178236115921275067792062344726167098188486009935675608193095349412704411890
  Proof length: 4
  Proof element 0 : 19972288769315928479630679177845711677268766594983667860090139443496462084286
  Computed hash after element 0 : 110058130168134052799716071097073281996591153893535428294527808496692578065614
  Proof element 1 : 110058130168134052799716071097073281996591153893535428294527808496692578065614
  Computed hash after element 1 : 59719689764405890962963026030013701894341630315298465847788166934755559027939
  Proof element 2 : 110058130168134052799716071097073281996591153893535428294527808496692578065614
  Computed hash after element 2 : 79831678091374602098900555312711950339514308627213790158908217823367050941076
  Proof element 3 : 44812029912269844639383167223451376600872748978496635971607178627452478213724
  Computed hash after element 3 : 5268976851784513893536098683957735074634265549798016071579911987126619669912
  Is valid: false
  --- End of verification details ---
  Failed to verify leaf 9 after adding 10 leaves
  Getting proof for leaf index: 9
  Tree depth: 4
  Level 0 size: 10
  Added to proof: 83097023403658896075826216087624068326805273787826444717403742070225742999267
  Level 1 size: 5
  Added to proof (odd level): 110058130168134052799716071097073281996591153893535428294527808496692578065614
  Level 2 size: 3
  Added to proof (odd level): 110058130168134052799716071097073281996591153893535428294527808496692578065614
  Level 3 size: 2
  Added to proof: 44812029912269844639383167223451376600872748978496635971607178627452478213724
  Final proof length: 4
  --- Verification details for leaf 10 after adding 10 leaves ---
  Verifying leaf: 19972288769315928479630679177845711677268766594983667860090139443496462084286
  Merkle root: 64178236115921275067792062344726167098188486009935675608193095349412704411890
  Proof length: 4
  Proof element 0 : 83097023403658896075826216087624068326805273787826444717403742070225742999267
  Computed hash after element 0 : 110058130168134052799716071097073281996591153893535428294527808496692578065614
  Proof element 1 : 110058130168134052799716071097073281996591153893535428294527808496692578065614
  Computed hash after element 1 : 59719689764405890962963026030013701894341630315298465847788166934755559027939
  Proof element 2 : 110058130168134052799716071097073281996591153893535428294527808496692578065614
  Computed hash after element 2 : 79831678091374602098900555312711950339514308627213790158908217823367050941076
  Proof element 3 : 44812029912269844639383167223451376600872748978496635971607178627452478213724
  Computed hash after element 3 : 5268976851784513893536098683957735074634265549798016071579911987126619669912
  Is valid: false
  --- End of verification details ---
  Failed to verify leaf 10 after adding 10 leaves
  Added leaf 11
  Getting proof for leaf index: 0
  Tree depth: 4
  Level 0 size: 11
  Added to proof: 84303433209692230857384970403333823748570319246869449369625637863858470744792
  Level 1 size: 6
  Added to proof: 42994468410347004737970376126143620665813473361490896099477539813509562736181
  Level 2 size: 3
  Added to proof: 90519645207031266945590244632322326520069529432013691057992262226385608141027
  Level 3 size: 2
  Added to proof: 59846360974977215937939741324844671950948236329323978032390829136492606069586
  Final proof length: 4
  --- Verification details for leaf 1 after adding 11 leaves ---
  Verifying leaf: 1534629507014924801801850062420965747762703560098700086918056654539096211930
  Merkle root: 89709993437819090715244684135109748987612014501279755898185279741628015643361
  Proof length: 4
  Proof element 0 : 84303433209692230857384970403333823748570319246869449369625637863858470744792
  Computed hash after element 0 : 4819654492366420278237764346194618123787186199882361681321774604810163462263
  Proof element 1 : 42994468410347004737970376126143620665813473361490896099477539813509562736181
  Computed hash after element 1 : 86167276729270415220365293603154116830872546334163333883227179387055231533441
  Proof element 2 : 90519645207031266945590244632322326520069529432013691057992262226385608141027
  Computed hash after element 2 : 44812029912269844639383167223451376600872748978496635971607178627452478213724
  Proof element 3 : 59846360974977215937939741324844671950948236329323978032390829136492606069586
  Computed hash after element 3 : 89709993437819090715244684135109748987612014501279755898185279741628015643361
  Is valid: true
  --- End of verification details ---
  Successfully verified leaf 1 after adding 11 leaves
  Getting proof for leaf index: 1
  Tree depth: 4
  Level 0 size: 11
  Added to proof: 1534629507014924801801850062420965747762703560098700086918056654539096211930
  Level 1 size: 6
  Added to proof: 42994468410347004737970376126143620665813473361490896099477539813509562736181
  Level 2 size: 3
  Added to proof: 90519645207031266945590244632322326520069529432013691057992262226385608141027
  Level 3 size: 2
  Added to proof: 59846360974977215937939741324844671950948236329323978032390829136492606069586
  Final proof length: 4
  --- Verification details for leaf 2 after adding 11 leaves ---
  Verifying leaf: 84303433209692230857384970403333823748570319246869449369625637863858470744792
  Merkle root: 89709993437819090715244684135109748987612014501279755898185279741628015643361
  Proof length: 4
  Proof element 0 : 1534629507014924801801850062420965747762703560098700086918056654539096211930
  Computed hash after element 0 : 4819654492366420278237764346194618123787186199882361681321774604810163462263
  Proof element 1 : 42994468410347004737970376126143620665813473361490896099477539813509562736181
  Computed hash after element 1 : 86167276729270415220365293603154116830872546334163333883227179387055231533441
  Proof element 2 : 90519645207031266945590244632322326520069529432013691057992262226385608141027
  Computed hash after element 2 : 44812029912269844639383167223451376600872748978496635971607178627452478213724
  Proof element 3 : 59846360974977215937939741324844671950948236329323978032390829136492606069586
  Computed hash after element 3 : 89709993437819090715244684135109748987612014501279755898185279741628015643361
  Is valid: true
  --- End of verification details ---
  Successfully verified leaf 2 after adding 11 leaves
  Getting proof for leaf index: 2
  Tree depth: 4
  Level 0 size: 11
  Added to proof: 9718660262289985226213547307049526568607798083323067650698233131271439501106
  Level 1 size: 6
  Added to proof: 4819654492366420278237764346194618123787186199882361681321774604810163462263
  Level 2 size: 3
  Added to proof: 90519645207031266945590244632322326520069529432013691057992262226385608141027
  Level 3 size: 2
  Added to proof: 59846360974977215937939741324844671950948236329323978032390829136492606069586
  Final proof length: 4
  --- Verification details for leaf 3 after adding 11 leaves ---
  Verifying leaf: 114806096316174656260172984043681595992173194076043313710926606652151351550195
  Merkle root: 89709993437819090715244684135109748987612014501279755898185279741628015643361
  Proof length: 4
  Proof element 0 : 9718660262289985226213547307049526568607798083323067650698233131271439501106
  Computed hash after element 0 : 42994468410347004737970376126143620665813473361490896099477539813509562736181
  Proof element 1 : 4819654492366420278237764346194618123787186199882361681321774604810163462263
  Computed hash after element 1 : 86167276729270415220365293603154116830872546334163333883227179387055231533441
  Proof element 2 : 90519645207031266945590244632322326520069529432013691057992262226385608141027
  Computed hash after element 2 : 44812029912269844639383167223451376600872748978496635971607178627452478213724
  Proof element 3 : 59846360974977215937939741324844671950948236329323978032390829136492606069586
  Computed hash after element 3 : 89709993437819090715244684135109748987612014501279755898185279741628015643361
  Is valid: true
  --- End of verification details ---
  Successfully verified leaf 3 after adding 11 leaves
  Getting proof for leaf index: 3
  Tree depth: 4
  Level 0 size: 11
  Added to proof: 114806096316174656260172984043681595992173194076043313710926606652151351550195
  Level 1 size: 6
  Added to proof: 4819654492366420278237764346194618123787186199882361681321774604810163462263
  Level 2 size: 3
  Added to proof: 90519645207031266945590244632322326520069529432013691057992262226385608141027
  Level 3 size: 2
  Added to proof: 59846360974977215937939741324844671950948236329323978032390829136492606069586
  Final proof length: 4
  --- Verification details for leaf 4 after adding 11 leaves ---
  Verifying leaf: 9718660262289985226213547307049526568607798083323067650698233131271439501106
  Merkle root: 89709993437819090715244684135109748987612014501279755898185279741628015643361
  Proof length: 4
  Proof element 0 : 114806096316174656260172984043681595992173194076043313710926606652151351550195
  Computed hash after element 0 : 42994468410347004737970376126143620665813473361490896099477539813509562736181
  Proof element 1 : 4819654492366420278237764346194618123787186199882361681321774604810163462263
  Computed hash after element 1 : 86167276729270415220365293603154116830872546334163333883227179387055231533441
  Proof element 2 : 90519645207031266945590244632322326520069529432013691057992262226385608141027
  Computed hash after element 2 : 44812029912269844639383167223451376600872748978496635971607178627452478213724
  Proof element 3 : 59846360974977215937939741324844671950948236329323978032390829136492606069586
  Computed hash after element 3 : 89709993437819090715244684135109748987612014501279755898185279741628015643361
  Is valid: true
  --- End of verification details ---
  Successfully verified leaf 4 after adding 11 leaves
  Getting proof for leaf index: 4
  Tree depth: 4
  Level 0 size: 11
  Added to proof: 42656216575733633865718546135288608701490211943531992892543518422469545049160
  Level 1 size: 6
  Added to proof: 89139659228322516991511902812947417818976567277539582619759529237285492222351
  Level 2 size: 3
  Added to proof: 86167276729270415220365293603154116830872546334163333883227179387055231533441
  Level 3 size: 2
  Added to proof: 59846360974977215937939741324844671950948236329323978032390829136492606069586
  Final proof length: 4
  --- Verification details for leaf 5 after adding 11 leaves ---
  Verifying leaf: 3327891084304698462684256911003812127873740397003554529128445276024109161606
  Merkle root: 89709993437819090715244684135109748987612014501279755898185279741628015643361
  Proof length: 4
  Proof element 0 : 42656216575733633865718546135288608701490211943531992892543518422469545049160
  Computed hash after element 0 : 79680312521381101304386615379526824036772258414601889669286272159596699208134
  Proof element 1 : 89139659228322516991511902812947417818976567277539582619759529237285492222351
  Computed hash after element 1 : 90519645207031266945590244632322326520069529432013691057992262226385608141027
  Proof element 2 : 86167276729270415220365293603154116830872546334163333883227179387055231533441
  Computed hash after element 2 : 44812029912269844639383167223451376600872748978496635971607178627452478213724
  Proof element 3 : 59846360974977215937939741324844671950948236329323978032390829136492606069586
  Computed hash after element 3 : 89709993437819090715244684135109748987612014501279755898185279741628015643361
  Is valid: true
  --- End of verification details ---
  Successfully verified leaf 5 after adding 11 leaves
  Getting proof for leaf index: 5
  Tree depth: 4
  Level 0 size: 11
  Added to proof: 3327891084304698462684256911003812127873740397003554529128445276024109161606
  Level 1 size: 6
  Added to proof: 89139659228322516991511902812947417818976567277539582619759529237285492222351
  Level 2 size: 3
  Added to proof: 86167276729270415220365293603154116830872546334163333883227179387055231533441
  Level 3 size: 2
  Added to proof: 59846360974977215937939741324844671950948236329323978032390829136492606069586
  Final proof length: 4
  --- Verification details for leaf 6 after adding 11 leaves ---
  Verifying leaf: 42656216575733633865718546135288608701490211943531992892543518422469545049160
  Merkle root: 89709993437819090715244684135109748987612014501279755898185279741628015643361
  Proof length: 4
  Proof element 0 : 3327891084304698462684256911003812127873740397003554529128445276024109161606
  Computed hash after element 0 : 79680312521381101304386615379526824036772258414601889669286272159596699208134
  Proof element 1 : 89139659228322516991511902812947417818976567277539582619759529237285492222351
  Computed hash after element 1 : 90519645207031266945590244632322326520069529432013691057992262226385608141027
  Proof element 2 : 86167276729270415220365293603154116830872546334163333883227179387055231533441
  Computed hash after element 2 : 44812029912269844639383167223451376600872748978496635971607178627452478213724
  Proof element 3 : 59846360974977215937939741324844671950948236329323978032390829136492606069586
  Computed hash after element 3 : 89709993437819090715244684135109748987612014501279755898185279741628015643361
  Is valid: true
  --- End of verification details ---
  Successfully verified leaf 6 after adding 11 leaves
  Getting proof for leaf index: 6
  Tree depth: 4
  Level 0 size: 11
  Added to proof: 41333877701255859865019379003725985110118058655845990608936096526874421775531
  Level 1 size: 6
  Added to proof: 79680312521381101304386615379526824036772258414601889669286272159596699208134
  Level 2 size: 3
  Added to proof: 86167276729270415220365293603154116830872546334163333883227179387055231533441
  Level 3 size: 2
  Added to proof: 59846360974977215937939741324844671950948236329323978032390829136492606069586
  Final proof length: 4
  --- Verification details for leaf 7 after adding 11 leaves ---
  Verifying leaf: 77058788664304649396218556642747909996121735590822886025965307874683454946759
  Merkle root: 89709993437819090715244684135109748987612014501279755898185279741628015643361
  Proof length: 4
  Proof element 0 : 41333877701255859865019379003725985110118058655845990608936096526874421775531
  Computed hash after element 0 : 89139659228322516991511902812947417818976567277539582619759529237285492222351
  Proof element 1 : 79680312521381101304386615379526824036772258414601889669286272159596699208134
  Computed hash after element 1 : 90519645207031266945590244632322326520069529432013691057992262226385608141027
  Proof element 2 : 86167276729270415220365293603154116830872546334163333883227179387055231533441
  Computed hash after element 2 : 44812029912269844639383167223451376600872748978496635971607178627452478213724
  Proof element 3 : 59846360974977215937939741324844671950948236329323978032390829136492606069586
  Computed hash after element 3 : 89709993437819090715244684135109748987612014501279755898185279741628015643361
  Is valid: true
  --- End of verification details ---
  Successfully verified leaf 7 after adding 11 leaves
  Getting proof for leaf index: 7
  Tree depth: 4
  Level 0 size: 11
  Added to proof: 77058788664304649396218556642747909996121735590822886025965307874683454946759
  Level 1 size: 6
  Added to proof: 79680312521381101304386615379526824036772258414601889669286272159596699208134
  Level 2 size: 3
  Added to proof: 86167276729270415220365293603154116830872546334163333883227179387055231533441
  Level 3 size: 2
  Added to proof: 59846360974977215937939741324844671950948236329323978032390829136492606069586
  Final proof length: 4
  --- Verification details for leaf 8 after adding 11 leaves ---
  Verifying leaf: 41333877701255859865019379003725985110118058655845990608936096526874421775531
  Merkle root: 89709993437819090715244684135109748987612014501279755898185279741628015643361
  Proof length: 4
  Proof element 0 : 77058788664304649396218556642747909996121735590822886025965307874683454946759
  Computed hash after element 0 : 89139659228322516991511902812947417818976567277539582619759529237285492222351
  Proof element 1 : 79680312521381101304386615379526824036772258414601889669286272159596699208134
  Computed hash after element 1 : 90519645207031266945590244632322326520069529432013691057992262226385608141027
  Proof element 2 : 86167276729270415220365293603154116830872546334163333883227179387055231533441
  Computed hash after element 2 : 44812029912269844639383167223451376600872748978496635971607178627452478213724
  Proof element 3 : 59846360974977215937939741324844671950948236329323978032390829136492606069586
  Computed hash after element 3 : 89709993437819090715244684135109748987612014501279755898185279741628015643361
  Is valid: true
  --- End of verification details ---
  Successfully verified leaf 8 after adding 11 leaves
  Getting proof for leaf index: 8
  Tree depth: 4
  Level 0 size: 11
  Added to proof: 19972288769315928479630679177845711677268766594983667860090139443496462084286
  Level 1 size: 6
  Added to proof: 11059502003765752708342665740916089834825294147016530688590526355732680035651
  Level 2 size: 3
  Added to proof (odd level): 59846360974977215937939741324844671950948236329323978032390829136492606069586
  Level 3 size: 2
  Added to proof: 44812029912269844639383167223451376600872748978496635971607178627452478213724
  Final proof length: 4
  --- Verification details for leaf 9 after adding 11 leaves ---
  Verifying leaf: 83097023403658896075826216087624068326805273787826444717403742070225742999267
  Merkle root: 89709993437819090715244684135109748987612014501279755898185279741628015643361
  Proof length: 4
  Proof element 0 : 19972288769315928479630679177845711677268766594983667860090139443496462084286
  Computed hash after element 0 : 110058130168134052799716071097073281996591153893535428294527808496692578065614
  Proof element 1 : 11059502003765752708342665740916089834825294147016530688590526355732680035651
  Computed hash after element 1 : 59846360974977215937939741324844671950948236329323978032390829136492606069586
  Proof element 2 : 59846360974977215937939741324844671950948236329323978032390829136492606069586
  Computed hash after element 2 : 92738938118692933721850680455891735607015661943946198183547163095495303326636
  Proof element 3 : 44812029912269844639383167223451376600872748978496635971607178627452478213724
  Computed hash after element 3 : 34674088924069878652871236454070735876340663827781190964685345147146172524016
  Is valid: false
  --- End of verification details ---
  Failed to verify leaf 9 after adding 11 leaves
  Getting proof for leaf index: 9
  Tree depth: 4
  Level 0 size: 11
  Added to proof: 83097023403658896075826216087624068326805273787826444717403742070225742999267
  Level 1 size: 6
  Added to proof: 11059502003765752708342665740916089834825294147016530688590526355732680035651
  Level 2 size: 3
  Added to proof (odd level): 59846360974977215937939741324844671950948236329323978032390829136492606069586
  Level 3 size: 2
  Added to proof: 44812029912269844639383167223451376600872748978496635971607178627452478213724
  Final proof length: 4
  --- Verification details for leaf 10 after adding 11 leaves ---
  Verifying leaf: 19972288769315928479630679177845711677268766594983667860090139443496462084286
  Merkle root: 89709993437819090715244684135109748987612014501279755898185279741628015643361
  Proof length: 4
  Proof element 0 : 83097023403658896075826216087624068326805273787826444717403742070225742999267
  Computed hash after element 0 : 110058130168134052799716071097073281996591153893535428294527808496692578065614
  Proof element 1 : 11059502003765752708342665740916089834825294147016530688590526355732680035651
  Computed hash after element 1 : 59846360974977215937939741324844671950948236329323978032390829136492606069586
  Proof element 2 : 59846360974977215937939741324844671950948236329323978032390829136492606069586
  Computed hash after element 2 : 92738938118692933721850680455891735607015661943946198183547163095495303326636
  Proof element 3 : 44812029912269844639383167223451376600872748978496635971607178627452478213724
  Computed hash after element 3 : 34674088924069878652871236454070735876340663827781190964685345147146172524016
  Is valid: false
  --- End of verification details ---
  Failed to verify leaf 10 after adding 11 leaves
  Getting proof for leaf index: 10
  Tree depth: 4
  Level 0 size: 11
  Added to proof (odd level): 11059502003765752708342665740916089834825294147016530688590526355732680035651
  Level 1 size: 6
  Added to proof: 110058130168134052799716071097073281996591153893535428294527808496692578065614
  Level 2 size: 3
  Added to proof (odd level): 59846360974977215937939741324844671950948236329323978032390829136492606069586
  Level 3 size: 2
  Added to proof: 44812029912269844639383167223451376600872748978496635971607178627452478213724
  Final proof length: 4
  --- Verification details for leaf 11 after adding 11 leaves ---
  Verifying leaf: 11059502003765752708342665740916089834825294147016530688590526355732680035651
  Merkle root: 89709993437819090715244684135109748987612014501279755898185279741628015643361
  Proof length: 4
  Proof element 0 : 11059502003765752708342665740916089834825294147016530688590526355732680035651
  Computed hash after element 0 : 36105261476890798551520600578788426822983039564491927115664021631323109927504
  Proof element 1 : 110058130168134052799716071097073281996591153893535428294527808496692578065614
  Computed hash after element 1 : 66606012906081385432956264375857627936702441624551450857309563778062849831844
  Proof element 2 : 59846360974977215937939741324844671950948236329323978032390829136492606069586
  Computed hash after element 2 : 87501449471566838044329406800409837725679443640180926526868423042013244752364
  Proof element 3 : 44812029912269844639383167223451376600872748978496635971607178627452478213724
  Computed hash after element 3 : 4224498250175873924238287086505916171915406069918665509685570477444133689436
  Is valid: false
  --- End of verification details ---
  Failed to verify leaf 11 after adding 11 leaves
  Added leaf 12
  Getting proof for leaf index: 0
  Tree depth: 4
  Level 0 size: 12
  Added to proof: 84303433209692230857384970403333823748570319246869449369625637863858470744792
  Level 1 size: 6
  Added to proof: 42994468410347004737970376126143620665813473361490896099477539813509562736181
  Level 2 size: 3
  Added to proof: 90519645207031266945590244632322326520069529432013691057992262226385608141027
  Level 3 size: 2
  Added to proof: 107653161125649642032491443308982527566324346567968513637810199776622513001405
  Final proof length: 4
  --- Verification details for leaf 1 after adding 12 leaves ---
  Verifying leaf: 1534629507014924801801850062420965747762703560098700086918056654539096211930
  Merkle root: 105259241581955673391122455805714739376702936126509763349222900225993164500371
  Proof length: 4
  Proof element 0 : 84303433209692230857384970403333823748570319246869449369625637863858470744792
  Computed hash after element 0 : 4819654492366420278237764346194618123787186199882361681321774604810163462263
  Proof element 1 : 42994468410347004737970376126143620665813473361490896099477539813509562736181
  Computed hash after element 1 : 86167276729270415220365293603154116830872546334163333883227179387055231533441
  Proof element 2 : 90519645207031266945590244632322326520069529432013691057992262226385608141027
  Computed hash after element 2 : 44812029912269844639383167223451376600872748978496635971607178627452478213724
  Proof element 3 : 107653161125649642032491443308982527566324346567968513637810199776622513001405
  Computed hash after element 3 : 105259241581955673391122455805714739376702936126509763349222900225993164500371
  Is valid: true
  --- End of verification details ---
  Successfully verified leaf 1 after adding 12 leaves
  Getting proof for leaf index: 1
  Tree depth: 4
  Level 0 size: 12
  Added to proof: 1534629507014924801801850062420965747762703560098700086918056654539096211930
  Level 1 size: 6
  Added to proof: 42994468410347004737970376126143620665813473361490896099477539813509562736181
  Level 2 size: 3
  Added to proof: 90519645207031266945590244632322326520069529432013691057992262226385608141027
  Level 3 size: 2
  Added to proof: 107653161125649642032491443308982527566324346567968513637810199776622513001405
  Final proof length: 4
  --- Verification details for leaf 2 after adding 12 leaves ---
  Verifying leaf: 84303433209692230857384970403333823748570319246869449369625637863858470744792
  Merkle root: 105259241581955673391122455805714739376702936126509763349222900225993164500371
  Proof length: 4
  Proof element 0 : 1534629507014924801801850062420965747762703560098700086918056654539096211930
  Computed hash after element 0 : 4819654492366420278237764346194618123787186199882361681321774604810163462263
  Proof element 1 : 42994468410347004737970376126143620665813473361490896099477539813509562736181
  Computed hash after element 1 : 86167276729270415220365293603154116830872546334163333883227179387055231533441
  Proof element 2 : 90519645207031266945590244632322326520069529432013691057992262226385608141027
  Computed hash after element 2 : 44812029912269844639383167223451376600872748978496635971607178627452478213724
  Proof element 3 : 107653161125649642032491443308982527566324346567968513637810199776622513001405
  Computed hash after element 3 : 105259241581955673391122455805714739376702936126509763349222900225993164500371
  Is valid: true
  --- End of verification details ---
  Successfully verified leaf 2 after adding 12 leaves
  Getting proof for leaf index: 2
  Tree depth: 4
  Level 0 size: 12
  Added to proof: 9718660262289985226213547307049526568607798083323067650698233131271439501106
  Level 1 size: 6
  Added to proof: 4819654492366420278237764346194618123787186199882361681321774604810163462263
  Level 2 size: 3
  Added to proof: 90519645207031266945590244632322326520069529432013691057992262226385608141027
  Level 3 size: 2
  Added to proof: 107653161125649642032491443308982527566324346567968513637810199776622513001405
  Final proof length: 4
  --- Verification details for leaf 3 after adding 12 leaves ---
  Verifying leaf: 114806096316174656260172984043681595992173194076043313710926606652151351550195
  Merkle root: 105259241581955673391122455805714739376702936126509763349222900225993164500371
  Proof length: 4
  Proof element 0 : 9718660262289985226213547307049526568607798083323067650698233131271439501106
  Computed hash after element 0 : 42994468410347004737970376126143620665813473361490896099477539813509562736181
  Proof element 1 : 4819654492366420278237764346194618123787186199882361681321774604810163462263
  Computed hash after element 1 : 86167276729270415220365293603154116830872546334163333883227179387055231533441
  Proof element 2 : 90519645207031266945590244632322326520069529432013691057992262226385608141027
  Computed hash after element 2 : 44812029912269844639383167223451376600872748978496635971607178627452478213724
  Proof element 3 : 107653161125649642032491443308982527566324346567968513637810199776622513001405
  Computed hash after element 3 : 105259241581955673391122455805714739376702936126509763349222900225993164500371
  Is valid: true
  --- End of verification details ---
  Successfully verified leaf 3 after adding 12 leaves
  Getting proof for leaf index: 3
  Tree depth: 4
  Level 0 size: 12
  Added to proof: 114806096316174656260172984043681595992173194076043313710926606652151351550195
  Level 1 size: 6
  Added to proof: 4819654492366420278237764346194618123787186199882361681321774604810163462263
  Level 2 size: 3
  Added to proof: 90519645207031266945590244632322326520069529432013691057992262226385608141027
  Level 3 size: 2
  Added to proof: 107653161125649642032491443308982527566324346567968513637810199776622513001405
  Final proof length: 4
  --- Verification details for leaf 4 after adding 12 leaves ---
  Verifying leaf: 9718660262289985226213547307049526568607798083323067650698233131271439501106
  Merkle root: 105259241581955673391122455805714739376702936126509763349222900225993164500371
  Proof length: 4
  Proof element 0 : 114806096316174656260172984043681595992173194076043313710926606652151351550195
  Computed hash after element 0 : 42994468410347004737970376126143620665813473361490896099477539813509562736181
  Proof element 1 : 4819654492366420278237764346194618123787186199882361681321774604810163462263
  Computed hash after element 1 : 86167276729270415220365293603154116830872546334163333883227179387055231533441
  Proof element 2 : 90519645207031266945590244632322326520069529432013691057992262226385608141027
  Computed hash after element 2 : 44812029912269844639383167223451376600872748978496635971607178627452478213724
  Proof element 3 : 107653161125649642032491443308982527566324346567968513637810199776622513001405
  Computed hash after element 3 : 105259241581955673391122455805714739376702936126509763349222900225993164500371
  Is valid: true
  --- End of verification details ---
  Successfully verified leaf 4 after adding 12 leaves
  Getting proof for leaf index: 4
  Tree depth: 4
  Level 0 size: 12
  Added to proof: 42656216575733633865718546135288608701490211943531992892543518422469545049160
  Level 1 size: 6
  Added to proof: 89139659228322516991511902812947417818976567277539582619759529237285492222351
  Level 2 size: 3
  Added to proof: 86167276729270415220365293603154116830872546334163333883227179387055231533441
  Level 3 size: 2
  Added to proof: 107653161125649642032491443308982527566324346567968513637810199776622513001405
  Final proof length: 4
  --- Verification details for leaf 5 after adding 12 leaves ---
  Verifying leaf: 3327891084304698462684256911003812127873740397003554529128445276024109161606
  Merkle root: 105259241581955673391122455805714739376702936126509763349222900225993164500371
  Proof length: 4
  Proof element 0 : 42656216575733633865718546135288608701490211943531992892543518422469545049160
  Computed hash after element 0 : 79680312521381101304386615379526824036772258414601889669286272159596699208134
  Proof element 1 : 89139659228322516991511902812947417818976567277539582619759529237285492222351
  Computed hash after element 1 : 90519645207031266945590244632322326520069529432013691057992262226385608141027
  Proof element 2 : 86167276729270415220365293603154116830872546334163333883227179387055231533441
  Computed hash after element 2 : 44812029912269844639383167223451376600872748978496635971607178627452478213724
  Proof element 3 : 107653161125649642032491443308982527566324346567968513637810199776622513001405
  Computed hash after element 3 : 105259241581955673391122455805714739376702936126509763349222900225993164500371
  Is valid: true
  --- End of verification details ---
  Successfully verified leaf 5 after adding 12 leaves
  Getting proof for leaf index: 5
  Tree depth: 4
  Level 0 size: 12
  Added to proof: 3327891084304698462684256911003812127873740397003554529128445276024109161606
  Level 1 size: 6
  Added to proof: 89139659228322516991511902812947417818976567277539582619759529237285492222351
  Level 2 size: 3
  Added to proof: 86167276729270415220365293603154116830872546334163333883227179387055231533441
  Level 3 size: 2
  Added to proof: 107653161125649642032491443308982527566324346567968513637810199776622513001405
  Final proof length: 4
  --- Verification details for leaf 6 after adding 12 leaves ---
  Verifying leaf: 42656216575733633865718546135288608701490211943531992892543518422469545049160
  Merkle root: 105259241581955673391122455805714739376702936126509763349222900225993164500371
  Proof length: 4
  Proof element 0 : 3327891084304698462684256911003812127873740397003554529128445276024109161606
  Computed hash after element 0 : 79680312521381101304386615379526824036772258414601889669286272159596699208134
  Proof element 1 : 89139659228322516991511902812947417818976567277539582619759529237285492222351
  Computed hash after element 1 : 90519645207031266945590244632322326520069529432013691057992262226385608141027
  Proof element 2 : 86167276729270415220365293603154116830872546334163333883227179387055231533441
  Computed hash after element 2 : 44812029912269844639383167223451376600872748978496635971607178627452478213724
  Proof element 3 : 107653161125649642032491443308982527566324346567968513637810199776622513001405
  Computed hash after element 3 : 105259241581955673391122455805714739376702936126509763349222900225993164500371
  Is valid: true
  --- End of verification details ---
  Successfully verified leaf 6 after adding 12 leaves
  Getting proof for leaf index: 6
  Tree depth: 4
  Level 0 size: 12
  Added to proof: 41333877701255859865019379003725985110118058655845990608936096526874421775531
  Level 1 size: 6
  Added to proof: 79680312521381101304386615379526824036772258414601889669286272159596699208134
  Level 2 size: 3
  Added to proof: 86167276729270415220365293603154116830872546334163333883227179387055231533441
  Level 3 size: 2
  Added to proof: 107653161125649642032491443308982527566324346567968513637810199776622513001405
  Final proof length: 4
  --- Verification details for leaf 7 after adding 12 leaves ---
  Verifying leaf: 77058788664304649396218556642747909996121735590822886025965307874683454946759
  Merkle root: 105259241581955673391122455805714739376702936126509763349222900225993164500371
  Proof length: 4
  Proof element 0 : 41333877701255859865019379003725985110118058655845990608936096526874421775531
  Computed hash after element 0 : 89139659228322516991511902812947417818976567277539582619759529237285492222351
  Proof element 1 : 79680312521381101304386615379526824036772258414601889669286272159596699208134
  Computed hash after element 1 : 90519645207031266945590244632322326520069529432013691057992262226385608141027
  Proof element 2 : 86167276729270415220365293603154116830872546334163333883227179387055231533441
  Computed hash after element 2 : 44812029912269844639383167223451376600872748978496635971607178627452478213724
  Proof element 3 : 107653161125649642032491443308982527566324346567968513637810199776622513001405
  Computed hash after element 3 : 105259241581955673391122455805714739376702936126509763349222900225993164500371
  Is valid: true
  --- End of verification details ---
  Successfully verified leaf 7 after adding 12 leaves
  Getting proof for leaf index: 7
  Tree depth: 4
  Level 0 size: 12
  Added to proof: 77058788664304649396218556642747909996121735590822886025965307874683454946759
  Level 1 size: 6
  Added to proof: 79680312521381101304386615379526824036772258414601889669286272159596699208134
  Level 2 size: 3
  Added to proof: 86167276729270415220365293603154116830872546334163333883227179387055231533441
  Level 3 size: 2
  Added to proof: 107653161125649642032491443308982527566324346567968513637810199776622513001405
  Final proof length: 4
  --- Verification details for leaf 8 after adding 12 leaves ---
  Verifying leaf: 41333877701255859865019379003725985110118058655845990608936096526874421775531
  Merkle root: 105259241581955673391122455805714739376702936126509763349222900225993164500371
  Proof length: 4
  Proof element 0 : 77058788664304649396218556642747909996121735590822886025965307874683454946759
  Computed hash after element 0 : 89139659228322516991511902812947417818976567277539582619759529237285492222351
  Proof element 1 : 79680312521381101304386615379526824036772258414601889669286272159596699208134
  Computed hash after element 1 : 90519645207031266945590244632322326520069529432013691057992262226385608141027
  Proof element 2 : 86167276729270415220365293603154116830872546334163333883227179387055231533441
  Computed hash after element 2 : 44812029912269844639383167223451376600872748978496635971607178627452478213724
  Proof element 3 : 107653161125649642032491443308982527566324346567968513637810199776622513001405
  Computed hash after element 3 : 105259241581955673391122455805714739376702936126509763349222900225993164500371
  Is valid: true
  --- End of verification details ---
  Successfully verified leaf 8 after adding 12 leaves
  Getting proof for leaf index: 8
  Tree depth: 4
  Level 0 size: 12
  Added to proof: 19972288769315928479630679177845711677268766594983667860090139443496462084286
  Level 1 size: 6
  Added to proof: 86830204781467795827957492631466613281393886399951120238877606491319470472592
  Level 2 size: 3
  Added to proof (odd level): 107653161125649642032491443308982527566324346567968513637810199776622513001405
  Level 3 size: 2
  Added to proof: 44812029912269844639383167223451376600872748978496635971607178627452478213724
  Final proof length: 4
  --- Verification details for leaf 9 after adding 12 leaves ---
  Verifying leaf: 83097023403658896075826216087624068326805273787826444717403742070225742999267
  Merkle root: 105259241581955673391122455805714739376702936126509763349222900225993164500371
  Proof length: 4
  Proof element 0 : 19972288769315928479630679177845711677268766594983667860090139443496462084286
  Computed hash after element 0 : 110058130168134052799716071097073281996591153893535428294527808496692578065614
  Proof element 1 : 86830204781467795827957492631466613281393886399951120238877606491319470472592
  Computed hash after element 1 : 107653161125649642032491443308982527566324346567968513637810199776622513001405
  Proof element 2 : 107653161125649642032491443308982527566324346567968513637810199776622513001405
  Computed hash after element 2 : 63698986582480718487183817653160794346139980745635314524392379899798200639498
  Proof element 3 : 44812029912269844639383167223451376600872748978496635971607178627452478213724
  Computed hash after element 3 : 88027390311925619116337185983322332843135757954424623656302551904471951628237
  Is valid: false
  --- End of verification details ---
  Failed to verify leaf 9 after adding 12 leaves
  Getting proof for leaf index: 9
  Tree depth: 4
  Level 0 size: 12
  Added to proof: 83097023403658896075826216087624068326805273787826444717403742070225742999267
  Level 1 size: 6
  Added to proof: 86830204781467795827957492631466613281393886399951120238877606491319470472592
  Level 2 size: 3
  Added to proof (odd level): 107653161125649642032491443308982527566324346567968513637810199776622513001405
  Level 3 size: 2
  Added to proof: 44812029912269844639383167223451376600872748978496635971607178627452478213724
  Final proof length: 4
  --- Verification details for leaf 10 after adding 12 leaves ---
  Verifying leaf: 19972288769315928479630679177845711677268766594983667860090139443496462084286
  Merkle root: 105259241581955673391122455805714739376702936126509763349222900225993164500371
  Proof length: 4
  Proof element 0 : 83097023403658896075826216087624068326805273787826444717403742070225742999267
  Computed hash after element 0 : 110058130168134052799716071097073281996591153893535428294527808496692578065614
  Proof element 1 : 86830204781467795827957492631466613281393886399951120238877606491319470472592
  Computed hash after element 1 : 107653161125649642032491443308982527566324346567968513637810199776622513001405
  Proof element 2 : 107653161125649642032491443308982527566324346567968513637810199776622513001405
  Computed hash after element 2 : 63698986582480718487183817653160794346139980745635314524392379899798200639498
  Proof element 3 : 44812029912269844639383167223451376600872748978496635971607178627452478213724
  Computed hash after element 3 : 88027390311925619116337185983322332843135757954424623656302551904471951628237
  Is valid: false
  --- End of verification details ---
  Failed to verify leaf 10 after adding 12 leaves
  Getting proof for leaf index: 10
  Tree depth: 4
  Level 0 size: 12
  Added to proof: 96593053628671560174693064981485823685325506728506954480672468072431603451342
  Level 1 size: 6
  Added to proof: 110058130168134052799716071097073281996591153893535428294527808496692578065614
  Level 2 size: 3
  Added to proof (odd level): 107653161125649642032491443308982527566324346567968513637810199776622513001405
  Level 3 size: 2
  Added to proof: 44812029912269844639383167223451376600872748978496635971607178627452478213724
  Final proof length: 4
  --- Verification details for leaf 11 after adding 12 leaves ---
  Verifying leaf: 11059502003765752708342665740916089834825294147016530688590526355732680035651
  Merkle root: 105259241581955673391122455805714739376702936126509763349222900225993164500371
  Proof length: 4
  Proof element 0 : 96593053628671560174693064981485823685325506728506954480672468072431603451342
  Computed hash after element 0 : 86830204781467795827957492631466613281393886399951120238877606491319470472592
  Proof element 1 : 110058130168134052799716071097073281996591153893535428294527808496692578065614
  Computed hash after element 1 : 107653161125649642032491443308982527566324346567968513637810199776622513001405
  Proof element 2 : 107653161125649642032491443308982527566324346567968513637810199776622513001405
  Computed hash after element 2 : 63698986582480718487183817653160794346139980745635314524392379899798200639498
  Proof element 3 : 44812029912269844639383167223451376600872748978496635971607178627452478213724
  Computed hash after element 3 : 88027390311925619116337185983322332843135757954424623656302551904471951628237
  Is valid: false
  --- End of verification details ---
  Failed to verify leaf 11 after adding 12 leaves
  Getting proof for leaf index: 11
  Tree depth: 4
  Level 0 size: 12
  Added to proof: 11059502003765752708342665740916089834825294147016530688590526355732680035651
  Level 1 size: 6
  Added to proof: 110058130168134052799716071097073281996591153893535428294527808496692578065614
  Level 2 size: 3
  Added to proof (odd level): 107653161125649642032491443308982527566324346567968513637810199776622513001405
  Level 3 size: 2
  Added to proof: 44812029912269844639383167223451376600872748978496635971607178627452478213724
  Final proof length: 4
  --- Verification details for leaf 12 after adding 12 leaves ---
  Verifying leaf: 96593053628671560174693064981485823685325506728506954480672468072431603451342
  Merkle root: 105259241581955673391122455805714739376702936126509763349222900225993164500371
  Proof length: 4
  Proof element 0 : 11059502003765752708342665740916089834825294147016530688590526355732680035651
  Computed hash after element 0 : 86830204781467795827957492631466613281393886399951120238877606491319470472592
  Proof element 1 : 110058130168134052799716071097073281996591153893535428294527808496692578065614
  Computed hash after element 1 : 107653161125649642032491443308982527566324346567968513637810199776622513001405
  Proof element 2 : 107653161125649642032491443308982527566324346567968513637810199776622513001405
  Computed hash after element 2 : 63698986582480718487183817653160794346139980745635314524392379899798200639498
  Proof element 3 : 44812029912269844639383167223451376600872748978496635971607178627452478213724
  Computed hash after element 3 : 88027390311925619116337185983322332843135757954424623656302551904471951628237
  Is valid: false
  --- End of verification details ---
  Failed to verify leaf 12 after adding 12 leaves
  Added leaf 13
  Getting proof for leaf index: 0
  Tree depth: 4
  Level 0 size: 13
  Added to proof: 84303433209692230857384970403333823748570319246869449369625637863858470744792
  Level 1 size: 7
  Added to proof: 42994468410347004737970376126143620665813473361490896099477539813509562736181
  Level 2 size: 4
  Added to proof: 90519645207031266945590244632322326520069529432013691057992262226385608141027
  Level 3 size: 2
  Added to proof: 108553049071648998281524720654683211963479500989552657999545980456215882000913
  Final proof length: 4
  --- Verification details for leaf 1 after adding 13 leaves ---
  Verifying leaf: 1534629507014924801801850062420965747762703560098700086918056654539096211930
  Merkle root: 95904243231259043751671466433766867542513274203239933588935001992552312598703
  Proof length: 4
  Proof element 0 : 84303433209692230857384970403333823748570319246869449369625637863858470744792
  Computed hash after element 0 : 4819654492366420278237764346194618123787186199882361681321774604810163462263
  Proof element 1 : 42994468410347004737970376126143620665813473361490896099477539813509562736181
  Computed hash after element 1 : 86167276729270415220365293603154116830872546334163333883227179387055231533441
  Proof element 2 : 90519645207031266945590244632322326520069529432013691057992262226385608141027
  Computed hash after element 2 : 44812029912269844639383167223451376600872748978496635971607178627452478213724
  Proof element 3 : 108553049071648998281524720654683211963479500989552657999545980456215882000913
  Computed hash after element 3 : 95904243231259043751671466433766867542513274203239933588935001992552312598703
  Is valid: true
  --- End of verification details ---
  Successfully verified leaf 1 after adding 13 leaves
  Getting proof for leaf index: 1
  Tree depth: 4
  Level 0 size: 13
  Added to proof: 1534629507014924801801850062420965747762703560098700086918056654539096211930
  Level 1 size: 7
  Added to proof: 42994468410347004737970376126143620665813473361490896099477539813509562736181
  Level 2 size: 4
  Added to proof: 90519645207031266945590244632322326520069529432013691057992262226385608141027
  Level 3 size: 2
  Added to proof: 108553049071648998281524720654683211963479500989552657999545980456215882000913
  Final proof length: 4
  --- Verification details for leaf 2 after adding 13 leaves ---
  Verifying leaf: 84303433209692230857384970403333823748570319246869449369625637863858470744792
  Merkle root: 95904243231259043751671466433766867542513274203239933588935001992552312598703
  Proof length: 4
  Proof element 0 : 1534629507014924801801850062420965747762703560098700086918056654539096211930
  Computed hash after element 0 : 4819654492366420278237764346194618123787186199882361681321774604810163462263
  Proof element 1 : 42994468410347004737970376126143620665813473361490896099477539813509562736181
  Computed hash after element 1 : 86167276729270415220365293603154116830872546334163333883227179387055231533441
  Proof element 2 : 90519645207031266945590244632322326520069529432013691057992262226385608141027
  Computed hash after element 2 : 44812029912269844639383167223451376600872748978496635971607178627452478213724
  Proof element 3 : 108553049071648998281524720654683211963479500989552657999545980456215882000913
  Computed hash after element 3 : 95904243231259043751671466433766867542513274203239933588935001992552312598703
  Is valid: true
  --- End of verification details ---
  Successfully verified leaf 2 after adding 13 leaves
  Getting proof for leaf index: 2
  Tree depth: 4
  Level 0 size: 13
  Added to proof: 9718660262289985226213547307049526568607798083323067650698233131271439501106
  Level 1 size: 7
  Added to proof: 4819654492366420278237764346194618123787186199882361681321774604810163462263
  Level 2 size: 4
  Added to proof: 90519645207031266945590244632322326520069529432013691057992262226385608141027
  Level 3 size: 2
  Added to proof: 108553049071648998281524720654683211963479500989552657999545980456215882000913
  Final proof length: 4
  --- Verification details for leaf 3 after adding 13 leaves ---
  Verifying leaf: 114806096316174656260172984043681595992173194076043313710926606652151351550195
  Merkle root: 95904243231259043751671466433766867542513274203239933588935001992552312598703
  Proof length: 4
  Proof element 0 : 9718660262289985226213547307049526568607798083323067650698233131271439501106
  Computed hash after element 0 : 42994468410347004737970376126143620665813473361490896099477539813509562736181
  Proof element 1 : 4819654492366420278237764346194618123787186199882361681321774604810163462263
  Computed hash after element 1 : 86167276729270415220365293603154116830872546334163333883227179387055231533441
  Proof element 2 : 90519645207031266945590244632322326520069529432013691057992262226385608141027
  Computed hash after element 2 : 44812029912269844639383167223451376600872748978496635971607178627452478213724
  Proof element 3 : 108553049071648998281524720654683211963479500989552657999545980456215882000913
  Computed hash after element 3 : 95904243231259043751671466433766867542513274203239933588935001992552312598703
  Is valid: true
  --- End of verification details ---
  Successfully verified leaf 3 after adding 13 leaves
  Getting proof for leaf index: 3
  Tree depth: 4
  Level 0 size: 13
  Added to proof: 114806096316174656260172984043681595992173194076043313710926606652151351550195
  Level 1 size: 7
  Added to proof: 4819654492366420278237764346194618123787186199882361681321774604810163462263
  Level 2 size: 4
  Added to proof: 90519645207031266945590244632322326520069529432013691057992262226385608141027
  Level 3 size: 2
  Added to proof: 108553049071648998281524720654683211963479500989552657999545980456215882000913
  Final proof length: 4
  --- Verification details for leaf 4 after adding 13 leaves ---
  Verifying leaf: 9718660262289985226213547307049526568607798083323067650698233131271439501106
  Merkle root: 95904243231259043751671466433766867542513274203239933588935001992552312598703
  Proof length: 4
  Proof element 0 : 114806096316174656260172984043681595992173194076043313710926606652151351550195
  Computed hash after element 0 : 42994468410347004737970376126143620665813473361490896099477539813509562736181
  Proof element 1 : 4819654492366420278237764346194618123787186199882361681321774604810163462263
  Computed hash after element 1 : 86167276729270415220365293603154116830872546334163333883227179387055231533441
  Proof element 2 : 90519645207031266945590244632322326520069529432013691057992262226385608141027
  Computed hash after element 2 : 44812029912269844639383167223451376600872748978496635971607178627452478213724
  Proof element 3 : 108553049071648998281524720654683211963479500989552657999545980456215882000913
  Computed hash after element 3 : 95904243231259043751671466433766867542513274203239933588935001992552312598703
  Is valid: true
  --- End of verification details ---
  Successfully verified leaf 4 after adding 13 leaves
  Getting proof for leaf index: 4
  Tree depth: 4
  Level 0 size: 13
  Added to proof: 42656216575733633865718546135288608701490211943531992892543518422469545049160
  Level 1 size: 7
  Added to proof: 89139659228322516991511902812947417818976567277539582619759529237285492222351
  Level 2 size: 4
  Added to proof: 86167276729270415220365293603154116830872546334163333883227179387055231533441
  Level 3 size: 2
  Added to proof: 108553049071648998281524720654683211963479500989552657999545980456215882000913
  Final proof length: 4
  --- Verification details for leaf 5 after adding 13 leaves ---
  Verifying leaf: 3327891084304698462684256911003812127873740397003554529128445276024109161606
  Merkle root: 95904243231259043751671466433766867542513274203239933588935001992552312598703
  Proof length: 4
  Proof element 0 : 42656216575733633865718546135288608701490211943531992892543518422469545049160
  Computed hash after element 0 : 79680312521381101304386615379526824036772258414601889669286272159596699208134
  Proof element 1 : 89139659228322516991511902812947417818976567277539582619759529237285492222351
  Computed hash after element 1 : 90519645207031266945590244632322326520069529432013691057992262226385608141027
  Proof element 2 : 86167276729270415220365293603154116830872546334163333883227179387055231533441
  Computed hash after element 2 : 44812029912269844639383167223451376600872748978496635971607178627452478213724
  Proof element 3 : 108553049071648998281524720654683211963479500989552657999545980456215882000913
  Computed hash after element 3 : 95904243231259043751671466433766867542513274203239933588935001992552312598703
  Is valid: true
  --- End of verification details ---
  Successfully verified leaf 5 after adding 13 leaves
  Getting proof for leaf index: 5
  Tree depth: 4
  Level 0 size: 13
  Added to proof: 3327891084304698462684256911003812127873740397003554529128445276024109161606
  Level 1 size: 7
  Added to proof: 89139659228322516991511902812947417818976567277539582619759529237285492222351
  Level 2 size: 4
  Added to proof: 86167276729270415220365293603154116830872546334163333883227179387055231533441
  Level 3 size: 2
  Added to proof: 108553049071648998281524720654683211963479500989552657999545980456215882000913
  Final proof length: 4
  --- Verification details for leaf 6 after adding 13 leaves ---
  Verifying leaf: 42656216575733633865718546135288608701490211943531992892543518422469545049160
  Merkle root: 95904243231259043751671466433766867542513274203239933588935001992552312598703
  Proof length: 4
  Proof element 0 : 3327891084304698462684256911003812127873740397003554529128445276024109161606
  Computed hash after element 0 : 79680312521381101304386615379526824036772258414601889669286272159596699208134
  Proof element 1 : 89139659228322516991511902812947417818976567277539582619759529237285492222351
  Computed hash after element 1 : 90519645207031266945590244632322326520069529432013691057992262226385608141027
  Proof element 2 : 86167276729270415220365293603154116830872546334163333883227179387055231533441
  Computed hash after element 2 : 44812029912269844639383167223451376600872748978496635971607178627452478213724
  Proof element 3 : 108553049071648998281524720654683211963479500989552657999545980456215882000913
  Computed hash after element 3 : 95904243231259043751671466433766867542513274203239933588935001992552312598703
  Is valid: true
  --- End of verification details ---
  Successfully verified leaf 6 after adding 13 leaves
  Getting proof for leaf index: 6
  Tree depth: 4
  Level 0 size: 13
  Added to proof: 41333877701255859865019379003725985110118058655845990608936096526874421775531
  Level 1 size: 7
  Added to proof: 79680312521381101304386615379526824036772258414601889669286272159596699208134
  Level 2 size: 4
  Added to proof: 86167276729270415220365293603154116830872546334163333883227179387055231533441
  Level 3 size: 2
  Added to proof: 108553049071648998281524720654683211963479500989552657999545980456215882000913
  Final proof length: 4
  --- Verification details for leaf 7 after adding 13 leaves ---
  Verifying leaf: 77058788664304649396218556642747909996121735590822886025965307874683454946759
  Merkle root: 95904243231259043751671466433766867542513274203239933588935001992552312598703
  Proof length: 4
  Proof element 0 : 41333877701255859865019379003725985110118058655845990608936096526874421775531
  Computed hash after element 0 : 89139659228322516991511902812947417818976567277539582619759529237285492222351
  Proof element 1 : 79680312521381101304386615379526824036772258414601889669286272159596699208134
  Computed hash after element 1 : 90519645207031266945590244632322326520069529432013691057992262226385608141027
  Proof element 2 : 86167276729270415220365293603154116830872546334163333883227179387055231533441
  Computed hash after element 2 : 44812029912269844639383167223451376600872748978496635971607178627452478213724
  Proof element 3 : 108553049071648998281524720654683211963479500989552657999545980456215882000913
  Computed hash after element 3 : 95904243231259043751671466433766867542513274203239933588935001992552312598703
  Is valid: true
  --- End of verification details ---
  Successfully verified leaf 7 after adding 13 leaves
  Getting proof for leaf index: 7
  Tree depth: 4
  Level 0 size: 13
  Added to proof: 77058788664304649396218556642747909996121735590822886025965307874683454946759
  Level 1 size: 7
  Added to proof: 79680312521381101304386615379526824036772258414601889669286272159596699208134
  Level 2 size: 4
  Added to proof: 86167276729270415220365293603154116830872546334163333883227179387055231533441
  Level 3 size: 2
  Added to proof: 108553049071648998281524720654683211963479500989552657999545980456215882000913
  Final proof length: 4
  --- Verification details for leaf 8 after adding 13 leaves ---
  Verifying leaf: 41333877701255859865019379003725985110118058655845990608936096526874421775531
  Merkle root: 95904243231259043751671466433766867542513274203239933588935001992552312598703
  Proof length: 4
  Proof element 0 : 77058788664304649396218556642747909996121735590822886025965307874683454946759
  Computed hash after element 0 : 89139659228322516991511902812947417818976567277539582619759529237285492222351
  Proof element 1 : 79680312521381101304386615379526824036772258414601889669286272159596699208134
  Computed hash after element 1 : 90519645207031266945590244632322326520069529432013691057992262226385608141027
  Proof element 2 : 86167276729270415220365293603154116830872546334163333883227179387055231533441
  Computed hash after element 2 : 44812029912269844639383167223451376600872748978496635971607178627452478213724
  Proof element 3 : 108553049071648998281524720654683211963479500989552657999545980456215882000913
  Computed hash after element 3 : 95904243231259043751671466433766867542513274203239933588935001992552312598703
  Is valid: true
  --- End of verification details ---
  Successfully verified leaf 8 after adding 13 leaves
  Getting proof for leaf index: 8
  Tree depth: 4
  Level 0 size: 13
  Added to proof: 19972288769315928479630679177845711677268766594983667860090139443496462084286
  Level 1 size: 7
  Added to proof: 86830204781467795827957492631466613281393886399951120238877606491319470472592
  Level 2 size: 4
  Added to proof: 92619562252365677669901163699204566607949558994432207550606556910840817279335
  Level 3 size: 2
  Added to proof: 44812029912269844639383167223451376600872748978496635971607178627452478213724
  Final proof length: 4
  --- Verification details for leaf 9 after adding 13 leaves ---
  Verifying leaf: 83097023403658896075826216087624068326805273787826444717403742070225742999267
  Merkle root: 95904243231259043751671466433766867542513274203239933588935001992552312598703
  Proof length: 4
  Proof element 0 : 19972288769315928479630679177845711677268766594983667860090139443496462084286
  Computed hash after element 0 : 110058130168134052799716071097073281996591153893535428294527808496692578065614
  Proof element 1 : 86830204781467795827957492631466613281393886399951120238877606491319470472592
  Computed hash after element 1 : 107653161125649642032491443308982527566324346567968513637810199776622513001405
  Proof element 2 : 92619562252365677669901163699204566607949558994432207550606556910840817279335
  Computed hash after element 2 : 108553049071648998281524720654683211963479500989552657999545980456215882000913
  Proof element 3 : 44812029912269844639383167223451376600872748978496635971607178627452478213724
  Computed hash after element 3 : 95904243231259043751671466433766867542513274203239933588935001992552312598703
  Is valid: true
  --- End of verification details ---
  Successfully verified leaf 9 after adding 13 leaves
  Getting proof for leaf index: 9
  Tree depth: 4
  Level 0 size: 13
  Added to proof: 83097023403658896075826216087624068326805273787826444717403742070225742999267
  Level 1 size: 7
  Added to proof: 86830204781467795827957492631466613281393886399951120238877606491319470472592
  Level 2 size: 4
  Added to proof: 92619562252365677669901163699204566607949558994432207550606556910840817279335
  Level 3 size: 2
  Added to proof: 44812029912269844639383167223451376600872748978496635971607178627452478213724
  Final proof length: 4
  --- Verification details for leaf 10 after adding 13 leaves ---
  Verifying leaf: 19972288769315928479630679177845711677268766594983667860090139443496462084286
  Merkle root: 95904243231259043751671466433766867542513274203239933588935001992552312598703
  Proof length: 4
  Proof element 0 : 83097023403658896075826216087624068326805273787826444717403742070225742999267
  Computed hash after element 0 : 110058130168134052799716071097073281996591153893535428294527808496692578065614
  Proof element 1 : 86830204781467795827957492631466613281393886399951120238877606491319470472592
  Computed hash after element 1 : 107653161125649642032491443308982527566324346567968513637810199776622513001405
  Proof element 2 : 92619562252365677669901163699204566607949558994432207550606556910840817279335
  Computed hash after element 2 : 108553049071648998281524720654683211963479500989552657999545980456215882000913
  Proof element 3 : 44812029912269844639383167223451376600872748978496635971607178627452478213724
  Computed hash after element 3 : 95904243231259043751671466433766867542513274203239933588935001992552312598703
  Is valid: true
  --- End of verification details ---
  Successfully verified leaf 10 after adding 13 leaves
  Getting proof for leaf index: 10
  Tree depth: 4
  Level 0 size: 13
  Added to proof: 96593053628671560174693064981485823685325506728506954480672468072431603451342
  Level 1 size: 7
  Added to proof: 110058130168134052799716071097073281996591153893535428294527808496692578065614
  Level 2 size: 4
  Added to proof: 92619562252365677669901163699204566607949558994432207550606556910840817279335
  Level 3 size: 2
  Added to proof: 44812029912269844639383167223451376600872748978496635971607178627452478213724
  Final proof length: 4
  --- Verification details for leaf 11 after adding 13 leaves ---
  Verifying leaf: 11059502003765752708342665740916089834825294147016530688590526355732680035651
  Merkle root: 95904243231259043751671466433766867542513274203239933588935001992552312598703
  Proof length: 4
  Proof element 0 : 96593053628671560174693064981485823685325506728506954480672468072431603451342
  Computed hash after element 0 : 86830204781467795827957492631466613281393886399951120238877606491319470472592
  Proof element 1 : 110058130168134052799716071097073281996591153893535428294527808496692578065614
  Computed hash after element 1 : 107653161125649642032491443308982527566324346567968513637810199776622513001405
  Proof element 2 : 92619562252365677669901163699204566607949558994432207550606556910840817279335
  Computed hash after element 2 : 108553049071648998281524720654683211963479500989552657999545980456215882000913
  Proof element 3 : 44812029912269844639383167223451376600872748978496635971607178627452478213724
  Computed hash after element 3 : 95904243231259043751671466433766867542513274203239933588935001992552312598703
  Is valid: true
  --- End of verification details ---
  Successfully verified leaf 11 after adding 13 leaves
  Getting proof for leaf index: 11
  Tree depth: 4
  Level 0 size: 13
  Added to proof: 11059502003765752708342665740916089834825294147016530688590526355732680035651
  Level 1 size: 7
  Added to proof: 110058130168134052799716071097073281996591153893535428294527808496692578065614
  Level 2 size: 4
  Added to proof: 92619562252365677669901163699204566607949558994432207550606556910840817279335
  Level 3 size: 2
  Added to proof: 44812029912269844639383167223451376600872748978496635971607178627452478213724
  Final proof length: 4
  --- Verification details for leaf 12 after adding 13 leaves ---
  Verifying leaf: 96593053628671560174693064981485823685325506728506954480672468072431603451342
  Merkle root: 95904243231259043751671466433766867542513274203239933588935001992552312598703
  Proof length: 4
  Proof element 0 : 11059502003765752708342665740916089834825294147016530688590526355732680035651
  Computed hash after element 0 : 86830204781467795827957492631466613281393886399951120238877606491319470472592
  Proof element 1 : 110058130168134052799716071097073281996591153893535428294527808496692578065614
  Computed hash after element 1 : 107653161125649642032491443308982527566324346567968513637810199776622513001405
  Proof element 2 : 92619562252365677669901163699204566607949558994432207550606556910840817279335
  Computed hash after element 2 : 108553049071648998281524720654683211963479500989552657999545980456215882000913
  Proof element 3 : 44812029912269844639383167223451376600872748978496635971607178627452478213724
  Computed hash after element 3 : 95904243231259043751671466433766867542513274203239933588935001992552312598703
  Is valid: true
  --- End of verification details ---
  Successfully verified leaf 12 after adding 13 leaves
  Getting proof for leaf index: 12
  Tree depth: 4
  Level 0 size: 13
  Added to proof (odd level): 92619562252365677669901163699204566607949558994432207550606556910840817279335
  Level 1 size: 7
  Added to proof (odd level): 92619562252365677669901163699204566607949558994432207550606556910840817279335
  Level 2 size: 4
  Added to proof: 107653161125649642032491443308982527566324346567968513637810199776622513001405
  Level 3 size: 2
  Added to proof: 44812029912269844639383167223451376600872748978496635971607178627452478213724
  Final proof length: 4
  --- Verification details for leaf 13 after adding 13 leaves ---
  Verifying leaf: 92619562252365677669901163699204566607949558994432207550606556910840817279335
  Merkle root: 95904243231259043751671466433766867542513274203239933588935001992552312598703
  Proof length: 4
  Proof element 0 : 92619562252365677669901163699204566607949558994432207550606556910840817279335
  Computed hash after element 0 : 34655785029912325504693851636224059906352376421900414395106511365913718305722
  Proof element 1 : 92619562252365677669901163699204566607949558994432207550606556910840817279335
  Computed hash after element 1 : 102107838697001021793613152866011485669456224330151264870980079557309193059776
  Proof element 2 : 107653161125649642032491443308982527566324346567968513637810199776622513001405
  Computed hash after element 2 : 46399629989709935398062512267465979717371404661161911373858714242799116395348
  Proof element 3 : 44812029912269844639383167223451376600872748978496635971607178627452478213724
  Computed hash after element 3 : 6104399967511633622789440264708298984094393376371698257560359093855696307576
  Is valid: false
  --- End of verification details ---
  Failed to verify leaf 13 after adding 13 leaves
  Added leaf 14
  Getting proof for leaf index: 0
  Tree depth: 4
  Level 0 size: 14
  Added to proof: 84303433209692230857384970403333823748570319246869449369625637863858470744792
  Level 1 size: 7
  Added to proof: 42994468410347004737970376126143620665813473361490896099477539813509562736181
  Level 2 size: 4
  Added to proof: 90519645207031266945590244632322326520069529432013691057992262226385608141027
  Level 3 size: 2
  Added to proof: 78170241155033196651430226097733958812562154123046193110951321885630563925101
  Final proof length: 4
  --- Verification details for leaf 1 after adding 14 leaves ---
  Verifying leaf: 1534629507014924801801850062420965747762703560098700086918056654539096211930
  Merkle root: 50317213460667083387336512583701938606346372456891657337202148482495325721164
  Proof length: 4
  Proof element 0 : 84303433209692230857384970403333823748570319246869449369625637863858470744792
  Computed hash after element 0 : 4819654492366420278237764346194618123787186199882361681321774604810163462263
  Proof element 1 : 42994468410347004737970376126143620665813473361490896099477539813509562736181
  Computed hash after element 1 : 86167276729270415220365293603154116830872546334163333883227179387055231533441
  Proof element 2 : 90519645207031266945590244632322326520069529432013691057992262226385608141027
  Computed hash after element 2 : 44812029912269844639383167223451376600872748978496635971607178627452478213724
  Proof element 3 : 78170241155033196651430226097733958812562154123046193110951321885630563925101
  Computed hash after element 3 : 50317213460667083387336512583701938606346372456891657337202148482495325721164
  Is valid: true
  --- End of verification details ---
  Successfully verified leaf 1 after adding 14 leaves
  Getting proof for leaf index: 1
  Tree depth: 4
  Level 0 size: 14
  Added to proof: 1534629507014924801801850062420965747762703560098700086918056654539096211930
  Level 1 size: 7
  Added to proof: 42994468410347004737970376126143620665813473361490896099477539813509562736181
  Level 2 size: 4
  Added to proof: 90519645207031266945590244632322326520069529432013691057992262226385608141027
  Level 3 size: 2
  Added to proof: 78170241155033196651430226097733958812562154123046193110951321885630563925101
  Final proof length: 4
  --- Verification details for leaf 2 after adding 14 leaves ---
  Verifying leaf: 84303433209692230857384970403333823748570319246869449369625637863858470744792
  Merkle root: 50317213460667083387336512583701938606346372456891657337202148482495325721164
  Proof length: 4
  Proof element 0 : 1534629507014924801801850062420965747762703560098700086918056654539096211930
  Computed hash after element 0 : 4819654492366420278237764346194618123787186199882361681321774604810163462263
  Proof element 1 : 42994468410347004737970376126143620665813473361490896099477539813509562736181
  Computed hash after element 1 : 86167276729270415220365293603154116830872546334163333883227179387055231533441
  Proof element 2 : 90519645207031266945590244632322326520069529432013691057992262226385608141027
  Computed hash after element 2 : 44812029912269844639383167223451376600872748978496635971607178627452478213724
  Proof element 3 : 78170241155033196651430226097733958812562154123046193110951321885630563925101
  Computed hash after element 3 : 50317213460667083387336512583701938606346372456891657337202148482495325721164
  Is valid: true
  --- End of verification details ---
  Successfully verified leaf 2 after adding 14 leaves
  Getting proof for leaf index: 2
  Tree depth: 4
  Level 0 size: 14
  Added to proof: 9718660262289985226213547307049526568607798083323067650698233131271439501106
  Level 1 size: 7
  Added to proof: 4819654492366420278237764346194618123787186199882361681321774604810163462263
  Level 2 size: 4
  Added to proof: 90519645207031266945590244632322326520069529432013691057992262226385608141027
  Level 3 size: 2
  Added to proof: 78170241155033196651430226097733958812562154123046193110951321885630563925101
  Final proof length: 4
  --- Verification details for leaf 3 after adding 14 leaves ---
  Verifying leaf: 114806096316174656260172984043681595992173194076043313710926606652151351550195
  Merkle root: 50317213460667083387336512583701938606346372456891657337202148482495325721164
  Proof length: 4
  Proof element 0 : 9718660262289985226213547307049526568607798083323067650698233131271439501106
  Computed hash after element 0 : 42994468410347004737970376126143620665813473361490896099477539813509562736181
  Proof element 1 : 4819654492366420278237764346194618123787186199882361681321774604810163462263
  Computed hash after element 1 : 86167276729270415220365293603154116830872546334163333883227179387055231533441
  Proof element 2 : 90519645207031266945590244632322326520069529432013691057992262226385608141027
  Computed hash after element 2 : 44812029912269844639383167223451376600872748978496635971607178627452478213724
  Proof element 3 : 78170241155033196651430226097733958812562154123046193110951321885630563925101
  Computed hash after element 3 : 50317213460667083387336512583701938606346372456891657337202148482495325721164
  Is valid: true
  --- End of verification details ---
  Successfully verified leaf 3 after adding 14 leaves
  Getting proof for leaf index: 3
  Tree depth: 4
  Level 0 size: 14
  Added to proof: 114806096316174656260172984043681595992173194076043313710926606652151351550195
  Level 1 size: 7
  Added to proof: 4819654492366420278237764346194618123787186199882361681321774604810163462263
  Level 2 size: 4
  Added to proof: 90519645207031266945590244632322326520069529432013691057992262226385608141027
  Level 3 size: 2
  Added to proof: 78170241155033196651430226097733958812562154123046193110951321885630563925101
  Final proof length: 4
  --- Verification details for leaf 4 after adding 14 leaves ---
  Verifying leaf: 9718660262289985226213547307049526568607798083323067650698233131271439501106
  Merkle root: 50317213460667083387336512583701938606346372456891657337202148482495325721164
  Proof length: 4
  Proof element 0 : 114806096316174656260172984043681595992173194076043313710926606652151351550195
  Computed hash after element 0 : 42994468410347004737970376126143620665813473361490896099477539813509562736181
  Proof element 1 : 4819654492366420278237764346194618123787186199882361681321774604810163462263
  Computed hash after element 1 : 86167276729270415220365293603154116830872546334163333883227179387055231533441
  Proof element 2 : 90519645207031266945590244632322326520069529432013691057992262226385608141027
  Computed hash after element 2 : 44812029912269844639383167223451376600872748978496635971607178627452478213724
  Proof element 3 : 78170241155033196651430226097733958812562154123046193110951321885630563925101
  Computed hash after element 3 : 50317213460667083387336512583701938606346372456891657337202148482495325721164
  Is valid: true
  --- End of verification details ---
  Successfully verified leaf 4 after adding 14 leaves
  Getting proof for leaf index: 4
  Tree depth: 4
  Level 0 size: 14
  Added to proof: 42656216575733633865718546135288608701490211943531992892543518422469545049160
  Level 1 size: 7
  Added to proof: 89139659228322516991511902812947417818976567277539582619759529237285492222351
  Level 2 size: 4
  Added to proof: 86167276729270415220365293603154116830872546334163333883227179387055231533441
  Level 3 size: 2
  Added to proof: 78170241155033196651430226097733958812562154123046193110951321885630563925101
  Final proof length: 4
  --- Verification details for leaf 5 after adding 14 leaves ---
  Verifying leaf: 3327891084304698462684256911003812127873740397003554529128445276024109161606
  Merkle root: 50317213460667083387336512583701938606346372456891657337202148482495325721164
  Proof length: 4
  Proof element 0 : 42656216575733633865718546135288608701490211943531992892543518422469545049160
  Computed hash after element 0 : 79680312521381101304386615379526824036772258414601889669286272159596699208134
  Proof element 1 : 89139659228322516991511902812947417818976567277539582619759529237285492222351
  Computed hash after element 1 : 90519645207031266945590244632322326520069529432013691057992262226385608141027
  Proof element 2 : 86167276729270415220365293603154116830872546334163333883227179387055231533441
  Computed hash after element 2 : 44812029912269844639383167223451376600872748978496635971607178627452478213724
  Proof element 3 : 78170241155033196651430226097733958812562154123046193110951321885630563925101
  Computed hash after element 3 : 50317213460667083387336512583701938606346372456891657337202148482495325721164
  Is valid: true
  --- End of verification details ---
  Successfully verified leaf 5 after adding 14 leaves
  Getting proof for leaf index: 5
  Tree depth: 4
  Level 0 size: 14
  Added to proof: 3327891084304698462684256911003812127873740397003554529128445276024109161606
  Level 1 size: 7
  Added to proof: 89139659228322516991511902812947417818976567277539582619759529237285492222351
  Level 2 size: 4
  Added to proof: 86167276729270415220365293603154116830872546334163333883227179387055231533441
  Level 3 size: 2
  Added to proof: 78170241155033196651430226097733958812562154123046193110951321885630563925101
  Final proof length: 4
  --- Verification details for leaf 6 after adding 14 leaves ---
  Verifying leaf: 42656216575733633865718546135288608701490211943531992892543518422469545049160
  Merkle root: 50317213460667083387336512583701938606346372456891657337202148482495325721164
  Proof length: 4
  Proof element 0 : 3327891084304698462684256911003812127873740397003554529128445276024109161606
  Computed hash after element 0 : 79680312521381101304386615379526824036772258414601889669286272159596699208134
  Proof element 1 : 89139659228322516991511902812947417818976567277539582619759529237285492222351
  Computed hash after element 1 : 90519645207031266945590244632322326520069529432013691057992262226385608141027
  Proof element 2 : 86167276729270415220365293603154116830872546334163333883227179387055231533441
  Computed hash after element 2 : 44812029912269844639383167223451376600872748978496635971607178627452478213724
  Proof element 3 : 78170241155033196651430226097733958812562154123046193110951321885630563925101
  Computed hash after element 3 : 50317213460667083387336512583701938606346372456891657337202148482495325721164
  Is valid: true
  --- End of verification details ---
  Successfully verified leaf 6 after adding 14 leaves
  Getting proof for leaf index: 6
  Tree depth: 4
  Level 0 size: 14
  Added to proof: 41333877701255859865019379003725985110118058655845990608936096526874421775531
  Level 1 size: 7
  Added to proof: 79680312521381101304386615379526824036772258414601889669286272159596699208134
  Level 2 size: 4
  Added to proof: 86167276729270415220365293603154116830872546334163333883227179387055231533441
  Level 3 size: 2
  Added to proof: 78170241155033196651430226097733958812562154123046193110951321885630563925101
  Final proof length: 4
  --- Verification details for leaf 7 after adding 14 leaves ---
  Verifying leaf: 77058788664304649396218556642747909996121735590822886025965307874683454946759
  Merkle root: 50317213460667083387336512583701938606346372456891657337202148482495325721164
  Proof length: 4
  Proof element 0 : 41333877701255859865019379003725985110118058655845990608936096526874421775531
  Computed hash after element 0 : 89139659228322516991511902812947417818976567277539582619759529237285492222351
  Proof element 1 : 79680312521381101304386615379526824036772258414601889669286272159596699208134
  Computed hash after element 1 : 90519645207031266945590244632322326520069529432013691057992262226385608141027
  Proof element 2 : 86167276729270415220365293603154116830872546334163333883227179387055231533441
  Computed hash after element 2 : 44812029912269844639383167223451376600872748978496635971607178627452478213724
  Proof element 3 : 78170241155033196651430226097733958812562154123046193110951321885630563925101
  Computed hash after element 3 : 50317213460667083387336512583701938606346372456891657337202148482495325721164
  Is valid: true
  --- End of verification details ---
  Successfully verified leaf 7 after adding 14 leaves
  Getting proof for leaf index: 7
  Tree depth: 4
  Level 0 size: 14
  Added to proof: 77058788664304649396218556642747909996121735590822886025965307874683454946759
  Level 1 size: 7
  Added to proof: 79680312521381101304386615379526824036772258414601889669286272159596699208134
  Level 2 size: 4
  Added to proof: 86167276729270415220365293603154116830872546334163333883227179387055231533441
  Level 3 size: 2
  Added to proof: 78170241155033196651430226097733958812562154123046193110951321885630563925101
  Final proof length: 4
  --- Verification details for leaf 8 after adding 14 leaves ---
  Verifying leaf: 41333877701255859865019379003725985110118058655845990608936096526874421775531
  Merkle root: 50317213460667083387336512583701938606346372456891657337202148482495325721164
  Proof length: 4
  Proof element 0 : 77058788664304649396218556642747909996121735590822886025965307874683454946759
  Computed hash after element 0 : 89139659228322516991511902812947417818976567277539582619759529237285492222351
  Proof element 1 : 79680312521381101304386615379526824036772258414601889669286272159596699208134
  Computed hash after element 1 : 90519645207031266945590244632322326520069529432013691057992262226385608141027
  Proof element 2 : 86167276729270415220365293603154116830872546334163333883227179387055231533441
  Computed hash after element 2 : 44812029912269844639383167223451376600872748978496635971607178627452478213724
  Proof element 3 : 78170241155033196651430226097733958812562154123046193110951321885630563925101
  Computed hash after element 3 : 50317213460667083387336512583701938606346372456891657337202148482495325721164
  Is valid: true
  --- End of verification details ---
  Successfully verified leaf 8 after adding 14 leaves
  Getting proof for leaf index: 8
  Tree depth: 4
  Level 0 size: 14
  Added to proof: 19972288769315928479630679177845711677268766594983667860090139443496462084286
  Level 1 size: 7
  Added to proof: 86830204781467795827957492631466613281393886399951120238877606491319470472592
  Level 2 size: 4
  Added to proof: 27450459817178025726961910999305864805083219849135273456119843313523604327146
  Level 3 size: 2
  Added to proof: 44812029912269844639383167223451376600872748978496635971607178627452478213724
  Final proof length: 4
  --- Verification details for leaf 9 after adding 14 leaves ---
  Verifying leaf: 83097023403658896075826216087624068326805273787826444717403742070225742999267
  Merkle root: 50317213460667083387336512583701938606346372456891657337202148482495325721164
  Proof length: 4
  Proof element 0 : 19972288769315928479630679177845711677268766594983667860090139443496462084286
  Computed hash after element 0 : 110058130168134052799716071097073281996591153893535428294527808496692578065614
  Proof element 1 : 86830204781467795827957492631466613281393886399951120238877606491319470472592
  Computed hash after element 1 : 107653161125649642032491443308982527566324346567968513637810199776622513001405
  Proof element 2 : 27450459817178025726961910999305864805083219849135273456119843313523604327146
  Computed hash after element 2 : 78170241155033196651430226097733958812562154123046193110951321885630563925101
  Proof element 3 : 44812029912269844639383167223451376600872748978496635971607178627452478213724
  Computed hash after element 3 : 50317213460667083387336512583701938606346372456891657337202148482495325721164
  Is valid: true
  --- End of verification details ---
  Successfully verified leaf 9 after adding 14 leaves
  Getting proof for leaf index: 9
  Tree depth: 4
  Level 0 size: 14
  Added to proof: 83097023403658896075826216087624068326805273787826444717403742070225742999267
  Level 1 size: 7
  Added to proof: 86830204781467795827957492631466613281393886399951120238877606491319470472592
  Level 2 size: 4
  Added to proof: 27450459817178025726961910999305864805083219849135273456119843313523604327146
  Level 3 size: 2
  Added to proof: 44812029912269844639383167223451376600872748978496635971607178627452478213724
  Final proof length: 4
  --- Verification details for leaf 10 after adding 14 leaves ---
  Verifying leaf: 19972288769315928479630679177845711677268766594983667860090139443496462084286
  Merkle root: 50317213460667083387336512583701938606346372456891657337202148482495325721164
  Proof length: 4
  Proof element 0 : 83097023403658896075826216087624068326805273787826444717403742070225742999267
  Computed hash after element 0 : 110058130168134052799716071097073281996591153893535428294527808496692578065614
  Proof element 1 : 86830204781467795827957492631466613281393886399951120238877606491319470472592
  Computed hash after element 1 : 107653161125649642032491443308982527566324346567968513637810199776622513001405
  Proof element 2 : 27450459817178025726961910999305864805083219849135273456119843313523604327146
  Computed hash after element 2 : 78170241155033196651430226097733958812562154123046193110951321885630563925101
  Proof element 3 : 44812029912269844639383167223451376600872748978496635971607178627452478213724
  Computed hash after element 3 : 50317213460667083387336512583701938606346372456891657337202148482495325721164
  Is valid: true
  --- End of verification details ---
  Successfully verified leaf 10 after adding 14 leaves
  Getting proof for leaf index: 10
  Tree depth: 4
  Level 0 size: 14
  Added to proof: 96593053628671560174693064981485823685325506728506954480672468072431603451342
  Level 1 size: 7
  Added to proof: 110058130168134052799716071097073281996591153893535428294527808496692578065614
  Level 2 size: 4
  Added to proof: 27450459817178025726961910999305864805083219849135273456119843313523604327146
  Level 3 size: 2
  Added to proof: 44812029912269844639383167223451376600872748978496635971607178627452478213724
  Final proof length: 4
  --- Verification details for leaf 11 after adding 14 leaves ---
  Verifying leaf: 11059502003765752708342665740916089834825294147016530688590526355732680035651
  Merkle root: 50317213460667083387336512583701938606346372456891657337202148482495325721164
  Proof length: 4
  Proof element 0 : 96593053628671560174693064981485823685325506728506954480672468072431603451342
  Computed hash after element 0 : 86830204781467795827957492631466613281393886399951120238877606491319470472592
  Proof element 1 : 110058130168134052799716071097073281996591153893535428294527808496692578065614
  Computed hash after element 1 : 107653161125649642032491443308982527566324346567968513637810199776622513001405
  Proof element 2 : 27450459817178025726961910999305864805083219849135273456119843313523604327146
  Computed hash after element 2 : 78170241155033196651430226097733958812562154123046193110951321885630563925101
  Proof element 3 : 44812029912269844639383167223451376600872748978496635971607178627452478213724
  Computed hash after element 3 : 50317213460667083387336512583701938606346372456891657337202148482495325721164
  Is valid: true
  --- End of verification details ---
  Successfully verified leaf 11 after adding 14 leaves
  Getting proof for leaf index: 11
  Tree depth: 4
  Level 0 size: 14
  Added to proof: 11059502003765752708342665740916089834825294147016530688590526355732680035651
  Level 1 size: 7
  Added to proof: 110058130168134052799716071097073281996591153893535428294527808496692578065614
  Level 2 size: 4
  Added to proof: 27450459817178025726961910999305864805083219849135273456119843313523604327146
  Level 3 size: 2
  Added to proof: 44812029912269844639383167223451376600872748978496635971607178627452478213724
  Final proof length: 4
  --- Verification details for leaf 12 after adding 14 leaves ---
  Verifying leaf: 96593053628671560174693064981485823685325506728506954480672468072431603451342
  Merkle root: 50317213460667083387336512583701938606346372456891657337202148482495325721164
  Proof length: 4
  Proof element 0 : 11059502003765752708342665740916089834825294147016530688590526355732680035651
  Computed hash after element 0 : 86830204781467795827957492631466613281393886399951120238877606491319470472592
  Proof element 1 : 110058130168134052799716071097073281996591153893535428294527808496692578065614
  Computed hash after element 1 : 107653161125649642032491443308982527566324346567968513637810199776622513001405
  Proof element 2 : 27450459817178025726961910999305864805083219849135273456119843313523604327146
  Computed hash after element 2 : 78170241155033196651430226097733958812562154123046193110951321885630563925101
  Proof element 3 : 44812029912269844639383167223451376600872748978496635971607178627452478213724
  Computed hash after element 3 : 50317213460667083387336512583701938606346372456891657337202148482495325721164
  Is valid: true
  --- End of verification details ---
  Successfully verified leaf 12 after adding 14 leaves
  Getting proof for leaf index: 12
  Tree depth: 4
  Level 0 size: 14
  Added to proof: 33672592122163231522297444352452316230401835406380993219594760926723533962405
  Level 1 size: 7
  Added to proof (odd level): 27450459817178025726961910999305864805083219849135273456119843313523604327146
  Level 2 size: 4
  Added to proof: 107653161125649642032491443308982527566324346567968513637810199776622513001405
  Level 3 size: 2
  Added to proof: 44812029912269844639383167223451376600872748978496635971607178627452478213724
  Final proof length: 4
  --- Verification details for leaf 13 after adding 14 leaves ---
  Verifying leaf: 92619562252365677669901163699204566607949558994432207550606556910840817279335
  Merkle root: 50317213460667083387336512583701938606346372456891657337202148482495325721164
  Proof length: 4
  Proof element 0 : 33672592122163231522297444352452316230401835406380993219594760926723533962405
  Computed hash after element 0 : 27450459817178025726961910999305864805083219849135273456119843313523604327146
  Proof element 1 : 27450459817178025726961910999305864805083219849135273456119843313523604327146
  Computed hash after element 1 : 13969962737189667377301299772759602506808512490985433065301412195291012876129
  Proof element 2 : 107653161125649642032491443308982527566324346567968513637810199776622513001405
  Computed hash after element 2 : 110439022832650467540320277495575983476128989354560221587779177276917572132833
  Proof element 3 : 44812029912269844639383167223451376600872748978496635971607178627452478213724
  Computed hash after element 3 : 12156557486720290329375998102075999100394189283527883983747374321111124205507
  Is valid: false
  --- End of verification details ---
  Failed to verify leaf 13 after adding 14 leaves
  Getting proof for leaf index: 13
  Tree depth: 4
  Level 0 size: 14
  Added to proof: 92619562252365677669901163699204566607949558994432207550606556910840817279335
  Level 1 size: 7
  Added to proof (odd level): 27450459817178025726961910999305864805083219849135273456119843313523604327146
  Level 2 size: 4
  Added to proof: 107653161125649642032491443308982527566324346567968513637810199776622513001405
  Level 3 size: 2
  Added to proof: 44812029912269844639383167223451376600872748978496635971607178627452478213724
  Final proof length: 4
  --- Verification details for leaf 14 after adding 14 leaves ---
  Verifying leaf: 33672592122163231522297444352452316230401835406380993219594760926723533962405
  Merkle root: 50317213460667083387336512583701938606346372456891657337202148482495325721164
  Proof length: 4
  Proof element 0 : 92619562252365677669901163699204566607949558994432207550606556910840817279335
  Computed hash after element 0 : 27450459817178025726961910999305864805083219849135273456119843313523604327146
  Proof element 1 : 27450459817178025726961910999305864805083219849135273456119843313523604327146
  Computed hash after element 1 : 13969962737189667377301299772759602506808512490985433065301412195291012876129
  Proof element 2 : 107653161125649642032491443308982527566324346567968513637810199776622513001405
  Computed hash after element 2 : 110439022832650467540320277495575983476128989354560221587779177276917572132833
  Proof element 3 : 44812029912269844639383167223451376600872748978496635971607178627452478213724
  Computed hash after element 3 : 12156557486720290329375998102075999100394189283527883983747374321111124205507
  Is valid: false
  --- End of verification details ---
  Failed to verify leaf 14 after adding 14 leaves
  Added leaf 15
  Getting proof for leaf index: 0
  Tree depth: 4
  Level 0 size: 15
  Added to proof: 84303433209692230857384970403333823748570319246869449369625637863858470744792
  Level 1 size: 8
  Added to proof: 42994468410347004737970376126143620665813473361490896099477539813509562736181
  Level 2 size: 4
  Added to proof: 90519645207031266945590244632322326520069529432013691057992262226385608141027
  Level 3 size: 2
  Added to proof: 25239154396585630428311669684183630546387162286682989541325631011384983305470
  Final proof length: 4
  --- Verification details for leaf 1 after adding 15 leaves ---
  Verifying leaf: 1534629507014924801801850062420965747762703560098700086918056654539096211930
  Merkle root: 33574253342686645108654170190895156736283201186524879784985818393275168234538
  Proof length: 4
  Proof element 0 : 84303433209692230857384970403333823748570319246869449369625637863858470744792
  Computed hash after element 0 : 4819654492366420278237764346194618123787186199882361681321774604810163462263
  Proof element 1 : 42994468410347004737970376126143620665813473361490896099477539813509562736181
  Computed hash after element 1 : 86167276729270415220365293603154116830872546334163333883227179387055231533441
  Proof element 2 : 90519645207031266945590244632322326520069529432013691057992262226385608141027
  Computed hash after element 2 : 44812029912269844639383167223451376600872748978496635971607178627452478213724
  Proof element 3 : 25239154396585630428311669684183630546387162286682989541325631011384983305470
  Computed hash after element 3 : 33574253342686645108654170190895156736283201186524879784985818393275168234538
  Is valid: true
  --- End of verification details ---
  Successfully verified leaf 1 after adding 15 leaves
  Getting proof for leaf index: 1
  Tree depth: 4
  Level 0 size: 15
  Added to proof: 1534629507014924801801850062420965747762703560098700086918056654539096211930
  Level 1 size: 8
  Added to proof: 42994468410347004737970376126143620665813473361490896099477539813509562736181
  Level 2 size: 4
  Added to proof: 90519645207031266945590244632322326520069529432013691057992262226385608141027
  Level 3 size: 2
  Added to proof: 25239154396585630428311669684183630546387162286682989541325631011384983305470
  Final proof length: 4
  --- Verification details for leaf 2 after adding 15 leaves ---
  Verifying leaf: 84303433209692230857384970403333823748570319246869449369625637863858470744792
  Merkle root: 33574253342686645108654170190895156736283201186524879784985818393275168234538
  Proof length: 4
  Proof element 0 : 1534629507014924801801850062420965747762703560098700086918056654539096211930
  Computed hash after element 0 : 4819654492366420278237764346194618123787186199882361681321774604810163462263
  Proof element 1 : 42994468410347004737970376126143620665813473361490896099477539813509562736181
  Computed hash after element 1 : 86167276729270415220365293603154116830872546334163333883227179387055231533441
  Proof element 2 : 90519645207031266945590244632322326520069529432013691057992262226385608141027
  Computed hash after element 2 : 44812029912269844639383167223451376600872748978496635971607178627452478213724
  Proof element 3 : 25239154396585630428311669684183630546387162286682989541325631011384983305470
  Computed hash after element 3 : 33574253342686645108654170190895156736283201186524879784985818393275168234538
  Is valid: true
  --- End of verification details ---
  Successfully verified leaf 2 after adding 15 leaves
  Getting proof for leaf index: 2
  Tree depth: 4
  Level 0 size: 15
  Added to proof: 9718660262289985226213547307049526568607798083323067650698233131271439501106
  Level 1 size: 8
  Added to proof: 4819654492366420278237764346194618123787186199882361681321774604810163462263
  Level 2 size: 4
  Added to proof: 90519645207031266945590244632322326520069529432013691057992262226385608141027
  Level 3 size: 2
  Added to proof: 25239154396585630428311669684183630546387162286682989541325631011384983305470
  Final proof length: 4
  --- Verification details for leaf 3 after adding 15 leaves ---
  Verifying leaf: 114806096316174656260172984043681595992173194076043313710926606652151351550195
  Merkle root: 33574253342686645108654170190895156736283201186524879784985818393275168234538
  Proof length: 4
  Proof element 0 : 9718660262289985226213547307049526568607798083323067650698233131271439501106
  Computed hash after element 0 : 42994468410347004737970376126143620665813473361490896099477539813509562736181
  Proof element 1 : 4819654492366420278237764346194618123787186199882361681321774604810163462263
  Computed hash after element 1 : 86167276729270415220365293603154116830872546334163333883227179387055231533441
  Proof element 2 : 90519645207031266945590244632322326520069529432013691057992262226385608141027
  Computed hash after element 2 : 44812029912269844639383167223451376600872748978496635971607178627452478213724
  Proof element 3 : 25239154396585630428311669684183630546387162286682989541325631011384983305470
  Computed hash after element 3 : 33574253342686645108654170190895156736283201186524879784985818393275168234538
  Is valid: true
  --- End of verification details ---
  Successfully verified leaf 3 after adding 15 leaves
  Getting proof for leaf index: 3
  Tree depth: 4
  Level 0 size: 15
  Added to proof: 114806096316174656260172984043681595992173194076043313710926606652151351550195
  Level 1 size: 8
  Added to proof: 4819654492366420278237764346194618123787186199882361681321774604810163462263
  Level 2 size: 4
  Added to proof: 90519645207031266945590244632322326520069529432013691057992262226385608141027
  Level 3 size: 2
  Added to proof: 25239154396585630428311669684183630546387162286682989541325631011384983305470
  Final proof length: 4
  --- Verification details for leaf 4 after adding 15 leaves ---
  Verifying leaf: 9718660262289985226213547307049526568607798083323067650698233131271439501106
  Merkle root: 33574253342686645108654170190895156736283201186524879784985818393275168234538
  Proof length: 4
  Proof element 0 : 114806096316174656260172984043681595992173194076043313710926606652151351550195
  Computed hash after element 0 : 42994468410347004737970376126143620665813473361490896099477539813509562736181
  Proof element 1 : 4819654492366420278237764346194618123787186199882361681321774604810163462263
  Computed hash after element 1 : 86167276729270415220365293603154116830872546334163333883227179387055231533441
  Proof element 2 : 90519645207031266945590244632322326520069529432013691057992262226385608141027
  Computed hash after element 2 : 44812029912269844639383167223451376600872748978496635971607178627452478213724
  Proof element 3 : 25239154396585630428311669684183630546387162286682989541325631011384983305470
  Computed hash after element 3 : 33574253342686645108654170190895156736283201186524879784985818393275168234538
  Is valid: true
  --- End of verification details ---
  Successfully verified leaf 4 after adding 15 leaves
  Getting proof for leaf index: 4
  Tree depth: 4
  Level 0 size: 15
  Added to proof: 42656216575733633865718546135288608701490211943531992892543518422469545049160
  Level 1 size: 8
  Added to proof: 89139659228322516991511902812947417818976567277539582619759529237285492222351
  Level 2 size: 4
  Added to proof: 86167276729270415220365293603154116830872546334163333883227179387055231533441
  Level 3 size: 2
  Added to proof: 25239154396585630428311669684183630546387162286682989541325631011384983305470
  Final proof length: 4
  --- Verification details for leaf 5 after adding 15 leaves ---
  Verifying leaf: 3327891084304698462684256911003812127873740397003554529128445276024109161606
  Merkle root: 33574253342686645108654170190895156736283201186524879784985818393275168234538
  Proof length: 4
  Proof element 0 : 42656216575733633865718546135288608701490211943531992892543518422469545049160
  Computed hash after element 0 : 79680312521381101304386615379526824036772258414601889669286272159596699208134
  Proof element 1 : 89139659228322516991511902812947417818976567277539582619759529237285492222351
  Computed hash after element 1 : 90519645207031266945590244632322326520069529432013691057992262226385608141027
  Proof element 2 : 86167276729270415220365293603154116830872546334163333883227179387055231533441
  Computed hash after element 2 : 44812029912269844639383167223451376600872748978496635971607178627452478213724
  Proof element 3 : 25239154396585630428311669684183630546387162286682989541325631011384983305470
  Computed hash after element 3 : 33574253342686645108654170190895156736283201186524879784985818393275168234538
  Is valid: true
  --- End of verification details ---
  Successfully verified leaf 5 after adding 15 leaves
  Getting proof for leaf index: 5
  Tree depth: 4
  Level 0 size: 15
  Added to proof: 3327891084304698462684256911003812127873740397003554529128445276024109161606
  Level 1 size: 8
  Added to proof: 89139659228322516991511902812947417818976567277539582619759529237285492222351
  Level 2 size: 4
  Added to proof: 86167276729270415220365293603154116830872546334163333883227179387055231533441
  Level 3 size: 2
  Added to proof: 25239154396585630428311669684183630546387162286682989541325631011384983305470
  Final proof length: 4
  --- Verification details for leaf 6 after adding 15 leaves ---
  Verifying leaf: 42656216575733633865718546135288608701490211943531992892543518422469545049160
  Merkle root: 33574253342686645108654170190895156736283201186524879784985818393275168234538
  Proof length: 4
  Proof element 0 : 3327891084304698462684256911003812127873740397003554529128445276024109161606
  Computed hash after element 0 : 79680312521381101304386615379526824036772258414601889669286272159596699208134
  Proof element 1 : 89139659228322516991511902812947417818976567277539582619759529237285492222351
  Computed hash after element 1 : 90519645207031266945590244632322326520069529432013691057992262226385608141027
  Proof element 2 : 86167276729270415220365293603154116830872546334163333883227179387055231533441
  Computed hash after element 2 : 44812029912269844639383167223451376600872748978496635971607178627452478213724
  Proof element 3 : 25239154396585630428311669684183630546387162286682989541325631011384983305470
  Computed hash after element 3 : 33574253342686645108654170190895156736283201186524879784985818393275168234538
  Is valid: true
  --- End of verification details ---
  Successfully verified leaf 6 after adding 15 leaves
  Getting proof for leaf index: 6
  Tree depth: 4
  Level 0 size: 15
  Added to proof: 41333877701255859865019379003725985110118058655845990608936096526874421775531
  Level 1 size: 8
  Added to proof: 79680312521381101304386615379526824036772258414601889669286272159596699208134
  Level 2 size: 4
  Added to proof: 86167276729270415220365293603154116830872546334163333883227179387055231533441
  Level 3 size: 2
  Added to proof: 25239154396585630428311669684183630546387162286682989541325631011384983305470
  Final proof length: 4
  --- Verification details for leaf 7 after adding 15 leaves ---
  Verifying leaf: 77058788664304649396218556642747909996121735590822886025965307874683454946759
  Merkle root: 33574253342686645108654170190895156736283201186524879784985818393275168234538
  Proof length: 4
  Proof element 0 : 41333877701255859865019379003725985110118058655845990608936096526874421775531
  Computed hash after element 0 : 89139659228322516991511902812947417818976567277539582619759529237285492222351
  Proof element 1 : 79680312521381101304386615379526824036772258414601889669286272159596699208134
  Computed hash after element 1 : 90519645207031266945590244632322326520069529432013691057992262226385608141027
  Proof element 2 : 86167276729270415220365293603154116830872546334163333883227179387055231533441
  Computed hash after element 2 : 44812029912269844639383167223451376600872748978496635971607178627452478213724
  Proof element 3 : 25239154396585630428311669684183630546387162286682989541325631011384983305470
  Computed hash after element 3 : 33574253342686645108654170190895156736283201186524879784985818393275168234538
  Is valid: true
  --- End of verification details ---
  Successfully verified leaf 7 after adding 15 leaves
  Getting proof for leaf index: 7
  Tree depth: 4
  Level 0 size: 15
  Added to proof: 77058788664304649396218556642747909996121735590822886025965307874683454946759
  Level 1 size: 8
  Added to proof: 79680312521381101304386615379526824036772258414601889669286272159596699208134
  Level 2 size: 4
  Added to proof: 86167276729270415220365293603154116830872546334163333883227179387055231533441
  Level 3 size: 2
  Added to proof: 25239154396585630428311669684183630546387162286682989541325631011384983305470
  Final proof length: 4
  --- Verification details for leaf 8 after adding 15 leaves ---
  Verifying leaf: 41333877701255859865019379003725985110118058655845990608936096526874421775531
  Merkle root: 33574253342686645108654170190895156736283201186524879784985818393275168234538
  Proof length: 4
  Proof element 0 : 77058788664304649396218556642747909996121735590822886025965307874683454946759
  Computed hash after element 0 : 89139659228322516991511902812947417818976567277539582619759529237285492222351
  Proof element 1 : 79680312521381101304386615379526824036772258414601889669286272159596699208134
  Computed hash after element 1 : 90519645207031266945590244632322326520069529432013691057992262226385608141027
  Proof element 2 : 86167276729270415220365293603154116830872546334163333883227179387055231533441
  Computed hash after element 2 : 44812029912269844639383167223451376600872748978496635971607178627452478213724
  Proof element 3 : 25239154396585630428311669684183630546387162286682989541325631011384983305470
  Computed hash after element 3 : 33574253342686645108654170190895156736283201186524879784985818393275168234538
  Is valid: true
  --- End of verification details ---
  Successfully verified leaf 8 after adding 15 leaves
  Getting proof for leaf index: 8
  Tree depth: 4
  Level 0 size: 15
  Added to proof: 19972288769315928479630679177845711677268766594983667860090139443496462084286
  Level 1 size: 8
  Added to proof: 86830204781467795827957492631466613281393886399951120238877606491319470472592
  Level 2 size: 4
  Added to proof: 23239062458966819874548712938219898897673440688092582576238783634056557214214
  Level 3 size: 2
  Added to proof: 44812029912269844639383167223451376600872748978496635971607178627452478213724
  Final proof length: 4
  --- Verification details for leaf 9 after adding 15 leaves ---
  Verifying leaf: 83097023403658896075826216087624068326805273787826444717403742070225742999267
  Merkle root: 33574253342686645108654170190895156736283201186524879784985818393275168234538
  Proof length: 4
  Proof element 0 : 19972288769315928479630679177845711677268766594983667860090139443496462084286
  Computed hash after element 0 : 110058130168134052799716071097073281996591153893535428294527808496692578065614
  Proof element 1 : 86830204781467795827957492631466613281393886399951120238877606491319470472592
  Computed hash after element 1 : 107653161125649642032491443308982527566324346567968513637810199776622513001405
  Proof element 2 : 23239062458966819874548712938219898897673440688092582576238783634056557214214
  Computed hash after element 2 : 25239154396585630428311669684183630546387162286682989541325631011384983305470
  Proof element 3 : 44812029912269844639383167223451376600872748978496635971607178627452478213724
  Computed hash after element 3 : 33574253342686645108654170190895156736283201186524879784985818393275168234538
  Is valid: true
  --- End of verification details ---
  Successfully verified leaf 9 after adding 15 leaves
  Getting proof for leaf index: 9
  Tree depth: 4
  Level 0 size: 15
  Added to proof: 83097023403658896075826216087624068326805273787826444717403742070225742999267
  Level 1 size: 8
  Added to proof: 86830204781467795827957492631466613281393886399951120238877606491319470472592
  Level 2 size: 4
  Added to proof: 23239062458966819874548712938219898897673440688092582576238783634056557214214
  Level 3 size: 2
  Added to proof: 44812029912269844639383167223451376600872748978496635971607178627452478213724
  Final proof length: 4
  --- Verification details for leaf 10 after adding 15 leaves ---
  Verifying leaf: 19972288769315928479630679177845711677268766594983667860090139443496462084286
  Merkle root: 33574253342686645108654170190895156736283201186524879784985818393275168234538
  Proof length: 4
  Proof element 0 : 83097023403658896075826216087624068326805273787826444717403742070225742999267
  Computed hash after element 0 : 110058130168134052799716071097073281996591153893535428294527808496692578065614
  Proof element 1 : 86830204781467795827957492631466613281393886399951120238877606491319470472592
  Computed hash after element 1 : 107653161125649642032491443308982527566324346567968513637810199776622513001405
  Proof element 2 : 23239062458966819874548712938219898897673440688092582576238783634056557214214
  Computed hash after element 2 : 25239154396585630428311669684183630546387162286682989541325631011384983305470
  Proof element 3 : 44812029912269844639383167223451376600872748978496635971607178627452478213724
  Computed hash after element 3 : 33574253342686645108654170190895156736283201186524879784985818393275168234538
  Is valid: true
  --- End of verification details ---
  Successfully verified leaf 10 after adding 15 leaves
  Getting proof for leaf index: 10
  Tree depth: 4
  Level 0 size: 15
  Added to proof: 96593053628671560174693064981485823685325506728506954480672468072431603451342
  Level 1 size: 8
  Added to proof: 110058130168134052799716071097073281996591153893535428294527808496692578065614
  Level 2 size: 4
  Added to proof: 23239062458966819874548712938219898897673440688092582576238783634056557214214
  Level 3 size: 2
  Added to proof: 44812029912269844639383167223451376600872748978496635971607178627452478213724
  Final proof length: 4
  --- Verification details for leaf 11 after adding 15 leaves ---
  Verifying leaf: 11059502003765752708342665740916089834825294147016530688590526355732680035651
  Merkle root: 33574253342686645108654170190895156736283201186524879784985818393275168234538
  Proof length: 4
  Proof element 0 : 96593053628671560174693064981485823685325506728506954480672468072431603451342
  Computed hash after element 0 : 86830204781467795827957492631466613281393886399951120238877606491319470472592
  Proof element 1 : 110058130168134052799716071097073281996591153893535428294527808496692578065614
  Computed hash after element 1 : 107653161125649642032491443308982527566324346567968513637810199776622513001405
  Proof element 2 : 23239062458966819874548712938219898897673440688092582576238783634056557214214
  Computed hash after element 2 : 25239154396585630428311669684183630546387162286682989541325631011384983305470
  Proof element 3 : 44812029912269844639383167223451376600872748978496635971607178627452478213724
  Computed hash after element 3 : 33574253342686645108654170190895156736283201186524879784985818393275168234538
  Is valid: true
  --- End of verification details ---
  Successfully verified leaf 11 after adding 15 leaves
  Getting proof for leaf index: 11
  Tree depth: 4
  Level 0 size: 15
  Added to proof: 11059502003765752708342665740916089834825294147016530688590526355732680035651
  Level 1 size: 8
  Added to proof: 110058130168134052799716071097073281996591153893535428294527808496692578065614
  Level 2 size: 4
  Added to proof: 23239062458966819874548712938219898897673440688092582576238783634056557214214
  Level 3 size: 2
  Added to proof: 44812029912269844639383167223451376600872748978496635971607178627452478213724
  Final proof length: 4
  --- Verification details for leaf 12 after adding 15 leaves ---
  Verifying leaf: 96593053628671560174693064981485823685325506728506954480672468072431603451342
  Merkle root: 33574253342686645108654170190895156736283201186524879784985818393275168234538
  Proof length: 4
  Proof element 0 : 11059502003765752708342665740916089834825294147016530688590526355732680035651
  Computed hash after element 0 : 86830204781467795827957492631466613281393886399951120238877606491319470472592
  Proof element 1 : 110058130168134052799716071097073281996591153893535428294527808496692578065614
  Computed hash after element 1 : 107653161125649642032491443308982527566324346567968513637810199776622513001405
  Proof element 2 : 23239062458966819874548712938219898897673440688092582576238783634056557214214
  Computed hash after element 2 : 25239154396585630428311669684183630546387162286682989541325631011384983305470
  Proof element 3 : 44812029912269844639383167223451376600872748978496635971607178627452478213724
  Computed hash after element 3 : 33574253342686645108654170190895156736283201186524879784985818393275168234538
  Is valid: true
  --- End of verification details ---
  Successfully verified leaf 12 after adding 15 leaves
  Getting proof for leaf index: 12
  Tree depth: 4
  Level 0 size: 15
  Added to proof: 33672592122163231522297444352452316230401835406380993219594760926723533962405
  Level 1 size: 8
  Added to proof: 49376861721947691573602341854337835825465271023485523889471862409499079557266
  Level 2 size: 4
  Added to proof: 107653161125649642032491443308982527566324346567968513637810199776622513001405
  Level 3 size: 2
  Added to proof: 44812029912269844639383167223451376600872748978496635971607178627452478213724
  Final proof length: 4
  --- Verification details for leaf 13 after adding 15 leaves ---
  Verifying leaf: 92619562252365677669901163699204566607949558994432207550606556910840817279335
  Merkle root: 33574253342686645108654170190895156736283201186524879784985818393275168234538
  Proof length: 4
  Proof element 0 : 33672592122163231522297444352452316230401835406380993219594760926723533962405
  Computed hash after element 0 : 27450459817178025726961910999305864805083219849135273456119843313523604327146
  Proof element 1 : 49376861721947691573602341854337835825465271023485523889471862409499079557266
  Computed hash after element 1 : 23239062458966819874548712938219898897673440688092582576238783634056557214214
  Proof element 2 : 107653161125649642032491443308982527566324346567968513637810199776622513001405
  Computed hash after element 2 : 25239154396585630428311669684183630546387162286682989541325631011384983305470
  Proof element 3 : 44812029912269844639383167223451376600872748978496635971607178627452478213724
  Computed hash after element 3 : 33574253342686645108654170190895156736283201186524879784985818393275168234538
  Is valid: true
  --- End of verification details ---
  Successfully verified leaf 13 after adding 15 leaves
  Getting proof for leaf index: 13
  Tree depth: 4
  Level 0 size: 15
  Added to proof: 92619562252365677669901163699204566607949558994432207550606556910840817279335
  Level 1 size: 8
  Added to proof: 49376861721947691573602341854337835825465271023485523889471862409499079557266
  Level 2 size: 4
  Added to proof: 107653161125649642032491443308982527566324346567968513637810199776622513001405
  Level 3 size: 2
  Added to proof: 44812029912269844639383167223451376600872748978496635971607178627452478213724
  Final proof length: 4
  --- Verification details for leaf 14 after adding 15 leaves ---
  Verifying leaf: 33672592122163231522297444352452316230401835406380993219594760926723533962405
  Merkle root: 33574253342686645108654170190895156736283201186524879784985818393275168234538
  Proof length: 4
  Proof element 0 : 92619562252365677669901163699204566607949558994432207550606556910840817279335
  Computed hash after element 0 : 27450459817178025726961910999305864805083219849135273456119843313523604327146
  Proof element 1 : 49376861721947691573602341854337835825465271023485523889471862409499079557266
  Computed hash after element 1 : 23239062458966819874548712938219898897673440688092582576238783634056557214214
  Proof element 2 : 107653161125649642032491443308982527566324346567968513637810199776622513001405
  Computed hash after element 2 : 25239154396585630428311669684183630546387162286682989541325631011384983305470
  Proof element 3 : 44812029912269844639383167223451376600872748978496635971607178627452478213724
  Computed hash after element 3 : 33574253342686645108654170190895156736283201186524879784985818393275168234538
  Is valid: true
  --- End of verification details ---
  Successfully verified leaf 14 after adding 15 leaves
  Getting proof for leaf index: 14
  Tree depth: 4
  Level 0 size: 15
  Added to proof (odd level): 49376861721947691573602341854337835825465271023485523889471862409499079557266
  Level 1 size: 8
  Added to proof: 27450459817178025726961910999305864805083219849135273456119843313523604327146
  Level 2 size: 4
  Added to proof: 107653161125649642032491443308982527566324346567968513637810199776622513001405
  Level 3 size: 2
  Added to proof: 44812029912269844639383167223451376600872748978496635971607178627452478213724
  Final proof length: 4
  --- Verification details for leaf 15 after adding 15 leaves ---
  Verifying leaf: 49376861721947691573602341854337835825465271023485523889471862409499079557266
  Merkle root: 33574253342686645108654170190895156736283201186524879784985818393275168234538
  Proof length: 4
  Proof element 0 : 49376861721947691573602341854337835825465271023485523889471862409499079557266
  Computed hash after element 0 : 115776411996022325707413176221843311901422087536345793908507610418507622667186
  Proof element 1 : 27450459817178025726961910999305864805083219849135273456119843313523604327146
  Computed hash after element 1 : 74536859856509846499626833618578549051418087428938268494286150558250996929822
  Proof element 2 : 107653161125649642032491443308982527566324346567968513637810199776622513001405
  Computed hash after element 2 : 112451718829193224643183819639712440301923507946028016523813904005721784070275
  Proof element 3 : 44812029912269844639383167223451376600872748978496635971607178627452478213724
  Computed hash after element 3 : 100682359704454095333317906369137083497866899633867232143717602271717633051656
  Is valid: false
  --- End of verification details ---
  Failed to verify leaf 15 after adding 15 leaves
  Added leaf 16
  Getting proof for leaf index: 0
  Tree depth: 4
  Level 0 size: 16
  Added to proof: 84303433209692230857384970403333823748570319246869449369625637863858470744792
  Level 1 size: 8
  Added to proof: 42994468410347004737970376126143620665813473361490896099477539813509562736181
  Level 2 size: 4
  Added to proof: 90519645207031266945590244632322326520069529432013691057992262226385608141027
  Level 3 size: 2
  Added to proof: 58589837049834144583211226689647012306316922949101456466201253300155303082111
  Final proof length: 4
  --- Verification details for leaf 1 after adding 16 leaves ---
  Verifying leaf: 1534629507014924801801850062420965747762703560098700086918056654539096211930
  Merkle root: 86128377917019908445957012829255022949550602761192088501649658527506321620714
  Proof length: 4
  Proof element 0 : 84303433209692230857384970403333823748570319246869449369625637863858470744792
  Computed hash after element 0 : 4819654492366420278237764346194618123787186199882361681321774604810163462263
  Proof element 1 : 42994468410347004737970376126143620665813473361490896099477539813509562736181
  Computed hash after element 1 : 86167276729270415220365293603154116830872546334163333883227179387055231533441
  Proof element 2 : 90519645207031266945590244632322326520069529432013691057992262226385608141027
  Computed hash after element 2 : 44812029912269844639383167223451376600872748978496635971607178627452478213724
  Proof element 3 : 58589837049834144583211226689647012306316922949101456466201253300155303082111
  Computed hash after element 3 : 86128377917019908445957012829255022949550602761192088501649658527506321620714
  Is valid: true
  --- End of verification details ---
  Successfully verified leaf 1 after adding 16 leaves
  Getting proof for leaf index: 1
  Tree depth: 4
  Level 0 size: 16
  Added to proof: 1534629507014924801801850062420965747762703560098700086918056654539096211930
  Level 1 size: 8
  Added to proof: 42994468410347004737970376126143620665813473361490896099477539813509562736181
  Level 2 size: 4
  Added to proof: 90519645207031266945590244632322326520069529432013691057992262226385608141027
  Level 3 size: 2
  Added to proof: 58589837049834144583211226689647012306316922949101456466201253300155303082111
  Final proof length: 4
  --- Verification details for leaf 2 after adding 16 leaves ---
  Verifying leaf: 84303433209692230857384970403333823748570319246869449369625637863858470744792
  Merkle root: 86128377917019908445957012829255022949550602761192088501649658527506321620714
  Proof length: 4
  Proof element 0 : 1534629507014924801801850062420965747762703560098700086918056654539096211930
  Computed hash after element 0 : 4819654492366420278237764346194618123787186199882361681321774604810163462263
  Proof element 1 : 42994468410347004737970376126143620665813473361490896099477539813509562736181
  Computed hash after element 1 : 86167276729270415220365293603154116830872546334163333883227179387055231533441
  Proof element 2 : 90519645207031266945590244632322326520069529432013691057992262226385608141027
  Computed hash after element 2 : 44812029912269844639383167223451376600872748978496635971607178627452478213724
  Proof element 3 : 58589837049834144583211226689647012306316922949101456466201253300155303082111
  Computed hash after element 3 : 86128377917019908445957012829255022949550602761192088501649658527506321620714
  Is valid: true
  --- End of verification details ---
  Successfully verified leaf 2 after adding 16 leaves
  Getting proof for leaf index: 2
  Tree depth: 4
  Level 0 size: 16
  Added to proof: 9718660262289985226213547307049526568607798083323067650698233131271439501106
  Level 1 size: 8
  Added to proof: 4819654492366420278237764346194618123787186199882361681321774604810163462263
  Level 2 size: 4
  Added to proof: 90519645207031266945590244632322326520069529432013691057992262226385608141027
  Level 3 size: 2
  Added to proof: 58589837049834144583211226689647012306316922949101456466201253300155303082111
  Final proof length: 4
  --- Verification details for leaf 3 after adding 16 leaves ---
  Verifying leaf: 114806096316174656260172984043681595992173194076043313710926606652151351550195
  Merkle root: 86128377917019908445957012829255022949550602761192088501649658527506321620714
  Proof length: 4
  Proof element 0 : 9718660262289985226213547307049526568607798083323067650698233131271439501106
  Computed hash after element 0 : 42994468410347004737970376126143620665813473361490896099477539813509562736181
  Proof element 1 : 4819654492366420278237764346194618123787186199882361681321774604810163462263
  Computed hash after element 1 : 86167276729270415220365293603154116830872546334163333883227179387055231533441
  Proof element 2 : 90519645207031266945590244632322326520069529432013691057992262226385608141027
  Computed hash after element 2 : 44812029912269844639383167223451376600872748978496635971607178627452478213724
  Proof element 3 : 58589837049834144583211226689647012306316922949101456466201253300155303082111
  Computed hash after element 3 : 86128377917019908445957012829255022949550602761192088501649658527506321620714
  Is valid: true
  --- End of verification details ---
  Successfully verified leaf 3 after adding 16 leaves
  Getting proof for leaf index: 3
  Tree depth: 4
  Level 0 size: 16
  Added to proof: 114806096316174656260172984043681595992173194076043313710926606652151351550195
  Level 1 size: 8
  Added to proof: 4819654492366420278237764346194618123787186199882361681321774604810163462263
  Level 2 size: 4
  Added to proof: 90519645207031266945590244632322326520069529432013691057992262226385608141027
  Level 3 size: 2
  Added to proof: 58589837049834144583211226689647012306316922949101456466201253300155303082111
  Final proof length: 4
  --- Verification details for leaf 4 after adding 16 leaves ---
  Verifying leaf: 9718660262289985226213547307049526568607798083323067650698233131271439501106
  Merkle root: 86128377917019908445957012829255022949550602761192088501649658527506321620714
  Proof length: 4
  Proof element 0 : 114806096316174656260172984043681595992173194076043313710926606652151351550195
  Computed hash after element 0 : 42994468410347004737970376126143620665813473361490896099477539813509562736181
  Proof element 1 : 4819654492366420278237764346194618123787186199882361681321774604810163462263
  Computed hash after element 1 : 86167276729270415220365293603154116830872546334163333883227179387055231533441
  Proof element 2 : 90519645207031266945590244632322326520069529432013691057992262226385608141027
  Computed hash after element 2 : 44812029912269844639383167223451376600872748978496635971607178627452478213724
  Proof element 3 : 58589837049834144583211226689647012306316922949101456466201253300155303082111
  Computed hash after element 3 : 86128377917019908445957012829255022949550602761192088501649658527506321620714
  Is valid: true
  --- End of verification details ---
  Successfully verified leaf 4 after adding 16 leaves
  Getting proof for leaf index: 4
  Tree depth: 4
  Level 0 size: 16
  Added to proof: 42656216575733633865718546135288608701490211943531992892543518422469545049160
  Level 1 size: 8
  Added to proof: 89139659228322516991511902812947417818976567277539582619759529237285492222351
  Level 2 size: 4
  Added to proof: 86167276729270415220365293603154116830872546334163333883227179387055231533441
  Level 3 size: 2
  Added to proof: 58589837049834144583211226689647012306316922949101456466201253300155303082111
  Final proof length: 4
  --- Verification details for leaf 5 after adding 16 leaves ---
  Verifying leaf: 3327891084304698462684256911003812127873740397003554529128445276024109161606
  Merkle root: 86128377917019908445957012829255022949550602761192088501649658527506321620714
  Proof length: 4
  Proof element 0 : 42656216575733633865718546135288608701490211943531992892543518422469545049160
  Computed hash after element 0 : 79680312521381101304386615379526824036772258414601889669286272159596699208134
  Proof element 1 : 89139659228322516991511902812947417818976567277539582619759529237285492222351
  Computed hash after element 1 : 90519645207031266945590244632322326520069529432013691057992262226385608141027
  Proof element 2 : 86167276729270415220365293603154116830872546334163333883227179387055231533441
  Computed hash after element 2 : 44812029912269844639383167223451376600872748978496635971607178627452478213724
  Proof element 3 : 58589837049834144583211226689647012306316922949101456466201253300155303082111
  Computed hash after element 3 : 86128377917019908445957012829255022949550602761192088501649658527506321620714
  Is valid: true
  --- End of verification details ---
  Successfully verified leaf 5 after adding 16 leaves
  Getting proof for leaf index: 5
  Tree depth: 4
  Level 0 size: 16
  Added to proof: 3327891084304698462684256911003812127873740397003554529128445276024109161606
  Level 1 size: 8
  Added to proof: 89139659228322516991511902812947417818976567277539582619759529237285492222351
  Level 2 size: 4
  Added to proof: 86167276729270415220365293603154116830872546334163333883227179387055231533441
  Level 3 size: 2
  Added to proof: 58589837049834144583211226689647012306316922949101456466201253300155303082111
  Final proof length: 4
  --- Verification details for leaf 6 after adding 16 leaves ---
  Verifying leaf: 42656216575733633865718546135288608701490211943531992892543518422469545049160
  Merkle root: 86128377917019908445957012829255022949550602761192088501649658527506321620714
  Proof length: 4
  Proof element 0 : 3327891084304698462684256911003812127873740397003554529128445276024109161606
  Computed hash after element 0 : 79680312521381101304386615379526824036772258414601889669286272159596699208134
  Proof element 1 : 89139659228322516991511902812947417818976567277539582619759529237285492222351
  Computed hash after element 1 : 90519645207031266945590244632322326520069529432013691057992262226385608141027
  Proof element 2 : 86167276729270415220365293603154116830872546334163333883227179387055231533441
  Computed hash after element 2 : 44812029912269844639383167223451376600872748978496635971607178627452478213724
  Proof element 3 : 58589837049834144583211226689647012306316922949101456466201253300155303082111
  Computed hash after element 3 : 86128377917019908445957012829255022949550602761192088501649658527506321620714
  Is valid: true
  --- End of verification details ---
  Successfully verified leaf 6 after adding 16 leaves
  Getting proof for leaf index: 6
  Tree depth: 4
  Level 0 size: 16
  Added to proof: 41333877701255859865019379003725985110118058655845990608936096526874421775531
  Level 1 size: 8
  Added to proof: 79680312521381101304386615379526824036772258414601889669286272159596699208134
  Level 2 size: 4
  Added to proof: 86167276729270415220365293603154116830872546334163333883227179387055231533441
  Level 3 size: 2
  Added to proof: 58589837049834144583211226689647012306316922949101456466201253300155303082111
  Final proof length: 4
  --- Verification details for leaf 7 after adding 16 leaves ---
  Verifying leaf: 77058788664304649396218556642747909996121735590822886025965307874683454946759
  Merkle root: 86128377917019908445957012829255022949550602761192088501649658527506321620714
  Proof length: 4
  Proof element 0 : 41333877701255859865019379003725985110118058655845990608936096526874421775531
  Computed hash after element 0 : 89139659228322516991511902812947417818976567277539582619759529237285492222351
  Proof element 1 : 79680312521381101304386615379526824036772258414601889669286272159596699208134
  Computed hash after element 1 : 90519645207031266945590244632322326520069529432013691057992262226385608141027
  Proof element 2 : 86167276729270415220365293603154116830872546334163333883227179387055231533441
  Computed hash after element 2 : 44812029912269844639383167223451376600872748978496635971607178627452478213724
  Proof element 3 : 58589837049834144583211226689647012306316922949101456466201253300155303082111
  Computed hash after element 3 : 86128377917019908445957012829255022949550602761192088501649658527506321620714
  Is valid: true
  --- End of verification details ---
  Successfully verified leaf 7 after adding 16 leaves
  Getting proof for leaf index: 7
  Tree depth: 4
  Level 0 size: 16
  Added to proof: 77058788664304649396218556642747909996121735590822886025965307874683454946759
  Level 1 size: 8
  Added to proof: 79680312521381101304386615379526824036772258414601889669286272159596699208134
  Level 2 size: 4
  Added to proof: 86167276729270415220365293603154116830872546334163333883227179387055231533441
  Level 3 size: 2
  Added to proof: 58589837049834144583211226689647012306316922949101456466201253300155303082111
  Final proof length: 4
  --- Verification details for leaf 8 after adding 16 leaves ---
  Verifying leaf: 41333877701255859865019379003725985110118058655845990608936096526874421775531
  Merkle root: 86128377917019908445957012829255022949550602761192088501649658527506321620714
  Proof length: 4
  Proof element 0 : 77058788664304649396218556642747909996121735590822886025965307874683454946759
  Computed hash after element 0 : 89139659228322516991511902812947417818976567277539582619759529237285492222351
  Proof element 1 : 79680312521381101304386615379526824036772258414601889669286272159596699208134
  Computed hash after element 1 : 90519645207031266945590244632322326520069529432013691057992262226385608141027
  Proof element 2 : 86167276729270415220365293603154116830872546334163333883227179387055231533441
  Computed hash after element 2 : 44812029912269844639383167223451376600872748978496635971607178627452478213724
  Proof element 3 : 58589837049834144583211226689647012306316922949101456466201253300155303082111
  Computed hash after element 3 : 86128377917019908445957012829255022949550602761192088501649658527506321620714
  Is valid: true
  --- End of verification details ---
  Successfully verified leaf 8 after adding 16 leaves
  Getting proof for leaf index: 8
  Tree depth: 4
  Level 0 size: 16
  Added to proof: 19972288769315928479630679177845711677268766594983667860090139443496462084286
  Level 1 size: 8
  Added to proof: 86830204781467795827957492631466613281393886399951120238877606491319470472592
  Level 2 size: 4
  Added to proof: 71129321183645985042233441554048622660549772896301430670938088189986418104761
  Level 3 size: 2
  Added to proof: 44812029912269844639383167223451376600872748978496635971607178627452478213724
  Final proof length: 4
  --- Verification details for leaf 9 after adding 16 leaves ---
  Verifying leaf: 83097023403658896075826216087624068326805273787826444717403742070225742999267
  Merkle root: 86128377917019908445957012829255022949550602761192088501649658527506321620714
  Proof length: 4
  Proof element 0 : 19972288769315928479630679177845711677268766594983667860090139443496462084286
  Computed hash after element 0 : 110058130168134052799716071097073281996591153893535428294527808496692578065614
  Proof element 1 : 86830204781467795827957492631466613281393886399951120238877606491319470472592
  Computed hash after element 1 : 107653161125649642032491443308982527566324346567968513637810199776622513001405
  Proof element 2 : 71129321183645985042233441554048622660549772896301430670938088189986418104761
  Computed hash after element 2 : 58589837049834144583211226689647012306316922949101456466201253300155303082111
  Proof element 3 : 44812029912269844639383167223451376600872748978496635971607178627452478213724
  Computed hash after element 3 : 86128377917019908445957012829255022949550602761192088501649658527506321620714
  Is valid: true
  --- End of verification details ---
  Successfully verified leaf 9 after adding 16 leaves
  Getting proof for leaf index: 9
  Tree depth: 4
  Level 0 size: 16
  Added to proof: 83097023403658896075826216087624068326805273787826444717403742070225742999267
  Level 1 size: 8
  Added to proof: 86830204781467795827957492631466613281393886399951120238877606491319470472592
  Level 2 size: 4
  Added to proof: 71129321183645985042233441554048622660549772896301430670938088189986418104761
  Level 3 size: 2
  Added to proof: 44812029912269844639383167223451376600872748978496635971607178627452478213724
  Final proof length: 4
  --- Verification details for leaf 10 after adding 16 leaves ---
  Verifying leaf: 19972288769315928479630679177845711677268766594983667860090139443496462084286
  Merkle root: 86128377917019908445957012829255022949550602761192088501649658527506321620714
  Proof length: 4
  Proof element 0 : 83097023403658896075826216087624068326805273787826444717403742070225742999267
  Computed hash after element 0 : 110058130168134052799716071097073281996591153893535428294527808496692578065614
  Proof element 1 : 86830204781467795827957492631466613281393886399951120238877606491319470472592
  Computed hash after element 1 : 107653161125649642032491443308982527566324346567968513637810199776622513001405
  Proof element 2 : 71129321183645985042233441554048622660549772896301430670938088189986418104761
  Computed hash after element 2 : 58589837049834144583211226689647012306316922949101456466201253300155303082111
  Proof element 3 : 44812029912269844639383167223451376600872748978496635971607178627452478213724
  Computed hash after element 3 : 86128377917019908445957012829255022949550602761192088501649658527506321620714
  Is valid: true
  --- End of verification details ---
  Successfully verified leaf 10 after adding 16 leaves
  Getting proof for leaf index: 10
  Tree depth: 4
  Level 0 size: 16
  Added to proof: 96593053628671560174693064981485823685325506728506954480672468072431603451342
  Level 1 size: 8
  Added to proof: 110058130168134052799716071097073281996591153893535428294527808496692578065614
  Level 2 size: 4
  Added to proof: 71129321183645985042233441554048622660549772896301430670938088189986418104761
  Level 3 size: 2
  Added to proof: 44812029912269844639383167223451376600872748978496635971607178627452478213724
  Final proof length: 4
  --- Verification details for leaf 11 after adding 16 leaves ---
  Verifying leaf: 11059502003765752708342665740916089834825294147016530688590526355732680035651
  Merkle root: 86128377917019908445957012829255022949550602761192088501649658527506321620714
  Proof length: 4
  Proof element 0 : 96593053628671560174693064981485823685325506728506954480672468072431603451342
  Computed hash after element 0 : 86830204781467795827957492631466613281393886399951120238877606491319470472592
  Proof element 1 : 110058130168134052799716071097073281996591153893535428294527808496692578065614
  Computed hash after element 1 : 107653161125649642032491443308982527566324346567968513637810199776622513001405
  Proof element 2 : 71129321183645985042233441554048622660549772896301430670938088189986418104761
  Computed hash after element 2 : 58589837049834144583211226689647012306316922949101456466201253300155303082111
  Proof element 3 : 44812029912269844639383167223451376600872748978496635971607178627452478213724
  Computed hash after element 3 : 86128377917019908445957012829255022949550602761192088501649658527506321620714
  Is valid: true
  --- End of verification details ---
  Successfully verified leaf 11 after adding 16 leaves
  Getting proof for leaf index: 11
  Tree depth: 4
  Level 0 size: 16
  Added to proof: 11059502003765752708342665740916089834825294147016530688590526355732680035651
  Level 1 size: 8
  Added to proof: 110058130168134052799716071097073281996591153893535428294527808496692578065614
  Level 2 size: 4
  Added to proof: 71129321183645985042233441554048622660549772896301430670938088189986418104761
  Level 3 size: 2
  Added to proof: 44812029912269844639383167223451376600872748978496635971607178627452478213724
  Final proof length: 4
  --- Verification details for leaf 12 after adding 16 leaves ---
  Verifying leaf: 96593053628671560174693064981485823685325506728506954480672468072431603451342
  Merkle root: 86128377917019908445957012829255022949550602761192088501649658527506321620714
  Proof length: 4
  Proof element 0 : 11059502003765752708342665740916089834825294147016530688590526355732680035651
  Computed hash after element 0 : 86830204781467795827957492631466613281393886399951120238877606491319470472592
  Proof element 1 : 110058130168134052799716071097073281996591153893535428294527808496692578065614
  Computed hash after element 1 : 107653161125649642032491443308982527566324346567968513637810199776622513001405
  Proof element 2 : 71129321183645985042233441554048622660549772896301430670938088189986418104761
  Computed hash after element 2 : 58589837049834144583211226689647012306316922949101456466201253300155303082111
  Proof element 3 : 44812029912269844639383167223451376600872748978496635971607178627452478213724
  Computed hash after element 3 : 86128377917019908445957012829255022949550602761192088501649658527506321620714
  Is valid: true
  --- End of verification details ---
  Successfully verified leaf 12 after adding 16 leaves
  Getting proof for leaf index: 12
  Tree depth: 4
  Level 0 size: 16
  Added to proof: 33672592122163231522297444352452316230401835406380993219594760926723533962405
  Level 1 size: 8
  Added to proof: 68222527226755524790505848492501156006903177263714150024810130256539423849504
  Level 2 size: 4
  Added to proof: 107653161125649642032491443308982527566324346567968513637810199776622513001405
  Level 3 size: 2
  Added to proof: 44812029912269844639383167223451376600872748978496635971607178627452478213724
  Final proof length: 4
  --- Verification details for leaf 13 after adding 16 leaves ---
  Verifying leaf: 92619562252365677669901163699204566607949558994432207550606556910840817279335
  Merkle root: 86128377917019908445957012829255022949550602761192088501649658527506321620714
  Proof length: 4
  Proof element 0 : 33672592122163231522297444352452316230401835406380993219594760926723533962405
  Computed hash after element 0 : 27450459817178025726961910999305864805083219849135273456119843313523604327146
  Proof element 1 : 68222527226755524790505848492501156006903177263714150024810130256539423849504
  Computed hash after element 1 : 71129321183645985042233441554048622660549772896301430670938088189986418104761
  Proof element 2 : 107653161125649642032491443308982527566324346567968513637810199776622513001405
  Computed hash after element 2 : 58589837049834144583211226689647012306316922949101456466201253300155303082111
  Proof element 3 : 44812029912269844639383167223451376600872748978496635971607178627452478213724
  Computed hash after element 3 : 86128377917019908445957012829255022949550602761192088501649658527506321620714
  Is valid: true
  --- End of verification details ---
  Successfully verified leaf 13 after adding 16 leaves
  Getting proof for leaf index: 13
  Tree depth: 4
  Level 0 size: 16
  Added to proof: 92619562252365677669901163699204566607949558994432207550606556910840817279335
  Level 1 size: 8
  Added to proof: 68222527226755524790505848492501156006903177263714150024810130256539423849504
  Level 2 size: 4
  Added to proof: 107653161125649642032491443308982527566324346567968513637810199776622513001405
  Level 3 size: 2
  Added to proof: 44812029912269844639383167223451376600872748978496635971607178627452478213724
  Final proof length: 4
  --- Verification details for leaf 14 after adding 16 leaves ---
  Verifying leaf: 33672592122163231522297444352452316230401835406380993219594760926723533962405
  Merkle root: 86128377917019908445957012829255022949550602761192088501649658527506321620714
  Proof length: 4
  Proof element 0 : 92619562252365677669901163699204566607949558994432207550606556910840817279335
  Computed hash after element 0 : 27450459817178025726961910999305864805083219849135273456119843313523604327146
  Proof element 1 : 68222527226755524790505848492501156006903177263714150024810130256539423849504
  Computed hash after element 1 : 71129321183645985042233441554048622660549772896301430670938088189986418104761
  Proof element 2 : 107653161125649642032491443308982527566324346567968513637810199776622513001405
  Computed hash after element 2 : 58589837049834144583211226689647012306316922949101456466201253300155303082111
  Proof element 3 : 44812029912269844639383167223451376600872748978496635971607178627452478213724
  Computed hash after element 3 : 86128377917019908445957012829255022949550602761192088501649658527506321620714
  Is valid: true
  --- End of verification details ---
  Successfully verified leaf 14 after adding 16 leaves
  Getting proof for leaf index: 14
  Tree depth: 4
  Level 0 size: 16
  Added to proof: 29282441118156610795451351767893172742723572721638635483486521378003152140138
  Level 1 size: 8
  Added to proof: 27450459817178025726961910999305864805083219849135273456119843313523604327146
  Level 2 size: 4
  Added to proof: 107653161125649642032491443308982527566324346567968513637810199776622513001405
  Level 3 size: 2
  Added to proof: 44812029912269844639383167223451376600872748978496635971607178627452478213724
  Final proof length: 4
  --- Verification details for leaf 15 after adding 16 leaves ---
  Verifying leaf: 49376861721947691573602341854337835825465271023485523889471862409499079557266
  Merkle root: 86128377917019908445957012829255022949550602761192088501649658527506321620714
  Proof length: 4
  Proof element 0 : 29282441118156610795451351767893172742723572721638635483486521378003152140138
  Computed hash after element 0 : 68222527226755524790505848492501156006903177263714150024810130256539423849504
  Proof element 1 : 27450459817178025726961910999305864805083219849135273456119843313523604327146
  Computed hash after element 1 : 71129321183645985042233441554048622660549772896301430670938088189986418104761
  Proof element 2 : 107653161125649642032491443308982527566324346567968513637810199776622513001405
  Computed hash after element 2 : 58589837049834144583211226689647012306316922949101456466201253300155303082111
  Proof element 3 : 44812029912269844639383167223451376600872748978496635971607178627452478213724
  Computed hash after element 3 : 86128377917019908445957012829255022949550602761192088501649658527506321620714
  Is valid: true
  --- End of verification details ---
  Successfully verified leaf 15 after adding 16 leaves
  Getting proof for leaf index: 15
  Tree depth: 4
  Level 0 size: 16
  Added to proof: 49376861721947691573602341854337835825465271023485523889471862409499079557266
  Level 1 size: 8
  Added to proof: 27450459817178025726961910999305864805083219849135273456119843313523604327146
  Level 2 size: 4
  Added to proof: 107653161125649642032491443308982527566324346567968513637810199776622513001405
  Level 3 size: 2
  Added to proof: 44812029912269844639383167223451376600872748978496635971607178627452478213724
  Final proof length: 4
  --- Verification details for leaf 16 after adding 16 leaves ---
  Verifying leaf: 29282441118156610795451351767893172742723572721638635483486521378003152140138
  Merkle root: 86128377917019908445957012829255022949550602761192088501649658527506321620714
  Proof length: 4
  Proof element 0 : 49376861721947691573602341854337835825465271023485523889471862409499079557266
  Computed hash after element 0 : 68222527226755524790505848492501156006903177263714150024810130256539423849504
  Proof element 1 : 27450459817178025726961910999305864805083219849135273456119843313523604327146
  Computed hash after element 1 : 71129321183645985042233441554048622660549772896301430670938088189986418104761
  Proof element 2 : 107653161125649642032491443308982527566324346567968513637810199776622513001405
  Computed hash after element 2 : 58589837049834144583211226689647012306316922949101456466201253300155303082111
  Proof element 3 : 44812029912269844639383167223451376600872748978496635971607178627452478213724
  Computed hash after element 3 : 86128377917019908445957012829255022949550602761192088501649658527506321620714
  Is valid: true
  --- End of verification details ---
  Successfully verified leaf 16 after adding 16 leaves
  Added leaf 17
  Getting proof for leaf index: 0
  Tree depth: 5
  Level 0 size: 17
  Added to proof: 84303433209692230857384970403333823748570319246869449369625637863858470744792
  Level 1 size: 9
  Added to proof: 42994468410347004737970376126143620665813473361490896099477539813509562736181
  Level 2 size: 5
  Added to proof: 90519645207031266945590244632322326520069529432013691057992262226385608141027
  Level 3 size: 3
  Added to proof: 58589837049834144583211226689647012306316922949101456466201253300155303082111
  Level 4 size: 2
  Added to proof: 21979652522633138675855471474548080148032271092062185065410366224797086795229
  Final proof length: 5
  --- Verification details for leaf 1 after adding 17 leaves ---
  Verifying leaf: 1534629507014924801801850062420965747762703560098700086918056654539096211930
  Merkle root: 104386986634690828780419146180048581566396045312451072322945443743816513611056
  Proof length: 5
  Proof element 0 : 84303433209692230857384970403333823748570319246869449369625637863858470744792
  Computed hash after element 0 : 4819654492366420278237764346194618123787186199882361681321774604810163462263
  Proof element 1 : 42994468410347004737970376126143620665813473361490896099477539813509562736181
  Computed hash after element 1 : 86167276729270415220365293603154116830872546334163333883227179387055231533441
  Proof element 2 : 90519645207031266945590244632322326520069529432013691057992262226385608141027
  Computed hash after element 2 : 44812029912269844639383167223451376600872748978496635971607178627452478213724
  Proof element 3 : 58589837049834144583211226689647012306316922949101456466201253300155303082111
  Computed hash after element 3 : 86128377917019908445957012829255022949550602761192088501649658527506321620714
  Proof element 4 : 21979652522633138675855471474548080148032271092062185065410366224797086795229
  Computed hash after element 4 : 104386986634690828780419146180048581566396045312451072322945443743816513611056
  Is valid: true
  --- End of verification details ---
  Successfully verified leaf 1 after adding 17 leaves
  Getting proof for leaf index: 1
  Tree depth: 5
  Level 0 size: 17
  Added to proof: 1534629507014924801801850062420965747762703560098700086918056654539096211930
  Level 1 size: 9
  Added to proof: 42994468410347004737970376126143620665813473361490896099477539813509562736181
  Level 2 size: 5
  Added to proof: 90519645207031266945590244632322326520069529432013691057992262226385608141027
  Level 3 size: 3
  Added to proof: 58589837049834144583211226689647012306316922949101456466201253300155303082111
  Level 4 size: 2
  Added to proof: 21979652522633138675855471474548080148032271092062185065410366224797086795229
  Final proof length: 5
  --- Verification details for leaf 2 after adding 17 leaves ---
  Verifying leaf: 84303433209692230857384970403333823748570319246869449369625637863858470744792
  Merkle root: 104386986634690828780419146180048581566396045312451072322945443743816513611056
  Proof length: 5
  Proof element 0 : 1534629507014924801801850062420965747762703560098700086918056654539096211930
  Computed hash after element 0 : 4819654492366420278237764346194618123787186199882361681321774604810163462263
  Proof element 1 : 42994468410347004737970376126143620665813473361490896099477539813509562736181
  Computed hash after element 1 : 86167276729270415220365293603154116830872546334163333883227179387055231533441
  Proof element 2 : 90519645207031266945590244632322326520069529432013691057992262226385608141027
  Computed hash after element 2 : 44812029912269844639383167223451376600872748978496635971607178627452478213724
  Proof element 3 : 58589837049834144583211226689647012306316922949101456466201253300155303082111
  Computed hash after element 3 : 86128377917019908445957012829255022949550602761192088501649658527506321620714
  Proof element 4 : 21979652522633138675855471474548080148032271092062185065410366224797086795229
  Computed hash after element 4 : 104386986634690828780419146180048581566396045312451072322945443743816513611056
  Is valid: true
  --- End of verification details ---
  Successfully verified leaf 2 after adding 17 leaves
  Getting proof for leaf index: 2
  Tree depth: 5
  Level 0 size: 17
  Added to proof: 9718660262289985226213547307049526568607798083323067650698233131271439501106
  Level 1 size: 9
  Added to proof: 4819654492366420278237764346194618123787186199882361681321774604810163462263
  Level 2 size: 5
  Added to proof: 90519645207031266945590244632322326520069529432013691057992262226385608141027
  Level 3 size: 3
  Added to proof: 58589837049834144583211226689647012306316922949101456466201253300155303082111
  Level 4 size: 2
  Added to proof: 21979652522633138675855471474548080148032271092062185065410366224797086795229
  Final proof length: 5
  --- Verification details for leaf 3 after adding 17 leaves ---
  Verifying leaf: 114806096316174656260172984043681595992173194076043313710926606652151351550195
  Merkle root: 104386986634690828780419146180048581566396045312451072322945443743816513611056
  Proof length: 5
  Proof element 0 : 9718660262289985226213547307049526568607798083323067650698233131271439501106
  Computed hash after element 0 : 42994468410347004737970376126143620665813473361490896099477539813509562736181
  Proof element 1 : 4819654492366420278237764346194618123787186199882361681321774604810163462263
  Computed hash after element 1 : 86167276729270415220365293603154116830872546334163333883227179387055231533441
  Proof element 2 : 90519645207031266945590244632322326520069529432013691057992262226385608141027
  Computed hash after element 2 : 44812029912269844639383167223451376600872748978496635971607178627452478213724
  Proof element 3 : 58589837049834144583211226689647012306316922949101456466201253300155303082111
  Computed hash after element 3 : 86128377917019908445957012829255022949550602761192088501649658527506321620714
  Proof element 4 : 21979652522633138675855471474548080148032271092062185065410366224797086795229
  Computed hash after element 4 : 104386986634690828780419146180048581566396045312451072322945443743816513611056
  Is valid: true
  --- End of verification details ---
  Successfully verified leaf 3 after adding 17 leaves
  Getting proof for leaf index: 3
  Tree depth: 5
  Level 0 size: 17
  Added to proof: 114806096316174656260172984043681595992173194076043313710926606652151351550195
  Level 1 size: 9
  Added to proof: 4819654492366420278237764346194618123787186199882361681321774604810163462263
  Level 2 size: 5
  Added to proof: 90519645207031266945590244632322326520069529432013691057992262226385608141027
  Level 3 size: 3
  Added to proof: 58589837049834144583211226689647012306316922949101456466201253300155303082111
  Level 4 size: 2
  Added to proof: 21979652522633138675855471474548080148032271092062185065410366224797086795229
  Final proof length: 5
  --- Verification details for leaf 4 after adding 17 leaves ---
  Verifying leaf: 9718660262289985226213547307049526568607798083323067650698233131271439501106
  Merkle root: 104386986634690828780419146180048581566396045312451072322945443743816513611056
  Proof length: 5
  Proof element 0 : 114806096316174656260172984043681595992173194076043313710926606652151351550195
  Computed hash after element 0 : 42994468410347004737970376126143620665813473361490896099477539813509562736181
  Proof element 1 : 4819654492366420278237764346194618123787186199882361681321774604810163462263
  Computed hash after element 1 : 86167276729270415220365293603154116830872546334163333883227179387055231533441
  Proof element 2 : 90519645207031266945590244632322326520069529432013691057992262226385608141027
  Computed hash after element 2 : 44812029912269844639383167223451376600872748978496635971607178627452478213724
  Proof element 3 : 58589837049834144583211226689647012306316922949101456466201253300155303082111
  Computed hash after element 3 : 86128377917019908445957012829255022949550602761192088501649658527506321620714
  Proof element 4 : 21979652522633138675855471474548080148032271092062185065410366224797086795229
  Computed hash after element 4 : 104386986634690828780419146180048581566396045312451072322945443743816513611056
  Is valid: true
  --- End of verification details ---
  Successfully verified leaf 4 after adding 17 leaves
  Getting proof for leaf index: 4
  Tree depth: 5
  Level 0 size: 17
  Added to proof: 42656216575733633865718546135288608701490211943531992892543518422469545049160
  Level 1 size: 9
  Added to proof: 89139659228322516991511902812947417818976567277539582619759529237285492222351
  Level 2 size: 5
  Added to proof: 86167276729270415220365293603154116830872546334163333883227179387055231533441
  Level 3 size: 3
  Added to proof: 58589837049834144583211226689647012306316922949101456466201253300155303082111
  Level 4 size: 2
  Added to proof: 21979652522633138675855471474548080148032271092062185065410366224797086795229
  Final proof length: 5
  --- Verification details for leaf 5 after adding 17 leaves ---
  Verifying leaf: 3327891084304698462684256911003812127873740397003554529128445276024109161606
  Merkle root: 104386986634690828780419146180048581566396045312451072322945443743816513611056
  Proof length: 5
  Proof element 0 : 42656216575733633865718546135288608701490211943531992892543518422469545049160
  Computed hash after element 0 : 79680312521381101304386615379526824036772258414601889669286272159596699208134
  Proof element 1 : 89139659228322516991511902812947417818976567277539582619759529237285492222351
  Computed hash after element 1 : 90519645207031266945590244632322326520069529432013691057992262226385608141027
  Proof element 2 : 86167276729270415220365293603154116830872546334163333883227179387055231533441
  Computed hash after element 2 : 44812029912269844639383167223451376600872748978496635971607178627452478213724
  Proof element 3 : 58589837049834144583211226689647012306316922949101456466201253300155303082111
  Computed hash after element 3 : 86128377917019908445957012829255022949550602761192088501649658527506321620714
  Proof element 4 : 21979652522633138675855471474548080148032271092062185065410366224797086795229
  Computed hash after element 4 : 104386986634690828780419146180048581566396045312451072322945443743816513611056
  Is valid: true
  --- End of verification details ---
  Successfully verified leaf 5 after adding 17 leaves
  Getting proof for leaf index: 5
  Tree depth: 5
  Level 0 size: 17
  Added to proof: 3327891084304698462684256911003812127873740397003554529128445276024109161606
  Level 1 size: 9
  Added to proof: 89139659228322516991511902812947417818976567277539582619759529237285492222351
  Level 2 size: 5
  Added to proof: 86167276729270415220365293603154116830872546334163333883227179387055231533441
  Level 3 size: 3
  Added to proof: 58589837049834144583211226689647012306316922949101456466201253300155303082111
  Level 4 size: 2
  Added to proof: 21979652522633138675855471474548080148032271092062185065410366224797086795229
  Final proof length: 5
  --- Verification details for leaf 6 after adding 17 leaves ---
  Verifying leaf: 42656216575733633865718546135288608701490211943531992892543518422469545049160
  Merkle root: 104386986634690828780419146180048581566396045312451072322945443743816513611056
  Proof length: 5
  Proof element 0 : 3327891084304698462684256911003812127873740397003554529128445276024109161606
  Computed hash after element 0 : 79680312521381101304386615379526824036772258414601889669286272159596699208134
  Proof element 1 : 89139659228322516991511902812947417818976567277539582619759529237285492222351
  Computed hash after element 1 : 90519645207031266945590244632322326520069529432013691057992262226385608141027
  Proof element 2 : 86167276729270415220365293603154116830872546334163333883227179387055231533441
  Computed hash after element 2 : 44812029912269844639383167223451376600872748978496635971607178627452478213724
  Proof element 3 : 58589837049834144583211226689647012306316922949101456466201253300155303082111
  Computed hash after element 3 : 86128377917019908445957012829255022949550602761192088501649658527506321620714
  Proof element 4 : 21979652522633138675855471474548080148032271092062185065410366224797086795229
  Computed hash after element 4 : 104386986634690828780419146180048581566396045312451072322945443743816513611056
  Is valid: true
  --- End of verification details ---
  Successfully verified leaf 6 after adding 17 leaves
  Getting proof for leaf index: 6
  Tree depth: 5
  Level 0 size: 17
  Added to proof: 41333877701255859865019379003725985110118058655845990608936096526874421775531
  Level 1 size: 9
  Added to proof: 79680312521381101304386615379526824036772258414601889669286272159596699208134
  Level 2 size: 5
  Added to proof: 86167276729270415220365293603154116830872546334163333883227179387055231533441
  Level 3 size: 3
  Added to proof: 58589837049834144583211226689647012306316922949101456466201253300155303082111
  Level 4 size: 2
  Added to proof: 21979652522633138675855471474548080148032271092062185065410366224797086795229
  Final proof length: 5
  --- Verification details for leaf 7 after adding 17 leaves ---
  Verifying leaf: 77058788664304649396218556642747909996121735590822886025965307874683454946759
  Merkle root: 104386986634690828780419146180048581566396045312451072322945443743816513611056
  Proof length: 5
  Proof element 0 : 41333877701255859865019379003725985110118058655845990608936096526874421775531
  Computed hash after element 0 : 89139659228322516991511902812947417818976567277539582619759529237285492222351
  Proof element 1 : 79680312521381101304386615379526824036772258414601889669286272159596699208134
  Computed hash after element 1 : 90519645207031266945590244632322326520069529432013691057992262226385608141027
  Proof element 2 : 86167276729270415220365293603154116830872546334163333883227179387055231533441
  Computed hash after element 2 : 44812029912269844639383167223451376600872748978496635971607178627452478213724
  Proof element 3 : 58589837049834144583211226689647012306316922949101456466201253300155303082111
  Computed hash after element 3 : 86128377917019908445957012829255022949550602761192088501649658527506321620714
  Proof element 4 : 21979652522633138675855471474548080148032271092062185065410366224797086795229
  Computed hash after element 4 : 104386986634690828780419146180048581566396045312451072322945443743816513611056
  Is valid: true
  --- End of verification details ---
  Successfully verified leaf 7 after adding 17 leaves
  Getting proof for leaf index: 7
  Tree depth: 5
  Level 0 size: 17
  Added to proof: 77058788664304649396218556642747909996121735590822886025965307874683454946759
  Level 1 size: 9
  Added to proof: 79680312521381101304386615379526824036772258414601889669286272159596699208134
  Level 2 size: 5
  Added to proof: 86167276729270415220365293603154116830872546334163333883227179387055231533441
  Level 3 size: 3
  Added to proof: 58589837049834144583211226689647012306316922949101456466201253300155303082111
  Level 4 size: 2
  Added to proof: 21979652522633138675855471474548080148032271092062185065410366224797086795229
  Final proof length: 5
  --- Verification details for leaf 8 after adding 17 leaves ---
  Verifying leaf: 41333877701255859865019379003725985110118058655845990608936096526874421775531
  Merkle root: 104386986634690828780419146180048581566396045312451072322945443743816513611056
  Proof length: 5
  Proof element 0 : 77058788664304649396218556642747909996121735590822886025965307874683454946759
  Computed hash after element 0 : 89139659228322516991511902812947417818976567277539582619759529237285492222351
  Proof element 1 : 79680312521381101304386615379526824036772258414601889669286272159596699208134
  Computed hash after element 1 : 90519645207031266945590244632322326520069529432013691057992262226385608141027
  Proof element 2 : 86167276729270415220365293603154116830872546334163333883227179387055231533441
  Computed hash after element 2 : 44812029912269844639383167223451376600872748978496635971607178627452478213724
  Proof element 3 : 58589837049834144583211226689647012306316922949101456466201253300155303082111
  Computed hash after element 3 : 86128377917019908445957012829255022949550602761192088501649658527506321620714
  Proof element 4 : 21979652522633138675855471474548080148032271092062185065410366224797086795229
  Computed hash after element 4 : 104386986634690828780419146180048581566396045312451072322945443743816513611056
  Is valid: true
  --- End of verification details ---
  Successfully verified leaf 8 after adding 17 leaves
  Getting proof for leaf index: 8
  Tree depth: 5
  Level 0 size: 17
  Added to proof: 19972288769315928479630679177845711677268766594983667860090139443496462084286
  Level 1 size: 9
  Added to proof: 86830204781467795827957492631466613281393886399951120238877606491319470472592
  Level 2 size: 5
  Added to proof: 71129321183645985042233441554048622660549772896301430670938088189986418104761
  Level 3 size: 3
  Added to proof: 44812029912269844639383167223451376600872748978496635971607178627452478213724
  Level 4 size: 2
  Added to proof: 21979652522633138675855471474548080148032271092062185065410366224797086795229
  Final proof length: 5
  --- Verification details for leaf 9 after adding 17 leaves ---
  Verifying leaf: 83097023403658896075826216087624068326805273787826444717403742070225742999267
  Merkle root: 104386986634690828780419146180048581566396045312451072322945443743816513611056
  Proof length: 5
  Proof element 0 : 19972288769315928479630679177845711677268766594983667860090139443496462084286
  Computed hash after element 0 : 110058130168134052799716071097073281996591153893535428294527808496692578065614
  Proof element 1 : 86830204781467795827957492631466613281393886399951120238877606491319470472592
  Computed hash after element 1 : 107653161125649642032491443308982527566324346567968513637810199776622513001405
  Proof element 2 : 71129321183645985042233441554048622660549772896301430670938088189986418104761
  Computed hash after element 2 : 58589837049834144583211226689647012306316922949101456466201253300155303082111
  Proof element 3 : 44812029912269844639383167223451376600872748978496635971607178627452478213724
  Computed hash after element 3 : 86128377917019908445957012829255022949550602761192088501649658527506321620714
  Proof element 4 : 21979652522633138675855471474548080148032271092062185065410366224797086795229
  Computed hash after element 4 : 104386986634690828780419146180048581566396045312451072322945443743816513611056
  Is valid: true
  --- End of verification details ---
  Successfully verified leaf 9 after adding 17 leaves
  Getting proof for leaf index: 9
  Tree depth: 5
  Level 0 size: 17
  Added to proof: 83097023403658896075826216087624068326805273787826444717403742070225742999267
  Level 1 size: 9
  Added to proof: 86830204781467795827957492631466613281393886399951120238877606491319470472592
  Level 2 size: 5
  Added to proof: 71129321183645985042233441554048622660549772896301430670938088189986418104761
  Level 3 size: 3
  Added to proof: 44812029912269844639383167223451376600872748978496635971607178627452478213724
  Level 4 size: 2
  Added to proof: 21979652522633138675855471474548080148032271092062185065410366224797086795229
  Final proof length: 5
  --- Verification details for leaf 10 after adding 17 leaves ---
  Verifying leaf: 19972288769315928479630679177845711677268766594983667860090139443496462084286
  Merkle root: 104386986634690828780419146180048581566396045312451072322945443743816513611056
  Proof length: 5
  Proof element 0 : 83097023403658896075826216087624068326805273787826444717403742070225742999267
  Computed hash after element 0 : 110058130168134052799716071097073281996591153893535428294527808496692578065614
  Proof element 1 : 86830204781467795827957492631466613281393886399951120238877606491319470472592
  Computed hash after element 1 : 107653161125649642032491443308982527566324346567968513637810199776622513001405
  Proof element 2 : 71129321183645985042233441554048622660549772896301430670938088189986418104761
  Computed hash after element 2 : 58589837049834144583211226689647012306316922949101456466201253300155303082111
  Proof element 3 : 44812029912269844639383167223451376600872748978496635971607178627452478213724
  Computed hash after element 3 : 86128377917019908445957012829255022949550602761192088501649658527506321620714
  Proof element 4 : 21979652522633138675855471474548080148032271092062185065410366224797086795229
  Computed hash after element 4 : 104386986634690828780419146180048581566396045312451072322945443743816513611056
  Is valid: true
  --- End of verification details ---
  Successfully verified leaf 10 after adding 17 leaves
  Getting proof for leaf index: 10
  Tree depth: 5
  Level 0 size: 17
  Added to proof: 96593053628671560174693064981485823685325506728506954480672468072431603451342
  Level 1 size: 9
  Added to proof: 110058130168134052799716071097073281996591153893535428294527808496692578065614
  Level 2 size: 5
  Added to proof: 71129321183645985042233441554048622660549772896301430670938088189986418104761
  Level 3 size: 3
  Added to proof: 44812029912269844639383167223451376600872748978496635971607178627452478213724
  Level 4 size: 2
  Added to proof: 21979652522633138675855471474548080148032271092062185065410366224797086795229
  Final proof length: 5
  --- Verification details for leaf 11 after adding 17 leaves ---
  Verifying leaf: 11059502003765752708342665740916089834825294147016530688590526355732680035651
  Merkle root: 104386986634690828780419146180048581566396045312451072322945443743816513611056
  Proof length: 5
  Proof element 0 : 96593053628671560174693064981485823685325506728506954480672468072431603451342
  Computed hash after element 0 : 86830204781467795827957492631466613281393886399951120238877606491319470472592
  Proof element 1 : 110058130168134052799716071097073281996591153893535428294527808496692578065614
  Computed hash after element 1 : 107653161125649642032491443308982527566324346567968513637810199776622513001405
  Proof element 2 : 71129321183645985042233441554048622660549772896301430670938088189986418104761
  Computed hash after element 2 : 58589837049834144583211226689647012306316922949101456466201253300155303082111
  Proof element 3 : 44812029912269844639383167223451376600872748978496635971607178627452478213724
  Computed hash after element 3 : 86128377917019908445957012829255022949550602761192088501649658527506321620714
  Proof element 4 : 21979652522633138675855471474548080148032271092062185065410366224797086795229
  Computed hash after element 4 : 104386986634690828780419146180048581566396045312451072322945443743816513611056
  Is valid: true
  --- End of verification details ---
  Successfully verified leaf 11 after adding 17 leaves
  Getting proof for leaf index: 11
  Tree depth: 5
  Level 0 size: 17
  Added to proof: 11059502003765752708342665740916089834825294147016530688590526355732680035651
  Level 1 size: 9
  Added to proof: 110058130168134052799716071097073281996591153893535428294527808496692578065614
  Level 2 size: 5
  Added to proof: 71129321183645985042233441554048622660549772896301430670938088189986418104761
  Level 3 size: 3
  Added to proof: 44812029912269844639383167223451376600872748978496635971607178627452478213724
  Level 4 size: 2
  Added to proof: 21979652522633138675855471474548080148032271092062185065410366224797086795229
  Final proof length: 5
  --- Verification details for leaf 12 after adding 17 leaves ---
  Verifying leaf: 96593053628671560174693064981485823685325506728506954480672468072431603451342
  Merkle root: 104386986634690828780419146180048581566396045312451072322945443743816513611056
  Proof length: 5
  Proof element 0 : 11059502003765752708342665740916089834825294147016530688590526355732680035651
  Computed hash after element 0 : 86830204781467795827957492631466613281393886399951120238877606491319470472592
  Proof element 1 : 110058130168134052799716071097073281996591153893535428294527808496692578065614
  Computed hash after element 1 : 107653161125649642032491443308982527566324346567968513637810199776622513001405
  Proof element 2 : 71129321183645985042233441554048622660549772896301430670938088189986418104761
  Computed hash after element 2 : 58589837049834144583211226689647012306316922949101456466201253300155303082111
  Proof element 3 : 44812029912269844639383167223451376600872748978496635971607178627452478213724
  Computed hash after element 3 : 86128377917019908445957012829255022949550602761192088501649658527506321620714
  Proof element 4 : 21979652522633138675855471474548080148032271092062185065410366224797086795229
  Computed hash after element 4 : 104386986634690828780419146180048581566396045312451072322945443743816513611056
  Is valid: true
  --- End of verification details ---
  Successfully verified leaf 12 after adding 17 leaves
  Getting proof for leaf index: 12
  Tree depth: 5
  Level 0 size: 17
  Added to proof: 33672592122163231522297444352452316230401835406380993219594760926723533962405
  Level 1 size: 9
  Added to proof: 68222527226755524790505848492501156006903177263714150024810130256539423849504
  Level 2 size: 5
  Added to proof: 107653161125649642032491443308982527566324346567968513637810199776622513001405
  Level 3 size: 3
  Added to proof: 44812029912269844639383167223451376600872748978496635971607178627452478213724
  Level 4 size: 2
  Added to proof: 21979652522633138675855471474548080148032271092062185065410366224797086795229
  Final proof length: 5
  --- Verification details for leaf 13 after adding 17 leaves ---
  Verifying leaf: 92619562252365677669901163699204566607949558994432207550606556910840817279335
  Merkle root: 104386986634690828780419146180048581566396045312451072322945443743816513611056
  Proof length: 5
  Proof element 0 : 33672592122163231522297444352452316230401835406380993219594760926723533962405
  Computed hash after element 0 : 27450459817178025726961910999305864805083219849135273456119843313523604327146
  Proof element 1 : 68222527226755524790505848492501156006903177263714150024810130256539423849504
  Computed hash after element 1 : 71129321183645985042233441554048622660549772896301430670938088189986418104761
  Proof element 2 : 107653161125649642032491443308982527566324346567968513637810199776622513001405
  Computed hash after element 2 : 58589837049834144583211226689647012306316922949101456466201253300155303082111
  Proof element 3 : 44812029912269844639383167223451376600872748978496635971607178627452478213724
  Computed hash after element 3 : 86128377917019908445957012829255022949550602761192088501649658527506321620714
  Proof element 4 : 21979652522633138675855471474548080148032271092062185065410366224797086795229
  Computed hash after element 4 : 104386986634690828780419146180048581566396045312451072322945443743816513611056
  Is valid: true
  --- End of verification details ---
  Successfully verified leaf 13 after adding 17 leaves
  Getting proof for leaf index: 13
  Tree depth: 5
  Level 0 size: 17
  Added to proof: 92619562252365677669901163699204566607949558994432207550606556910840817279335
  Level 1 size: 9
  Added to proof: 68222527226755524790505848492501156006903177263714150024810130256539423849504
  Level 2 size: 5
  Added to proof: 107653161125649642032491443308982527566324346567968513637810199776622513001405
  Level 3 size: 3
  Added to proof: 44812029912269844639383167223451376600872748978496635971607178627452478213724
  Level 4 size: 2
  Added to proof: 21979652522633138675855471474548080148032271092062185065410366224797086795229
  Final proof length: 5
  --- Verification details for leaf 14 after adding 17 leaves ---
  Verifying leaf: 33672592122163231522297444352452316230401835406380993219594760926723533962405
  Merkle root: 104386986634690828780419146180048581566396045312451072322945443743816513611056
  Proof length: 5
  Proof element 0 : 92619562252365677669901163699204566607949558994432207550606556910840817279335
  Computed hash after element 0 : 27450459817178025726961910999305864805083219849135273456119843313523604327146
  Proof element 1 : 68222527226755524790505848492501156006903177263714150024810130256539423849504
  Computed hash after element 1 : 71129321183645985042233441554048622660549772896301430670938088189986418104761
  Proof element 2 : 107653161125649642032491443308982527566324346567968513637810199776622513001405
  Computed hash after element 2 : 58589837049834144583211226689647012306316922949101456466201253300155303082111
  Proof element 3 : 44812029912269844639383167223451376600872748978496635971607178627452478213724
  Computed hash after element 3 : 86128377917019908445957012829255022949550602761192088501649658527506321620714
  Proof element 4 : 21979652522633138675855471474548080148032271092062185065410366224797086795229
  Computed hash after element 4 : 104386986634690828780419146180048581566396045312451072322945443743816513611056
  Is valid: true
  --- End of verification details ---
  Successfully verified leaf 14 after adding 17 leaves
  Getting proof for leaf index: 14
  Tree depth: 5
  Level 0 size: 17
  Added to proof: 29282441118156610795451351767893172742723572721638635483486521378003152140138
  Level 1 size: 9
  Added to proof: 27450459817178025726961910999305864805083219849135273456119843313523604327146
  Level 2 size: 5
  Added to proof: 107653161125649642032491443308982527566324346567968513637810199776622513001405
  Level 3 size: 3
  Added to proof: 44812029912269844639383167223451376600872748978496635971607178627452478213724
  Level 4 size: 2
  Added to proof: 21979652522633138675855471474548080148032271092062185065410366224797086795229
  Final proof length: 5
  --- Verification details for leaf 15 after adding 17 leaves ---
  Verifying leaf: 49376861721947691573602341854337835825465271023485523889471862409499079557266
  Merkle root: 104386986634690828780419146180048581566396045312451072322945443743816513611056
  Proof length: 5
  Proof element 0 : 29282441118156610795451351767893172742723572721638635483486521378003152140138
  Computed hash after element 0 : 68222527226755524790505848492501156006903177263714150024810130256539423849504
  Proof element 1 : 27450459817178025726961910999305864805083219849135273456119843313523604327146
  Computed hash after element 1 : 71129321183645985042233441554048622660549772896301430670938088189986418104761
  Proof element 2 : 107653161125649642032491443308982527566324346567968513637810199776622513001405
  Computed hash after element 2 : 58589837049834144583211226689647012306316922949101456466201253300155303082111
  Proof element 3 : 44812029912269844639383167223451376600872748978496635971607178627452478213724
  Computed hash after element 3 : 86128377917019908445957012829255022949550602761192088501649658527506321620714
  Proof element 4 : 21979652522633138675855471474548080148032271092062185065410366224797086795229
  Computed hash after element 4 : 104386986634690828780419146180048581566396045312451072322945443743816513611056
  Is valid: true
  --- End of verification details ---
  Successfully verified leaf 15 after adding 17 leaves
  Getting proof for leaf index: 15
  Tree depth: 5
  Level 0 size: 17
  Added to proof: 49376861721947691573602341854337835825465271023485523889471862409499079557266
  Level 1 size: 9
  Added to proof: 27450459817178025726961910999305864805083219849135273456119843313523604327146
  Level 2 size: 5
  Added to proof: 107653161125649642032491443308982527566324346567968513637810199776622513001405
  Level 3 size: 3
  Added to proof: 44812029912269844639383167223451376600872748978496635971607178627452478213724
  Level 4 size: 2
  Added to proof: 21979652522633138675855471474548080148032271092062185065410366224797086795229
  Final proof length: 5
  --- Verification details for leaf 16 after adding 17 leaves ---
  Verifying leaf: 29282441118156610795451351767893172742723572721638635483486521378003152140138
  Merkle root: 104386986634690828780419146180048581566396045312451072322945443743816513611056
  Proof length: 5
  Proof element 0 : 49376861721947691573602341854337835825465271023485523889471862409499079557266
  Computed hash after element 0 : 68222527226755524790505848492501156006903177263714150024810130256539423849504
  Proof element 1 : 27450459817178025726961910999305864805083219849135273456119843313523604327146
  Computed hash after element 1 : 71129321183645985042233441554048622660549772896301430670938088189986418104761
  Proof element 2 : 107653161125649642032491443308982527566324346567968513637810199776622513001405
  Computed hash after element 2 : 58589837049834144583211226689647012306316922949101456466201253300155303082111
  Proof element 3 : 44812029912269844639383167223451376600872748978496635971607178627452478213724
  Computed hash after element 3 : 86128377917019908445957012829255022949550602761192088501649658527506321620714
  Proof element 4 : 21979652522633138675855471474548080148032271092062185065410366224797086795229
  Computed hash after element 4 : 104386986634690828780419146180048581566396045312451072322945443743816513611056
  Is valid: true
  --- End of verification details ---
  Successfully verified leaf 16 after adding 17 leaves
  Getting proof for leaf index: 16
  Tree depth: 5
  Level 0 size: 17
  Added to proof (odd level): 21979652522633138675855471474548080148032271092062185065410366224797086795229
  Level 1 size: 9
  Added to proof (odd level): 21979652522633138675855471474548080148032271092062185065410366224797086795229
  Level 2 size: 5
  Added to proof (odd level): 21979652522633138675855471474548080148032271092062185065410366224797086795229
  Level 3 size: 3
  Added to proof (odd level): 21979652522633138675855471474548080148032271092062185065410366224797086795229
  Level 4 size: 2
  Added to proof: 86128377917019908445957012829255022949550602761192088501649658527506321620714
  Final proof length: 5
  --- Verification details for leaf 17 after adding 17 leaves ---
  Verifying leaf: 21979652522633138675855471474548080148032271092062185065410366224797086795229
  Merkle root: 104386986634690828780419146180048581566396045312451072322945443743816513611056
  Proof length: 5
  Proof element 0 : 21979652522633138675855471474548080148032271092062185065410366224797086795229
  Computed hash after element 0 : 94397194392626854319455620393189152607315973462916105880077623110740151821928
  Proof element 1 : 21979652522633138675855471474548080148032271092062185065410366224797086795229
  Computed hash after element 1 : 102711103811170720683213399047412489264216299101379005213312835791568676633107
  Proof element 2 : 21979652522633138675855471474548080148032271092062185065410366224797086795229
  Computed hash after element 2 : 82845211137177774677826841375205976678752492725309332763197799711951606835674
  Proof element 3 : 21979652522633138675855471474548080148032271092062185065410366224797086795229
  Computed hash after element 3 : 62419744114679305218813281893083457667586336189112874488693483813169331800166
  Proof element 4 : 86128377917019908445957012829255022949550602761192088501649658527506321620714
  Computed hash after element 4 : 88251820906897961420139708730539930691908120685242289007019505508578611457427
  Is valid: false
  --- End of verification details ---
  Failed to verify leaf 17 after adding 17 leaves
  Added leaf 18
  Getting proof for leaf index: 0
  Tree depth: 5
  Level 0 size: 18
  Added to proof: 84303433209692230857384970403333823748570319246869449369625637863858470744792
  Level 1 size: 9
  Added to proof: 42994468410347004737970376126143620665813473361490896099477539813509562736181
  Level 2 size: 5
  Added to proof: 90519645207031266945590244632322326520069529432013691057992262226385608141027
  Level 3 size: 3
  Added to proof: 58589837049834144583211226689647012306316922949101456466201253300155303082111
  Level 4 size: 2
  Added to proof: 68707805291125709217780897399343780900556216299315256742021570282172139855342
  Final proof length: 5
  --- Verification details for leaf 1 after adding 18 leaves ---
  Verifying leaf: 1534629507014924801801850062420965747762703560098700086918056654539096211930
  Merkle root: 73342511100887225238186916130623334392844955136943380784671174336087748334064
  Proof length: 5
  Proof element 0 : 84303433209692230857384970403333823748570319246869449369625637863858470744792
  Computed hash after element 0 : 4819654492366420278237764346194618123787186199882361681321774604810163462263
  Proof element 1 : 42994468410347004737970376126143620665813473361490896099477539813509562736181
  Computed hash after element 1 : 86167276729270415220365293603154116830872546334163333883227179387055231533441
  Proof element 2 : 90519645207031266945590244632322326520069529432013691057992262226385608141027
  Computed hash after element 2 : 44812029912269844639383167223451376600872748978496635971607178627452478213724
  Proof element 3 : 58589837049834144583211226689647012306316922949101456466201253300155303082111
  Computed hash after element 3 : 86128377917019908445957012829255022949550602761192088501649658527506321620714
  Proof element 4 : 68707805291125709217780897399343780900556216299315256742021570282172139855342
  Computed hash after element 4 : 73342511100887225238186916130623334392844955136943380784671174336087748334064
  Is valid: true
  --- End of verification details ---
  Successfully verified leaf 1 after adding 18 leaves
  Getting proof for leaf index: 1
  Tree depth: 5
  Level 0 size: 18
  Added to proof: 1534629507014924801801850062420965747762703560098700086918056654539096211930
  Level 1 size: 9
  Added to proof: 42994468410347004737970376126143620665813473361490896099477539813509562736181
  Level 2 size: 5
  Added to proof: 90519645207031266945590244632322326520069529432013691057992262226385608141027
  Level 3 size: 3
  Added to proof: 58589837049834144583211226689647012306316922949101456466201253300155303082111
  Level 4 size: 2
  Added to proof: 68707805291125709217780897399343780900556216299315256742021570282172139855342
  Final proof length: 5
  --- Verification details for leaf 2 after adding 18 leaves ---
  Verifying leaf: 84303433209692230857384970403333823748570319246869449369625637863858470744792
  Merkle root: 73342511100887225238186916130623334392844955136943380784671174336087748334064
  Proof length: 5
  Proof element 0 : 1534629507014924801801850062420965747762703560098700086918056654539096211930
  Computed hash after element 0 : 4819654492366420278237764346194618123787186199882361681321774604810163462263
  Proof element 1 : 42994468410347004737970376126143620665813473361490896099477539813509562736181
  Computed hash after element 1 : 86167276729270415220365293603154116830872546334163333883227179387055231533441
  Proof element 2 : 90519645207031266945590244632322326520069529432013691057992262226385608141027
  Computed hash after element 2 : 44812029912269844639383167223451376600872748978496635971607178627452478213724
  Proof element 3 : 58589837049834144583211226689647012306316922949101456466201253300155303082111
  Computed hash after element 3 : 86128377917019908445957012829255022949550602761192088501649658527506321620714
  Proof element 4 : 68707805291125709217780897399343780900556216299315256742021570282172139855342
  Computed hash after element 4 : 73342511100887225238186916130623334392844955136943380784671174336087748334064
  Is valid: true
  --- End of verification details ---
  Successfully verified leaf 2 after adding 18 leaves
  Getting proof for leaf index: 2
  Tree depth: 5
  Level 0 size: 18
  Added to proof: 9718660262289985226213547307049526568607798083323067650698233131271439501106
  Level 1 size: 9
  Added to proof: 4819654492366420278237764346194618123787186199882361681321774604810163462263
  Level 2 size: 5
  Added to proof: 90519645207031266945590244632322326520069529432013691057992262226385608141027
  Level 3 size: 3
  Added to proof: 58589837049834144583211226689647012306316922949101456466201253300155303082111
  Level 4 size: 2
  Added to proof: 68707805291125709217780897399343780900556216299315256742021570282172139855342
  Final proof length: 5
  --- Verification details for leaf 3 after adding 18 leaves ---
  Verifying leaf: 114806096316174656260172984043681595992173194076043313710926606652151351550195
  Merkle root: 73342511100887225238186916130623334392844955136943380784671174336087748334064
  Proof length: 5
  Proof element 0 : 9718660262289985226213547307049526568607798083323067650698233131271439501106
  Computed hash after element 0 : 42994468410347004737970376126143620665813473361490896099477539813509562736181
  Proof element 1 : 4819654492366420278237764346194618123787186199882361681321774604810163462263
  Computed hash after element 1 : 86167276729270415220365293603154116830872546334163333883227179387055231533441
  Proof element 2 : 90519645207031266945590244632322326520069529432013691057992262226385608141027
  Computed hash after element 2 : 44812029912269844639383167223451376600872748978496635971607178627452478213724
  Proof element 3 : 58589837049834144583211226689647012306316922949101456466201253300155303082111
  Computed hash after element 3 : 86128377917019908445957012829255022949550602761192088501649658527506321620714
  Proof element 4 : 68707805291125709217780897399343780900556216299315256742021570282172139855342
  Computed hash after element 4 : 73342511100887225238186916130623334392844955136943380784671174336087748334064
  Is valid: true
  --- End of verification details ---
  Successfully verified leaf 3 after adding 18 leaves
  Getting proof for leaf index: 3
  Tree depth: 5
  Level 0 size: 18
  Added to proof: 114806096316174656260172984043681595992173194076043313710926606652151351550195
  Level 1 size: 9
  Added to proof: 4819654492366420278237764346194618123787186199882361681321774604810163462263
  Level 2 size: 5
  Added to proof: 90519645207031266945590244632322326520069529432013691057992262226385608141027
  Level 3 size: 3
  Added to proof: 58589837049834144583211226689647012306316922949101456466201253300155303082111
  Level 4 size: 2
  Added to proof: 68707805291125709217780897399343780900556216299315256742021570282172139855342
  Final proof length: 5
  --- Verification details for leaf 4 after adding 18 leaves ---
  Verifying leaf: 9718660262289985226213547307049526568607798083323067650698233131271439501106
  Merkle root: 73342511100887225238186916130623334392844955136943380784671174336087748334064
  Proof length: 5
  Proof element 0 : 114806096316174656260172984043681595992173194076043313710926606652151351550195
  Computed hash after element 0 : 42994468410347004737970376126143620665813473361490896099477539813509562736181
  Proof element 1 : 4819654492366420278237764346194618123787186199882361681321774604810163462263
  Computed hash after element 1 : 86167276729270415220365293603154116830872546334163333883227179387055231533441
  Proof element 2 : 90519645207031266945590244632322326520069529432013691057992262226385608141027
  Computed hash after element 2 : 44812029912269844639383167223451376600872748978496635971607178627452478213724
  Proof element 3 : 58589837049834144583211226689647012306316922949101456466201253300155303082111
  Computed hash after element 3 : 86128377917019908445957012829255022949550602761192088501649658527506321620714
  Proof element 4 : 68707805291125709217780897399343780900556216299315256742021570282172139855342
  Computed hash after element 4 : 73342511100887225238186916130623334392844955136943380784671174336087748334064
  Is valid: true
  --- End of verification details ---
  Successfully verified leaf 4 after adding 18 leaves
  Getting proof for leaf index: 4
  Tree depth: 5
  Level 0 size: 18
  Added to proof: 42656216575733633865718546135288608701490211943531992892543518422469545049160
  Level 1 size: 9
  Added to proof: 89139659228322516991511902812947417818976567277539582619759529237285492222351
  Level 2 size: 5
  Added to proof: 86167276729270415220365293603154116830872546334163333883227179387055231533441
  Level 3 size: 3
  Added to proof: 58589837049834144583211226689647012306316922949101456466201253300155303082111
  Level 4 size: 2
  Added to proof: 68707805291125709217780897399343780900556216299315256742021570282172139855342
  Final proof length: 5
  --- Verification details for leaf 5 after adding 18 leaves ---
  Verifying leaf: 3327891084304698462684256911003812127873740397003554529128445276024109161606
  Merkle root: 73342511100887225238186916130623334392844955136943380784671174336087748334064
  Proof length: 5
  Proof element 0 : 42656216575733633865718546135288608701490211943531992892543518422469545049160
  Computed hash after element 0 : 79680312521381101304386615379526824036772258414601889669286272159596699208134
  Proof element 1 : 89139659228322516991511902812947417818976567277539582619759529237285492222351
  Computed hash after element 1 : 90519645207031266945590244632322326520069529432013691057992262226385608141027
  Proof element 2 : 86167276729270415220365293603154116830872546334163333883227179387055231533441
  Computed hash after element 2 : 44812029912269844639383167223451376600872748978496635971607178627452478213724
  Proof element 3 : 58589837049834144583211226689647012306316922949101456466201253300155303082111
  Computed hash after element 3 : 86128377917019908445957012829255022949550602761192088501649658527506321620714
  Proof element 4 : 68707805291125709217780897399343780900556216299315256742021570282172139855342
  Computed hash after element 4 : 73342511100887225238186916130623334392844955136943380784671174336087748334064
  Is valid: true
  --- End of verification details ---
  Successfully verified leaf 5 after adding 18 leaves
  Getting proof for leaf index: 5
  Tree depth: 5
  Level 0 size: 18
  Added to proof: 3327891084304698462684256911003812127873740397003554529128445276024109161606
  Level 1 size: 9
  Added to proof: 89139659228322516991511902812947417818976567277539582619759529237285492222351
  Level 2 size: 5
  Added to proof: 86167276729270415220365293603154116830872546334163333883227179387055231533441
  Level 3 size: 3
  Added to proof: 58589837049834144583211226689647012306316922949101456466201253300155303082111
  Level 4 size: 2
  Added to proof: 68707805291125709217780897399343780900556216299315256742021570282172139855342
  Final proof length: 5
  --- Verification details for leaf 6 after adding 18 leaves ---
  Verifying leaf: 42656216575733633865718546135288608701490211943531992892543518422469545049160
  Merkle root: 73342511100887225238186916130623334392844955136943380784671174336087748334064
  Proof length: 5
  Proof element 0 : 3327891084304698462684256911003812127873740397003554529128445276024109161606
  Computed hash after element 0 : 79680312521381101304386615379526824036772258414601889669286272159596699208134
  Proof element 1 : 89139659228322516991511902812947417818976567277539582619759529237285492222351
  Computed hash after element 1 : 90519645207031266945590244632322326520069529432013691057992262226385608141027
  Proof element 2 : 86167276729270415220365293603154116830872546334163333883227179387055231533441
  Computed hash after element 2 : 44812029912269844639383167223451376600872748978496635971607178627452478213724
  Proof element 3 : 58589837049834144583211226689647012306316922949101456466201253300155303082111
  Computed hash after element 3 : 86128377917019908445957012829255022949550602761192088501649658527506321620714
  Proof element 4 : 68707805291125709217780897399343780900556216299315256742021570282172139855342
  Computed hash after element 4 : 73342511100887225238186916130623334392844955136943380784671174336087748334064
  Is valid: true
  --- End of verification details ---
  Successfully verified leaf 6 after adding 18 leaves
  Getting proof for leaf index: 6
  Tree depth: 5
  Level 0 size: 18
  Added to proof: 41333877701255859865019379003725985110118058655845990608936096526874421775531
  Level 1 size: 9
  Added to proof: 79680312521381101304386615379526824036772258414601889669286272159596699208134
  Level 2 size: 5
  Added to proof: 86167276729270415220365293603154116830872546334163333883227179387055231533441
  Level 3 size: 3
  Added to proof: 58589837049834144583211226689647012306316922949101456466201253300155303082111
  Level 4 size: 2
  Added to proof: 68707805291125709217780897399343780900556216299315256742021570282172139855342
  Final proof length: 5
  --- Verification details for leaf 7 after adding 18 leaves ---
  Verifying leaf: 77058788664304649396218556642747909996121735590822886025965307874683454946759
  Merkle root: 73342511100887225238186916130623334392844955136943380784671174336087748334064
  Proof length: 5
  Proof element 0 : 41333877701255859865019379003725985110118058655845990608936096526874421775531
  Computed hash after element 0 : 89139659228322516991511902812947417818976567277539582619759529237285492222351
  Proof element 1 : 79680312521381101304386615379526824036772258414601889669286272159596699208134
  Computed hash after element 1 : 90519645207031266945590244632322326520069529432013691057992262226385608141027
  Proof element 2 : 86167276729270415220365293603154116830872546334163333883227179387055231533441
  Computed hash after element 2 : 44812029912269844639383167223451376600872748978496635971607178627452478213724
  Proof element 3 : 58589837049834144583211226689647012306316922949101456466201253300155303082111
  Computed hash after element 3 : 86128377917019908445957012829255022949550602761192088501649658527506321620714
  Proof element 4 : 68707805291125709217780897399343780900556216299315256742021570282172139855342
  Computed hash after element 4 : 73342511100887225238186916130623334392844955136943380784671174336087748334064
  Is valid: true
  --- End of verification details ---
  Successfully verified leaf 7 after adding 18 leaves
  Getting proof for leaf index: 7
  Tree depth: 5
  Level 0 size: 18
  Added to proof: 77058788664304649396218556642747909996121735590822886025965307874683454946759
  Level 1 size: 9
  Added to proof: 79680312521381101304386615379526824036772258414601889669286272159596699208134
  Level 2 size: 5
  Added to proof: 86167276729270415220365293603154116830872546334163333883227179387055231533441
  Level 3 size: 3
  Added to proof: 58589837049834144583211226689647012306316922949101456466201253300155303082111
  Level 4 size: 2
  Added to proof: 68707805291125709217780897399343780900556216299315256742021570282172139855342
  Final proof length: 5
  --- Verification details for leaf 8 after adding 18 leaves ---
  Verifying leaf: 41333877701255859865019379003725985110118058655845990608936096526874421775531
  Merkle root: 73342511100887225238186916130623334392844955136943380784671174336087748334064
  Proof length: 5
  Proof element 0 : 77058788664304649396218556642747909996121735590822886025965307874683454946759
  Computed hash after element 0 : 89139659228322516991511902812947417818976567277539582619759529237285492222351
  Proof element 1 : 79680312521381101304386615379526824036772258414601889669286272159596699208134
  Computed hash after element 1 : 90519645207031266945590244632322326520069529432013691057992262226385608141027
  Proof element 2 : 86167276729270415220365293603154116830872546334163333883227179387055231533441
  Computed hash after element 2 : 44812029912269844639383167223451376600872748978496635971607178627452478213724
  Proof element 3 : 58589837049834144583211226689647012306316922949101456466201253300155303082111
  Computed hash after element 3 : 86128377917019908445957012829255022949550602761192088501649658527506321620714
  Proof element 4 : 68707805291125709217780897399343780900556216299315256742021570282172139855342
  Computed hash after element 4 : 73342511100887225238186916130623334392844955136943380784671174336087748334064
  Is valid: true
  --- End of verification details ---
  Successfully verified leaf 8 after adding 18 leaves
  Getting proof for leaf index: 8
  Tree depth: 5
  Level 0 size: 18
  Added to proof: 19972288769315928479630679177845711677268766594983667860090139443496462084286
  Level 1 size: 9
  Added to proof: 86830204781467795827957492631466613281393886399951120238877606491319470472592
  Level 2 size: 5
  Added to proof: 71129321183645985042233441554048622660549772896301430670938088189986418104761
  Level 3 size: 3
  Added to proof: 44812029912269844639383167223451376600872748978496635971607178627452478213724
  Level 4 size: 2
  Added to proof: 68707805291125709217780897399343780900556216299315256742021570282172139855342
  Final proof length: 5
  --- Verification details for leaf 9 after adding 18 leaves ---
  Verifying leaf: 83097023403658896075826216087624068326805273787826444717403742070225742999267
  Merkle root: 73342511100887225238186916130623334392844955136943380784671174336087748334064
  Proof length: 5
  Proof element 0 : 19972288769315928479630679177845711677268766594983667860090139443496462084286
  Computed hash after element 0 : 110058130168134052799716071097073281996591153893535428294527808496692578065614
  Proof element 1 : 86830204781467795827957492631466613281393886399951120238877606491319470472592
  Computed hash after element 1 : 107653161125649642032491443308982527566324346567968513637810199776622513001405
  Proof element 2 : 71129321183645985042233441554048622660549772896301430670938088189986418104761
  Computed hash after element 2 : 58589837049834144583211226689647012306316922949101456466201253300155303082111
  Proof element 3 : 44812029912269844639383167223451376600872748978496635971607178627452478213724
  Computed hash after element 3 : 86128377917019908445957012829255022949550602761192088501649658527506321620714
  Proof element 4 : 68707805291125709217780897399343780900556216299315256742021570282172139855342
  Computed hash after element 4 : 73342511100887225238186916130623334392844955136943380784671174336087748334064
  Is valid: true
  --- End of verification details ---
  Successfully verified leaf 9 after adding 18 leaves
  Getting proof for leaf index: 9
  Tree depth: 5
  Level 0 size: 18
  Added to proof: 83097023403658896075826216087624068326805273787826444717403742070225742999267
  Level 1 size: 9
  Added to proof: 86830204781467795827957492631466613281393886399951120238877606491319470472592
  Level 2 size: 5
  Added to proof: 71129321183645985042233441554048622660549772896301430670938088189986418104761
  Level 3 size: 3
  Added to proof: 44812029912269844639383167223451376600872748978496635971607178627452478213724
  Level 4 size: 2
  Added to proof: 68707805291125709217780897399343780900556216299315256742021570282172139855342
  Final proof length: 5
  --- Verification details for leaf 10 after adding 18 leaves ---
  Verifying leaf: 19972288769315928479630679177845711677268766594983667860090139443496462084286
  Merkle root: 73342511100887225238186916130623334392844955136943380784671174336087748334064
  Proof length: 5
  Proof element 0 : 83097023403658896075826216087624068326805273787826444717403742070225742999267
  Computed hash after element 0 : 110058130168134052799716071097073281996591153893535428294527808496692578065614
  Proof element 1 : 86830204781467795827957492631466613281393886399951120238877606491319470472592
  Computed hash after element 1 : 107653161125649642032491443308982527566324346567968513637810199776622513001405
  Proof element 2 : 71129321183645985042233441554048622660549772896301430670938088189986418104761
  Computed hash after element 2 : 58589837049834144583211226689647012306316922949101456466201253300155303082111
  Proof element 3 : 44812029912269844639383167223451376600872748978496635971607178627452478213724
  Computed hash after element 3 : 86128377917019908445957012829255022949550602761192088501649658527506321620714
  Proof element 4 : 68707805291125709217780897399343780900556216299315256742021570282172139855342
  Computed hash after element 4 : 73342511100887225238186916130623334392844955136943380784671174336087748334064
  Is valid: true
  --- End of verification details ---
  Successfully verified leaf 10 after adding 18 leaves
  Getting proof for leaf index: 10
  Tree depth: 5
  Level 0 size: 18
  Added to proof: 96593053628671560174693064981485823685325506728506954480672468072431603451342
  Level 1 size: 9
  Added to proof: 110058130168134052799716071097073281996591153893535428294527808496692578065614
  Level 2 size: 5
  Added to proof: 71129321183645985042233441554048622660549772896301430670938088189986418104761
  Level 3 size: 3
  Added to proof: 44812029912269844639383167223451376600872748978496635971607178627452478213724
  Level 4 size: 2
  Added to proof: 68707805291125709217780897399343780900556216299315256742021570282172139855342
  Final proof length: 5
  --- Verification details for leaf 11 after adding 18 leaves ---
  Verifying leaf: 11059502003765752708342665740916089834825294147016530688590526355732680035651
  Merkle root: 73342511100887225238186916130623334392844955136943380784671174336087748334064
  Proof length: 5
  Proof element 0 : 96593053628671560174693064981485823685325506728506954480672468072431603451342
  Computed hash after element 0 : 86830204781467795827957492631466613281393886399951120238877606491319470472592
  Proof element 1 : 110058130168134052799716071097073281996591153893535428294527808496692578065614
  Computed hash after element 1 : 107653161125649642032491443308982527566324346567968513637810199776622513001405
  Proof element 2 : 71129321183645985042233441554048622660549772896301430670938088189986418104761
  Computed hash after element 2 : 58589837049834144583211226689647012306316922949101456466201253300155303082111
  Proof element 3 : 44812029912269844639383167223451376600872748978496635971607178627452478213724
  Computed hash after element 3 : 86128377917019908445957012829255022949550602761192088501649658527506321620714
  Proof element 4 : 68707805291125709217780897399343780900556216299315256742021570282172139855342
  Computed hash after element 4 : 73342511100887225238186916130623334392844955136943380784671174336087748334064
  Is valid: true
  --- End of verification details ---
  Successfully verified leaf 11 after adding 18 leaves
  Getting proof for leaf index: 11
  Tree depth: 5
  Level 0 size: 18
  Added to proof: 11059502003765752708342665740916089834825294147016530688590526355732680035651
  Level 1 size: 9
  Added to proof: 110058130168134052799716071097073281996591153893535428294527808496692578065614
  Level 2 size: 5
  Added to proof: 71129321183645985042233441554048622660549772896301430670938088189986418104761
  Level 3 size: 3
  Added to proof: 44812029912269844639383167223451376600872748978496635971607178627452478213724
  Level 4 size: 2
  Added to proof: 68707805291125709217780897399343780900556216299315256742021570282172139855342
  Final proof length: 5
  --- Verification details for leaf 12 after adding 18 leaves ---
  Verifying leaf: 96593053628671560174693064981485823685325506728506954480672468072431603451342
  Merkle root: 73342511100887225238186916130623334392844955136943380784671174336087748334064
  Proof length: 5
  Proof element 0 : 11059502003765752708342665740916089834825294147016530688590526355732680035651
  Computed hash after element 0 : 86830204781467795827957492631466613281393886399951120238877606491319470472592
  Proof element 1 : 110058130168134052799716071097073281996591153893535428294527808496692578065614
  Computed hash after element 1 : 107653161125649642032491443308982527566324346567968513637810199776622513001405
  Proof element 2 : 71129321183645985042233441554048622660549772896301430670938088189986418104761
  Computed hash after element 2 : 58589837049834144583211226689647012306316922949101456466201253300155303082111
  Proof element 3 : 44812029912269844639383167223451376600872748978496635971607178627452478213724
  Computed hash after element 3 : 86128377917019908445957012829255022949550602761192088501649658527506321620714
  Proof element 4 : 68707805291125709217780897399343780900556216299315256742021570282172139855342
  Computed hash after element 4 : 73342511100887225238186916130623334392844955136943380784671174336087748334064
  Is valid: true
  --- End of verification details ---
  Successfully verified leaf 12 after adding 18 leaves
  Getting proof for leaf index: 12
  Tree depth: 5
  Level 0 size: 18
  Added to proof: 33672592122163231522297444352452316230401835406380993219594760926723533962405
  Level 1 size: 9
  Added to proof: 68222527226755524790505848492501156006903177263714150024810130256539423849504
  Level 2 size: 5
  Added to proof: 107653161125649642032491443308982527566324346567968513637810199776622513001405
  Level 3 size: 3
  Added to proof: 44812029912269844639383167223451376600872748978496635971607178627452478213724
  Level 4 size: 2
  Added to proof: 68707805291125709217780897399343780900556216299315256742021570282172139855342
  Final proof length: 5
  --- Verification details for leaf 13 after adding 18 leaves ---
  Verifying leaf: 92619562252365677669901163699204566607949558994432207550606556910840817279335
  Merkle root: 73342511100887225238186916130623334392844955136943380784671174336087748334064
  Proof length: 5
  Proof element 0 : 33672592122163231522297444352452316230401835406380993219594760926723533962405
  Computed hash after element 0 : 27450459817178025726961910999305864805083219849135273456119843313523604327146
  Proof element 1 : 68222527226755524790505848492501156006903177263714150024810130256539423849504
  Computed hash after element 1 : 71129321183645985042233441554048622660549772896301430670938088189986418104761
  Proof element 2 : 107653161125649642032491443308982527566324346567968513637810199776622513001405
  Computed hash after element 2 : 58589837049834144583211226689647012306316922949101456466201253300155303082111
  Proof element 3 : 44812029912269844639383167223451376600872748978496635971607178627452478213724
  Computed hash after element 3 : 86128377917019908445957012829255022949550602761192088501649658527506321620714
  Proof element 4 : 68707805291125709217780897399343780900556216299315256742021570282172139855342
  Computed hash after element 4 : 73342511100887225238186916130623334392844955136943380784671174336087748334064
  Is valid: true
  --- End of verification details ---
  Successfully verified leaf 13 after adding 18 leaves
  Getting proof for leaf index: 13
  Tree depth: 5
  Level 0 size: 18
  Added to proof: 92619562252365677669901163699204566607949558994432207550606556910840817279335
  Level 1 size: 9
  Added to proof: 68222527226755524790505848492501156006903177263714150024810130256539423849504
  Level 2 size: 5
  Added to proof: 107653161125649642032491443308982527566324346567968513637810199776622513001405
  Level 3 size: 3
  Added to proof: 44812029912269844639383167223451376600872748978496635971607178627452478213724
  Level 4 size: 2
  Added to proof: 68707805291125709217780897399343780900556216299315256742021570282172139855342
  Final proof length: 5
  --- Verification details for leaf 14 after adding 18 leaves ---
  Verifying leaf: 33672592122163231522297444352452316230401835406380993219594760926723533962405
  Merkle root: 73342511100887225238186916130623334392844955136943380784671174336087748334064
  Proof length: 5
  Proof element 0 : 92619562252365677669901163699204566607949558994432207550606556910840817279335
  Computed hash after element 0 : 27450459817178025726961910999305864805083219849135273456119843313523604327146
  Proof element 1 : 68222527226755524790505848492501156006903177263714150024810130256539423849504
  Computed hash after element 1 : 71129321183645985042233441554048622660549772896301430670938088189986418104761
  Proof element 2 : 107653161125649642032491443308982527566324346567968513637810199776622513001405
  Computed hash after element 2 : 58589837049834144583211226689647012306316922949101456466201253300155303082111
  Proof element 3 : 44812029912269844639383167223451376600872748978496635971607178627452478213724
  Computed hash after element 3 : 86128377917019908445957012829255022949550602761192088501649658527506321620714
  Proof element 4 : 68707805291125709217780897399343780900556216299315256742021570282172139855342
  Computed hash after element 4 : 73342511100887225238186916130623334392844955136943380784671174336087748334064
  Is valid: true
  --- End of verification details ---
  Successfully verified leaf 14 after adding 18 leaves
  Getting proof for leaf index: 14
  Tree depth: 5
  Level 0 size: 18
  Added to proof: 29282441118156610795451351767893172742723572721638635483486521378003152140138
  Level 1 size: 9
  Added to proof: 27450459817178025726961910999305864805083219849135273456119843313523604327146
  Level 2 size: 5
  Added to proof: 107653161125649642032491443308982527566324346567968513637810199776622513001405
  Level 3 size: 3
  Added to proof: 44812029912269844639383167223451376600872748978496635971607178627452478213724
  Level 4 size: 2
  Added to proof: 68707805291125709217780897399343780900556216299315256742021570282172139855342
  Final proof length: 5
  --- Verification details for leaf 15 after adding 18 leaves ---
  Verifying leaf: 49376861721947691573602341854337835825465271023485523889471862409499079557266
  Merkle root: 73342511100887225238186916130623334392844955136943380784671174336087748334064
  Proof length: 5
  Proof element 0 : 29282441118156610795451351767893172742723572721638635483486521378003152140138
  Computed hash after element 0 : 68222527226755524790505848492501156006903177263714150024810130256539423849504
  Proof element 1 : 27450459817178025726961910999305864805083219849135273456119843313523604327146
  Computed hash after element 1 : 71129321183645985042233441554048622660549772896301430670938088189986418104761
  Proof element 2 : 107653161125649642032491443308982527566324346567968513637810199776622513001405
  Computed hash after element 2 : 58589837049834144583211226689647012306316922949101456466201253300155303082111
  Proof element 3 : 44812029912269844639383167223451376600872748978496635971607178627452478213724
  Computed hash after element 3 : 86128377917019908445957012829255022949550602761192088501649658527506321620714
  Proof element 4 : 68707805291125709217780897399343780900556216299315256742021570282172139855342
  Computed hash after element 4 : 73342511100887225238186916130623334392844955136943380784671174336087748334064
  Is valid: true
  --- End of verification details ---
  Successfully verified leaf 15 after adding 18 leaves
  Getting proof for leaf index: 15
  Tree depth: 5
  Level 0 size: 18
  Added to proof: 49376861721947691573602341854337835825465271023485523889471862409499079557266
  Level 1 size: 9
  Added to proof: 27450459817178025726961910999305864805083219849135273456119843313523604327146
  Level 2 size: 5
  Added to proof: 107653161125649642032491443308982527566324346567968513637810199776622513001405
  Level 3 size: 3
  Added to proof: 44812029912269844639383167223451376600872748978496635971607178627452478213724
  Level 4 size: 2
  Added to proof: 68707805291125709217780897399343780900556216299315256742021570282172139855342
  Final proof length: 5
  --- Verification details for leaf 16 after adding 18 leaves ---
  Verifying leaf: 29282441118156610795451351767893172742723572721638635483486521378003152140138
  Merkle root: 73342511100887225238186916130623334392844955136943380784671174336087748334064
  Proof length: 5
  Proof element 0 : 49376861721947691573602341854337835825465271023485523889471862409499079557266
  Computed hash after element 0 : 68222527226755524790505848492501156006903177263714150024810130256539423849504
  Proof element 1 : 27450459817178025726961910999305864805083219849135273456119843313523604327146
  Computed hash after element 1 : 71129321183645985042233441554048622660549772896301430670938088189986418104761
  Proof element 2 : 107653161125649642032491443308982527566324346567968513637810199776622513001405
  Computed hash after element 2 : 58589837049834144583211226689647012306316922949101456466201253300155303082111
  Proof element 3 : 44812029912269844639383167223451376600872748978496635971607178627452478213724
  Computed hash after element 3 : 86128377917019908445957012829255022949550602761192088501649658527506321620714
  Proof element 4 : 68707805291125709217780897399343780900556216299315256742021570282172139855342
  Computed hash after element 4 : 73342511100887225238186916130623334392844955136943380784671174336087748334064
  Is valid: true
  --- End of verification details ---
  Successfully verified leaf 16 after adding 18 leaves
  Getting proof for leaf index: 16
  Tree depth: 5
  Level 0 size: 18
  Added to proof: 84400808403309474247251277457382660891608361063132282181411243421902705171780
  Level 1 size: 9
  Added to proof (odd level): 68707805291125709217780897399343780900556216299315256742021570282172139855342
  Level 2 size: 5
  Added to proof (odd level): 68707805291125709217780897399343780900556216299315256742021570282172139855342
  Level 3 size: 3
  Added to proof (odd level): 68707805291125709217780897399343780900556216299315256742021570282172139855342
  Level 4 size: 2
  Added to proof: 86128377917019908445957012829255022949550602761192088501649658527506321620714
  Final proof length: 5
  --- Verification details for leaf 17 after adding 18 leaves ---
  Verifying leaf: 21979652522633138675855471474548080148032271092062185065410366224797086795229
  Merkle root: 73342511100887225238186916130623334392844955136943380784671174336087748334064
  Proof length: 5
  Proof element 0 : 84400808403309474247251277457382660891608361063132282181411243421902705171780
  Computed hash after element 0 : 68707805291125709217780897399343780900556216299315256742021570282172139855342
  Proof element 1 : 68707805291125709217780897399343780900556216299315256742021570282172139855342
  Computed hash after element 1 : 51920681184817115840818331037065371666768967414446632903266149244701009050274
  Proof element 2 : 68707805291125709217780897399343780900556216299315256742021570282172139855342
  Computed hash after element 2 : 28845211188060999399791334133571501923208662972992643563965153604619897181222
  Proof element 3 : 68707805291125709217780897399343780900556216299315256742021570282172139855342
  Computed hash after element 3 : 27464650503479803145911618257982466293589248500392197134237082968620206368099
  Proof element 4 : 86128377917019908445957012829255022949550602761192088501649658527506321620714
  Computed hash after element 4 : 106202056338403788838062510589052385211326445108795870231196612377321081896590
  Is valid: false
  --- End of verification details ---
  Failed to verify leaf 17 after adding 18 leaves
  Getting proof for leaf index: 17
  Tree depth: 5
  Level 0 size: 18
  Added to proof: 21979652522633138675855471474548080148032271092062185065410366224797086795229
  Level 1 size: 9
  Added to proof (odd level): 68707805291125709217780897399343780900556216299315256742021570282172139855342
  Level 2 size: 5
  Added to proof (odd level): 68707805291125709217780897399343780900556216299315256742021570282172139855342
  Level 3 size: 3
  Added to proof (odd level): 68707805291125709217780897399343780900556216299315256742021570282172139855342
  Level 4 size: 2
  Added to proof: 86128377917019908445957012829255022949550602761192088501649658527506321620714
  Final proof length: 5
  --- Verification details for leaf 18 after adding 18 leaves ---
  Verifying leaf: 84400808403309474247251277457382660891608361063132282181411243421902705171780
  Merkle root: 73342511100887225238186916130623334392844955136943380784671174336087748334064
  Proof length: 5
  Proof element 0 : 21979652522633138675855471474548080148032271092062185065410366224797086795229
  Computed hash after element 0 : 68707805291125709217780897399343780900556216299315256742021570282172139855342
  Proof element 1 : 68707805291125709217780897399343780900556216299315256742021570282172139855342
  Computed hash after element 1 : 51920681184817115840818331037065371666768967414446632903266149244701009050274
  Proof element 2 : 68707805291125709217780897399343780900556216299315256742021570282172139855342
  Computed hash after element 2 : 28845211188060999399791334133571501923208662972992643563965153604619897181222
  Proof element 3 : 68707805291125709217780897399343780900556216299315256742021570282172139855342
  Computed hash after element 3 : 27464650503479803145911618257982466293589248500392197134237082968620206368099
  Proof element 4 : 86128377917019908445957012829255022949550602761192088501649658527506321620714
  Computed hash after element 4 : 106202056338403788838062510589052385211326445108795870231196612377321081896590
  Is valid: false
  --- End of verification details ---
  Failed to verify leaf 18 after adding 18 leaves
  Added leaf 19
  Getting proof for leaf index: 0
  Tree depth: 5
  Level 0 size: 19
  Added to proof: 84303433209692230857384970403333823748570319246869449369625637863858470744792
  Level 1 size: 10
  Added to proof: 42994468410347004737970376126143620665813473361490896099477539813509562736181
  Level 2 size: 5
  Added to proof: 90519645207031266945590244632322326520069529432013691057992262226385608141027
  Level 3 size: 3
  Added to proof: 58589837049834144583211226689647012306316922949101456466201253300155303082111
  Level 4 size: 2
  Added to proof: 58970799088961112952336647953399251088847930591391758063450723545172698691839
  Final proof length: 5
  --- Verification details for leaf 1 after adding 19 leaves ---
  Verifying leaf: 1534629507014924801801850062420965747762703560098700086918056654539096211930
  Merkle root: 88918475406156581982430787140777871531310201529806011182131589911559220693048
  Proof length: 5
  Proof element 0 : 84303433209692230857384970403333823748570319246869449369625637863858470744792
  Computed hash after element 0 : 4819654492366420278237764346194618123787186199882361681321774604810163462263
  Proof element 1 : 42994468410347004737970376126143620665813473361490896099477539813509562736181
  Computed hash after element 1 : 86167276729270415220365293603154116830872546334163333883227179387055231533441
  Proof element 2 : 90519645207031266945590244632322326520069529432013691057992262226385608141027
  Computed hash after element 2 : 44812029912269844639383167223451376600872748978496635971607178627452478213724
  Proof element 3 : 58589837049834144583211226689647012306316922949101456466201253300155303082111
  Computed hash after element 3 : 86128377917019908445957012829255022949550602761192088501649658527506321620714
  Proof element 4 : 58970799088961112952336647953399251088847930591391758063450723545172698691839
  Computed hash after element 4 : 88918475406156581982430787140777871531310201529806011182131589911559220693048
  Is valid: true
  --- End of verification details ---
  Successfully verified leaf 1 after adding 19 leaves
  Getting proof for leaf index: 1
  Tree depth: 5
  Level 0 size: 19
  Added to proof: 1534629507014924801801850062420965747762703560098700086918056654539096211930
  Level 1 size: 10
  Added to proof: 42994468410347004737970376126143620665813473361490896099477539813509562736181
  Level 2 size: 5
  Added to proof: 90519645207031266945590244632322326520069529432013691057992262226385608141027
  Level 3 size: 3
  Added to proof: 58589837049834144583211226689647012306316922949101456466201253300155303082111
  Level 4 size: 2
  Added to proof: 58970799088961112952336647953399251088847930591391758063450723545172698691839
  Final proof length: 5
  --- Verification details for leaf 2 after adding 19 leaves ---
  Verifying leaf: 84303433209692230857384970403333823748570319246869449369625637863858470744792
  Merkle root: 88918475406156581982430787140777871531310201529806011182131589911559220693048
  Proof length: 5
  Proof element 0 : 1534629507014924801801850062420965747762703560098700086918056654539096211930
  Computed hash after element 0 : 4819654492366420278237764346194618123787186199882361681321774604810163462263
  Proof element 1 : 42994468410347004737970376126143620665813473361490896099477539813509562736181
  Computed hash after element 1 : 86167276729270415220365293603154116830872546334163333883227179387055231533441
  Proof element 2 : 90519645207031266945590244632322326520069529432013691057992262226385608141027
  Computed hash after element 2 : 44812029912269844639383167223451376600872748978496635971607178627452478213724
  Proof element 3 : 58589837049834144583211226689647012306316922949101456466201253300155303082111
  Computed hash after element 3 : 86128377917019908445957012829255022949550602761192088501649658527506321620714
  Proof element 4 : 58970799088961112952336647953399251088847930591391758063450723545172698691839
  Computed hash after element 4 : 88918475406156581982430787140777871531310201529806011182131589911559220693048
  Is valid: true
  --- End of verification details ---
  Successfully verified leaf 2 after adding 19 leaves
  Getting proof for leaf index: 2
  Tree depth: 5
  Level 0 size: 19
  Added to proof: 9718660262289985226213547307049526568607798083323067650698233131271439501106
  Level 1 size: 10
  Added to proof: 4819654492366420278237764346194618123787186199882361681321774604810163462263
  Level 2 size: 5
  Added to proof: 90519645207031266945590244632322326520069529432013691057992262226385608141027
  Level 3 size: 3
  Added to proof: 58589837049834144583211226689647012306316922949101456466201253300155303082111
  Level 4 size: 2
  Added to proof: 58970799088961112952336647953399251088847930591391758063450723545172698691839
  Final proof length: 5
  --- Verification details for leaf 3 after adding 19 leaves ---
  Verifying leaf: 114806096316174656260172984043681595992173194076043313710926606652151351550195
  Merkle root: 88918475406156581982430787140777871531310201529806011182131589911559220693048
  Proof length: 5
  Proof element 0 : 9718660262289985226213547307049526568607798083323067650698233131271439501106
  Computed hash after element 0 : 42994468410347004737970376126143620665813473361490896099477539813509562736181
  Proof element 1 : 4819654492366420278237764346194618123787186199882361681321774604810163462263
  Computed hash after element 1 : 86167276729270415220365293603154116830872546334163333883227179387055231533441
  Proof element 2 : 90519645207031266945590244632322326520069529432013691057992262226385608141027
  Computed hash after element 2 : 44812029912269844639383167223451376600872748978496635971607178627452478213724
  Proof element 3 : 58589837049834144583211226689647012306316922949101456466201253300155303082111
  Computed hash after element 3 : 86128377917019908445957012829255022949550602761192088501649658527506321620714
  Proof element 4 : 58970799088961112952336647953399251088847930591391758063450723545172698691839
  Computed hash after element 4 : 88918475406156581982430787140777871531310201529806011182131589911559220693048
  Is valid: true
  --- End of verification details ---
  Successfully verified leaf 3 after adding 19 leaves
  Getting proof for leaf index: 3
  Tree depth: 5
  Level 0 size: 19
  Added to proof: 114806096316174656260172984043681595992173194076043313710926606652151351550195
  Level 1 size: 10
  Added to proof: 4819654492366420278237764346194618123787186199882361681321774604810163462263
  Level 2 size: 5
  Added to proof: 90519645207031266945590244632322326520069529432013691057992262226385608141027
  Level 3 size: 3
  Added to proof: 58589837049834144583211226689647012306316922949101456466201253300155303082111
  Level 4 size: 2
  Added to proof: 58970799088961112952336647953399251088847930591391758063450723545172698691839
  Final proof length: 5
  --- Verification details for leaf 4 after adding 19 leaves ---
  Verifying leaf: 9718660262289985226213547307049526568607798083323067650698233131271439501106
  Merkle root: 88918475406156581982430787140777871531310201529806011182131589911559220693048
  Proof length: 5
  Proof element 0 : 114806096316174656260172984043681595992173194076043313710926606652151351550195
  Computed hash after element 0 : 42994468410347004737970376126143620665813473361490896099477539813509562736181
  Proof element 1 : 4819654492366420278237764346194618123787186199882361681321774604810163462263
  Computed hash after element 1 : 86167276729270415220365293603154116830872546334163333883227179387055231533441
  Proof element 2 : 90519645207031266945590244632322326520069529432013691057992262226385608141027
  Computed hash after element 2 : 44812029912269844639383167223451376600872748978496635971607178627452478213724
  Proof element 3 : 58589837049834144583211226689647012306316922949101456466201253300155303082111
  Computed hash after element 3 : 86128377917019908445957012829255022949550602761192088501649658527506321620714
  Proof element 4 : 58970799088961112952336647953399251088847930591391758063450723545172698691839
  Computed hash after element 4 : 88918475406156581982430787140777871531310201529806011182131589911559220693048
  Is valid: true
  --- End of verification details ---
  Successfully verified leaf 4 after adding 19 leaves
  Getting proof for leaf index: 4
  Tree depth: 5
  Level 0 size: 19
  Added to proof: 42656216575733633865718546135288608701490211943531992892543518422469545049160
  Level 1 size: 10
  Added to proof: 89139659228322516991511902812947417818976567277539582619759529237285492222351
  Level 2 size: 5
  Added to proof: 86167276729270415220365293603154116830872546334163333883227179387055231533441
  Level 3 size: 3
  Added to proof: 58589837049834144583211226689647012306316922949101456466201253300155303082111
  Level 4 size: 2
  Added to proof: 58970799088961112952336647953399251088847930591391758063450723545172698691839
  Final proof length: 5
  --- Verification details for leaf 5 after adding 19 leaves ---
  Verifying leaf: 3327891084304698462684256911003812127873740397003554529128445276024109161606
  Merkle root: 88918475406156581982430787140777871531310201529806011182131589911559220693048
  Proof length: 5
  Proof element 0 : 42656216575733633865718546135288608701490211943531992892543518422469545049160
  Computed hash after element 0 : 79680312521381101304386615379526824036772258414601889669286272159596699208134
  Proof element 1 : 89139659228322516991511902812947417818976567277539582619759529237285492222351
  Computed hash after element 1 : 90519645207031266945590244632322326520069529432013691057992262226385608141027
  Proof element 2 : 86167276729270415220365293603154116830872546334163333883227179387055231533441
  Computed hash after element 2 : 44812029912269844639383167223451376600872748978496635971607178627452478213724
  Proof element 3 : 58589837049834144583211226689647012306316922949101456466201253300155303082111
  Computed hash after element 3 : 86128377917019908445957012829255022949550602761192088501649658527506321620714
  Proof element 4 : 58970799088961112952336647953399251088847930591391758063450723545172698691839
  Computed hash after element 4 : 88918475406156581982430787140777871531310201529806011182131589911559220693048
  Is valid: true
  --- End of verification details ---
  Successfully verified leaf 5 after adding 19 leaves
  Getting proof for leaf index: 5
  Tree depth: 5
  Level 0 size: 19
  Added to proof: 3327891084304698462684256911003812127873740397003554529128445276024109161606
  Level 1 size: 10
  Added to proof: 89139659228322516991511902812947417818976567277539582619759529237285492222351
  Level 2 size: 5
  Added to proof: 86167276729270415220365293603154116830872546334163333883227179387055231533441
  Level 3 size: 3
  Added to proof: 58589837049834144583211226689647012306316922949101456466201253300155303082111
  Level 4 size: 2
  Added to proof: 58970799088961112952336647953399251088847930591391758063450723545172698691839
  Final proof length: 5
  --- Verification details for leaf 6 after adding 19 leaves ---
  Verifying leaf: 42656216575733633865718546135288608701490211943531992892543518422469545049160
  Merkle root: 88918475406156581982430787140777871531310201529806011182131589911559220693048
  Proof length: 5
  Proof element 0 : 3327891084304698462684256911003812127873740397003554529128445276024109161606
  Computed hash after element 0 : 79680312521381101304386615379526824036772258414601889669286272159596699208134
  Proof element 1 : 89139659228322516991511902812947417818976567277539582619759529237285492222351
  Computed hash after element 1 : 90519645207031266945590244632322326520069529432013691057992262226385608141027
  Proof element 2 : 86167276729270415220365293603154116830872546334163333883227179387055231533441
  Computed hash after element 2 : 44812029912269844639383167223451376600872748978496635971607178627452478213724
  Proof element 3 : 58589837049834144583211226689647012306316922949101456466201253300155303082111
  Computed hash after element 3 : 86128377917019908445957012829255022949550602761192088501649658527506321620714
  Proof element 4 : 58970799088961112952336647953399251088847930591391758063450723545172698691839
  Computed hash after element 4 : 88918475406156581982430787140777871531310201529806011182131589911559220693048
  Is valid: true
  --- End of verification details ---
  Successfully verified leaf 6 after adding 19 leaves
  Getting proof for leaf index: 6
  Tree depth: 5
  Level 0 size: 19
  Added to proof: 41333877701255859865019379003725985110118058655845990608936096526874421775531
  Level 1 size: 10
  Added to proof: 79680312521381101304386615379526824036772258414601889669286272159596699208134
  Level 2 size: 5
  Added to proof: 86167276729270415220365293603154116830872546334163333883227179387055231533441
  Level 3 size: 3
  Added to proof: 58589837049834144583211226689647012306316922949101456466201253300155303082111
  Level 4 size: 2
  Added to proof: 58970799088961112952336647953399251088847930591391758063450723545172698691839
  Final proof length: 5
  --- Verification details for leaf 7 after adding 19 leaves ---
  Verifying leaf: 77058788664304649396218556642747909996121735590822886025965307874683454946759
  Merkle root: 88918475406156581982430787140777871531310201529806011182131589911559220693048
  Proof length: 5
  Proof element 0 : 41333877701255859865019379003725985110118058655845990608936096526874421775531
  Computed hash after element 0 : 89139659228322516991511902812947417818976567277539582619759529237285492222351
  Proof element 1 : 79680312521381101304386615379526824036772258414601889669286272159596699208134
  Computed hash after element 1 : 90519645207031266945590244632322326520069529432013691057992262226385608141027
  Proof element 2 : 86167276729270415220365293603154116830872546334163333883227179387055231533441
  Computed hash after element 2 : 44812029912269844639383167223451376600872748978496635971607178627452478213724
  Proof element 3 : 58589837049834144583211226689647012306316922949101456466201253300155303082111
  Computed hash after element 3 : 86128377917019908445957012829255022949550602761192088501649658527506321620714
  Proof element 4 : 58970799088961112952336647953399251088847930591391758063450723545172698691839
  Computed hash after element 4 : 88918475406156581982430787140777871531310201529806011182131589911559220693048
  Is valid: true
  --- End of verification details ---
  Successfully verified leaf 7 after adding 19 leaves
  Getting proof for leaf index: 7
  Tree depth: 5
  Level 0 size: 19
  Added to proof: 77058788664304649396218556642747909996121735590822886025965307874683454946759
  Level 1 size: 10
  Added to proof: 79680312521381101304386615379526824036772258414601889669286272159596699208134
  Level 2 size: 5
  Added to proof: 86167276729270415220365293603154116830872546334163333883227179387055231533441
  Level 3 size: 3
  Added to proof: 58589837049834144583211226689647012306316922949101456466201253300155303082111
  Level 4 size: 2
  Added to proof: 58970799088961112952336647953399251088847930591391758063450723545172698691839
  Final proof length: 5
  --- Verification details for leaf 8 after adding 19 leaves ---
  Verifying leaf: 41333877701255859865019379003725985110118058655845990608936096526874421775531
  Merkle root: 88918475406156581982430787140777871531310201529806011182131589911559220693048
  Proof length: 5
  Proof element 0 : 77058788664304649396218556642747909996121735590822886025965307874683454946759
  Computed hash after element 0 : 89139659228322516991511902812947417818976567277539582619759529237285492222351
  Proof element 1 : 79680312521381101304386615379526824036772258414601889669286272159596699208134
  Computed hash after element 1 : 90519645207031266945590244632322326520069529432013691057992262226385608141027
  Proof element 2 : 86167276729270415220365293603154116830872546334163333883227179387055231533441
  Computed hash after element 2 : 44812029912269844639383167223451376600872748978496635971607178627452478213724
  Proof element 3 : 58589837049834144583211226689647012306316922949101456466201253300155303082111
  Computed hash after element 3 : 86128377917019908445957012829255022949550602761192088501649658527506321620714
  Proof element 4 : 58970799088961112952336647953399251088847930591391758063450723545172698691839
  Computed hash after element 4 : 88918475406156581982430787140777871531310201529806011182131589911559220693048
  Is valid: true
  --- End of verification details ---
  Successfully verified leaf 8 after adding 19 leaves
  Getting proof for leaf index: 8
  Tree depth: 5
  Level 0 size: 19
  Added to proof: 19972288769315928479630679177845711677268766594983667860090139443496462084286
  Level 1 size: 10
  Added to proof: 86830204781467795827957492631466613281393886399951120238877606491319470472592
  Level 2 size: 5
  Added to proof: 71129321183645985042233441554048622660549772896301430670938088189986418104761
  Level 3 size: 3
  Added to proof: 44812029912269844639383167223451376600872748978496635971607178627452478213724
  Level 4 size: 2
  Added to proof: 58970799088961112952336647953399251088847930591391758063450723545172698691839
  Final proof length: 5
  --- Verification details for leaf 9 after adding 19 leaves ---
  Verifying leaf: 83097023403658896075826216087624068326805273787826444717403742070225742999267
  Merkle root: 88918475406156581982430787140777871531310201529806011182131589911559220693048
  Proof length: 5
  Proof element 0 : 19972288769315928479630679177845711677268766594983667860090139443496462084286
  Computed hash after element 0 : 110058130168134052799716071097073281996591153893535428294527808496692578065614
  Proof element 1 : 86830204781467795827957492631466613281393886399951120238877606491319470472592
  Computed hash after element 1 : 107653161125649642032491443308982527566324346567968513637810199776622513001405
  Proof element 2 : 71129321183645985042233441554048622660549772896301430670938088189986418104761
  Computed hash after element 2 : 58589837049834144583211226689647012306316922949101456466201253300155303082111
  Proof element 3 : 44812029912269844639383167223451376600872748978496635971607178627452478213724
  Computed hash after element 3 : 86128377917019908445957012829255022949550602761192088501649658527506321620714
  Proof element 4 : 58970799088961112952336647953399251088847930591391758063450723545172698691839
  Computed hash after element 4 : 88918475406156581982430787140777871531310201529806011182131589911559220693048
  Is valid: true
  --- End of verification details ---
  Successfully verified leaf 9 after adding 19 leaves
  Getting proof for leaf index: 9
  Tree depth: 5
  Level 0 size: 19
  Added to proof: 83097023403658896075826216087624068326805273787826444717403742070225742999267
  Level 1 size: 10
  Added to proof: 86830204781467795827957492631466613281393886399951120238877606491319470472592
  Level 2 size: 5
  Added to proof: 71129321183645985042233441554048622660549772896301430670938088189986418104761
  Level 3 size: 3
  Added to proof: 44812029912269844639383167223451376600872748978496635971607178627452478213724
  Level 4 size: 2
  Added to proof: 58970799088961112952336647953399251088847930591391758063450723545172698691839
  Final proof length: 5
  --- Verification details for leaf 10 after adding 19 leaves ---
  Verifying leaf: 19972288769315928479630679177845711677268766594983667860090139443496462084286
  Merkle root: 88918475406156581982430787140777871531310201529806011182131589911559220693048
  Proof length: 5
  Proof element 0 : 83097023403658896075826216087624068326805273787826444717403742070225742999267
  Computed hash after element 0 : 110058130168134052799716071097073281996591153893535428294527808496692578065614
  Proof element 1 : 86830204781467795827957492631466613281393886399951120238877606491319470472592
  Computed hash after element 1 : 107653161125649642032491443308982527566324346567968513637810199776622513001405
  Proof element 2 : 71129321183645985042233441554048622660549772896301430670938088189986418104761
  Computed hash after element 2 : 58589837049834144583211226689647012306316922949101456466201253300155303082111
  Proof element 3 : 44812029912269844639383167223451376600872748978496635971607178627452478213724
  Computed hash after element 3 : 86128377917019908445957012829255022949550602761192088501649658527506321620714
  Proof element 4 : 58970799088961112952336647953399251088847930591391758063450723545172698691839
  Computed hash after element 4 : 88918475406156581982430787140777871531310201529806011182131589911559220693048
  Is valid: true
  --- End of verification details ---
  Successfully verified leaf 10 after adding 19 leaves
  Getting proof for leaf index: 10
  Tree depth: 5
  Level 0 size: 19
  Added to proof: 96593053628671560174693064981485823685325506728506954480672468072431603451342
  Level 1 size: 10
  Added to proof: 110058130168134052799716071097073281996591153893535428294527808496692578065614
  Level 2 size: 5
  Added to proof: 71129321183645985042233441554048622660549772896301430670938088189986418104761
  Level 3 size: 3
  Added to proof: 44812029912269844639383167223451376600872748978496635971607178627452478213724
  Level 4 size: 2
  Added to proof: 58970799088961112952336647953399251088847930591391758063450723545172698691839
  Final proof length: 5
  --- Verification details for leaf 11 after adding 19 leaves ---
  Verifying leaf: 11059502003765752708342665740916089834825294147016530688590526355732680035651
  Merkle root: 88918475406156581982430787140777871531310201529806011182131589911559220693048
  Proof length: 5
  Proof element 0 : 96593053628671560174693064981485823685325506728506954480672468072431603451342
  Computed hash after element 0 : 86830204781467795827957492631466613281393886399951120238877606491319470472592
  Proof element 1 : 110058130168134052799716071097073281996591153893535428294527808496692578065614
  Computed hash after element 1 : 107653161125649642032491443308982527566324346567968513637810199776622513001405
  Proof element 2 : 71129321183645985042233441554048622660549772896301430670938088189986418104761
  Computed hash after element 2 : 58589837049834144583211226689647012306316922949101456466201253300155303082111
  Proof element 3 : 44812029912269844639383167223451376600872748978496635971607178627452478213724
  Computed hash after element 3 : 86128377917019908445957012829255022949550602761192088501649658527506321620714
  Proof element 4 : 58970799088961112952336647953399251088847930591391758063450723545172698691839
  Computed hash after element 4 : 88918475406156581982430787140777871531310201529806011182131589911559220693048
  Is valid: true
  --- End of verification details ---
  Successfully verified leaf 11 after adding 19 leaves
  Getting proof for leaf index: 11
  Tree depth: 5
  Level 0 size: 19
  Added to proof: 11059502003765752708342665740916089834825294147016530688590526355732680035651
  Level 1 size: 10
  Added to proof: 110058130168134052799716071097073281996591153893535428294527808496692578065614
  Level 2 size: 5
  Added to proof: 71129321183645985042233441554048622660549772896301430670938088189986418104761
  Level 3 size: 3
  Added to proof: 44812029912269844639383167223451376600872748978496635971607178627452478213724
  Level 4 size: 2
  Added to proof: 58970799088961112952336647953399251088847930591391758063450723545172698691839
  Final proof length: 5
  --- Verification details for leaf 12 after adding 19 leaves ---
  Verifying leaf: 96593053628671560174693064981485823685325506728506954480672468072431603451342
  Merkle root: 88918475406156581982430787140777871531310201529806011182131589911559220693048
  Proof length: 5
  Proof element 0 : 11059502003765752708342665740916089834825294147016530688590526355732680035651
  Computed hash after element 0 : 86830204781467795827957492631466613281393886399951120238877606491319470472592
  Proof element 1 : 110058130168134052799716071097073281996591153893535428294527808496692578065614
  Computed hash after element 1 : 107653161125649642032491443308982527566324346567968513637810199776622513001405
  Proof element 2 : 71129321183645985042233441554048622660549772896301430670938088189986418104761
  Computed hash after element 2 : 58589837049834144583211226689647012306316922949101456466201253300155303082111
  Proof element 3 : 44812029912269844639383167223451376600872748978496635971607178627452478213724
  Computed hash after element 3 : 86128377917019908445957012829255022949550602761192088501649658527506321620714
  Proof element 4 : 58970799088961112952336647953399251088847930591391758063450723545172698691839
  Computed hash after element 4 : 88918475406156581982430787140777871531310201529806011182131589911559220693048
  Is valid: true
  --- End of verification details ---
  Successfully verified leaf 12 after adding 19 leaves
  Getting proof for leaf index: 12
  Tree depth: 5
  Level 0 size: 19
  Added to proof: 33672592122163231522297444352452316230401835406380993219594760926723533962405
  Level 1 size: 10
  Added to proof: 68222527226755524790505848492501156006903177263714150024810130256539423849504
  Level 2 size: 5
  Added to proof: 107653161125649642032491443308982527566324346567968513637810199776622513001405
  Level 3 size: 3
  Added to proof: 44812029912269844639383167223451376600872748978496635971607178627452478213724
  Level 4 size: 2
  Added to proof: 58970799088961112952336647953399251088847930591391758063450723545172698691839
  Final proof length: 5
  --- Verification details for leaf 13 after adding 19 leaves ---
  Verifying leaf: 92619562252365677669901163699204566607949558994432207550606556910840817279335
  Merkle root: 88918475406156581982430787140777871531310201529806011182131589911559220693048
  Proof length: 5
  Proof element 0 : 33672592122163231522297444352452316230401835406380993219594760926723533962405
  Computed hash after element 0 : 27450459817178025726961910999305864805083219849135273456119843313523604327146
  Proof element 1 : 68222527226755524790505848492501156006903177263714150024810130256539423849504
  Computed hash after element 1 : 71129321183645985042233441554048622660549772896301430670938088189986418104761
  Proof element 2 : 107653161125649642032491443308982527566324346567968513637810199776622513001405
  Computed hash after element 2 : 58589837049834144583211226689647012306316922949101456466201253300155303082111
  Proof element 3 : 44812029912269844639383167223451376600872748978496635971607178627452478213724
  Computed hash after element 3 : 86128377917019908445957012829255022949550602761192088501649658527506321620714
  Proof element 4 : 58970799088961112952336647953399251088847930591391758063450723545172698691839
  Computed hash after element 4 : 88918475406156581982430787140777871531310201529806011182131589911559220693048
  Is valid: true
  --- End of verification details ---
  Successfully verified leaf 13 after adding 19 leaves
  Getting proof for leaf index: 13
  Tree depth: 5
  Level 0 size: 19
  Added to proof: 92619562252365677669901163699204566607949558994432207550606556910840817279335
  Level 1 size: 10
  Added to proof: 68222527226755524790505848492501156006903177263714150024810130256539423849504
  Level 2 size: 5
  Added to proof: 107653161125649642032491443308982527566324346567968513637810199776622513001405
  Level 3 size: 3
  Added to proof: 44812029912269844639383167223451376600872748978496635971607178627452478213724
  Level 4 size: 2
  Added to proof: 58970799088961112952336647953399251088847930591391758063450723545172698691839
  Final proof length: 5
  --- Verification details for leaf 14 after adding 19 leaves ---
  Verifying leaf: 33672592122163231522297444352452316230401835406380993219594760926723533962405
  Merkle root: 88918475406156581982430787140777871531310201529806011182131589911559220693048
  Proof length: 5
  Proof element 0 : 92619562252365677669901163699204566607949558994432207550606556910840817279335
  Computed hash after element 0 : 27450459817178025726961910999305864805083219849135273456119843313523604327146
  Proof element 1 : 68222527226755524790505848492501156006903177263714150024810130256539423849504
  Computed hash after element 1 : 71129321183645985042233441554048622660549772896301430670938088189986418104761
  Proof element 2 : 107653161125649642032491443308982527566324346567968513637810199776622513001405
  Computed hash after element 2 : 58589837049834144583211226689647012306316922949101456466201253300155303082111
  Proof element 3 : 44812029912269844639383167223451376600872748978496635971607178627452478213724
  Computed hash after element 3 : 86128377917019908445957012829255022949550602761192088501649658527506321620714
  Proof element 4 : 58970799088961112952336647953399251088847930591391758063450723545172698691839
  Computed hash after element 4 : 88918475406156581982430787140777871531310201529806011182131589911559220693048
  Is valid: true
  --- End of verification details ---
  Successfully verified leaf 14 after adding 19 leaves
  Getting proof for leaf index: 14
  Tree depth: 5
  Level 0 size: 19
  Added to proof: 29282441118156610795451351767893172742723572721638635483486521378003152140138
  Level 1 size: 10
  Added to proof: 27450459817178025726961910999305864805083219849135273456119843313523604327146
  Level 2 size: 5
  Added to proof: 107653161125649642032491443308982527566324346567968513637810199776622513001405
  Level 3 size: 3
  Added to proof: 44812029912269844639383167223451376600872748978496635971607178627452478213724
  Level 4 size: 2
  Added to proof: 58970799088961112952336647953399251088847930591391758063450723545172698691839
  Final proof length: 5
  --- Verification details for leaf 15 after adding 19 leaves ---
  Verifying leaf: 49376861721947691573602341854337835825465271023485523889471862409499079557266
  Merkle root: 88918475406156581982430787140777871531310201529806011182131589911559220693048
  Proof length: 5
  Proof element 0 : 29282441118156610795451351767893172742723572721638635483486521378003152140138
  Computed hash after element 0 : 68222527226755524790505848492501156006903177263714150024810130256539423849504
  Proof element 1 : 27450459817178025726961910999305864805083219849135273456119843313523604327146
  Computed hash after element 1 : 71129321183645985042233441554048622660549772896301430670938088189986418104761
  Proof element 2 : 107653161125649642032491443308982527566324346567968513637810199776622513001405
  Computed hash after element 2 : 58589837049834144583211226689647012306316922949101456466201253300155303082111
  Proof element 3 : 44812029912269844639383167223451376600872748978496635971607178627452478213724
  Computed hash after element 3 : 86128377917019908445957012829255022949550602761192088501649658527506321620714
  Proof element 4 : 58970799088961112952336647953399251088847930591391758063450723545172698691839
  Computed hash after element 4 : 88918475406156581982430787140777871531310201529806011182131589911559220693048
  Is valid: true
  --- End of verification details ---
  Successfully verified leaf 15 after adding 19 leaves
  Getting proof for leaf index: 15
  Tree depth: 5
  Level 0 size: 19
  Added to proof: 49376861721947691573602341854337835825465271023485523889471862409499079557266
  Level 1 size: 10
  Added to proof: 27450459817178025726961910999305864805083219849135273456119843313523604327146
  Level 2 size: 5
  Added to proof: 107653161125649642032491443308982527566324346567968513637810199776622513001405
  Level 3 size: 3
  Added to proof: 44812029912269844639383167223451376600872748978496635971607178627452478213724
  Level 4 size: 2
  Added to proof: 58970799088961112952336647953399251088847930591391758063450723545172698691839
  Final proof length: 5
  --- Verification details for leaf 16 after adding 19 leaves ---
  Verifying leaf: 29282441118156610795451351767893172742723572721638635483486521378003152140138
  Merkle root: 88918475406156581982430787140777871531310201529806011182131589911559220693048
  Proof length: 5
  Proof element 0 : 49376861721947691573602341854337835825465271023485523889471862409499079557266
  Computed hash after element 0 : 68222527226755524790505848492501156006903177263714150024810130256539423849504
  Proof element 1 : 27450459817178025726961910999305864805083219849135273456119843313523604327146
  Computed hash after element 1 : 71129321183645985042233441554048622660549772896301430670938088189986418104761
  Proof element 2 : 107653161125649642032491443308982527566324346567968513637810199776622513001405
  Computed hash after element 2 : 58589837049834144583211226689647012306316922949101456466201253300155303082111
  Proof element 3 : 44812029912269844639383167223451376600872748978496635971607178627452478213724
  Computed hash after element 3 : 86128377917019908445957012829255022949550602761192088501649658527506321620714
  Proof element 4 : 58970799088961112952336647953399251088847930591391758063450723545172698691839
  Computed hash after element 4 : 88918475406156581982430787140777871531310201529806011182131589911559220693048
  Is valid: true
  --- End of verification details ---
  Successfully verified leaf 16 after adding 19 leaves
  Getting proof for leaf index: 16
  Tree depth: 5
  Level 0 size: 19
  Added to proof: 84400808403309474247251277457382660891608361063132282181411243421902705171780
  Level 1 size: 10
  Added to proof: 56446361581621961878854006960535880407422028979022664102747530868558482727403
  Level 2 size: 5
  Added to proof (odd level): 58970799088961112952336647953399251088847930591391758063450723545172698691839
  Level 3 size: 3
  Added to proof (odd level): 58970799088961112952336647953399251088847930591391758063450723545172698691839
  Level 4 size: 2
  Added to proof: 86128377917019908445957012829255022949550602761192088501649658527506321620714
  Final proof length: 5
  --- Verification details for leaf 17 after adding 19 leaves ---
  Verifying leaf: 21979652522633138675855471474548080148032271092062185065410366224797086795229
  Merkle root: 88918475406156581982430787140777871531310201529806011182131589911559220693048
  Proof length: 5
  Proof element 0 : 84400808403309474247251277457382660891608361063132282181411243421902705171780
  Computed hash after element 0 : 68707805291125709217780897399343780900556216299315256742021570282172139855342
  Proof element 1 : 56446361581621961878854006960535880407422028979022664102747530868558482727403
  Computed hash after element 1 : 58970799088961112952336647953399251088847930591391758063450723545172698691839
  Proof element 2 : 58970799088961112952336647953399251088847930591391758063450723545172698691839
  Computed hash after element 2 : 68567689481260466743281011357049185489631513587573967413572058138852122733494
  Proof element 3 : 58970799088961112952336647953399251088847930591391758063450723545172698691839
  Computed hash after element 3 : 44888843632910077371569580368172930204377773458216003463656876301897754660750
  Proof element 4 : 86128377917019908445957012829255022949550602761192088501649658527506321620714
  Computed hash after element 4 : 58492472723876915730569456836906956410051189645119284595007705311591956292770
  Is valid: false
  --- End of verification details ---
  Failed to verify leaf 17 after adding 19 leaves
  Getting proof for leaf index: 17
  Tree depth: 5
  Level 0 size: 19
  Added to proof: 21979652522633138675855471474548080148032271092062185065410366224797086795229
  Level 1 size: 10
  Added to proof: 56446361581621961878854006960535880407422028979022664102747530868558482727403
  Level 2 size: 5
  Added to proof (odd level): 58970799088961112952336647953399251088847930591391758063450723545172698691839
  Level 3 size: 3
  Added to proof (odd level): 58970799088961112952336647953399251088847930591391758063450723545172698691839
  Level 4 size: 2
  Added to proof: 86128377917019908445957012829255022949550602761192088501649658527506321620714
  Final proof length: 5
  --- Verification details for leaf 18 after adding 19 leaves ---
  Verifying leaf: 84400808403309474247251277457382660891608361063132282181411243421902705171780
  Merkle root: 88918475406156581982430787140777871531310201529806011182131589911559220693048
  Proof length: 5
  Proof element 0 : 21979652522633138675855471474548080148032271092062185065410366224797086795229
  Computed hash after element 0 : 68707805291125709217780897399343780900556216299315256742021570282172139855342
  Proof element 1 : 56446361581621961878854006960535880407422028979022664102747530868558482727403
  Computed hash after element 1 : 58970799088961112952336647953399251088847930591391758063450723545172698691839
  Proof element 2 : 58970799088961112952336647953399251088847930591391758063450723545172698691839
  Computed hash after element 2 : 68567689481260466743281011357049185489631513587573967413572058138852122733494
  Proof element 3 : 58970799088961112952336647953399251088847930591391758063450723545172698691839
  Computed hash after element 3 : 44888843632910077371569580368172930204377773458216003463656876301897754660750
  Proof element 4 : 86128377917019908445957012829255022949550602761192088501649658527506321620714
  Computed hash after element 4 : 58492472723876915730569456836906956410051189645119284595007705311591956292770
  Is valid: false
  --- End of verification details ---
  Failed to verify leaf 18 after adding 19 leaves
  Getting proof for leaf index: 18
  Tree depth: 5
  Level 0 size: 19
  Added to proof (odd level): 56446361581621961878854006960535880407422028979022664102747530868558482727403
  Level 1 size: 10
  Added to proof: 68707805291125709217780897399343780900556216299315256742021570282172139855342
  Level 2 size: 5
  Added to proof (odd level): 58970799088961112952336647953399251088847930591391758063450723545172698691839
  Level 3 size: 3
  Added to proof (odd level): 58970799088961112952336647953399251088847930591391758063450723545172698691839
  Level 4 size: 2
  Added to proof: 86128377917019908445957012829255022949550602761192088501649658527506321620714
  Final proof length: 5
  --- Verification details for leaf 19 after adding 19 leaves ---
  Verifying leaf: 56446361581621961878854006960535880407422028979022664102747530868558482727403
  Merkle root: 88918475406156581982430787140777871531310201529806011182131589911559220693048
  Proof length: 5
  Proof element 0 : 56446361581621961878854006960535880407422028979022664102747530868558482727403
  Computed hash after element 0 : 57668693676130105546935172549993152352589434164954523451209149985523179387776
  Proof element 1 : 68707805291125709217780897399343780900556216299315256742021570282172139855342
  Computed hash after element 1 : 63746377945667765146912583754295906334036992725100889637980076657157232658450
  Proof element 2 : 58970799088961112952336647953399251088847930591391758063450723545172698691839
  Computed hash after element 2 : 105125610412559125655960930173746574191784865889562593319227259643654714088305
  Proof element 3 : 58970799088961112952336647953399251088847930591391758063450723545172698691839
  Computed hash after element 3 : 54374366710063061936134915728827793786402390871625358549138501673152368953572
  Proof element 4 : 86128377917019908445957012829255022949550602761192088501649658527506321620714
  Computed hash after element 4 : 114540695271644002688968139818908523976382189866333475880539716612337728254645
  Is valid: false
  --- End of verification details ---
  Failed to verify leaf 19 after adding 19 leaves
  Added leaf 20
  Getting proof for leaf index: 0
  Tree depth: 5
  Level 0 size: 20
  Added to proof: 84303433209692230857384970403333823748570319246869449369625637863858470744792
  Level 1 size: 10
  Added to proof: 42994468410347004737970376126143620665813473361490896099477539813509562736181
  Level 2 size: 5
  Added to proof: 90519645207031266945590244632322326520069529432013691057992262226385608141027
  Level 3 size: 3
  Added to proof: 58589837049834144583211226689647012306316922949101456466201253300155303082111
  Level 4 size: 2
  Added to proof: 45139666723238355772826244904596550483916276039110793439475289965711815832849
  Final proof length: 5
  --- Verification details for leaf 1 after adding 20 leaves ---
  Verifying leaf: 1534629507014924801801850062420965747762703560098700086918056654539096211930
  Merkle root: 106870801179118634535883686530607157812509355522546186431046939568699077222939
  Proof length: 5
  Proof element 0 : 84303433209692230857384970403333823748570319246869449369625637863858470744792
  Computed hash after element 0 : 4819654492366420278237764346194618123787186199882361681321774604810163462263
  Proof element 1 : 42994468410347004737970376126143620665813473361490896099477539813509562736181
  Computed hash after element 1 : 86167276729270415220365293603154116830872546334163333883227179387055231533441
  Proof element 2 : 90519645207031266945590244632322326520069529432013691057992262226385608141027
  Computed hash after element 2 : 44812029912269844639383167223451376600872748978496635971607178627452478213724
  Proof element 3 : 58589837049834144583211226689647012306316922949101456466201253300155303082111
  Computed hash after element 3 : 86128377917019908445957012829255022949550602761192088501649658527506321620714
  Proof element 4 : 45139666723238355772826244904596550483916276039110793439475289965711815832849
  Computed hash after element 4 : 106870801179118634535883686530607157812509355522546186431046939568699077222939
  Is valid: true
  --- End of verification details ---
  Successfully verified leaf 1 after adding 20 leaves
  Getting proof for leaf index: 1
  Tree depth: 5
  Level 0 size: 20
  Added to proof: 1534629507014924801801850062420965747762703560098700086918056654539096211930
  Level 1 size: 10
  Added to proof: 42994468410347004737970376126143620665813473361490896099477539813509562736181
  Level 2 size: 5
  Added to proof: 90519645207031266945590244632322326520069529432013691057992262226385608141027
  Level 3 size: 3
  Added to proof: 58589837049834144583211226689647012306316922949101456466201253300155303082111
  Level 4 size: 2
  Added to proof: 45139666723238355772826244904596550483916276039110793439475289965711815832849
  Final proof length: 5
  --- Verification details for leaf 2 after adding 20 leaves ---
  Verifying leaf: 84303433209692230857384970403333823748570319246869449369625637863858470744792
  Merkle root: 106870801179118634535883686530607157812509355522546186431046939568699077222939
  Proof length: 5
  Proof element 0 : 1534629507014924801801850062420965747762703560098700086918056654539096211930
  Computed hash after element 0 : 4819654492366420278237764346194618123787186199882361681321774604810163462263
  Proof element 1 : 42994468410347004737970376126143620665813473361490896099477539813509562736181
  Computed hash after element 1 : 86167276729270415220365293603154116830872546334163333883227179387055231533441
  Proof element 2 : 90519645207031266945590244632322326520069529432013691057992262226385608141027
  Computed hash after element 2 : 44812029912269844639383167223451376600872748978496635971607178627452478213724
  Proof element 3 : 58589837049834144583211226689647012306316922949101456466201253300155303082111
  Computed hash after element 3 : 86128377917019908445957012829255022949550602761192088501649658527506321620714
  Proof element 4 : 45139666723238355772826244904596550483916276039110793439475289965711815832849
  Computed hash after element 4 : 106870801179118634535883686530607157812509355522546186431046939568699077222939
  Is valid: true
  --- End of verification details ---
  Successfully verified leaf 2 after adding 20 leaves
  Getting proof for leaf index: 2
  Tree depth: 5
  Level 0 size: 20
  Added to proof: 9718660262289985226213547307049526568607798083323067650698233131271439501106
  Level 1 size: 10
  Added to proof: 4819654492366420278237764346194618123787186199882361681321774604810163462263
  Level 2 size: 5
  Added to proof: 90519645207031266945590244632322326520069529432013691057992262226385608141027
  Level 3 size: 3
  Added to proof: 58589837049834144583211226689647012306316922949101456466201253300155303082111
  Level 4 size: 2
  Added to proof: 45139666723238355772826244904596550483916276039110793439475289965711815832849
  Final proof length: 5
  --- Verification details for leaf 3 after adding 20 leaves ---
  Verifying leaf: 114806096316174656260172984043681595992173194076043313710926606652151351550195
  Merkle root: 106870801179118634535883686530607157812509355522546186431046939568699077222939
  Proof length: 5
  Proof element 0 : 9718660262289985226213547307049526568607798083323067650698233131271439501106
  Computed hash after element 0 : 42994468410347004737970376126143620665813473361490896099477539813509562736181
  Proof element 1 : 4819654492366420278237764346194618123787186199882361681321774604810163462263
  Computed hash after element 1 : 86167276729270415220365293603154116830872546334163333883227179387055231533441
  Proof element 2 : 90519645207031266945590244632322326520069529432013691057992262226385608141027
  Computed hash after element 2 : 44812029912269844639383167223451376600872748978496635971607178627452478213724
  Proof element 3 : 58589837049834144583211226689647012306316922949101456466201253300155303082111
  Computed hash after element 3 : 86128377917019908445957012829255022949550602761192088501649658527506321620714
  Proof element 4 : 45139666723238355772826244904596550483916276039110793439475289965711815832849
  Computed hash after element 4 : 106870801179118634535883686530607157812509355522546186431046939568699077222939
  Is valid: true
  --- End of verification details ---
  Successfully verified leaf 3 after adding 20 leaves
  Getting proof for leaf index: 3
  Tree depth: 5
  Level 0 size: 20
  Added to proof: 114806096316174656260172984043681595992173194076043313710926606652151351550195
  Level 1 size: 10
  Added to proof: 4819654492366420278237764346194618123787186199882361681321774604810163462263
  Level 2 size: 5
  Added to proof: 90519645207031266945590244632322326520069529432013691057992262226385608141027
  Level 3 size: 3
  Added to proof: 58589837049834144583211226689647012306316922949101456466201253300155303082111
  Level 4 size: 2
  Added to proof: 45139666723238355772826244904596550483916276039110793439475289965711815832849
  Final proof length: 5
  --- Verification details for leaf 4 after adding 20 leaves ---
  Verifying leaf: 9718660262289985226213547307049526568607798083323067650698233131271439501106
  Merkle root: 106870801179118634535883686530607157812509355522546186431046939568699077222939
  Proof length: 5
  Proof element 0 : 114806096316174656260172984043681595992173194076043313710926606652151351550195
  Computed hash after element 0 : 42994468410347004737970376126143620665813473361490896099477539813509562736181
  Proof element 1 : 4819654492366420278237764346194618123787186199882361681321774604810163462263
  Computed hash after element 1 : 86167276729270415220365293603154116830872546334163333883227179387055231533441
  Proof element 2 : 90519645207031266945590244632322326520069529432013691057992262226385608141027
  Computed hash after element 2 : 44812029912269844639383167223451376600872748978496635971607178627452478213724
  Proof element 3 : 58589837049834144583211226689647012306316922949101456466201253300155303082111
  Computed hash after element 3 : 86128377917019908445957012829255022949550602761192088501649658527506321620714
  Proof element 4 : 45139666723238355772826244904596550483916276039110793439475289965711815832849
  Computed hash after element 4 : 106870801179118634535883686530607157812509355522546186431046939568699077222939
  Is valid: true
  --- End of verification details ---
  Successfully verified leaf 4 after adding 20 leaves
  Getting proof for leaf index: 4
  Tree depth: 5
  Level 0 size: 20
  Added to proof: 42656216575733633865718546135288608701490211943531992892543518422469545049160
  Level 1 size: 10
  Added to proof: 89139659228322516991511902812947417818976567277539582619759529237285492222351
  Level 2 size: 5
  Added to proof: 86167276729270415220365293603154116830872546334163333883227179387055231533441
  Level 3 size: 3
  Added to proof: 58589837049834144583211226689647012306316922949101456466201253300155303082111
  Level 4 size: 2
  Added to proof: 45139666723238355772826244904596550483916276039110793439475289965711815832849
  Final proof length: 5
  --- Verification details for leaf 5 after adding 20 leaves ---
  Verifying leaf: 3327891084304698462684256911003812127873740397003554529128445276024109161606
  Merkle root: 106870801179118634535883686530607157812509355522546186431046939568699077222939
  Proof length: 5
  Proof element 0 : 42656216575733633865718546135288608701490211943531992892543518422469545049160
  Computed hash after element 0 : 79680312521381101304386615379526824036772258414601889669286272159596699208134
  Proof element 1 : 89139659228322516991511902812947417818976567277539582619759529237285492222351
  Computed hash after element 1 : 90519645207031266945590244632322326520069529432013691057992262226385608141027
  Proof element 2 : 86167276729270415220365293603154116830872546334163333883227179387055231533441
  Computed hash after element 2 : 44812029912269844639383167223451376600872748978496635971607178627452478213724
  Proof element 3 : 58589837049834144583211226689647012306316922949101456466201253300155303082111
  Computed hash after element 3 : 86128377917019908445957012829255022949550602761192088501649658527506321620714
  Proof element 4 : 45139666723238355772826244904596550483916276039110793439475289965711815832849
  Computed hash after element 4 : 106870801179118634535883686530607157812509355522546186431046939568699077222939
  Is valid: true
  --- End of verification details ---
  Successfully verified leaf 5 after adding 20 leaves
  Getting proof for leaf index: 5
  Tree depth: 5
  Level 0 size: 20
  Added to proof: 3327891084304698462684256911003812127873740397003554529128445276024109161606
  Level 1 size: 10
  Added to proof: 89139659228322516991511902812947417818976567277539582619759529237285492222351
  Level 2 size: 5
  Added to proof: 86167276729270415220365293603154116830872546334163333883227179387055231533441
  Level 3 size: 3
  Added to proof: 58589837049834144583211226689647012306316922949101456466201253300155303082111
  Level 4 size: 2
  Added to proof: 45139666723238355772826244904596550483916276039110793439475289965711815832849
  Final proof length: 5
  --- Verification details for leaf 6 after adding 20 leaves ---
  Verifying leaf: 42656216575733633865718546135288608701490211943531992892543518422469545049160
  Merkle root: 106870801179118634535883686530607157812509355522546186431046939568699077222939
  Proof length: 5
  Proof element 0 : 3327891084304698462684256911003812127873740397003554529128445276024109161606
  Computed hash after element 0 : 79680312521381101304386615379526824036772258414601889669286272159596699208134
  Proof element 1 : 89139659228322516991511902812947417818976567277539582619759529237285492222351
  Computed hash after element 1 : 90519645207031266945590244632322326520069529432013691057992262226385608141027
  Proof element 2 : 86167276729270415220365293603154116830872546334163333883227179387055231533441
  Computed hash after element 2 : 44812029912269844639383167223451376600872748978496635971607178627452478213724
  Proof element 3 : 58589837049834144583211226689647012306316922949101456466201253300155303082111
  Computed hash after element 3 : 86128377917019908445957012829255022949550602761192088501649658527506321620714
  Proof element 4 : 45139666723238355772826244904596550483916276039110793439475289965711815832849
  Computed hash after element 4 : 106870801179118634535883686530607157812509355522546186431046939568699077222939
  Is valid: true
  --- End of verification details ---
  Successfully verified leaf 6 after adding 20 leaves
  Getting proof for leaf index: 6
  Tree depth: 5
  Level 0 size: 20
  Added to proof: 41333877701255859865019379003725985110118058655845990608936096526874421775531
  Level 1 size: 10
  Added to proof: 79680312521381101304386615379526824036772258414601889669286272159596699208134
  Level 2 size: 5
  Added to proof: 86167276729270415220365293603154116830872546334163333883227179387055231533441
  Level 3 size: 3
  Added to proof: 58589837049834144583211226689647012306316922949101456466201253300155303082111
  Level 4 size: 2
  Added to proof: 45139666723238355772826244904596550483916276039110793439475289965711815832849
  Final proof length: 5
  --- Verification details for leaf 7 after adding 20 leaves ---
  Verifying leaf: 77058788664304649396218556642747909996121735590822886025965307874683454946759
  Merkle root: 106870801179118634535883686530607157812509355522546186431046939568699077222939
  Proof length: 5
  Proof element 0 : 41333877701255859865019379003725985110118058655845990608936096526874421775531
  Computed hash after element 0 : 89139659228322516991511902812947417818976567277539582619759529237285492222351
  Proof element 1 : 79680312521381101304386615379526824036772258414601889669286272159596699208134
  Computed hash after element 1 : 90519645207031266945590244632322326520069529432013691057992262226385608141027
  Proof element 2 : 86167276729270415220365293603154116830872546334163333883227179387055231533441
  Computed hash after element 2 : 44812029912269844639383167223451376600872748978496635971607178627452478213724
  Proof element 3 : 58589837049834144583211226689647012306316922949101456466201253300155303082111
  Computed hash after element 3 : 86128377917019908445957012829255022949550602761192088501649658527506321620714
  Proof element 4 : 45139666723238355772826244904596550483916276039110793439475289965711815832849
  Computed hash after element 4 : 106870801179118634535883686530607157812509355522546186431046939568699077222939
  Is valid: true
  --- End of verification details ---
  Successfully verified leaf 7 after adding 20 leaves
  Getting proof for leaf index: 7
  Tree depth: 5
  Level 0 size: 20
  Added to proof: 77058788664304649396218556642747909996121735590822886025965307874683454946759
  Level 1 size: 10
  Added to proof: 79680312521381101304386615379526824036772258414601889669286272159596699208134
  Level 2 size: 5
  Added to proof: 86167276729270415220365293603154116830872546334163333883227179387055231533441
  Level 3 size: 3
  Added to proof: 58589837049834144583211226689647012306316922949101456466201253300155303082111
  Level 4 size: 2
  Added to proof: 45139666723238355772826244904596550483916276039110793439475289965711815832849
  Final proof length: 5
  --- Verification details for leaf 8 after adding 20 leaves ---
  Verifying leaf: 41333877701255859865019379003725985110118058655845990608936096526874421775531
  Merkle root: 106870801179118634535883686530607157812509355522546186431046939568699077222939
  Proof length: 5
  Proof element 0 : 77058788664304649396218556642747909996121735590822886025965307874683454946759
  Computed hash after element 0 : 89139659228322516991511902812947417818976567277539582619759529237285492222351
  Proof element 1 : 79680312521381101304386615379526824036772258414601889669286272159596699208134
  Computed hash after element 1 : 90519645207031266945590244632322326520069529432013691057992262226385608141027
  Proof element 2 : 86167276729270415220365293603154116830872546334163333883227179387055231533441
  Computed hash after element 2 : 44812029912269844639383167223451376600872748978496635971607178627452478213724
  Proof element 3 : 58589837049834144583211226689647012306316922949101456466201253300155303082111
  Computed hash after element 3 : 86128377917019908445957012829255022949550602761192088501649658527506321620714
  Proof element 4 : 45139666723238355772826244904596550483916276039110793439475289965711815832849
  Computed hash after element 4 : 106870801179118634535883686530607157812509355522546186431046939568699077222939
  Is valid: true
  --- End of verification details ---
  Successfully verified leaf 8 after adding 20 leaves
  Getting proof for leaf index: 8
  Tree depth: 5
  Level 0 size: 20
  Added to proof: 19972288769315928479630679177845711677268766594983667860090139443496462084286
  Level 1 size: 10
  Added to proof: 86830204781467795827957492631466613281393886399951120238877606491319470472592
  Level 2 size: 5
  Added to proof: 71129321183645985042233441554048622660549772896301430670938088189986418104761
  Level 3 size: 3
  Added to proof: 44812029912269844639383167223451376600872748978496635971607178627452478213724
  Level 4 size: 2
  Added to proof: 45139666723238355772826244904596550483916276039110793439475289965711815832849
  Final proof length: 5
  --- Verification details for leaf 9 after adding 20 leaves ---
  Verifying leaf: 83097023403658896075826216087624068326805273787826444717403742070225742999267
  Merkle root: 106870801179118634535883686530607157812509355522546186431046939568699077222939
  Proof length: 5
  Proof element 0 : 19972288769315928479630679177845711677268766594983667860090139443496462084286
  Computed hash after element 0 : 110058130168134052799716071097073281996591153893535428294527808496692578065614
  Proof element 1 : 86830204781467795827957492631466613281393886399951120238877606491319470472592
  Computed hash after element 1 : 107653161125649642032491443308982527566324346567968513637810199776622513001405
  Proof element 2 : 71129321183645985042233441554048622660549772896301430670938088189986418104761
  Computed hash after element 2 : 58589837049834144583211226689647012306316922949101456466201253300155303082111
  Proof element 3 : 44812029912269844639383167223451376600872748978496635971607178627452478213724
  Computed hash after element 3 : 86128377917019908445957012829255022949550602761192088501649658527506321620714
  Proof element 4 : 45139666723238355772826244904596550483916276039110793439475289965711815832849
  Computed hash after element 4 : 106870801179118634535883686530607157812509355522546186431046939568699077222939
  Is valid: true
  --- End of verification details ---
  Successfully verified leaf 9 after adding 20 leaves
  Getting proof for leaf index: 9
  Tree depth: 5
  Level 0 size: 20
  Added to proof: 83097023403658896075826216087624068326805273787826444717403742070225742999267
  Level 1 size: 10
  Added to proof: 86830204781467795827957492631466613281393886399951120238877606491319470472592
  Level 2 size: 5
  Added to proof: 71129321183645985042233441554048622660549772896301430670938088189986418104761
  Level 3 size: 3
  Added to proof: 44812029912269844639383167223451376600872748978496635971607178627452478213724
  Level 4 size: 2
  Added to proof: 45139666723238355772826244904596550483916276039110793439475289965711815832849
  Final proof length: 5
  --- Verification details for leaf 10 after adding 20 leaves ---
  Verifying leaf: 19972288769315928479630679177845711677268766594983667860090139443496462084286
  Merkle root: 106870801179118634535883686530607157812509355522546186431046939568699077222939
  Proof length: 5
  Proof element 0 : 83097023403658896075826216087624068326805273787826444717403742070225742999267
  Computed hash after element 0 : 110058130168134052799716071097073281996591153893535428294527808496692578065614
  Proof element 1 : 86830204781467795827957492631466613281393886399951120238877606491319470472592
  Computed hash after element 1 : 107653161125649642032491443308982527566324346567968513637810199776622513001405
  Proof element 2 : 71129321183645985042233441554048622660549772896301430670938088189986418104761
  Computed hash after element 2 : 58589837049834144583211226689647012306316922949101456466201253300155303082111
  Proof element 3 : 44812029912269844639383167223451376600872748978496635971607178627452478213724
  Computed hash after element 3 : 86128377917019908445957012829255022949550602761192088501649658527506321620714
  Proof element 4 : 45139666723238355772826244904596550483916276039110793439475289965711815832849
  Computed hash after element 4 : 106870801179118634535883686530607157812509355522546186431046939568699077222939
  Is valid: true
  --- End of verification details ---
  Successfully verified leaf 10 after adding 20 leaves
  Getting proof for leaf index: 10
  Tree depth: 5
  Level 0 size: 20
  Added to proof: 96593053628671560174693064981485823685325506728506954480672468072431603451342
  Level 1 size: 10
  Added to proof: 110058130168134052799716071097073281996591153893535428294527808496692578065614
  Level 2 size: 5
  Added to proof: 71129321183645985042233441554048622660549772896301430670938088189986418104761
  Level 3 size: 3
  Added to proof: 44812029912269844639383167223451376600872748978496635971607178627452478213724
  Level 4 size: 2
  Added to proof: 45139666723238355772826244904596550483916276039110793439475289965711815832849
  Final proof length: 5
  --- Verification details for leaf 11 after adding 20 leaves ---
  Verifying leaf: 11059502003765752708342665740916089834825294147016530688590526355732680035651
  Merkle root: 106870801179118634535883686530607157812509355522546186431046939568699077222939
  Proof length: 5
  Proof element 0 : 96593053628671560174693064981485823685325506728506954480672468072431603451342
  Computed hash after element 0 : 86830204781467795827957492631466613281393886399951120238877606491319470472592
  Proof element 1 : 110058130168134052799716071097073281996591153893535428294527808496692578065614
  Computed hash after element 1 : 107653161125649642032491443308982527566324346567968513637810199776622513001405
  Proof element 2 : 71129321183645985042233441554048622660549772896301430670938088189986418104761
  Computed hash after element 2 : 58589837049834144583211226689647012306316922949101456466201253300155303082111
  Proof element 3 : 44812029912269844639383167223451376600872748978496635971607178627452478213724
  Computed hash after element 3 : 86128377917019908445957012829255022949550602761192088501649658527506321620714
  Proof element 4 : 45139666723238355772826244904596550483916276039110793439475289965711815832849
  Computed hash after element 4 : 106870801179118634535883686530607157812509355522546186431046939568699077222939
  Is valid: true
  --- End of verification details ---
  Successfully verified leaf 11 after adding 20 leaves
  Getting proof for leaf index: 11
  Tree depth: 5
  Level 0 size: 20
  Added to proof: 11059502003765752708342665740916089834825294147016530688590526355732680035651
  Level 1 size: 10
  Added to proof: 110058130168134052799716071097073281996591153893535428294527808496692578065614
  Level 2 size: 5
  Added to proof: 71129321183645985042233441554048622660549772896301430670938088189986418104761
  Level 3 size: 3
  Added to proof: 44812029912269844639383167223451376600872748978496635971607178627452478213724
  Level 4 size: 2
  Added to proof: 45139666723238355772826244904596550483916276039110793439475289965711815832849
  Final proof length: 5
  --- Verification details for leaf 12 after adding 20 leaves ---
  Verifying leaf: 96593053628671560174693064981485823685325506728506954480672468072431603451342
  Merkle root: 106870801179118634535883686530607157812509355522546186431046939568699077222939
  Proof length: 5
  Proof element 0 : 11059502003765752708342665740916089834825294147016530688590526355732680035651
  Computed hash after element 0 : 86830204781467795827957492631466613281393886399951120238877606491319470472592
  Proof element 1 : 110058130168134052799716071097073281996591153893535428294527808496692578065614
  Computed hash after element 1 : 107653161125649642032491443308982527566324346567968513637810199776622513001405
  Proof element 2 : 71129321183645985042233441554048622660549772896301430670938088189986418104761
  Computed hash after element 2 : 58589837049834144583211226689647012306316922949101456466201253300155303082111
  Proof element 3 : 44812029912269844639383167223451376600872748978496635971607178627452478213724
  Computed hash after element 3 : 86128377917019908445957012829255022949550602761192088501649658527506321620714
  Proof element 4 : 45139666723238355772826244904596550483916276039110793439475289965711815832849
  Computed hash after element 4 : 106870801179118634535883686530607157812509355522546186431046939568699077222939
  Is valid: true
  --- End of verification details ---
  Successfully verified leaf 12 after adding 20 leaves
  Getting proof for leaf index: 12
  Tree depth: 5
  Level 0 size: 20
  Added to proof: 33672592122163231522297444352452316230401835406380993219594760926723533962405
  Level 1 size: 10
  Added to proof: 68222527226755524790505848492501156006903177263714150024810130256539423849504
  Level 2 size: 5
  Added to proof: 107653161125649642032491443308982527566324346567968513637810199776622513001405
  Level 3 size: 3
  Added to proof: 44812029912269844639383167223451376600872748978496635971607178627452478213724
  Level 4 size: 2
  Added to proof: 45139666723238355772826244904596550483916276039110793439475289965711815832849
  Final proof length: 5
  --- Verification details for leaf 13 after adding 20 leaves ---
  Verifying leaf: 92619562252365677669901163699204566607949558994432207550606556910840817279335
  Merkle root: 106870801179118634535883686530607157812509355522546186431046939568699077222939
  Proof length: 5
  Proof element 0 : 33672592122163231522297444352452316230401835406380993219594760926723533962405
  Computed hash after element 0 : 27450459817178025726961910999305864805083219849135273456119843313523604327146
  Proof element 1 : 68222527226755524790505848492501156006903177263714150024810130256539423849504
  Computed hash after element 1 : 71129321183645985042233441554048622660549772896301430670938088189986418104761
  Proof element 2 : 107653161125649642032491443308982527566324346567968513637810199776622513001405
  Computed hash after element 2 : 58589837049834144583211226689647012306316922949101456466201253300155303082111
  Proof element 3 : 44812029912269844639383167223451376600872748978496635971607178627452478213724
  Computed hash after element 3 : 86128377917019908445957012829255022949550602761192088501649658527506321620714
  Proof element 4 : 45139666723238355772826244904596550483916276039110793439475289965711815832849
  Computed hash after element 4 : 106870801179118634535883686530607157812509355522546186431046939568699077222939
  Is valid: true
  --- End of verification details ---
  Successfully verified leaf 13 after adding 20 leaves
  Getting proof for leaf index: 13
  Tree depth: 5
  Level 0 size: 20
  Added to proof: 92619562252365677669901163699204566607949558994432207550606556910840817279335
  Level 1 size: 10
  Added to proof: 68222527226755524790505848492501156006903177263714150024810130256539423849504
  Level 2 size: 5
  Added to proof: 107653161125649642032491443308982527566324346567968513637810199776622513001405
  Level 3 size: 3
  Added to proof: 44812029912269844639383167223451376600872748978496635971607178627452478213724
  Level 4 size: 2
  Added to proof: 45139666723238355772826244904596550483916276039110793439475289965711815832849
  Final proof length: 5
  --- Verification details for leaf 14 after adding 20 leaves ---
  Verifying leaf: 33672592122163231522297444352452316230401835406380993219594760926723533962405
  Merkle root: 106870801179118634535883686530607157812509355522546186431046939568699077222939
  Proof length: 5
  Proof element 0 : 92619562252365677669901163699204566607949558994432207550606556910840817279335
  Computed hash after element 0 : 27450459817178025726961910999305864805083219849135273456119843313523604327146
  Proof element 1 : 68222527226755524790505848492501156006903177263714150024810130256539423849504
  Computed hash after element 1 : 71129321183645985042233441554048622660549772896301430670938088189986418104761
  Proof element 2 : 107653161125649642032491443308982527566324346567968513637810199776622513001405
  Computed hash after element 2 : 58589837049834144583211226689647012306316922949101456466201253300155303082111
  Proof element 3 : 44812029912269844639383167223451376600872748978496635971607178627452478213724
  Computed hash after element 3 : 86128377917019908445957012829255022949550602761192088501649658527506321620714
  Proof element 4 : 45139666723238355772826244904596550483916276039110793439475289965711815832849
  Computed hash after element 4 : 106870801179118634535883686530607157812509355522546186431046939568699077222939
  Is valid: true
  --- End of verification details ---
  Successfully verified leaf 14 after adding 20 leaves
  Getting proof for leaf index: 14
  Tree depth: 5
  Level 0 size: 20
  Added to proof: 29282441118156610795451351767893172742723572721638635483486521378003152140138
  Level 1 size: 10
  Added to proof: 27450459817178025726961910999305864805083219849135273456119843313523604327146
  Level 2 size: 5
  Added to proof: 107653161125649642032491443308982527566324346567968513637810199776622513001405
  Level 3 size: 3
  Added to proof: 44812029912269844639383167223451376600872748978496635971607178627452478213724
  Level 4 size: 2
  Added to proof: 45139666723238355772826244904596550483916276039110793439475289965711815832849
  Final proof length: 5
  --- Verification details for leaf 15 after adding 20 leaves ---
  Verifying leaf: 49376861721947691573602341854337835825465271023485523889471862409499079557266
  Merkle root: 106870801179118634535883686530607157812509355522546186431046939568699077222939
  Proof length: 5
  Proof element 0 : 29282441118156610795451351767893172742723572721638635483486521378003152140138
  Computed hash after element 0 : 68222527226755524790505848492501156006903177263714150024810130256539423849504
  Proof element 1 : 27450459817178025726961910999305864805083219849135273456119843313523604327146
  Computed hash after element 1 : 71129321183645985042233441554048622660549772896301430670938088189986418104761
  Proof element 2 : 107653161125649642032491443308982527566324346567968513637810199776622513001405
  Computed hash after element 2 : 58589837049834144583211226689647012306316922949101456466201253300155303082111
  Proof element 3 : 44812029912269844639383167223451376600872748978496635971607178627452478213724
  Computed hash after element 3 : 86128377917019908445957012829255022949550602761192088501649658527506321620714
  Proof element 4 : 45139666723238355772826244904596550483916276039110793439475289965711815832849
  Computed hash after element 4 : 106870801179118634535883686530607157812509355522546186431046939568699077222939
  Is valid: true
  --- End of verification details ---
  Successfully verified leaf 15 after adding 20 leaves
  Getting proof for leaf index: 15
  Tree depth: 5
  Level 0 size: 20
  Added to proof: 49376861721947691573602341854337835825465271023485523889471862409499079557266
  Level 1 size: 10
  Added to proof: 27450459817178025726961910999305864805083219849135273456119843313523604327146
  Level 2 size: 5
  Added to proof: 107653161125649642032491443308982527566324346567968513637810199776622513001405
  Level 3 size: 3
  Added to proof: 44812029912269844639383167223451376600872748978496635971607178627452478213724
  Level 4 size: 2
  Added to proof: 45139666723238355772826244904596550483916276039110793439475289965711815832849
  Final proof length: 5
  --- Verification details for leaf 16 after adding 20 leaves ---
  Verifying leaf: 29282441118156610795451351767893172742723572721638635483486521378003152140138
  Merkle root: 106870801179118634535883686530607157812509355522546186431046939568699077222939
  Proof length: 5
  Proof element 0 : 49376861721947691573602341854337835825465271023485523889471862409499079557266
  Computed hash after element 0 : 68222527226755524790505848492501156006903177263714150024810130256539423849504
  Proof element 1 : 27450459817178025726961910999305864805083219849135273456119843313523604327146
  Computed hash after element 1 : 71129321183645985042233441554048622660549772896301430670938088189986418104761
  Proof element 2 : 107653161125649642032491443308982527566324346567968513637810199776622513001405
  Computed hash after element 2 : 58589837049834144583211226689647012306316922949101456466201253300155303082111
  Proof element 3 : 44812029912269844639383167223451376600872748978496635971607178627452478213724
  Computed hash after element 3 : 86128377917019908445957012829255022949550602761192088501649658527506321620714
  Proof element 4 : 45139666723238355772826244904596550483916276039110793439475289965711815832849
  Computed hash after element 4 : 106870801179118634535883686530607157812509355522546186431046939568699077222939
  Is valid: true
  --- End of verification details ---
  Successfully verified leaf 16 after adding 20 leaves
  Getting proof for leaf index: 16
  Tree depth: 5
  Level 0 size: 20
  Added to proof: 84400808403309474247251277457382660891608361063132282181411243421902705171780
  Level 1 size: 10
  Added to proof: 88575591579172084758772601398406961970416021707547377613245270537555338277781
  Level 2 size: 5
  Added to proof (odd level): 45139666723238355772826244904596550483916276039110793439475289965711815832849
  Level 3 size: 3
  Added to proof (odd level): 45139666723238355772826244904596550483916276039110793439475289965711815832849
  Level 4 size: 2
  Added to proof: 86128377917019908445957012829255022949550602761192088501649658527506321620714
  Final proof length: 5
  --- Verification details for leaf 17 after adding 20 leaves ---
  Verifying leaf: 21979652522633138675855471474548080148032271092062185065410366224797086795229
  Merkle root: 106870801179118634535883686530607157812509355522546186431046939568699077222939
  Proof length: 5
  Proof element 0 : 84400808403309474247251277457382660891608361063132282181411243421902705171780
  Computed hash after element 0 : 68707805291125709217780897399343780900556216299315256742021570282172139855342
  Proof element 1 : 88575591579172084758772601398406961970416021707547377613245270537555338277781
  Computed hash after element 1 : 45139666723238355772826244904596550483916276039110793439475289965711815832849
  Proof element 2 : 45139666723238355772826244904596550483916276039110793439475289965711815832849
  Computed hash after element 2 : 21542622059012190635906369546430773539738915079117799307359510961146431274570
  Proof element 3 : 45139666723238355772826244904596550483916276039110793439475289965711815832849
  Computed hash after element 3 : 13190317291286434167144621804752306629194723587825587121685396644725887523839
  Proof element 4 : 86128377917019908445957012829255022949550602761192088501649658527506321620714
  Computed hash after element 4 : 63582448114380680916039930615641943399471311578877930942071226955265822137423
  Is valid: false
  --- End of verification details ---
  Failed to verify leaf 17 after adding 20 leaves
  Getting proof for leaf index: 17
  Tree depth: 5
  Level 0 size: 20
  Added to proof: 21979652522633138675855471474548080148032271092062185065410366224797086795229
  Level 1 size: 10
  Added to proof: 88575591579172084758772601398406961970416021707547377613245270537555338277781
  Level 2 size: 5
  Added to proof (odd level): 45139666723238355772826244904596550483916276039110793439475289965711815832849
  Level 3 size: 3
  Added to proof (odd level): 45139666723238355772826244904596550483916276039110793439475289965711815832849
  Level 4 size: 2
  Added to proof: 86128377917019908445957012829255022949550602761192088501649658527506321620714
  Final proof length: 5
  --- Verification details for leaf 18 after adding 20 leaves ---
  Verifying leaf: 84400808403309474247251277457382660891608361063132282181411243421902705171780
  Merkle root: 106870801179118634535883686530607157812509355522546186431046939568699077222939
  Proof length: 5
  Proof element 0 : 21979652522633138675855471474548080148032271092062185065410366224797086795229
  Computed hash after element 0 : 68707805291125709217780897399343780900556216299315256742021570282172139855342
  Proof element 1 : 88575591579172084758772601398406961970416021707547377613245270537555338277781
  Computed hash after element 1 : 45139666723238355772826244904596550483916276039110793439475289965711815832849
  Proof element 2 : 45139666723238355772826244904596550483916276039110793439475289965711815832849
  Computed hash after element 2 : 21542622059012190635906369546430773539738915079117799307359510961146431274570
  Proof element 3 : 45139666723238355772826244904596550483916276039110793439475289965711815832849
  Computed hash after element 3 : 13190317291286434167144621804752306629194723587825587121685396644725887523839
  Proof element 4 : 86128377917019908445957012829255022949550602761192088501649658527506321620714
  Computed hash after element 4 : 63582448114380680916039930615641943399471311578877930942071226955265822137423
  Is valid: false
  --- End of verification details ---
  Failed to verify leaf 18 after adding 20 leaves
  Getting proof for leaf index: 18
  Tree depth: 5
  Level 0 size: 20
  Added to proof: 45283241434768109543195762179758620702218781048592697717780870725838066339860
  Level 1 size: 10
  Added to proof: 68707805291125709217780897399343780900556216299315256742021570282172139855342
  Level 2 size: 5
  Added to proof (odd level): 45139666723238355772826244904596550483916276039110793439475289965711815832849
  Level 3 size: 3
  Added to proof (odd level): 45139666723238355772826244904596550483916276039110793439475289965711815832849
  Level 4 size: 2
  Added to proof: 86128377917019908445957012829255022949550602761192088501649658527506321620714
  Final proof length: 5
  --- Verification details for leaf 19 after adding 20 leaves ---
  Verifying leaf: 56446361581621961878854006960535880407422028979022664102747530868558482727403
  Merkle root: 106870801179118634535883686530607157812509355522546186431046939568699077222939
  Proof length: 5
  Proof element 0 : 45283241434768109543195762179758620702218781048592697717780870725838066339860
  Computed hash after element 0 : 88575591579172084758772601398406961970416021707547377613245270537555338277781
  Proof element 1 : 68707805291125709217780897399343780900556216299315256742021570282172139855342
  Computed hash after element 1 : 45139666723238355772826244904596550483916276039110793439475289965711815832849
  Proof element 2 : 45139666723238355772826244904596550483916276039110793439475289965711815832849
  Computed hash after element 2 : 21542622059012190635906369546430773539738915079117799307359510961146431274570
  Proof element 3 : 45139666723238355772826244904596550483916276039110793439475289965711815832849
  Computed hash after element 3 : 13190317291286434167144621804752306629194723587825587121685396644725887523839
  Proof element 4 : 86128377917019908445957012829255022949550602761192088501649658527506321620714
  Computed hash after element 4 : 63582448114380680916039930615641943399471311578877930942071226955265822137423
  Is valid: false
  --- End of verification details ---
  Failed to verify leaf 19 after adding 20 leaves
  Getting proof for leaf index: 19
  Tree depth: 5
  Level 0 size: 20
  Added to proof: 56446361581621961878854006960535880407422028979022664102747530868558482727403
  Level 1 size: 10
  Added to proof: 68707805291125709217780897399343780900556216299315256742021570282172139855342
  Level 2 size: 5
  Added to proof (odd level): 45139666723238355772826244904596550483916276039110793439475289965711815832849
  Level 3 size: 3
  Added to proof (odd level): 45139666723238355772826244904596550483916276039110793439475289965711815832849
  Level 4 size: 2
  Added to proof: 86128377917019908445957012829255022949550602761192088501649658527506321620714
  Final proof length: 5
  --- Verification details for leaf 20 after adding 20 leaves ---
  Verifying leaf: 45283241434768109543195762179758620702218781048592697717780870725838066339860
  Merkle root: 106870801179118634535883686530607157812509355522546186431046939568699077222939
  Proof length: 5
  Proof element 0 : 56446361581621961878854006960535880407422028979022664102747530868558482727403
  Computed hash after element 0 : 88575591579172084758772601398406961970416021707547377613245270537555338277781
  Proof element 1 : 68707805291125709217780897399343780900556216299315256742021570282172139855342
  Computed hash after element 1 : 45139666723238355772826244904596550483916276039110793439475289965711815832849
  Proof element 2 : 45139666723238355772826244904596550483916276039110793439475289965711815832849
  Computed hash after element 2 : 21542622059012190635906369546430773539738915079117799307359510961146431274570
  Proof element 3 : 45139666723238355772826244904596550483916276039110793439475289965711815832849
  Computed hash after element 3 : 13190317291286434167144621804752306629194723587825587121685396644725887523839
  Proof element 4 : 86128377917019908445957012829255022949550602761192088501649658527506321620714
  Computed hash after element 4 : 63582448114380680916039930615641943399471311578877930942071226955265822137423
  Is valid: false
  --- End of verification details ---
  Failed to verify leaf 20 after adding 20 leaves

Traces:
  [11840497] MerkleStorageOZTest::testAddAndVerifySequentially()
    ├─ [70464] MerkleStorageOZ::addLeaf(0x6c65616631)
    │   ├─ emit LeafAdded(leaf: 0x036491cc10808eeb0ff717314df6f19ba2e232d04d5f039f6fa382cae41641da, index: 0)
    │   ├─ emit MerkleRootUpdated(newRoot: 0x036491cc10808eeb0ff717314df6f19ba2e232d04d5f039f6fa382cae41641da)
    │   └─ ← ()
    ├─ [0] console::log("Added leaf 1") [staticcall]
    │   └─ ← ()
    ├─ [3721] MerkleStorageOZ::getProof(0) [staticcall]
    │   ├─ [0] console::log("Getting proof for leaf index:", 0) [staticcall]
    │   │   └─ ← ()
    │   ├─ [0] console::log("Tree depth:", 0) [staticcall]
    │   │   └─ ← ()
    │   ├─ [0] console::log("Final proof length:", 0) [staticcall]
    │   │   └─ ← ()
    │   └─ ← []
    ├─ [0] console::log("--- Verification details for leaf 1 after adding 1 leaves ---") [staticcall]
    │   └─ ← ()
    ├─ [4200] MerkleStorageOZ::verifyLeaf(0x6c65616631, []) [staticcall]
    │   ├─ [0] console::log("Verifying leaf:", 1534629507014924801801850062420965747762703560098700086918056654539096211930 [1.534e75]) [staticcall]
    │   │   └─ ← ()
    │   ├─ [0] console::log("Merkle root:", 1534629507014924801801850062420965747762703560098700086918056654539096211930 [1.534e75]) [staticcall]
    │   │   └─ ← ()
    │   ├─ [0] console::log("Proof length:", 0) [staticcall]
    │   │   └─ ← ()
    │   ├─ [0] console::log("Is valid:", true) [staticcall]
    │   │   └─ ← ()
    │   └─ ← true
    ├─ [0] console::log("--- End of verification details ---") [staticcall]
    │   └─ ← ()
    ├─ [0] console::log("Successfully verified leaf 1 after adding 1 leaves") [staticcall]
    │   └─ ← ()
    ├─ [27761] MerkleStorageOZ::addLeaf(0x6c65616632)
    │   ├─ emit LeafAdded(leaf: 0xba620d61dac4ddf2d7905722b259b0bd34ec4d37c5796d9a22537c54b3f972d8, index: 1)
    │   ├─ emit MerkleRootUpdated(newRoot: 0x0aa7d3e8df6bbfe087828aef70a86fff5964660e89f14cbbbe406695bc1e2077)
    │   └─ ← ()
    ├─ [0] console::log("Added leaf 2") [staticcall]
    │   └─ ← ()
    ├─ [7771] MerkleStorageOZ::getProof(0) [staticcall]
    │   ├─ [0] console::log("Getting proof for leaf index:", 0) [staticcall]
    │   │   └─ ← ()
    │   ├─ [0] console::log("Tree depth:", 1) [staticcall]
    │   │   └─ ← ()
    │   ├─ [0] console::log("Level", 0, "size:", 2) [staticcall]
    │   │   └─ ← ()
    │   ├─ [0] console::log("Added to proof:", 84303433209692230857384970403333823748570319246869449369625637863858470744792 [8.43e76]) [staticcall]
    │   │   └─ ← ()
    │   ├─ [0] console::log("Final proof length:", 1) [staticcall]
    │   │   └─ ← ()
    │   └─ ← [0xba620d61dac4ddf2d7905722b259b0bd34ec4d37c5796d9a22537c54b3f972d8]
    ├─ [0] console::log("--- Verification details for leaf 1 after adding 2 leaves ---") [staticcall]
    │   └─ ← ()
    ├─ [6600] MerkleStorageOZ::verifyLeaf(0x6c65616631, [0xba620d61dac4ddf2d7905722b259b0bd34ec4d37c5796d9a22537c54b3f972d8]) [staticcall]
    │   ├─ [0] console::log("Verifying leaf:", 1534629507014924801801850062420965747762703560098700086918056654539096211930 [1.534e75]) [staticcall]
    │   │   └─ ← ()
    │   ├─ [0] console::log("Merkle root:", 4819654492366420278237764346194618123787186199882361681321774604810163462263 [4.819e75]) [staticcall]
    │   │   └─ ← ()
    │   ├─ [0] console::log("Proof length:", 1) [staticcall]
    │   │   └─ ← ()
    │   ├─ [0] console::log("Proof element", 0, ":", 84303433209692230857384970403333823748570319246869449369625637863858470744792 [8.43e76]) [staticcall]
    │   │   └─ ← ()
    │   ├─ [0] console::log("Computed hash after element", 0, ":", 4819654492366420278237764346194618123787186199882361681321774604810163462263 [4.819e75]) [staticcall]
    │   │   └─ ← ()
    │   ├─ [0] console::log("Is valid:", true) [staticcall]
    │   │   └─ ← ()
    │   └─ ← true
    ├─ [0] console::log("--- End of verification details ---") [staticcall]
    │   └─ ← ()
    ├─ [0] console::log("Successfully verified leaf 1 after adding 2 leaves") [staticcall]
    │   └─ ← ()
    ├─ [7686] MerkleStorageOZ::getProof(1) [staticcall]
    │   ├─ [0] console::log("Getting proof for leaf index:", 1) [staticcall]
    │   │   └─ ← ()
    │   ├─ [0] console::log("Tree depth:", 1) [staticcall]
    │   │   └─ ← ()
    │   ├─ [0] console::log("Level", 0, "size:", 2) [staticcall]
    │   │   └─ ← ()
    │   ├─ [0] console::log("Added to proof:", 1534629507014924801801850062420965747762703560098700086918056654539096211930 [1.534e75]) [staticcall]
    │   │   └─ ← ()
    │   ├─ [0] console::log("Final proof length:", 1) [staticcall]
    │   │   └─ ← ()
    │   └─ ← [0x036491cc10808eeb0ff717314df6f19ba2e232d04d5f039f6fa382cae41641da]
    ├─ [0] console::log("--- Verification details for leaf 2 after adding 2 leaves ---") [staticcall]
    │   └─ ← ()
    ├─ [6590] MerkleStorageOZ::verifyLeaf(0x6c65616632, [0x036491cc10808eeb0ff717314df6f19ba2e232d04d5f039f6fa382cae41641da]) [staticcall]
    │   ├─ [0] console::log("Verifying leaf:", 84303433209692230857384970403333823748570319246869449369625637863858470744792 [8.43e76]) [staticcall]
    │   │   └─ ← ()
    │   ├─ [0] console::log("Merkle root:", 4819654492366420278237764346194618123787186199882361681321774604810163462263 [4.819e75]) [staticcall]
    │   │   └─ ← ()
    │   ├─ [0] console::log("Proof length:", 1) [staticcall]
    │   │   └─ ← ()
    │   ├─ [0] console::log("Proof element", 0, ":", 1534629507014924801801850062420965747762703560098700086918056654539096211930 [1.534e75]) [staticcall]
    │   │   └─ ← ()
    │   ├─ [0] console::log("Computed hash after element", 0, ":", 4819654492366420278237764346194618123787186199882361681321774604810163462263 [4.819e75]) [staticcall]
    │   │   └─ ← ()
    │   ├─ [0] console::log("Is valid:", true) [staticcall]
    │   │   └─ ← ()
    │   └─ ← true
    ├─ [0] console::log("--- End of verification details ---") [staticcall]
    │   └─ ← ()
    ├─ [0] console::log("Successfully verified leaf 2 after adding 2 leaves") [staticcall]
    │   └─ ← ()
    ├─ [29357] MerkleStorageOZ::addLeaf(0x6c65616633)
    │   ├─ emit LeafAdded(leaf: 0xfdd1f2a1ec75fe968421a41d2282200de6bec6a21f81080a71b1053d9c0120f3, index: 2)
    │   ├─ emit MerkleRootUpdated(newRoot: 0x9517971a74b779e169f492b7edaaa96397808e75abc48b4ace2daffc7d5cd19c)
    │   └─ ← ()
    ├─ [0] console::log("Added leaf 3") [staticcall]
    │   └─ ← ()
    ├─ [12275] MerkleStorageOZ::getProof(0) [staticcall]
    │   ├─ [0] console::log("Getting proof for leaf index:", 0) [staticcall]
    │   │   └─ ← ()
    │   ├─ [0] console::log("Tree depth:", 2) [staticcall]
    │   │   └─ ← ()
    │   ├─ [0] console::log("Level", 0, "size:", 3) [staticcall]
    │   │   └─ ← ()
    │   ├─ [0] console::log("Added to proof:", 84303433209692230857384970403333823748570319246869449369625637863858470744792 [8.43e76]) [staticcall]
    │   │   └─ ← ()
    │   ├─ [0] console::log("Level", 1, "size:", 2) [staticcall]
    │   │   └─ ← ()
    │   ├─ [0] console::log("Added to proof:", 114806096316174656260172984043681595992173194076043313710926606652151351550195 [1.148e77]) [staticcall]
    │   │   └─ ← ()
    │   ├─ [0] console::log("Final proof length:", 2) [staticcall]
    │   │   └─ ← ()
    │   └─ ← [0xba620d61dac4ddf2d7905722b259b0bd34ec4d37c5796d9a22537c54b3f972d8, 0xfdd1f2a1ec75fe968421a41d2282200de6bec6a21f81080a71b1053d9c0120f3]
    ├─ [0] console::log("--- Verification details for leaf 1 after adding 3 leaves ---") [staticcall]
    │   └─ ← ()
    ├─ [9002] MerkleStorageOZ::verifyLeaf(0x6c65616631, [0xba620d61dac4ddf2d7905722b259b0bd34ec4d37c5796d9a22537c54b3f972d8, 0xfdd1f2a1ec75fe968421a41d2282200de6bec6a21f81080a71b1053d9c0120f3]) [staticcall]
    │   ├─ [0] console::log("Verifying leaf:", 1534629507014924801801850062420965747762703560098700086918056654539096211930 [1.534e75]) [staticcall]
    │   │   └─ ← ()
    │   ├─ [0] console::log("Merkle root:", 67436294798345276949753595613095891872564208467660475530201896116977038840220 [6.743e76]) [staticcall]
    │   │   └─ ← ()
    │   ├─ [0] console::log("Proof length:", 2) [staticcall]
    │   │   └─ ← ()
    │   ├─ [0] console::log("Proof element", 0, ":", 84303433209692230857384970403333823748570319246869449369625637863858470744792 [8.43e76]) [staticcall]
    │   │   └─ ← ()
    │   ├─ [0] console::log("Computed hash after element", 0, ":", 4819654492366420278237764346194618123787186199882361681321774604810163462263 [4.819e75]) [staticcall]
    │   │   └─ ← ()
    │   ├─ [0] console::log("Proof element", 1, ":", 114806096316174656260172984043681595992173194076043313710926606652151351550195 [1.148e77]) [staticcall]
    │   │   └─ ← ()
    │   ├─ [0] console::log("Computed hash after element", 1, ":", 67436294798345276949753595613095891872564208467660475530201896116977038840220 [6.743e76]) [staticcall]
    │   │   └─ ← ()
    │   ├─ [0] console::log("Is valid:", true) [staticcall]
    │   │   └─ ← ()
    │   └─ ← true
    ├─ [0] console::log("--- End of verification details ---") [staticcall]
    │   └─ ← ()
    ├─ [0] console::log("Successfully verified leaf 1 after adding 3 leaves") [staticcall]
    │   └─ ← ()
    ├─ [12190] MerkleStorageOZ::getProof(1) [staticcall]
    │   ├─ [0] console::log("Getting proof for leaf index:", 1) [staticcall]
    │   │   └─ ← ()
    │   ├─ [0] console::log("Tree depth:", 2) [staticcall]
    │   │   └─ ← ()
    │   ├─ [0] console::log("Level", 0, "size:", 3) [staticcall]
    │   │   └─ ← ()
    │   ├─ [0] console::log("Added to proof:", 1534629507014924801801850062420965747762703560098700086918056654539096211930 [1.534e75]) [staticcall]
    │   │   └─ ← ()
    │   ├─ [0] console::log("Level", 1, "size:", 2) [staticcall]
    │   │   └─ ← ()
    │   ├─ [0] console::log("Added to proof:", 114806096316174656260172984043681595992173194076043313710926606652151351550195 [1.148e77]) [staticcall]
    │   │   └─ ← ()
    │   ├─ [0] console::log("Final proof length:", 2) [staticcall]
    │   │   └─ ← ()
    │   └─ ← [0x036491cc10808eeb0ff717314df6f19ba2e232d04d5f039f6fa382cae41641da, 0xfdd1f2a1ec75fe968421a41d2282200de6bec6a21f81080a71b1053d9c0120f3]
    ├─ [0] console::log("--- Verification details for leaf 2 after adding 3 leaves ---") [staticcall]
    │   └─ ← ()
    ├─ [8992] MerkleStorageOZ::verifyLeaf(0x6c65616632, [0x036491cc10808eeb0ff717314df6f19ba2e232d04d5f039f6fa382cae41641da, 0xfdd1f2a1ec75fe968421a41d2282200de6bec6a21f81080a71b1053d9c0120f3]) [staticcall]
    │   ├─ [0] console::log("Verifying leaf:", 84303433209692230857384970403333823748570319246869449369625637863858470744792 [8.43e76]) [staticcall]
    │   │   └─ ← ()
    │   ├─ [0] console::log("Merkle root:", 67436294798345276949753595613095891872564208467660475530201896116977038840220 [6.743e76]) [staticcall]
    │   │   └─ ← ()
    │   ├─ [0] console::log("Proof length:", 2) [staticcall]
    │   │   └─ ← ()
    │   ├─ [0] console::log("Proof element", 0, ":", 1534629507014924801801850062420965747762703560098700086918056654539096211930 [1.534e75]) [staticcall]
    │   │   └─ ← ()
    │   ├─ [0] console::log("Computed hash after element", 0, ":", 4819654492366420278237764346194618123787186199882361681321774604810163462263 [4.819e75]) [staticcall]
    │   │   └─ ← ()
    │   ├─ [0] console::log("Proof element", 1, ":", 114806096316174656260172984043681595992173194076043313710926606652151351550195 [1.148e77]) [staticcall]
    │   │   └─ ← ()
    │   ├─ [0] console::log("Computed hash after element", 1, ":", 67436294798345276949753595613095891872564208467660475530201896116977038840220 [6.743e76]) [staticcall]
    │   │   └─ ← ()
    │   ├─ [0] console::log("Is valid:", true) [staticcall]
    │   │   └─ ← ()
    │   └─ ← true
    ├─ [0] console::log("--- End of verification details ---") [staticcall]
    │   └─ ← ()
    ├─ [0] console::log("Successfully verified leaf 2 after adding 3 leaves") [staticcall]
    │   └─ ← ()
    ├─ [12192] MerkleStorageOZ::getProof(2) [staticcall]
    │   ├─ [0] console::log("Getting proof for leaf index:", 2) [staticcall]
    │   │   └─ ← ()
    │   ├─ [0] console::log("Tree depth:", 2) [staticcall]
    │   │   └─ ← ()
    │   ├─ [0] console::log("Level", 0, "size:", 3) [staticcall]
    │   │   └─ ← ()
    │   ├─ [0] console::log("Added to proof (odd level):", 114806096316174656260172984043681595992173194076043313710926606652151351550195 [1.148e77]) [staticcall]
    │   │   └─ ← ()
    │   ├─ [0] console::log("Level", 1, "size:", 2) [staticcall]
    │   │   └─ ← ()
    │   ├─ [0] console::log("Added to proof:", 4819654492366420278237764346194618123787186199882361681321774604810163462263 [4.819e75]) [staticcall]
    │   │   └─ ← ()
    │   ├─ [0] console::log("Final proof length:", 2) [staticcall]
    │   │   └─ ← ()
    │   └─ ← [0xfdd1f2a1ec75fe968421a41d2282200de6bec6a21f81080a71b1053d9c0120f3, 0x0aa7d3e8df6bbfe087828aef70a86fff5964660e89f14cbbbe406695bc1e2077]
    ├─ [0] console::log("--- Verification details for leaf 3 after adding 3 leaves ---") [staticcall]
    │   └─ ← ()
    ├─ [8992] MerkleStorageOZ::verifyLeaf(0x6c65616633, [0xfdd1f2a1ec75fe968421a41d2282200de6bec6a21f81080a71b1053d9c0120f3, 0x0aa7d3e8df6bbfe087828aef70a86fff5964660e89f14cbbbe406695bc1e2077]) [staticcall]
    │   ├─ [0] console::log("Verifying leaf:", 114806096316174656260172984043681595992173194076043313710926606652151351550195 [1.148e77]) [staticcall]
    │   │   └─ ← ()
    │   ├─ [0] console::log("Merkle root:", 67436294798345276949753595613095891872564208467660475530201896116977038840220 [6.743e76]) [staticcall]
    │   │   └─ ← ()
    │   ├─ [0] console::log("Proof length:", 2) [staticcall]
    │   │   └─ ← ()
    │   ├─ [0] console::log("Proof element", 0, ":", 114806096316174656260172984043681595992173194076043313710926606652151351550195 [1.148e77]) [staticcall]
    │   │   └─ ← ()
    │   ├─ [0] console::log("Computed hash after element", 0, ":", 56063023750464169424201752593871630494169566218716330992918830742532250616805 [5.606e76]) [staticcall]
    │   │   └─ ← ()
    │   ├─ [0] console::log("Proof element", 1, ":", 4819654492366420278237764346194618123787186199882361681321774604810163462263 [4.819e75]) [staticcall]
    │   │   └─ ← ()
    │   ├─ [0] console::log("Computed hash after element", 1, ":", 85126697450493682131273072009741742028962261674691772054558990580592983660351 [8.512e76]) [staticcall]
    │   │   └─ ← ()
    │   ├─ [0] console::log("Is valid:", false) [staticcall]
    │   │   └─ ← ()
    │   └─ ← false
    ├─ [0] console::log("--- End of verification details ---") [staticcall]
    │   └─ ← ()
    ├─ [0] console::log("Failed to verify leaf 3 after adding 3 leaves") [staticcall]
    │   └─ ← ()
    ├─ [29789] MerkleStorageOZ::addLeaf(0x6c65616634)
    │   ├─ emit LeafAdded(leaf: 0x157c9118369926e028fa6cf8dfe68c750c1adbd7b0e4918c2b3a23fe4017c732, index: 3)
    │   ├─ emit MerkleRootUpdated(newRoot: 0xbe80f348526b4646bc0697bf2fe649f1835863538924cb6b91ad4eb57ced0181)
    │   └─ ← ()
    ├─ [0] console::log("Added leaf 4") [staticcall]
    │   └─ ← ()
    ├─ [12707] MerkleStorageOZ::getProof(0) [staticcall]
    │   ├─ [0] console::log("Getting proof for leaf index:", 0) [staticcall]
    │   │   └─ ← ()
    │   ├─ [0] console::log("Tree depth:", 2) [staticcall]
    │   │   └─ ← ()
    │   ├─ [0] console::log("Level", 0, "size:", 4) [staticcall]
    │   │   └─ ← ()
    │   ├─ [0] console::log("Added to proof:", 84303433209692230857384970403333823748570319246869449369625637863858470744792 [8.43e76]) [staticcall]
    │   │   └─ ← ()
    │   ├─ [0] console::log("Level", 1, "size:", 2) [staticcall]
    │   │   └─ ← ()
    │   ├─ [0] console::log("Added to proof:", 42994468410347004737970376126143620665813473361490896099477539813509562736181 [4.299e76]) [staticcall]
    │   │   └─ ← ()
    │   ├─ [0] console::log("Final proof length:", 2) [staticcall]
    │   │   └─ ← ()
    │   └─ ← [0xba620d61dac4ddf2d7905722b259b0bd34ec4d37c5796d9a22537c54b3f972d8, 0x5f0e01babb612c872c711c3804090c0fcd42d13e2ddbd99d21e73f30afa59e35]
    ├─ [0] console::log("--- Verification details for leaf 1 after adding 4 leaves ---") [staticcall]
    │   └─ ← ()
    ├─ [9002] MerkleStorageOZ::verifyLeaf(0x6c65616631, [0xba620d61dac4ddf2d7905722b259b0bd34ec4d37c5796d9a22537c54b3f972d8, 0x5f0e01babb612c872c711c3804090c0fcd42d13e2ddbd99d21e73f30afa59e35]) [staticcall]
    │   ├─ [0] console::log("Verifying leaf:", 1534629507014924801801850062420965747762703560098700086918056654539096211930 [1.534e75]) [staticcall]
    │   │   └─ ← ()
    │   ├─ [0] console::log("Merkle root:", 86167276729270415220365293603154116830872546334163333883227179387055231533441 [8.616e76]) [staticcall]
    │   │   └─ ← ()
    │   ├─ [0] console::log("Proof length:", 2) [staticcall]
    │   │   └─ ← ()
    │   ├─ [0] console::log("Proof element", 0, ":", 84303433209692230857384970403333823748570319246869449369625637863858470744792 [8.43e76]) [staticcall]
    │   │   └─ ← ()
    │   ├─ [0] console::log("Computed hash after element", 0, ":", 4819654492366420278237764346194618123787186199882361681321774604810163462263 [4.819e75]) [staticcall]
    │   │   └─ ← ()
    │   ├─ [0] console::log("Proof element", 1, ":", 42994468410347004737970376126143620665813473361490896099477539813509562736181 [4.299e76]) [staticcall]
    │   │   └─ ← ()
    │   ├─ [0] console::log("Computed hash after element", 1, ":", 86167276729270415220365293603154116830872546334163333883227179387055231533441 [8.616e76]) [staticcall]
    │   │   └─ ← ()
    │   ├─ [0] console::log("Is valid:", true) [staticcall]
    │   │   └─ ← ()
    │   └─ ← true
    ├─ [0] console::log("--- End of verification details ---") [staticcall]
    │   └─ ← ()
    ├─ [0] console::log("Successfully verified leaf 1 after adding 4 leaves") [staticcall]
    │   └─ ← ()
    ├─ [12622] MerkleStorageOZ::getProof(1) [staticcall]
    │   ├─ [0] console::log("Getting proof for leaf index:", 1) [staticcall]
    │   │   └─ ← ()
    │   ├─ [0] console::log("Tree depth:", 2) [staticcall]
    │   │   └─ ← ()
    │   ├─ [0] console::log("Level", 0, "size:", 4) [staticcall]
    │   │   └─ ← ()
    │   ├─ [0] console::log("Added to proof:", 1534629507014924801801850062420965747762703560098700086918056654539096211930 [1.534e75]) [staticcall]
    │   │   └─ ← ()
    │   ├─ [0] console::log("Level", 1, "size:", 2) [staticcall]
    │   │   └─ ← ()
    │   ├─ [0] console::log("Added to proof:", 42994468410347004737970376126143620665813473361490896099477539813509562736181 [4.299e76]) [staticcall]
    │   │   └─ ← ()
    │   ├─ [0] console::log("Final proof length:", 2) [staticcall]
    │   │   └─ ← ()
    │   └─ ← [0x036491cc10808eeb0ff717314df6f19ba2e232d04d5f039f6fa382cae41641da, 0x5f0e01babb612c872c711c3804090c0fcd42d13e2ddbd99d21e73f30afa59e35]
    ├─ [0] console::log("--- Verification details for leaf 2 after adding 4 leaves ---") [staticcall]
    │   └─ ← ()
    ├─ [8992] MerkleStorageOZ::verifyLeaf(0x6c65616632, [0x036491cc10808eeb0ff717314df6f19ba2e232d04d5f039f6fa382cae41641da, 0x5f0e01babb612c872c711c3804090c0fcd42d13e2ddbd99d21e73f30afa59e35]) [staticcall]
    │   ├─ [0] console::log("Verifying leaf:", 84303433209692230857384970403333823748570319246869449369625637863858470744792 [8.43e76]) [staticcall]
    │   │   └─ ← ()
    │   ├─ [0] console::log("Merkle root:", 86167276729270415220365293603154116830872546334163333883227179387055231533441 [8.616e76]) [staticcall]
    │   │   └─ ← ()
    │   ├─ [0] console::log("Proof length:", 2) [staticcall]
    │   │   └─ ← ()
    │   ├─ [0] console::log("Proof element", 0, ":", 1534629507014924801801850062420965747762703560098700086918056654539096211930 [1.534e75]) [staticcall]
    │   │   └─ ← ()
    │   ├─ [0] console::log("Computed hash after element", 0, ":", 4819654492366420278237764346194618123787186199882361681321774604810163462263 [4.819e75]) [staticcall]
    │   │   └─ ← ()
    │   ├─ [0] console::log("Proof element", 1, ":", 42994468410347004737970376126143620665813473361490896099477539813509562736181 [4.299e76]) [staticcall]
    │   │   └─ ← ()
    │   ├─ [0] console::log("Computed hash after element", 1, ":", 86167276729270415220365293603154116830872546334163333883227179387055231533441 [8.616e76]) [staticcall]
    │   │   └─ ← ()
    │   ├─ [0] console::log("Is valid:", true) [staticcall]
    │   │   └─ ← ()
    │   └─ ← true
    ├─ [0] console::log("--- End of verification details ---") [staticcall]
    │   └─ ← ()
    ├─ [0] console::log("Successfully verified leaf 2 after adding 4 leaves") [staticcall]
    │   └─ ← ()
    ├─ [12622] MerkleStorageOZ::getProof(2) [staticcall]
    │   ├─ [0] console::log("Getting proof for leaf index:", 2) [staticcall]
    │   │   └─ ← ()
    │   ├─ [0] console::log("Tree depth:", 2) [staticcall]
    │   │   └─ ← ()
    │   ├─ [0] console::log("Level", 0, "size:", 4) [staticcall]
    │   │   └─ ← ()
    │   ├─ [0] console::log("Added to proof:", 9718660262289985226213547307049526568607798083323067650698233131271439501106 [9.718e75]) [staticcall]
    │   │   └─ ← ()
    │   ├─ [0] console::log("Level", 1, "size:", 2) [staticcall]
    │   │   └─ ← ()
    │   ├─ [0] console::log("Added to proof:", 4819654492366420278237764346194618123787186199882361681321774604810163462263 [4.819e75]) [staticcall]
    │   │   └─ ← ()
    │   ├─ [0] console::log("Final proof length:", 2) [staticcall]
    │   │   └─ ← ()
    │   └─ ← [0x157c9118369926e028fa6cf8dfe68c750c1adbd7b0e4918c2b3a23fe4017c732, 0x0aa7d3e8df6bbfe087828aef70a86fff5964660e89f14cbbbe406695bc1e2077]
    ├─ [0] console::log("--- Verification details for leaf 3 after adding 4 leaves ---") [staticcall]
    │   └─ ← ()
    ├─ [8982] MerkleStorageOZ::verifyLeaf(0x6c65616633, [0x157c9118369926e028fa6cf8dfe68c750c1adbd7b0e4918c2b3a23fe4017c732, 0x0aa7d3e8df6bbfe087828aef70a86fff5964660e89f14cbbbe406695bc1e2077]) [staticcall]
    │   ├─ [0] console::log("Verifying leaf:", 114806096316174656260172984043681595992173194076043313710926606652151351550195 [1.148e77]) [staticcall]
    │   │   └─ ← ()
    │   ├─ [0] console::log("Merkle root:", 86167276729270415220365293603154116830872546334163333883227179387055231533441 [8.616e76]) [staticcall]
    │   │   └─ ← ()
    │   ├─ [0] console::log("Proof length:", 2) [staticcall]
    │   │   └─ ← ()
    │   ├─ [0] console::log("Proof element", 0, ":", 9718660262289985226213547307049526568607798083323067650698233131271439501106 [9.718e75]) [staticcall]
    │   │   └─ ← ()
    │   ├─ [0] console::log("Computed hash after element", 0, ":", 42994468410347004737970376126143620665813473361490896099477539813509562736181 [4.299e76]) [staticcall]
    │   │   └─ ← ()
    │   ├─ [0] console::log("Proof element", 1, ":", 4819654492366420278237764346194618123787186199882361681321774604810163462263 [4.819e75]) [staticcall]
    │   │   └─ ← ()
    │   ├─ [0] console::log("Computed hash after element", 1, ":", 86167276729270415220365293603154116830872546334163333883227179387055231533441 [8.616e76]) [staticcall]
    │   │   └─ ← ()
    │   ├─ [0] console::log("Is valid:", true) [staticcall]
    │   │   └─ ← ()
    │   └─ ← true
    ├─ [0] console::log("--- End of verification details ---") [staticcall]
    │   └─ ← ()
    ├─ [0] console::log("Successfully verified leaf 3 after adding 4 leaves") [staticcall]
    │   └─ ← ()
    ├─ [12537] MerkleStorageOZ::getProof(3) [staticcall]
    │   ├─ [0] console::log("Getting proof for leaf index:", 3) [staticcall]
    │   │   └─ ← ()
    │   ├─ [0] console::log("Tree depth:", 2) [staticcall]
    │   │   └─ ← ()
    │   ├─ [0] console::log("Level", 0, "size:", 4) [staticcall]
    │   │   └─ ← ()
    │   ├─ [0] console::log("Added to proof:", 114806096316174656260172984043681595992173194076043313710926606652151351550195 [1.148e77]) [staticcall]
    │   │   └─ ← ()
    │   ├─ [0] console::log("Level", 1, "size:", 2) [staticcall]
    │   │   └─ ← ()
    │   ├─ [0] console::log("Added to proof:", 4819654492366420278237764346194618123787186199882361681321774604810163462263 [4.819e75]) [staticcall]
    │   │   └─ ← ()
    │   ├─ [0] console::log("Final proof length:", 2) [staticcall]
    │   │   └─ ← ()
    │   └─ ← [0xfdd1f2a1ec75fe968421a41d2282200de6bec6a21f81080a71b1053d9c0120f3, 0x0aa7d3e8df6bbfe087828aef70a86fff5964660e89f14cbbbe406695bc1e2077]
    ├─ [0] console::log("--- Verification details for leaf 4 after adding 4 leaves ---") [staticcall]
    │   └─ ← ()
    ├─ [8992] MerkleStorageOZ::verifyLeaf(0x6c65616634, [0xfdd1f2a1ec75fe968421a41d2282200de6bec6a21f81080a71b1053d9c0120f3, 0x0aa7d3e8df6bbfe087828aef70a86fff5964660e89f14cbbbe406695bc1e2077]) [staticcall]
    │   ├─ [0] console::log("Verifying leaf:", 9718660262289985226213547307049526568607798083323067650698233131271439501106 [9.718e75]) [staticcall]
    │   │   └─ ← ()
    │   ├─ [0] console::log("Merkle root:", 86167276729270415220365293603154116830872546334163333883227179387055231533441 [8.616e76]) [staticcall]
    │   │   └─ ← ()
    │   ├─ [0] console::log("Proof length:", 2) [staticcall]
    │   │   └─ ← ()
    │   ├─ [0] console::log("Proof element", 0, ":", 114806096316174656260172984043681595992173194076043313710926606652151351550195 [1.148e77]) [staticcall]
    │   │   └─ ← ()
    │   ├─ [0] console::log("Computed hash after element", 0, ":", 42994468410347004737970376126143620665813473361490896099477539813509562736181 [4.299e76]) [staticcall]
    │   │   └─ ← ()
    │   ├─ [0] console::log("Proof element", 1, ":", 4819654492366420278237764346194618123787186199882361681321774604810163462263 [4.819e75]) [staticcall]
    │   │   └─ ← ()
    │   ├─ [0] console::log("Computed hash after element", 1, ":", 86167276729270415220365293603154116830872546334163333883227179387055231533441 [8.616e76]) [staticcall]
    │   │   └─ ← ()
    │   ├─ [0] console::log("Is valid:", true) [staticcall]
    │   │   └─ ← ()
    │   └─ ← true
    ├─ [0] console::log("--- End of verification details ---") [staticcall]
    │   └─ ← ()
    ├─ [0] console::log("Successfully verified leaf 4 after adding 4 leaves") [staticcall]
    │   └─ ← ()
    ├─ [31794] MerkleStorageOZ::addLeaf(0x6c65616635)
    │   ├─ emit LeafAdded(leaf: 0x075b8504c98679ed33a097ef9b1466e8f4652142d4b19ab2c37fdf1668a65c86, index: 4)
    │   ├─ emit MerkleRootUpdated(newRoot: 0x344262cc2d85ea6628f340f31bad259145c04fbe59f7ae1e35334805867b7d05)
    │   └─ ← ()
    ├─ [0] console::log("Added leaf 5") [staticcall]
    │   └─ ← ()
    ├─ [17755] MerkleStorageOZ::getProof(0) [staticcall]
    │   ├─ [0] console::log("Getting proof for leaf index:", 0) [staticcall]
    │   │   └─ ← ()
    │   ├─ [0] console::log("Tree depth:", 3) [staticcall]
    │   │   └─ ← ()
    │   ├─ [0] console::log("Level", 0, "size:", 5) [staticcall]
    │   │   └─ ← ()
    │   ├─ [0] console::log("Added to proof:", 84303433209692230857384970403333823748570319246869449369625637863858470744792 [8.43e76]) [staticcall]
    │   │   └─ ← ()
    │   ├─ [0] console::log("Level", 1, "size:", 3) [staticcall]
    │   │   └─ ← ()
    │   ├─ [0] console::log("Added to proof:", 42994468410347004737970376126143620665813473361490896099477539813509562736181 [4.299e76]) [staticcall]
    │   │   └─ ← ()
    │   ├─ [0] console::log("Level", 2, "size:", 2) [staticcall]
    │   │   └─ ← ()
    │   ├─ [0] console::log("Added to proof:", 3327891084304698462684256911003812127873740397003554529128445276024109161606 [3.327e75]) [staticcall]
    │   │   └─ ← ()
    │   ├─ [0] console::log("Final proof length:", 3) [staticcall]
    │   │   └─ ← ()
    │   └─ ← [0xba620d61dac4ddf2d7905722b259b0bd34ec4d37c5796d9a22537c54b3f972d8, 0x5f0e01babb612c872c711c3804090c0fcd42d13e2ddbd99d21e73f30afa59e35, 0x075b8504c98679ed33a097ef9b1466e8f4652142d4b19ab2c37fdf1668a65c86]
    ├─ [0] console::log("--- Verification details for leaf 1 after adding 5 leaves ---") [staticcall]
    │   └─ ← ()
    ├─ [11400] MerkleStorageOZ::verifyLeaf(0x6c65616631, [0xba620d61dac4ddf2d7905722b259b0bd34ec4d37c5796d9a22537c54b3f972d8, 0x5f0e01babb612c872c711c3804090c0fcd42d13e2ddbd99d21e73f30afa59e35, 0x075b8504c98679ed33a097ef9b1466e8f4652142d4b19ab2c37fdf1668a65c86]) [staticcall]
    │   ├─ [0] console::log("Verifying leaf:", 1534629507014924801801850062420965747762703560098700086918056654539096211930 [1.534e75]) [staticcall]
    │   │   └─ ← ()
    │   ├─ [0] console::log("Merkle root:", 23637561908370473951533874021285021016332715440169976720650927179558586907909 [2.363e76]) [staticcall]
    │   │   └─ ← ()
    │   ├─ [0] console::log("Proof length:", 3) [staticcall]
    │   │   └─ ← ()
    │   ├─ [0] console::log("Proof element", 0, ":", 84303433209692230857384970403333823748570319246869449369625637863858470744792 [8.43e76]) [staticcall]
    │   │   └─ ← ()
    │   ├─ [0] console::log("Computed hash after element", 0, ":", 4819654492366420278237764346194618123787186199882361681321774604810163462263 [4.819e75]) [staticcall]
    │   │   └─ ← ()
    │   ├─ [0] console::log("Proof element", 1, ":", 42994468410347004737970376126143620665813473361490896099477539813509562736181 [4.299e76]) [staticcall]
    │   │   └─ ← ()
    │   ├─ [0] console::log("Computed hash after element", 1, ":", 86167276729270415220365293603154116830872546334163333883227179387055231533441 [8.616e76]) [staticcall]
    │   │   └─ ← ()
    │   ├─ [0] console::log("Proof element", 2, ":", 3327891084304698462684256911003812127873740397003554529128445276024109161606 [3.327e75]) [staticcall]
    │   │   └─ ← ()
    │   ├─ [0] console::log("Computed hash after element", 2, ":", 23637561908370473951533874021285021016332715440169976720650927179558586907909 [2.363e76]) [staticcall]
    │   │   └─ ← ()
    │   ├─ [0] console::log("Is valid:", true) [staticcall]
    │   │   └─ ← ()
    │   └─ ← true
    ├─ [0] console::log("--- End of verification details ---") [staticcall]
    │   └─ ← ()
    ├─ [0] console::log("Successfully verified leaf 1 after adding 5 leaves") [staticcall]
    │   └─ ← ()
    ├─ [17670] MerkleStorageOZ::getProof(1) [staticcall]
    │   ├─ [0] console::log("Getting proof for leaf index:", 1) [staticcall]
    │   │   └─ ← ()
    │   ├─ [0] console::log("Tree depth:", 3) [staticcall]
    │   │   └─ ← ()
    │   ├─ [0] console::log("Level", 0, "size:", 5) [staticcall]
    │   │   └─ ← ()
    │   ├─ [0] console::log("Added to proof:", 1534629507014924801801850062420965747762703560098700086918056654539096211930 [1.534e75]) [staticcall]
    │   │   └─ ← ()
    │   ├─ [0] console::log("Level", 1, "size:", 3) [staticcall]
    │   │   └─ ← ()
    │   ├─ [0] console::log("Added to proof:", 42994468410347004737970376126143620665813473361490896099477539813509562736181 [4.299e76]) [staticcall]
    │   │   └─ ← ()
    │   ├─ [0] console::log("Level", 2, "size:", 2) [staticcall]
    │   │   └─ ← ()
    │   ├─ [0] console::log("Added to proof:", 3327891084304698462684256911003812127873740397003554529128445276024109161606 [3.327e75]) [staticcall]
    │   │   └─ ← ()
    │   ├─ [0] console::log("Final proof length:", 3) [staticcall]
    │   │   └─ ← ()
    │   └─ ← [0x036491cc10808eeb0ff717314df6f19ba2e232d04d5f039f6fa382cae41641da, 0x5f0e01babb612c872c711c3804090c0fcd42d13e2ddbd99d21e73f30afa59e35, 0x075b8504c98679ed33a097ef9b1466e8f4652142d4b19ab2c37fdf1668a65c86]
    ├─ [0] console::log("--- Verification details for leaf 2 after adding 5 leaves ---") [staticcall]
    │   └─ ← ()
    ├─ [11390] MerkleStorageOZ::verifyLeaf(0x6c65616632, [0x036491cc10808eeb0ff717314df6f19ba2e232d04d5f039f6fa382cae41641da, 0x5f0e01babb612c872c711c3804090c0fcd42d13e2ddbd99d21e73f30afa59e35, 0x075b8504c98679ed33a097ef9b1466e8f4652142d4b19ab2c37fdf1668a65c86]) [staticcall]
    │   ├─ [0] console::log("Verifying leaf:", 84303433209692230857384970403333823748570319246869449369625637863858470744792 [8.43e76]) [staticcall]
    │   │   └─ ← ()
    │   ├─ [0] console::log("Merkle root:", 23637561908370473951533874021285021016332715440169976720650927179558586907909 [2.363e76]) [staticcall]
    │   │   └─ ← ()
    │   ├─ [0] console::log("Proof length:", 3) [staticcall]
    │   │   └─ ← ()
    │   ├─ [0] console::log("Proof element", 0, ":", 1534629507014924801801850062420965747762703560098700086918056654539096211930 [1.534e75]) [staticcall]
    │   │   └─ ← ()
    │   ├─ [0] console::log("Computed hash after element", 0, ":", 4819654492366420278237764346194618123787186199882361681321774604810163462263 [4.819e75]) [staticcall]
    │   │   └─ ← ()
    │   ├─ [0] console::log("Proof element", 1, ":", 42994468410347004737970376126143620665813473361490896099477539813509562736181 [4.299e76]) [staticcall]
    │   │   └─ ← ()
    │   ├─ [0] console::log("Computed hash after element", 1, ":", 86167276729270415220365293603154116830872546334163333883227179387055231533441 [8.616e76]) [staticcall]
    │   │   └─ ← ()
    │   ├─ [0] console::log("Proof element", 2, ":", 3327891084304698462684256911003812127873740397003554529128445276024109161606 [3.327e75]) [staticcall]
    │   │   └─ ← ()
    │   ├─ [0] console::log("Computed hash after element", 2, ":", 23637561908370473951533874021285021016332715440169976720650927179558586907909 [2.363e76]) [staticcall]
    │   │   └─ ← ()
    │   ├─ [0] console::log("Is valid:", true) [staticcall]
    │   │   └─ ← ()
    │   └─ ← true
    ├─ [0] console::log("--- End of verification details ---") [staticcall]
    │   └─ ← ()
    ├─ [0] console::log("Successfully verified leaf 2 after adding 5 leaves") [staticcall]
    │   └─ ← ()
    ├─ [17670] MerkleStorageOZ::getProof(2) [staticcall]
    │   ├─ [0] console::log("Getting proof for leaf index:", 2) [staticcall]
    │   │   └─ ← ()
    │   ├─ [0] console::log("Tree depth:", 3) [staticcall]
    │   │   └─ ← ()
    │   ├─ [0] console::log("Level", 0, "size:", 5) [staticcall]
    │   │   └─ ← ()
    │   ├─ [0] console::log("Added to proof:", 9718660262289985226213547307049526568607798083323067650698233131271439501106 [9.718e75]) [staticcall]
    │   │   └─ ← ()
    │   ├─ [0] console::log("Level", 1, "size:", 3) [staticcall]
    │   │   └─ ← ()
    │   ├─ [0] console::log("Added to proof:", 4819654492366420278237764346194618123787186199882361681321774604810163462263 [4.819e75]) [staticcall]
    │   │   └─ ← ()
    │   ├─ [0] console::log("Level", 2, "size:", 2) [staticcall]
    │   │   └─ ← ()
    │   ├─ [0] console::log("Added to proof:", 3327891084304698462684256911003812127873740397003554529128445276024109161606 [3.327e75]) [staticcall]
    │   │   └─ ← ()
    │   ├─ [0] console::log("Final proof length:", 3) [staticcall]
    │   │   └─ ← ()
    │   └─ ← [0x157c9118369926e028fa6cf8dfe68c750c1adbd7b0e4918c2b3a23fe4017c732, 0x0aa7d3e8df6bbfe087828aef70a86fff5964660e89f14cbbbe406695bc1e2077, 0x075b8504c98679ed33a097ef9b1466e8f4652142d4b19ab2c37fdf1668a65c86]
    ├─ [0] console::log("--- Verification details for leaf 3 after adding 5 leaves ---") [staticcall]
    │   └─ ← ()
    ├─ [11380] MerkleStorageOZ::verifyLeaf(0x6c65616633, [0x157c9118369926e028fa6cf8dfe68c750c1adbd7b0e4918c2b3a23fe4017c732, 0x0aa7d3e8df6bbfe087828aef70a86fff5964660e89f14cbbbe406695bc1e2077, 0x075b8504c98679ed33a097ef9b1466e8f4652142d4b19ab2c37fdf1668a65c86]) [staticcall]
    │   ├─ [0] console::log("Verifying leaf:", 114806096316174656260172984043681595992173194076043313710926606652151351550195 [1.148e77]) [staticcall]
    │   │   └─ ← ()
    │   ├─ [0] console::log("Merkle root:", 23637561908370473951533874021285021016332715440169976720650927179558586907909 [2.363e76]) [staticcall]
    │   │   └─ ← ()
    │   ├─ [0] console::log("Proof length:", 3) [staticcall]
    │   │   └─ ← ()
    │   ├─ [0] console::log("Proof element", 0, ":", 9718660262289985226213547307049526568607798083323067650698233131271439501106 [9.718e75]) [staticcall]
    │   │   └─ ← ()
    │   ├─ [0] console::log("Computed hash after element", 0, ":", 42994468410347004737970376126143620665813473361490896099477539813509562736181 [4.299e76]) [staticcall]
    │   │   └─ ← ()
    │   ├─ [0] console::log("Proof element", 1, ":", 4819654492366420278237764346194618123787186199882361681321774604810163462263 [4.819e75]) [staticcall]
    │   │   └─ ← ()
    │   ├─ [0] console::log("Computed hash after element", 1, ":", 86167276729270415220365293603154116830872546334163333883227179387055231533441 [8.616e76]) [staticcall]
    │   │   └─ ← ()
    │   ├─ [0] console::log("Proof element", 2, ":", 3327891084304698462684256911003812127873740397003554529128445276024109161606 [3.327e75]) [staticcall]
    │   │   └─ ← ()
    │   ├─ [0] console::log("Computed hash after element", 2, ":", 23637561908370473951533874021285021016332715440169976720650927179558586907909 [2.363e76]) [staticcall]
    │   │   └─ ← ()
    │   ├─ [0] console::log("Is valid:", true) [staticcall]
    │   │   └─ ← ()
    │   └─ ← true
    ├─ [0] console::log("--- End of verification details ---") [staticcall]
    │   └─ ← ()
    ├─ [0] console::log("Successfully verified leaf 3 after adding 5 leaves") [staticcall]
    │   └─ ← ()
    ├─ [17585] MerkleStorageOZ::getProof(3) [staticcall]
    │   ├─ [0] console::log("Getting proof for leaf index:", 3) [staticcall]
    │   │   └─ ← ()
    │   ├─ [0] console::log("Tree depth:", 3) [staticcall]
    │   │   └─ ← ()
    │   ├─ [0] console::log("Level", 0, "size:", 5) [staticcall]
    │   │   └─ ← ()
    │   ├─ [0] console::log("Added to proof:", 114806096316174656260172984043681595992173194076043313710926606652151351550195 [1.148e77]) [staticcall]
    │   │   └─ ← ()
    │   ├─ [0] console::log("Level", 1, "size:", 3) [staticcall]
    │   │   └─ ← ()
    │   ├─ [0] console::log("Added to proof:", 4819654492366420278237764346194618123787186199882361681321774604810163462263 [4.819e75]) [staticcall]
    │   │   └─ ← ()
    │   ├─ [0] console::log("Level", 2, "size:", 2) [staticcall]
    │   │   └─ ← ()
    │   ├─ [0] console::log("Added to proof:", 3327891084304698462684256911003812127873740397003554529128445276024109161606 [3.327e75]) [staticcall]
    │   │   └─ ← ()
    │   ├─ [0] console::log("Final proof length:", 3) [staticcall]
    │   │   └─ ← ()
    │   └─ ← [0xfdd1f2a1ec75fe968421a41d2282200de6bec6a21f81080a71b1053d9c0120f3, 0x0aa7d3e8df6bbfe087828aef70a86fff5964660e89f14cbbbe406695bc1e2077, 0x075b8504c98679ed33a097ef9b1466e8f4652142d4b19ab2c37fdf1668a65c86]
    ├─ [0] console::log("--- Verification details for leaf 4 after adding 5 leaves ---") [staticcall]
    │   └─ ← ()
    ├─ [11390] MerkleStorageOZ::verifyLeaf(0x6c65616634, [0xfdd1f2a1ec75fe968421a41d2282200de6bec6a21f81080a71b1053d9c0120f3, 0x0aa7d3e8df6bbfe087828aef70a86fff5964660e89f14cbbbe406695bc1e2077, 0x075b8504c98679ed33a097ef9b1466e8f4652142d4b19ab2c37fdf1668a65c86]) [staticcall]
    │   ├─ [0] console::log("Verifying leaf:", 9718660262289985226213547307049526568607798083323067650698233131271439501106 [9.718e75]) [staticcall]
    │   │   └─ ← ()
    │   ├─ [0] console::log("Merkle root:", 23637561908370473951533874021285021016332715440169976720650927179558586907909 [2.363e76]) [staticcall]
    │   │   └─ ← ()
    │   ├─ [0] console::log("Proof length:", 3) [staticcall]
    │   │   └─ ← ()
    │   ├─ [0] console::log("Proof element", 0, ":", 114806096316174656260172984043681595992173194076043313710926606652151351550195 [1.148e77]) [staticcall]
    │   │   └─ ← ()
    │   ├─ [0] console::log("Computed hash after element", 0, ":", 42994468410347004737970376126143620665813473361490896099477539813509562736181 [4.299e76]) [staticcall]
    │   │   └─ ← ()
    │   ├─ [0] console::log("Proof element", 1, ":", 4819654492366420278237764346194618123787186199882361681321774604810163462263 [4.819e75]) [staticcall]
    │   │   └─ ← ()
    │   ├─ [0] console::log("Computed hash after element", 1, ":", 86167276729270415220365293603154116830872546334163333883227179387055231533441 [8.616e76]) [staticcall]
    │   │   └─ ← ()
    │   ├─ [0] console::log("Proof element", 2, ":", 3327891084304698462684256911003812127873740397003554529128445276024109161606 [3.327e75]) [staticcall]
    │   │   └─ ← ()
    │   ├─ [0] console::log("Computed hash after element", 2, ":", 23637561908370473951533874021285021016332715440169976720650927179558586907909 [2.363e76]) [staticcall]
    │   │   └─ ← ()
    │   ├─ [0] console::log("Is valid:", true) [staticcall]
    │   │   └─ ← ()
    │   └─ ← true
    ├─ [0] console::log("--- End of verification details ---") [staticcall]
    │   └─ ← ()
    ├─ [0] console::log("Successfully verified leaf 4 after adding 5 leaves") [staticcall]
    │   └─ ← ()
    ├─ [17674] MerkleStorageOZ::getProof(4) [staticcall]
    │   ├─ [0] console::log("Getting proof for leaf index:", 4) [staticcall]
    │   │   └─ ← ()
    │   ├─ [0] console::log("Tree depth:", 3) [staticcall]
    │   │   └─ ← ()
    │   ├─ [0] console::log("Level", 0, "size:", 5) [staticcall]
    │   │   └─ ← ()
    │   ├─ [0] console::log("Added to proof (odd level):", 3327891084304698462684256911003812127873740397003554529128445276024109161606 [3.327e75]) [staticcall]
    │   │   └─ ← ()
    │   ├─ [0] console::log("Level", 1, "size:", 3) [staticcall]
    │   │   └─ ← ()
    │   ├─ [0] console::log("Added to proof (odd level):", 3327891084304698462684256911003812127873740397003554529128445276024109161606 [3.327e75]) [staticcall]
    │   │   └─ ← ()
    │   ├─ [0] console::log("Level", 2, "size:", 2) [staticcall]
    │   │   └─ ← ()
    │   ├─ [0] console::log("Added to proof:", 86167276729270415220365293603154116830872546334163333883227179387055231533441 [8.616e76]) [staticcall]
    │   │   └─ ← ()
    │   ├─ [0] console::log("Final proof length:", 3) [staticcall]
    │   │   └─ ← ()
    │   └─ ← [0x075b8504c98679ed33a097ef9b1466e8f4652142d4b19ab2c37fdf1668a65c86, 0x075b8504c98679ed33a097ef9b1466e8f4652142d4b19ab2c37fdf1668a65c86, 0xbe80f348526b4646bc0697bf2fe649f1835863538924cb6b91ad4eb57ced0181]
    ├─ [0] console::log("--- Verification details for leaf 5 after adding 5 leaves ---") [staticcall]
    │   └─ ← ()
    ├─ [11400] MerkleStorageOZ::verifyLeaf(0x6c65616635, [0x075b8504c98679ed33a097ef9b1466e8f4652142d4b19ab2c37fdf1668a65c86, 0x075b8504c98679ed33a097ef9b1466e8f4652142d4b19ab2c37fdf1668a65c86, 0xbe80f348526b4646bc0697bf2fe649f1835863538924cb6b91ad4eb57ced0181]) [staticcall]
    │   ├─ [0] console::log("Verifying leaf:", 3327891084304698462684256911003812127873740397003554529128445276024109161606 [3.327e75]) [staticcall]
    │   │   └─ ← ()
    │   ├─ [0] console::log("Merkle root:", 23637561908370473951533874021285021016332715440169976720650927179558586907909 [2.363e76]) [staticcall]
    │   │   └─ ← ()
    │   ├─ [0] console::log("Proof length:", 3) [staticcall]
    │   │   └─ ← ()
    │   ├─ [0] console::log("Proof element", 0, ":", 3327891084304698462684256911003812127873740397003554529128445276024109161606 [3.327e75]) [staticcall]
    │   │   └─ ← ()
    │   ├─ [0] console::log("Computed hash after element", 0, ":", 115305437980246812817444549468108005175400761010163208092634480505946068136358 [1.153e77]) [staticcall]
    │   │   └─ ← ()
    │   ├─ [0] console::log("Proof element", 1, ":", 3327891084304698462684256911003812127873740397003554529128445276024109161606 [3.327e75]) [staticcall]
    │   │   └─ ← ()
    │   ├─ [0] console::log("Computed hash after element", 1, ":", 2790775049028927120506526557692158769948725546239910035209583962565326229360 [2.79e75]) [staticcall]
    │   │   └─ ← ()
    │   ├─ [0] console::log("Proof element", 2, ":", 86167276729270415220365293603154116830872546334163333883227179387055231533441 [8.616e76]) [staticcall]
    │   │   └─ ← ()
    │   ├─ [0] console::log("Computed hash after element", 2, ":", 47141169427476365175348197174419469303592909565558965943124618340433904189508 [4.714e76]) [staticcall]
    │   │   └─ ← ()
    │   ├─ [0] console::log("Is valid:", false) [staticcall]
    │   │   └─ ← ()
    │   └─ ← false
    ├─ [0] console::log("--- End of verification details ---") [staticcall]
    │   └─ ← ()
    ├─ [0] console::log("Failed to verify leaf 5 after adding 5 leaves") [staticcall]
    │   └─ ← ()
    ├─ [32216] MerkleStorageOZ::addLeaf(0x6c65616636)
    │   ├─ emit LeafAdded(leaf: 0x5e4e9020e0ae47d1b353192e416c1873ec642cb2e75d68faa1be2665df6c3c48, index: 5)
    │   ├─ emit MerkleRootUpdated(newRoot: 0xf743f0b456a9aa63e0d35268e9d390b0fb162d642d3ca61086e14244522144fc)
    │   └─ ← ()
    ├─ [0] console::log("Added leaf 6") [staticcall]
    │   └─ ← ()
    ├─ [18178] MerkleStorageOZ::getProof(0) [staticcall]
    │   ├─ [0] console::log("Getting proof for leaf index:", 0) [staticcall]
    │   │   └─ ← ()
    │   ├─ [0] console::log("Tree depth:", 3) [staticcall]
    │   │   └─ ← ()
    │   ├─ [0] console::log("Level", 0, "size:", 6) [staticcall]
    │   │   └─ ← ()
    │   ├─ [0] console::log("Added to proof:", 84303433209692230857384970403333823748570319246869449369625637863858470744792 [8.43e76]) [staticcall]
    │   │   └─ ← ()
    │   ├─ [0] console::log("Level", 1, "size:", 3) [staticcall]
    │   │   └─ ← ()
    │   ├─ [0] console::log("Added to proof:", 42994468410347004737970376126143620665813473361490896099477539813509562736181 [4.299e76]) [staticcall]
    │   │   └─ ← ()
    │   ├─ [0] console::log("Level", 2, "size:", 2) [staticcall]
    │   │   └─ ← ()
    │   ├─ [0] console::log("Added to proof:", 79680312521381101304386615379526824036772258414601889669286272159596699208134 [7.968e76]) [staticcall]
    │   │   └─ ← ()
    │   ├─ [0] console::log("Final proof length:", 3) [staticcall]
    │   │   └─ ← ()
    │   └─ ← [0xba620d61dac4ddf2d7905722b259b0bd34ec4d37c5796d9a22537c54b3f972d8, 0x5f0e01babb612c872c711c3804090c0fcd42d13e2ddbd99d21e73f30afa59e35, 0xb029756cee16464a69763ada5c6cf8b91c34e842abc58c709550cdda1e5049c6]
    ├─ [0] console::log("--- Verification details for leaf 1 after adding 6 leaves ---") [staticcall]
    │   └─ ← ()
    ├─ [11400] MerkleStorageOZ::verifyLeaf(0x6c65616631, [0xba620d61dac4ddf2d7905722b259b0bd34ec4d37c5796d9a22537c54b3f972d8, 0x5f0e01babb612c872c711c3804090c0fcd42d13e2ddbd99d21e73f30afa59e35, 0xb029756cee16464a69763ada5c6cf8b91c34e842abc58c709550cdda1e5049c6]) [staticcall]
    │   ├─ [0] console::log("Verifying leaf:", 1534629507014924801801850062420965747762703560098700086918056654539096211930 [1.534e75]) [staticcall]
    │   │   └─ ← ()
    │   ├─ [0] console::log("Merkle root:", 111841313634447232958173335360507865486698914414601531397528370945363437241596 [1.118e77]) [staticcall]
    │   │   └─ ← ()
    │   ├─ [0] console::log("Proof length:", 3) [staticcall]
    │   │   └─ ← ()
    │   ├─ [0] console::log("Proof element", 0, ":", 84303433209692230857384970403333823748570319246869449369625637863858470744792 [8.43e76]) [staticcall]
    │   │   └─ ← ()
    │   ├─ [0] console::log("Computed hash after element", 0, ":", 4819654492366420278237764346194618123787186199882361681321774604810163462263 [4.819e75]) [staticcall]
    │   │   └─ ← ()
    │   ├─ [0] console::log("Proof element", 1, ":", 42994468410347004737970376126143620665813473361490896099477539813509562736181 [4.299e76]) [staticcall]
    │   │   └─ ← ()
    │   ├─ [0] console::log("Computed hash after element", 1, ":", 86167276729270415220365293603154116830872546334163333883227179387055231533441 [8.616e76]) [staticcall]
    │   │   └─ ← ()
    │   ├─ [0] console::log("Proof element", 2, ":", 79680312521381101304386615379526824036772258414601889669286272159596699208134 [7.968e76]) [staticcall]
    │   │   └─ ← ()
    │   ├─ [0] console::log("Computed hash after element", 2, ":", 111841313634447232958173335360507865486698914414601531397528370945363437241596 [1.118e77]) [staticcall]
    │   │   └─ ← ()
    │   ├─ [0] console::log("Is valid:", true) [staticcall]
    │   │   └─ ← ()
    │   └─ ← true
    ├─ [0] console::log("--- End of verification details ---") [staticcall]
    │   └─ ← ()
    ├─ [0] console::log("Successfully verified leaf 1 after adding 6 leaves") [staticcall]
    │   └─ ← ()
    ├─ [18093] MerkleStorageOZ::getProof(1) [staticcall]
    │   ├─ [0] console::log("Getting proof for leaf index:", 1) [staticcall]
    │   │   └─ ← ()
    │   ├─ [0] console::log("Tree depth:", 3) [staticcall]
    │   │   └─ ← ()
    │   ├─ [0] console::log("Level", 0, "size:", 6) [staticcall]
    │   │   └─ ← ()
    │   ├─ [0] console::log("Added to proof:", 1534629507014924801801850062420965747762703560098700086918056654539096211930 [1.534e75]) [staticcall]
    │   │   └─ ← ()
    │   ├─ [0] console::log("Level", 1, "size:", 3) [staticcall]
    │   │   └─ ← ()
    │   ├─ [0] console::log("Added to proof:", 42994468410347004737970376126143620665813473361490896099477539813509562736181 [4.299e76]) [staticcall]
    │   │   └─ ← ()
    │   ├─ [0] console::log("Level", 2, "size:", 2) [staticcall]
    │   │   └─ ← ()
    │   ├─ [0] console::log("Added to proof:", 79680312521381101304386615379526824036772258414601889669286272159596699208134 [7.968e76]) [staticcall]
    │   │   └─ ← ()
    │   ├─ [0] console::log("Final proof length:", 3) [staticcall]
    │   │   └─ ← ()
    │   └─ ← [0x036491cc10808eeb0ff717314df6f19ba2e232d04d5f039f6fa382cae41641da, 0x5f0e01babb612c872c711c3804090c0fcd42d13e2ddbd99d21e73f30afa59e35, 0xb029756cee16464a69763ada5c6cf8b91c34e842abc58c709550cdda1e5049c6]
    ├─ [0] console::log("--- Verification details for leaf 2 after adding 6 leaves ---") [staticcall]
    │   └─ ← ()
    ├─ [11390] MerkleStorageOZ::verifyLeaf(0x6c65616632, [0x036491cc10808eeb0ff717314df6f19ba2e232d04d5f039f6fa382cae41641da, 0x5f0e01babb612c872c711c3804090c0fcd42d13e2ddbd99d21e73f30afa59e35, 0xb029756cee16464a69763ada5c6cf8b91c34e842abc58c709550cdda1e5049c6]) [staticcall]
    │   ├─ [0] console::log("Verifying leaf:", 84303433209692230857384970403333823748570319246869449369625637863858470744792 [8.43e76]) [staticcall]
    │   │   └─ ← ()
    │   ├─ [0] console::log("Merkle root:", 111841313634447232958173335360507865486698914414601531397528370945363437241596 [1.118e77]) [staticcall]
    │   │   └─ ← ()
    │   ├─ [0] console::log("Proof length:", 3) [staticcall]
    │   │   └─ ← ()
    │   ├─ [0] console::log("Proof element", 0, ":", 1534629507014924801801850062420965747762703560098700086918056654539096211930 [1.534e75]) [staticcall]
    │   │   └─ ← ()
    │   ├─ [0] console::log("Computed hash after element", 0, ":", 4819654492366420278237764346194618123787186199882361681321774604810163462263 [4.819e75]) [staticcall]
    │   │   └─ ← ()
    │   ├─ [0] console::log("Proof element", 1, ":", 42994468410347004737970376126143620665813473361490896099477539813509562736181 [4.299e76]) [staticcall]
    │   │   └─ ← ()
    │   ├─ [0] console::log("Computed hash after element", 1, ":", 86167276729270415220365293603154116830872546334163333883227179387055231533441 [8.616e76]) [staticcall]
    │   │   └─ ← ()
    │   ├─ [0] console::log("Proof element", 2, ":", 79680312521381101304386615379526824036772258414601889669286272159596699208134 [7.968e76]) [staticcall]
    │   │   └─ ← ()
    │   ├─ [0] console::log("Computed hash after element", 2, ":", 111841313634447232958173335360507865486698914414601531397528370945363437241596 [1.118e77]) [staticcall]
    │   │   └─ ← ()
    │   ├─ [0] console::log("Is valid:", true) [staticcall]
    │   │   └─ ← ()
    │   └─ ← true
    ├─ [0] console::log("--- End of verification details ---") [staticcall]
    │   └─ ← ()
    ├─ [0] console::log("Successfully verified leaf 2 after adding 6 leaves") [staticcall]
    │   └─ ← ()
    ├─ [18093] MerkleStorageOZ::getProof(2) [staticcall]
    │   ├─ [0] console::log("Getting proof for leaf index:", 2) [staticcall]
    │   │   └─ ← ()
    │   ├─ [0] console::log("Tree depth:", 3) [staticcall]
    │   │   └─ ← ()
    │   ├─ [0] console::log("Level", 0, "size:", 6) [staticcall]
    │   │   └─ ← ()
    │   ├─ [0] console::log("Added to proof:", 9718660262289985226213547307049526568607798083323067650698233131271439501106 [9.718e75]) [staticcall]
    │   │   └─ ← ()
    │   ├─ [0] console::log("Level", 1, "size:", 3) [staticcall]
    │   │   └─ ← ()
    │   ├─ [0] console::log("Added to proof:", 4819654492366420278237764346194618123787186199882361681321774604810163462263 [4.819e75]) [staticcall]
    │   │   └─ ← ()
    │   ├─ [0] console::log("Level", 2, "size:", 2) [staticcall]
    │   │   └─ ← ()
    │   ├─ [0] console::log("Added to proof:", 79680312521381101304386615379526824036772258414601889669286272159596699208134 [7.968e76]) [staticcall]
    │   │   └─ ← ()
    │   ├─ [0] console::log("Final proof length:", 3) [staticcall]
    │   │   └─ ← ()
    │   └─ ← [0x157c9118369926e028fa6cf8dfe68c750c1adbd7b0e4918c2b3a23fe4017c732, 0x0aa7d3e8df6bbfe087828aef70a86fff5964660e89f14cbbbe406695bc1e2077, 0xb029756cee16464a69763ada5c6cf8b91c34e842abc58c709550cdda1e5049c6]
    ├─ [0] console::log("--- Verification details for leaf 3 after adding 6 leaves ---") [staticcall]
    │   └─ ← ()
    ├─ [11380] MerkleStorageOZ::verifyLeaf(0x6c65616633, [0x157c9118369926e028fa6cf8dfe68c750c1adbd7b0e4918c2b3a23fe4017c732, 0x0aa7d3e8df6bbfe087828aef70a86fff5964660e89f14cbbbe406695bc1e2077, 0xb029756cee16464a69763ada5c6cf8b91c34e842abc58c709550cdda1e5049c6]) [staticcall]
    │   ├─ [0] console::log("Verifying leaf:", 114806096316174656260172984043681595992173194076043313710926606652151351550195 [1.148e77]) [staticcall]
    │   │   └─ ← ()
    │   ├─ [0] console::log("Merkle root:", 111841313634447232958173335360507865486698914414601531397528370945363437241596 [1.118e77]) [staticcall]
    │   │   └─ ← ()
    │   ├─ [0] console::log("Proof length:", 3) [staticcall]
    │   │   └─ ← ()
    │   ├─ [0] console::log("Proof element", 0, ":", 9718660262289985226213547307049526568607798083323067650698233131271439501106 [9.718e75]) [staticcall]
    │   │   └─ ← ()
    │   ├─ [0] console::log("Computed hash after element", 0, ":", 42994468410347004737970376126143620665813473361490896099477539813509562736181 [4.299e76]) [staticcall]
    │   │   └─ ← ()
    │   ├─ [0] console::log("Proof element", 1, ":", 4819654492366420278237764346194618123787186199882361681321774604810163462263 [4.819e75]) [staticcall]
    │   │   └─ ← ()
    │   ├─ [0] console::log("Computed hash after element", 1, ":", 86167276729270415220365293603154116830872546334163333883227179387055231533441 [8.616e76]) [staticcall]
    │   │   └─ ← ()
    │   ├─ [0] console::log("Proof element", 2, ":", 79680312521381101304386615379526824036772258414601889669286272159596699208134 [7.968e76]) [staticcall]
    │   │   └─ ← ()
    │   ├─ [0] console::log("Computed hash after element", 2, ":", 111841313634447232958173335360507865486698914414601531397528370945363437241596 [1.118e77]) [staticcall]
    │   │   └─ ← ()
    │   ├─ [0] console::log("Is valid:", true) [staticcall]
    │   │   └─ ← ()
    │   └─ ← true
    ├─ [0] console::log("--- End of verification details ---") [staticcall]
    │   └─ ← ()
    ├─ [0] console::log("Successfully verified leaf 3 after adding 6 leaves") [staticcall]
    │   └─ ← ()
    ├─ [18008] MerkleStorageOZ::getProof(3) [staticcall]
    │   ├─ [0] console::log("Getting proof for leaf index:", 3) [staticcall]
    │   │   └─ ← ()
    │   ├─ [0] console::log("Tree depth:", 3) [staticcall]
    │   │   └─ ← ()
    │   ├─ [0] console::log("Level", 0, "size:", 6) [staticcall]
    │   │   └─ ← ()
    │   ├─ [0] console::log("Added to proof:", 114806096316174656260172984043681595992173194076043313710926606652151351550195 [1.148e77]) [staticcall]
    │   │   └─ ← ()
    │   ├─ [0] console::log("Level", 1, "size:", 3) [staticcall]
    │   │   └─ ← ()
    │   ├─ [0] console::log("Added to proof:", 4819654492366420278237764346194618123787186199882361681321774604810163462263 [4.819e75]) [staticcall]
    │   │   └─ ← ()
    │   ├─ [0] console::log("Level", 2, "size:", 2) [staticcall]
    │   │   └─ ← ()
    │   ├─ [0] console::log("Added to proof:", 79680312521381101304386615379526824036772258414601889669286272159596699208134 [7.968e76]) [staticcall]
    │   │   └─ ← ()
    │   ├─ [0] console::log("Final proof length:", 3) [staticcall]
    │   │   └─ ← ()
    │   └─ ← [0xfdd1f2a1ec75fe968421a41d2282200de6bec6a21f81080a71b1053d9c0120f3, 0x0aa7d3e8df6bbfe087828aef70a86fff5964660e89f14cbbbe406695bc1e2077, 0xb029756cee16464a69763ada5c6cf8b91c34e842abc58c709550cdda1e5049c6]
    ├─ [0] console::log("--- Verification details for leaf 4 after adding 6 leaves ---") [staticcall]
    │   └─ ← ()
    ├─ [11390] MerkleStorageOZ::verifyLeaf(0x6c65616634, [0xfdd1f2a1ec75fe968421a41d2282200de6bec6a21f81080a71b1053d9c0120f3, 0x0aa7d3e8df6bbfe087828aef70a86fff5964660e89f14cbbbe406695bc1e2077, 0xb029756cee16464a69763ada5c6cf8b91c34e842abc58c709550cdda1e5049c6]) [staticcall]
    │   ├─ [0] console::log("Verifying leaf:", 9718660262289985226213547307049526568607798083323067650698233131271439501106 [9.718e75]) [staticcall]
    │   │   └─ ← ()
    │   ├─ [0] console::log("Merkle root:", 111841313634447232958173335360507865486698914414601531397528370945363437241596 [1.118e77]) [staticcall]
    │   │   └─ ← ()
    │   ├─ [0] console::log("Proof length:", 3) [staticcall]
    │   │   └─ ← ()
    │   ├─ [0] console::log("Proof element", 0, ":", 114806096316174656260172984043681595992173194076043313710926606652151351550195 [1.148e77]) [staticcall]
    │   │   └─ ← ()
    │   ├─ [0] console::log("Computed hash after element", 0, ":", 42994468410347004737970376126143620665813473361490896099477539813509562736181 [4.299e76]) [staticcall]
    │   │   └─ ← ()
    │   ├─ [0] console::log("Proof element", 1, ":", 4819654492366420278237764346194618123787186199882361681321774604810163462263 [4.819e75]) [staticcall]
    │   │   └─ ← ()
    │   ├─ [0] console::log("Computed hash after element", 1, ":", 86167276729270415220365293603154116830872546334163333883227179387055231533441 [8.616e76]) [staticcall]
    │   │   └─ ← ()
    │   ├─ [0] console::log("Proof element", 2, ":", 79680312521381101304386615379526824036772258414601889669286272159596699208134 [7.968e76]) [staticcall]
    │   │   └─ ← ()
    │   ├─ [0] console::log("Computed hash after element", 2, ":", 111841313634447232958173335360507865486698914414601531397528370945363437241596 [1.118e77]) [staticcall]
    │   │   └─ ← ()
    │   ├─ [0] console::log("Is valid:", true) [staticcall]
    │   │   └─ ← ()
    │   └─ ← true
    ├─ [0] console::log("--- End of verification details ---") [staticcall]
    │   └─ ← ()
    ├─ [0] console::log("Successfully verified leaf 4 after adding 6 leaves") [staticcall]
    │   └─ ← ()
    ├─ [18095] MerkleStorageOZ::getProof(4) [staticcall]
    │   ├─ [0] console::log("Getting proof for leaf index:", 4) [staticcall]
    │   │   └─ ← ()
    │   ├─ [0] console::log("Tree depth:", 3) [staticcall]
    │   │   └─ ← ()
    │   ├─ [0] console::log("Level", 0, "size:", 6) [staticcall]
    │   │   └─ ← ()
    │   ├─ [0] console::log("Added to proof:", 42656216575733633865718546135288608701490211943531992892543518422469545049160 [4.265e76]) [staticcall]
    │   │   └─ ← ()
    │   ├─ [0] console::log("Level", 1, "size:", 3) [staticcall]
    │   │   └─ ← ()
    │   ├─ [0] console::log("Added to proof (odd level):", 79680312521381101304386615379526824036772258414601889669286272159596699208134 [7.968e76]) [staticcall]
    │   │   └─ ← ()
    │   ├─ [0] console::log("Level", 2, "size:", 2) [staticcall]
    │   │   └─ ← ()
    │   ├─ [0] console::log("Added to proof:", 86167276729270415220365293603154116830872546334163333883227179387055231533441 [8.616e76]) [staticcall]
    │   │   └─ ← ()
    │   ├─ [0] console::log("Final proof length:", 3) [staticcall]
    │   │   └─ ← ()
    │   └─ ← [0x5e4e9020e0ae47d1b353192e416c1873ec642cb2e75d68faa1be2665df6c3c48, 0xb029756cee16464a69763ada5c6cf8b91c34e842abc58c709550cdda1e5049c6, 0xbe80f348526b4646bc0697bf2fe649f1835863538924cb6b91ad4eb57ced0181]
    ├─ [0] console::log("--- Verification details for leaf 5 after adding 6 leaves ---") [staticcall]
    │   └─ ← ()
    ├─ [11410] MerkleStorageOZ::verifyLeaf(0x6c65616635, [0x5e4e9020e0ae47d1b353192e416c1873ec642cb2e75d68faa1be2665df6c3c48, 0xb029756cee16464a69763ada5c6cf8b91c34e842abc58c709550cdda1e5049c6, 0xbe80f348526b4646bc0697bf2fe649f1835863538924cb6b91ad4eb57ced0181]) [staticcall]
    │   ├─ [0] console::log("Verifying leaf:", 3327891084304698462684256911003812127873740397003554529128445276024109161606 [3.327e75]) [staticcall]
    │   │   └─ ← ()
    │   ├─ [0] console::log("Merkle root:", 111841313634447232958173335360507865486698914414601531397528370945363437241596 [1.118e77]) [staticcall]
    │   │   └─ ← ()
    │   ├─ [0] console::log("Proof length:", 3) [staticcall]
    │   │   └─ ← ()
    │   ├─ [0] console::log("Proof element", 0, ":", 42656216575733633865718546135288608701490211943531992892543518422469545049160 [4.265e76]) [staticcall]
    │   │   └─ ← ()
    │   ├─ [0] console::log("Computed hash after element", 0, ":", 79680312521381101304386615379526824036772258414601889669286272159596699208134 [7.968e76]) [staticcall]
    │   │   └─ ← ()
    │   ├─ [0] console::log("Proof element", 1, ":", 79680312521381101304386615379526824036772258414601889669286272159596699208134 [7.968e76]) [staticcall]
    │   │   └─ ← ()
    │   ├─ [0] console::log("Computed hash after element", 1, ":", 64639860902649671873132012782391169569220631438808154182077015043351013613668 [6.463e76]) [staticcall]
    │   │   └─ ← ()
    │   ├─ [0] console::log("Proof element", 2, ":", 86167276729270415220365293603154116830872546334163333883227179387055231533441 [8.616e76]) [staticcall]
    │   │   └─ ← ()
    │   ├─ [0] console::log("Computed hash after element", 2, ":", 2573702182877327608333119877610046721053602858640262587304244470013805379560 [2.573e75]) [staticcall]
    │   │   └─ ← ()
    │   ├─ [0] console::log("Is valid:", false) [staticcall]
    │   │   └─ ← ()
    │   └─ ← false
    ├─ [0] console::log("--- End of verification details ---") [staticcall]
    │   └─ ← ()
    ├─ [0] console::log("Failed to verify leaf 5 after adding 6 leaves") [staticcall]
    │   └─ ← ()
    ├─ [18010] MerkleStorageOZ::getProof(5) [staticcall]
    │   ├─ [0] console::log("Getting proof for leaf index:", 5) [staticcall]
    │   │   └─ ← ()
    │   ├─ [0] console::log("Tree depth:", 3) [staticcall]
    │   │   └─ ← ()
    │   ├─ [0] console::log("Level", 0, "size:", 6) [staticcall]
    │   │   └─ ← ()
    │   ├─ [0] console::log("Added to proof:", 3327891084304698462684256911003812127873740397003554529128445276024109161606 [3.327e75]) [staticcall]
    │   │   └─ ← ()
    │   ├─ [0] console::log("Level", 1, "size:", 3) [staticcall]
    │   │   └─ ← ()
    │   ├─ [0] console::log("Added to proof (odd level):", 79680312521381101304386615379526824036772258414601889669286272159596699208134 [7.968e76]) [staticcall]
    │   │   └─ ← ()
    │   ├─ [0] console::log("Level", 2, "size:", 2) [staticcall]
    │   │   └─ ← ()
    │   ├─ [0] console::log("Added to proof:", 86167276729270415220365293603154116830872546334163333883227179387055231533441 [8.616e76]) [staticcall]
    │   │   └─ ← ()
    │   ├─ [0] console::log("Final proof length:", 3) [staticcall]
    │   │   └─ ← ()
    │   └─ ← [0x075b8504c98679ed33a097ef9b1466e8f4652142d4b19ab2c37fdf1668a65c86, 0xb029756cee16464a69763ada5c6cf8b91c34e842abc58c709550cdda1e5049c6, 0xbe80f348526b4646bc0697bf2fe649f1835863538924cb6b91ad4eb57ced0181]
    ├─ [0] console::log("--- Verification details for leaf 6 after adding 6 leaves ---") [staticcall]
    │   └─ ← ()
    ├─ [11400] MerkleStorageOZ::verifyLeaf(0x6c65616636, [0x075b8504c98679ed33a097ef9b1466e8f4652142d4b19ab2c37fdf1668a65c86, 0xb029756cee16464a69763ada5c6cf8b91c34e842abc58c709550cdda1e5049c6, 0xbe80f348526b4646bc0697bf2fe649f1835863538924cb6b91ad4eb57ced0181]) [staticcall]
    │   ├─ [0] console::log("Verifying leaf:", 42656216575733633865718546135288608701490211943531992892543518422469545049160 [4.265e76]) [staticcall]
    │   │   └─ ← ()
    │   ├─ [0] console::log("Merkle root:", 111841313634447232958173335360507865486698914414601531397528370945363437241596 [1.118e77]) [staticcall]
    │   │   └─ ← ()
    │   ├─ [0] console::log("Proof length:", 3) [staticcall]
    │   │   └─ ← ()
    │   ├─ [0] console::log("Proof element", 0, ":", 3327891084304698462684256911003812127873740397003554529128445276024109161606 [3.327e75]) [staticcall]
    │   │   └─ ← ()
    │   ├─ [0] console::log("Computed hash after element", 0, ":", 79680312521381101304386615379526824036772258414601889669286272159596699208134 [7.968e76]) [staticcall]
    │   │   └─ ← ()
    │   ├─ [0] console::log("Proof element", 1, ":", 79680312521381101304386615379526824036772258414601889669286272159596699208134 [7.968e76]) [staticcall]
    │   │   └─ ← ()
    │   ├─ [0] console::log("Computed hash after element", 1, ":", 64639860902649671873132012782391169569220631438808154182077015043351013613668 [6.463e76]) [staticcall]
    │   │   └─ ← ()
    │   ├─ [0] console::log("Proof element", 2, ":", 86167276729270415220365293603154116830872546334163333883227179387055231533441 [8.616e76]) [staticcall]
    │   │   └─ ← ()
    │   ├─ [0] console::log("Computed hash after element", 2, ":", 2573702182877327608333119877610046721053602858640262587304244470013805379560 [2.573e75]) [staticcall]
    │   │   └─ ← ()
    │   ├─ [0] console::log("Is valid:", false) [staticcall]
    │   │   └─ ← ()
    │   └─ ← false
    ├─ [0] console::log("--- End of verification details ---") [staticcall]
    │   └─ ← ()
    ├─ [0] console::log("Failed to verify leaf 6 after adding 6 leaves") [staticcall]
    │   └─ ← ()
    ├─ [33047] MerkleStorageOZ::addLeaf(0x6c65616637)
    │   ├─ emit LeafAdded(leaf: 0xaa5dba90c8178f75a5eb7bdb098f0cec525bb61e5ba2ad6dc5fa580f163efdc7, index: 6)
    │   ├─ emit MerkleRootUpdated(newRoot: 0x35f35f6c1d9a65d78dc5e04860af82b1f0ea45268ebf99b98cef088ed032abb3)
    │   └─ ← ()
    ├─ [0] console::log("Added leaf 7") [staticcall]
    │   └─ ← ()
    ├─ [19139] MerkleStorageOZ::getProof(0) [staticcall]
    │   ├─ [0] console::log("Getting proof for leaf index:", 0) [staticcall]
    │   │   └─ ← ()
    │   ├─ [0] console::log("Tree depth:", 3) [staticcall]
    │   │   └─ ← ()
    │   ├─ [0] console::log("Level", 0, "size:", 7) [staticcall]
    │   │   └─ ← ()
    │   ├─ [0] console::log("Added to proof:", 84303433209692230857384970403333823748570319246869449369625637863858470744792 [8.43e76]) [staticcall]
    │   │   └─ ← ()
    │   ├─ [0] console::log("Level", 1, "size:", 4) [staticcall]
    │   │   └─ ← ()
    │   ├─ [0] console::log("Added to proof:", 42994468410347004737970376126143620665813473361490896099477539813509562736181 [4.299e76]) [staticcall]
    │   │   └─ ← ()
    │   ├─ [0] console::log("Level", 2, "size:", 2) [staticcall]
    │   │   └─ ← ()
    │   ├─ [0] console::log("Added to proof:", 14972269898716642113743665851439064716233342046281552851739812834778748964784 [1.497e76]) [staticcall]
    │   │   └─ ← ()
    │   ├─ [0] console::log("Final proof length:", 3) [staticcall]
    │   │   └─ ← ()
    │   └─ ← [0xba620d61dac4ddf2d7905722b259b0bd34ec4d37c5796d9a22537c54b3f972d8, 0x5f0e01babb612c872c711c3804090c0fcd42d13e2ddbd99d21e73f30afa59e35, 0x211a0123fb106743494ab16195aa20853ed7707ff20d2d8f0212ec8d4bf64fb0]
    ├─ [0] console::log("--- Verification details for leaf 1 after adding 7 leaves ---") [staticcall]
    │   └─ ← ()
    ├─ [11400] MerkleStorageOZ::verifyLeaf(0x6c65616631, [0xba620d61dac4ddf2d7905722b259b0bd34ec4d37c5796d9a22537c54b3f972d8, 0x5f0e01babb612c872c711c3804090c0fcd42d13e2ddbd99d21e73f30afa59e35, 0x211a0123fb106743494ab16195aa20853ed7707ff20d2d8f0212ec8d4bf64fb0]) [staticcall]
    │   ├─ [0] console::log("Verifying leaf:", 1534629507014924801801850062420965747762703560098700086918056654539096211930 [1.534e75]) [staticcall]
    │   │   └─ ← ()
    │   ├─ [0] console::log("Merkle root:", 24402583392349023169344456727292119058555560956674006437777625691656633363379 [2.44e76]) [staticcall]
    │   │   └─ ← ()
    │   ├─ [0] console::log("Proof length:", 3) [staticcall]
    │   │   └─ ← ()
    │   ├─ [0] console::log("Proof element", 0, ":", 84303433209692230857384970403333823748570319246869449369625637863858470744792 [8.43e76]) [staticcall]
    │   │   └─ ← ()
    │   ├─ [0] console::log("Computed hash after element", 0, ":", 4819654492366420278237764346194618123787186199882361681321774604810163462263 [4.819e75]) [staticcall]
    │   │   └─ ← ()
    │   ├─ [0] console::log("Proof element", 1, ":", 42994468410347004737970376126143620665813473361490896099477539813509562736181 [4.299e76]) [staticcall]
    │   │   └─ ← ()
    │   ├─ [0] console::log("Computed hash after element", 1, ":", 86167276729270415220365293603154116830872546334163333883227179387055231533441 [8.616e76]) [staticcall]
    │   │   └─ ← ()
    │   ├─ [0] console::log("Proof element", 2, ":", 14972269898716642113743665851439064716233342046281552851739812834778748964784 [1.497e76]) [staticcall]
    │   │   └─ ← ()
    │   ├─ [0] console::log("Computed hash after element", 2, ":", 24402583392349023169344456727292119058555560956674006437777625691656633363379 [2.44e76]) [staticcall]
    │   │   └─ ← ()
    │   ├─ [0] console::log("Is valid:", true) [staticcall]
    │   │   └─ ← ()
    │   └─ ← true
    ├─ [0] console::log("--- End of verification details ---") [staticcall]
    │   └─ ← ()
    ├─ [0] console::log("Successfully verified leaf 1 after adding 7 leaves") [staticcall]
    │   └─ ← ()
    ├─ [19054] MerkleStorageOZ::getProof(1) [staticcall]
    │   ├─ [0] console::log("Getting proof for leaf index:", 1) [staticcall]
    │   │   └─ ← ()
    │   ├─ [0] console::log("Tree depth:", 3) [staticcall]
    │   │   └─ ← ()
    │   ├─ [0] console::log("Level", 0, "size:", 7) [staticcall]
    │   │   └─ ← ()
    │   ├─ [0] console::log("Added to proof:", 1534629507014924801801850062420965747762703560098700086918056654539096211930 [1.534e75]) [staticcall]
    │   │   └─ ← ()
    │   ├─ [0] console::log("Level", 1, "size:", 4) [staticcall]
    │   │   └─ ← ()
    │   ├─ [0] console::log("Added to proof:", 42994468410347004737970376126143620665813473361490896099477539813509562736181 [4.299e76]) [staticcall]
    │   │   └─ ← ()
    │   ├─ [0] console::log("Level", 2, "size:", 2) [staticcall]
    │   │   └─ ← ()
    │   ├─ [0] console::log("Added to proof:", 14972269898716642113743665851439064716233342046281552851739812834778748964784 [1.497e76]) [staticcall]
    │   │   └─ ← ()
    │   ├─ [0] console::log("Final proof length:", 3) [staticcall]
    │   │   └─ ← ()
    │   └─ ← [0x036491cc10808eeb0ff717314df6f19ba2e232d04d5f039f6fa382cae41641da, 0x5f0e01babb612c872c711c3804090c0fcd42d13e2ddbd99d21e73f30afa59e35, 0x211a0123fb106743494ab16195aa20853ed7707ff20d2d8f0212ec8d4bf64fb0]
    ├─ [0] console::log("--- Verification details for leaf 2 after adding 7 leaves ---") [staticcall]
    │   └─ ← ()
    ├─ [11390] MerkleStorageOZ::verifyLeaf(0x6c65616632, [0x036491cc10808eeb0ff717314df6f19ba2e232d04d5f039f6fa382cae41641da, 0x5f0e01babb612c872c711c3804090c0fcd42d13e2ddbd99d21e73f30afa59e35, 0x211a0123fb106743494ab16195aa20853ed7707ff20d2d8f0212ec8d4bf64fb0]) [staticcall]
    │   ├─ [0] console::log("Verifying leaf:", 84303433209692230857384970403333823748570319246869449369625637863858470744792 [8.43e76]) [staticcall]
    │   │   └─ ← ()
    │   ├─ [0] console::log("Merkle root:", 24402583392349023169344456727292119058555560956674006437777625691656633363379 [2.44e76]) [staticcall]
    │   │   └─ ← ()
    │   ├─ [0] console::log("Proof length:", 3) [staticcall]
    │   │   └─ ← ()
    │   ├─ [0] console::log("Proof element", 0, ":", 1534629507014924801801850062420965747762703560098700086918056654539096211930 [1.534e75]) [staticcall]
    │   │   └─ ← ()
    │   ├─ [0] console::log("Computed hash after element", 0, ":", 4819654492366420278237764346194618123787186199882361681321774604810163462263 [4.819e75]) [staticcall]
    │   │   └─ ← ()
    │   ├─ [0] console::log("Proof element", 1, ":", 42994468410347004737970376126143620665813473361490896099477539813509562736181 [4.299e76]) [staticcall]
    │   │   └─ ← ()
    │   ├─ [0] console::log("Computed hash after element", 1, ":", 86167276729270415220365293603154116830872546334163333883227179387055231533441 [8.616e76]) [staticcall]
    │   │   └─ ← ()
    │   ├─ [0] console::log("Proof element", 2, ":", 14972269898716642113743665851439064716233342046281552851739812834778748964784 [1.497e76]) [staticcall]
    │   │   └─ ← ()
    │   ├─ [0] console::log("Computed hash after element", 2, ":", 24402583392349023169344456727292119058555560956674006437777625691656633363379 [2.44e76]) [staticcall]
    │   │   └─ ← ()
    │   ├─ [0] console::log("Is valid:", true) [staticcall]
    │   │   └─ ← ()
    │   └─ ← true
    ├─ [0] console::log("--- End of verification details ---") [staticcall]
    │   └─ ← ()
    ├─ [0] console::log("Successfully verified leaf 2 after adding 7 leaves") [staticcall]
    │   └─ ← ()
    ├─ [19054] MerkleStorageOZ::getProof(2) [staticcall]
    │   ├─ [0] console::log("Getting proof for leaf index:", 2) [staticcall]
    │   │   └─ ← ()
    │   ├─ [0] console::log("Tree depth:", 3) [staticcall]
    │   │   └─ ← ()
    │   ├─ [0] console::log("Level", 0, "size:", 7) [staticcall]
    │   │   └─ ← ()
    │   ├─ [0] console::log("Added to proof:", 9718660262289985226213547307049526568607798083323067650698233131271439501106 [9.718e75]) [staticcall]
    │   │   └─ ← ()
    │   ├─ [0] console::log("Level", 1, "size:", 4) [staticcall]
    │   │   └─ ← ()
    │   ├─ [0] console::log("Added to proof:", 4819654492366420278237764346194618123787186199882361681321774604810163462263 [4.819e75]) [staticcall]
    │   │   └─ ← ()
    │   ├─ [0] console::log("Level", 2, "size:", 2) [staticcall]
    │   │   └─ ← ()
    │   ├─ [0] console::log("Added to proof:", 14972269898716642113743665851439064716233342046281552851739812834778748964784 [1.497e76]) [staticcall]
    │   │   └─ ← ()
    │   ├─ [0] console::log("Final proof length:", 3) [staticcall]
    │   │   └─ ← ()
    │   └─ ← [0x157c9118369926e028fa6cf8dfe68c750c1adbd7b0e4918c2b3a23fe4017c732, 0x0aa7d3e8df6bbfe087828aef70a86fff5964660e89f14cbbbe406695bc1e2077, 0x211a0123fb106743494ab16195aa20853ed7707ff20d2d8f0212ec8d4bf64fb0]
    ├─ [0] console::log("--- Verification details for leaf 3 after adding 7 leaves ---") [staticcall]
    │   └─ ← ()
    ├─ [11380] MerkleStorageOZ::verifyLeaf(0x6c65616633, [0x157c9118369926e028fa6cf8dfe68c750c1adbd7b0e4918c2b3a23fe4017c732, 0x0aa7d3e8df6bbfe087828aef70a86fff5964660e89f14cbbbe406695bc1e2077, 0x211a0123fb106743494ab16195aa20853ed7707ff20d2d8f0212ec8d4bf64fb0]) [staticcall]
    │   ├─ [0] console::log("Verifying leaf:", 114806096316174656260172984043681595992173194076043313710926606652151351550195 [1.148e77]) [staticcall]
    │   │   └─ ← ()
    │   ├─ [0] console::log("Merkle root:", 24402583392349023169344456727292119058555560956674006437777625691656633363379 [2.44e76]) [staticcall]
    │   │   └─ ← ()
    │   ├─ [0] console::log("Proof length:", 3) [staticcall]
    │   │   └─ ← ()
    │   ├─ [0] console::log("Proof element", 0, ":", 9718660262289985226213547307049526568607798083323067650698233131271439501106 [9.718e75]) [staticcall]
    │   │   └─ ← ()
    │   ├─ [0] console::log("Computed hash after element", 0, ":", 42994468410347004737970376126143620665813473361490896099477539813509562736181 [4.299e76]) [staticcall]
    │   │   └─ ← ()
    │   ├─ [0] console::log("Proof element", 1, ":", 4819654492366420278237764346194618123787186199882361681321774604810163462263 [4.819e75]) [staticcall]
    │   │   └─ ← ()
    │   ├─ [0] console::log("Computed hash after element", 1, ":", 86167276729270415220365293603154116830872546334163333883227179387055231533441 [8.616e76]) [staticcall]
    │   │   └─ ← ()
    │   ├─ [0] console::log("Proof element", 2, ":", 14972269898716642113743665851439064716233342046281552851739812834778748964784 [1.497e76]) [staticcall]
    │   │   └─ ← ()
    │   ├─ [0] console::log("Computed hash after element", 2, ":", 24402583392349023169344456727292119058555560956674006437777625691656633363379 [2.44e76]) [staticcall]
    │   │   └─ ← ()
    │   ├─ [0] console::log("Is valid:", true) [staticcall]
    │   │   └─ ← ()
    │   └─ ← true
    ├─ [0] console::log("--- End of verification details ---") [staticcall]
    │   └─ ← ()
    ├─ [0] console::log("Successfully verified leaf 3 after adding 7 leaves") [staticcall]
    │   └─ ← ()
    ├─ [18969] MerkleStorageOZ::getProof(3) [staticcall]
    │   ├─ [0] console::log("Getting proof for leaf index:", 3) [staticcall]
    │   │   └─ ← ()
    │   ├─ [0] console::log("Tree depth:", 3) [staticcall]
    │   │   └─ ← ()
    │   ├─ [0] console::log("Level", 0, "size:", 7) [staticcall]
    │   │   └─ ← ()
    │   ├─ [0] console::log("Added to proof:", 114806096316174656260172984043681595992173194076043313710926606652151351550195 [1.148e77]) [staticcall]
    │   │   └─ ← ()
    │   ├─ [0] console::log("Level", 1, "size:", 4) [staticcall]
    │   │   └─ ← ()
    │   ├─ [0] console::log("Added to proof:", 4819654492366420278237764346194618123787186199882361681321774604810163462263 [4.819e75]) [staticcall]
    │   │   └─ ← ()
    │   ├─ [0] console::log("Level", 2, "size:", 2) [staticcall]
    │   │   └─ ← ()
    │   ├─ [0] console::log("Added to proof:", 14972269898716642113743665851439064716233342046281552851739812834778748964784 [1.497e76]) [staticcall]
    │   │   └─ ← ()
    │   ├─ [0] console::log("Final proof length:", 3) [staticcall]
    │   │   └─ ← ()
    │   └─ ← [0xfdd1f2a1ec75fe968421a41d2282200de6bec6a21f81080a71b1053d9c0120f3, 0x0aa7d3e8df6bbfe087828aef70a86fff5964660e89f14cbbbe406695bc1e2077, 0x211a0123fb106743494ab16195aa20853ed7707ff20d2d8f0212ec8d4bf64fb0]
    ├─ [0] console::log("--- Verification details for leaf 4 after adding 7 leaves ---") [staticcall]
    │   └─ ← ()
    ├─ [11390] MerkleStorageOZ::verifyLeaf(0x6c65616634, [0xfdd1f2a1ec75fe968421a41d2282200de6bec6a21f81080a71b1053d9c0120f3, 0x0aa7d3e8df6bbfe087828aef70a86fff5964660e89f14cbbbe406695bc1e2077, 0x211a0123fb106743494ab16195aa20853ed7707ff20d2d8f0212ec8d4bf64fb0]) [staticcall]
    │   ├─ [0] console::log("Verifying leaf:", 9718660262289985226213547307049526568607798083323067650698233131271439501106 [9.718e75]) [staticcall]
    │   │   └─ ← ()
    │   ├─ [0] console::log("Merkle root:", 24402583392349023169344456727292119058555560956674006437777625691656633363379 [2.44e76]) [staticcall]
    │   │   └─ ← ()
    │   ├─ [0] console::log("Proof length:", 3) [staticcall]
    │   │   └─ ← ()
    │   ├─ [0] console::log("Proof element", 0, ":", 114806096316174656260172984043681595992173194076043313710926606652151351550195 [1.148e77]) [staticcall]
    │   │   └─ ← ()
    │   ├─ [0] console::log("Computed hash after element", 0, ":", 42994468410347004737970376126143620665813473361490896099477539813509562736181 [4.299e76]) [staticcall]
    │   │   └─ ← ()
    │   ├─ [0] console::log("Proof element", 1, ":", 4819654492366420278237764346194618123787186199882361681321774604810163462263 [4.819e75]) [staticcall]
    │   │   └─ ← ()
    │   ├─ [0] console::log("Computed hash after element", 1, ":", 86167276729270415220365293603154116830872546334163333883227179387055231533441 [8.616e76]) [staticcall]
    │   │   └─ ← ()
    │   ├─ [0] console::log("Proof element", 2, ":", 14972269898716642113743665851439064716233342046281552851739812834778748964784 [1.497e76]) [staticcall]
    │   │   └─ ← ()
    │   ├─ [0] console::log("Computed hash after element", 2, ":", 24402583392349023169344456727292119058555560956674006437777625691656633363379 [2.44e76]) [staticcall]
    │   │   └─ ← ()
    │   ├─ [0] console::log("Is valid:", true) [staticcall]
    │   │   └─ ← ()
    │   └─ ← true
    ├─ [0] console::log("--- End of verification details ---") [staticcall]
    │   └─ ← ()
    ├─ [0] console::log("Successfully verified leaf 4 after adding 7 leaves") [staticcall]
    │   └─ ← ()
    ├─ [19054] MerkleStorageOZ::getProof(4) [staticcall]
    │   ├─ [0] console::log("Getting proof for leaf index:", 4) [staticcall]
    │   │   └─ ← ()
    │   ├─ [0] console::log("Tree depth:", 3) [staticcall]
    │   │   └─ ← ()
    │   ├─ [0] console::log("Level", 0, "size:", 7) [staticcall]
    │   │   └─ ← ()
    │   ├─ [0] console::log("Added to proof:", 42656216575733633865718546135288608701490211943531992892543518422469545049160 [4.265e76]) [staticcall]
    │   │   └─ ← ()
    │   ├─ [0] console::log("Level", 1, "size:", 4) [staticcall]
    │   │   └─ ← ()
    │   ├─ [0] console::log("Added to proof:", 77058788664304649396218556642747909996121735590822886025965307874683454946759 [7.705e76]) [staticcall]
    │   │   └─ ← ()
    │   ├─ [0] console::log("Level", 2, "size:", 2) [staticcall]
    │   │   └─ ← ()
    │   ├─ [0] console::log("Added to proof:", 86167276729270415220365293603154116830872546334163333883227179387055231533441 [8.616e76]) [staticcall]
    │   │   └─ ← ()
    │   ├─ [0] console::log("Final proof length:", 3) [staticcall]
    │   │   └─ ← ()
    │   └─ ← [0x5e4e9020e0ae47d1b353192e416c1873ec642cb2e75d68faa1be2665df6c3c48, 0xaa5dba90c8178f75a5eb7bdb098f0cec525bb61e5ba2ad6dc5fa580f163efdc7, 0xbe80f348526b4646bc0697bf2fe649f1835863538924cb6b91ad4eb57ced0181]
    ├─ [0] console::log("--- Verification details for leaf 5 after adding 7 leaves ---") [staticcall]
    │   └─ ← ()
    ├─ [11400] MerkleStorageOZ::verifyLeaf(0x6c65616635, [0x5e4e9020e0ae47d1b353192e416c1873ec642cb2e75d68faa1be2665df6c3c48, 0xaa5dba90c8178f75a5eb7bdb098f0cec525bb61e5ba2ad6dc5fa580f163efdc7, 0xbe80f348526b4646bc0697bf2fe649f1835863538924cb6b91ad4eb57ced0181]) [staticcall]
    │   ├─ [0] console::log("Verifying leaf:", 3327891084304698462684256911003812127873740397003554529128445276024109161606 [3.327e75]) [staticcall]
    │   │   └─ ← ()
    │   ├─ [0] console::log("Merkle root:", 24402583392349023169344456727292119058555560956674006437777625691656633363379 [2.44e76]) [staticcall]
    │   │   └─ ← ()
    │   ├─ [0] console::log("Proof length:", 3) [staticcall]
    │   │   └─ ← ()
    │   ├─ [0] console::log("Proof element", 0, ":", 42656216575733633865718546135288608701490211943531992892543518422469545049160 [4.265e76]) [staticcall]
    │   │   └─ ← ()
    │   ├─ [0] console::log("Computed hash after element", 0, ":", 79680312521381101304386615379526824036772258414601889669286272159596699208134 [7.968e76]) [staticcall]
    │   │   └─ ← ()
    │   ├─ [0] console::log("Proof element", 1, ":", 77058788664304649396218556642747909996121735590822886025965307874683454946759 [7.705e76]) [staticcall]
    │   │   └─ ← ()
    │   ├─ [0] console::log("Computed hash after element", 1, ":", 14972269898716642113743665851439064716233342046281552851739812834778748964784 [1.497e76]) [staticcall]
    │   │   └─ ← ()
    │   ├─ [0] console::log("Proof element", 2, ":", 86167276729270415220365293603154116830872546334163333883227179387055231533441 [8.616e76]) [staticcall]
    │   │   └─ ← ()
    │   ├─ [0] console::log("Computed hash after element", 2, ":", 24402583392349023169344456727292119058555560956674006437777625691656633363379 [2.44e76]) [staticcall]
    │   │   └─ ← ()
    │   ├─ [0] console::log("Is valid:", true) [staticcall]
    │   │   └─ ← ()
    │   └─ ← true
    ├─ [0] console::log("--- End of verification details ---") [staticcall]
    │   └─ ← ()
    ├─ [0] console::log("Successfully verified leaf 5 after adding 7 leaves") [staticcall]
    │   └─ ← ()
    ├─ [18969] MerkleStorageOZ::getProof(5) [staticcall]
    │   ├─ [0] console::log("Getting proof for leaf index:", 5) [staticcall]
    │   │   └─ ← ()
    │   ├─ [0] console::log("Tree depth:", 3) [staticcall]
    │   │   └─ ← ()
    │   ├─ [0] console::log("Level", 0, "size:", 7) [staticcall]
    │   │   └─ ← ()
    │   ├─ [0] console::log("Added to proof:", 3327891084304698462684256911003812127873740397003554529128445276024109161606 [3.327e75]) [staticcall]
    │   │   └─ ← ()
    │   ├─ [0] console::log("Level", 1, "size:", 4) [staticcall]
    │   │   └─ ← ()
    │   ├─ [0] console::log("Added to proof:", 77058788664304649396218556642747909996121735590822886025965307874683454946759 [7.705e76]) [staticcall]
    │   │   └─ ← ()
    │   ├─ [0] console::log("Level", 2, "size:", 2) [staticcall]
    │   │   └─ ← ()
    │   ├─ [0] console::log("Added to proof:", 86167276729270415220365293603154116830872546334163333883227179387055231533441 [8.616e76]) [staticcall]
    │   │   └─ ← ()
    │   ├─ [0] console::log("Final proof length:", 3) [staticcall]
    │   │   └─ ← ()
    │   └─ ← [0x075b8504c98679ed33a097ef9b1466e8f4652142d4b19ab2c37fdf1668a65c86, 0xaa5dba90c8178f75a5eb7bdb098f0cec525bb61e5ba2ad6dc5fa580f163efdc7, 0xbe80f348526b4646bc0697bf2fe649f1835863538924cb6b91ad4eb57ced0181]
    ├─ [0] console::log("--- Verification details for leaf 6 after adding 7 leaves ---") [staticcall]
    │   └─ ← ()
    ├─ [11390] MerkleStorageOZ::verifyLeaf(0x6c65616636, [0x075b8504c98679ed33a097ef9b1466e8f4652142d4b19ab2c37fdf1668a65c86, 0xaa5dba90c8178f75a5eb7bdb098f0cec525bb61e5ba2ad6dc5fa580f163efdc7, 0xbe80f348526b4646bc0697bf2fe649f1835863538924cb6b91ad4eb57ced0181]) [staticcall]
    │   ├─ [0] console::log("Verifying leaf:", 42656216575733633865718546135288608701490211943531992892543518422469545049160 [4.265e76]) [staticcall]
    │   │   └─ ← ()
    │   ├─ [0] console::log("Merkle root:", 24402583392349023169344456727292119058555560956674006437777625691656633363379 [2.44e76]) [staticcall]
    │   │   └─ ← ()
    │   ├─ [0] console::log("Proof length:", 3) [staticcall]
    │   │   └─ ← ()
    │   ├─ [0] console::log("Proof element", 0, ":", 3327891084304698462684256911003812127873740397003554529128445276024109161606 [3.327e75]) [staticcall]
    │   │   └─ ← ()
    │   ├─ [0] console::log("Computed hash after element", 0, ":", 79680312521381101304386615379526824036772258414601889669286272159596699208134 [7.968e76]) [staticcall]
    │   │   └─ ← ()
    │   ├─ [0] console::log("Proof element", 1, ":", 77058788664304649396218556642747909996121735590822886025965307874683454946759 [7.705e76]) [staticcall]
    │   │   └─ ← ()
    │   ├─ [0] console::log("Computed hash after element", 1, ":", 14972269898716642113743665851439064716233342046281552851739812834778748964784 [1.497e76]) [staticcall]
    │   │   └─ ← ()
    │   ├─ [0] console::log("Proof element", 2, ":", 86167276729270415220365293603154116830872546334163333883227179387055231533441 [8.616e76]) [staticcall]
    │   │   └─ ← ()
    │   ├─ [0] console::log("Computed hash after element", 2, ":", 24402583392349023169344456727292119058555560956674006437777625691656633363379 [2.44e76]) [staticcall]
    │   │   └─ ← ()
    │   ├─ [0] console::log("Is valid:", true) [staticcall]
    │   │   └─ ← ()
    │   └─ ← true
    ├─ [0] console::log("--- End of verification details ---") [staticcall]
    │   └─ ← ()
    ├─ [0] console::log("Successfully verified leaf 6 after adding 7 leaves") [staticcall]
    │   └─ ← ()
    ├─ [18971] MerkleStorageOZ::getProof(6) [staticcall]
    │   ├─ [0] console::log("Getting proof for leaf index:", 6) [staticcall]
    │   │   └─ ← ()
    │   ├─ [0] console::log("Tree depth:", 3) [staticcall]
    │   │   └─ ← ()
    │   ├─ [0] console::log("Level", 0, "size:", 7) [staticcall]
    │   │   └─ ← ()
    │   ├─ [0] console::log("Added to proof (odd level):", 77058788664304649396218556642747909996121735590822886025965307874683454946759 [7.705e76]) [staticcall]
    │   │   └─ ← ()
    │   ├─ [0] console::log("Level", 1, "size:", 4) [staticcall]
    │   │   └─ ← ()
    │   ├─ [0] console::log("Added to proof:", 79680312521381101304386615379526824036772258414601889669286272159596699208134 [7.968e76]) [staticcall]
    │   │   └─ ← ()
    │   ├─ [0] console::log("Level", 2, "size:", 2) [staticcall]
    │   │   └─ ← ()
    │   ├─ [0] console::log("Added to proof:", 86167276729270415220365293603154116830872546334163333883227179387055231533441 [8.616e76]) [staticcall]
    │   │   └─ ← ()
    │   ├─ [0] console::log("Final proof length:", 3) [staticcall]
    │   │   └─ ← ()
    │   └─ ← [0xaa5dba90c8178f75a5eb7bdb098f0cec525bb61e5ba2ad6dc5fa580f163efdc7, 0xb029756cee16464a69763ada5c6cf8b91c34e842abc58c709550cdda1e5049c6, 0xbe80f348526b4646bc0697bf2fe649f1835863538924cb6b91ad4eb57ced0181]
    ├─ [0] console::log("--- Verification details for leaf 7 after adding 7 leaves ---") [staticcall]
    │   └─ ← ()
    ├─ [11410] MerkleStorageOZ::verifyLeaf(0x6c65616637, [0xaa5dba90c8178f75a5eb7bdb098f0cec525bb61e5ba2ad6dc5fa580f163efdc7, 0xb029756cee16464a69763ada5c6cf8b91c34e842abc58c709550cdda1e5049c6, 0xbe80f348526b4646bc0697bf2fe649f1835863538924cb6b91ad4eb57ced0181]) [staticcall]
    │   ├─ [0] console::log("Verifying leaf:", 77058788664304649396218556642747909996121735590822886025965307874683454946759 [7.705e76]) [staticcall]
    │   │   └─ ← ()
    │   ├─ [0] console::log("Merkle root:", 24402583392349023169344456727292119058555560956674006437777625691656633363379 [2.44e76]) [staticcall]
    │   │   └─ ← ()
    │   ├─ [0] console::log("Proof length:", 3) [staticcall]
    │   │   └─ ← ()
    │   ├─ [0] console::log("Proof element", 0, ":", 77058788664304649396218556642747909996121735590822886025965307874683454946759 [7.705e76]) [staticcall]
    │   │   └─ ← ()
    │   ├─ [0] console::log("Computed hash after element", 0, ":", 68225576523328201517420207221801561742659957429355695405138227477618703177218 [6.822e76]) [staticcall]
    │   │   └─ ← ()
    │   ├─ [0] console::log("Proof element", 1, ":", 79680312521381101304386615379526824036772258414601889669286272159596699208134 [7.968e76]) [staticcall]
    │   │   └─ ← ()
    │   ├─ [0] console::log("Computed hash after element", 1, ":", 16263509659604168343387272649306847675392256084078229652865369158297693738112 [1.626e76]) [staticcall]
    │   │   └─ ← ()
    │   ├─ [0] console::log("Proof element", 2, ":", 86167276729270415220365293603154116830872546334163333883227179387055231533441 [8.616e76]) [staticcall]
    │   │   └─ ← ()
    │   ├─ [0] console::log("Computed hash after element", 2, ":", 55583270664373849977825420980941361427027899872945163600189945750219275815949 [5.558e76]) [staticcall]
    │   │   └─ ← ()
    │   ├─ [0] console::log("Is valid:", false) [staticcall]
    │   │   └─ ← ()
    │   └─ ← false
    ├─ [0] console::log("--- End of verification details ---") [staticcall]
    │   └─ ← ()
    ├─ [0] console::log("Failed to verify leaf 7 after adding 7 leaves") [staticcall]
    │   └─ ← ()
    ├─ [33460] MerkleStorageOZ::addLeaf(0x6c65616638)
    │   ├─ emit LeafAdded(leaf: 0x5b62254e0339ae673a4773d31a564007f04f6ccf4934746b49ada87734d04cab, index: 7)
    │   ├─ emit MerkleRootUpdated(newRoot: 0x6312b5c9c0f90c16707fa38ba42f8fe1608c5fa99a1772af08b1ea466614ce5c)
    │   └─ ← ()
    ├─ [0] console::log("Added leaf 8") [staticcall]
    │   └─ ← ()
    ├─ [19551] MerkleStorageOZ::getProof(0) [staticcall]
    │   ├─ [0] console::log("Getting proof for leaf index:", 0) [staticcall]
    │   │   └─ ← ()
    │   ├─ [0] console::log("Tree depth:", 3) [staticcall]
    │   │   └─ ← ()
    │   ├─ [0] console::log("Level", 0, "size:", 8) [staticcall]
    │   │   └─ ← ()
    │   ├─ [0] console::log("Added to proof:", 84303433209692230857384970403333823748570319246869449369625637863858470744792 [8.43e76]) [staticcall]
    │   │   └─ ← ()
    │   ├─ [0] console::log("Level", 1, "size:", 4) [staticcall]
    │   │   └─ ← ()
    │   ├─ [0] console::log("Added to proof:", 42994468410347004737970376126143620665813473361490896099477539813509562736181 [4.299e76]) [staticcall]
    │   │   └─ ← ()
    │   ├─ [0] console::log("Level", 2, "size:", 2) [staticcall]
    │   │   └─ ← ()
    │   ├─ [0] console::log("Added to proof:", 90519645207031266945590244632322326520069529432013691057992262226385608141027 [9.051e76]) [staticcall]
    │   │   └─ ← ()
    │   ├─ [0] console::log("Final proof length:", 3) [staticcall]
    │   │   └─ ← ()
    │   └─ ← [0xba620d61dac4ddf2d7905722b259b0bd34ec4d37c5796d9a22537c54b3f972d8, 0x5f0e01babb612c872c711c3804090c0fcd42d13e2ddbd99d21e73f30afa59e35, 0xc8204db79981b461dca6928459414628e9784deec1c74154434eb580b50868e3]
    ├─ [0] console::log("--- Verification details for leaf 1 after adding 8 leaves ---") [staticcall]
    │   └─ ← ()
    ├─ [11410] MerkleStorageOZ::verifyLeaf(0x6c65616631, [0xba620d61dac4ddf2d7905722b259b0bd34ec4d37c5796d9a22537c54b3f972d8, 0x5f0e01babb612c872c711c3804090c0fcd42d13e2ddbd99d21e73f30afa59e35, 0xc8204db79981b461dca6928459414628e9784deec1c74154434eb580b50868e3]) [staticcall]
    │   ├─ [0] console::log("Verifying leaf:", 1534629507014924801801850062420965747762703560098700086918056654539096211930 [1.534e75]) [staticcall]
    │   │   └─ ← ()
    │   ├─ [0] console::log("Merkle root:", 44812029912269844639383167223451376600872748978496635971607178627452478213724 [4.481e76]) [staticcall]
    │   │   └─ ← ()
    │   ├─ [0] console::log("Proof length:", 3) [staticcall]
    │   │   └─ ← ()
    │   ├─ [0] console::log("Proof element", 0, ":", 84303433209692230857384970403333823748570319246869449369625637863858470744792 [8.43e76]) [staticcall]
    │   │   └─ ← ()
    │   ├─ [0] console::log("Computed hash after element", 0, ":", 4819654492366420278237764346194618123787186199882361681321774604810163462263 [4.819e75]) [staticcall]
    │   │   └─ ← ()
    │   ├─ [0] console::log("Proof element", 1, ":", 42994468410347004737970376126143620665813473361490896099477539813509562736181 [4.299e76]) [staticcall]
    │   │   └─ ← ()
    │   ├─ [0] console::log("Computed hash after element", 1, ":", 86167276729270415220365293603154116830872546334163333883227179387055231533441 [8.616e76]) [staticcall]
    │   │   └─ ← ()
    │   ├─ [0] console::log("Proof element", 2, ":", 90519645207031266945590244632322326520069529432013691057992262226385608141027 [9.051e76]) [staticcall]
    │   │   └─ ← ()
    │   ├─ [0] console::log("Computed hash after element", 2, ":", 44812029912269844639383167223451376600872748978496635971607178627452478213724 [4.481e76]) [staticcall]
    │   │   └─ ← ()
    │   ├─ [0] console::log("Is valid:", true) [staticcall]
    │   │   └─ ← ()
    │   └─ ← true
    ├─ [0] console::log("--- End of verification details ---") [staticcall]
    │   └─ ← ()
    ├─ [0] console::log("Successfully verified leaf 1 after adding 8 leaves") [staticcall]
    │   └─ ← ()
    ├─ [19466] MerkleStorageOZ::getProof(1) [staticcall]
    │   ├─ [0] console::log("Getting proof for leaf index:", 1) [staticcall]
    │   │   └─ ← ()
    │   ├─ [0] console::log("Tree depth:", 3) [staticcall]
    │   │   └─ ← ()
    │   ├─ [0] console::log("Level", 0, "size:", 8) [staticcall]
    │   │   └─ ← ()
    │   ├─ [0] console::log("Added to proof:", 1534629507014924801801850062420965747762703560098700086918056654539096211930 [1.534e75]) [staticcall]
    │   │   └─ ← ()
    │   ├─ [0] console::log("Level", 1, "size:", 4) [staticcall]
    │   │   └─ ← ()
    │   ├─ [0] console::log("Added to proof:", 42994468410347004737970376126143620665813473361490896099477539813509562736181 [4.299e76]) [staticcall]
    │   │   └─ ← ()
    │   ├─ [0] console::log("Level", 2, "size:", 2) [staticcall]
    │   │   └─ ← ()
    │   ├─ [0] console::log("Added to proof:", 90519645207031266945590244632322326520069529432013691057992262226385608141027 [9.051e76]) [staticcall]
    │   │   └─ ← ()
    │   ├─ [0] console::log("Final proof length:", 3) [staticcall]
    │   │   └─ ← ()
    │   └─ ← [0x036491cc10808eeb0ff717314df6f19ba2e232d04d5f039f6fa382cae41641da, 0x5f0e01babb612c872c711c3804090c0fcd42d13e2ddbd99d21e73f30afa59e35, 0xc8204db79981b461dca6928459414628e9784deec1c74154434eb580b50868e3]
    ├─ [0] console::log("--- Verification details for leaf 2 after adding 8 leaves ---") [staticcall]
    │   └─ ← ()
    ├─ [11400] MerkleStorageOZ::verifyLeaf(0x6c65616632, [0x036491cc10808eeb0ff717314df6f19ba2e232d04d5f039f6fa382cae41641da, 0x5f0e01babb612c872c711c3804090c0fcd42d13e2ddbd99d21e73f30afa59e35, 0xc8204db79981b461dca6928459414628e9784deec1c74154434eb580b50868e3]) [staticcall]
    │   ├─ [0] console::log("Verifying leaf:", 84303433209692230857384970403333823748570319246869449369625637863858470744792 [8.43e76]) [staticcall]
    │   │   └─ ← ()
    │   ├─ [0] console::log("Merkle root:", 44812029912269844639383167223451376600872748978496635971607178627452478213724 [4.481e76]) [staticcall]
    │   │   └─ ← ()
    │   ├─ [0] console::log("Proof length:", 3) [staticcall]
    │   │   └─ ← ()
    │   ├─ [0] console::log("Proof element", 0, ":", 1534629507014924801801850062420965747762703560098700086918056654539096211930 [1.534e75]) [staticcall]
    │   │   └─ ← ()
    │   ├─ [0] console::log("Computed hash after element", 0, ":", 4819654492366420278237764346194618123787186199882361681321774604810163462263 [4.819e75]) [staticcall]
    │   │   └─ ← ()
    │   ├─ [0] console::log("Proof element", 1, ":", 42994468410347004737970376126143620665813473361490896099477539813509562736181 [4.299e76]) [staticcall]
    │   │   └─ ← ()
    │   ├─ [0] console::log("Computed hash after element", 1, ":", 86167276729270415220365293603154116830872546334163333883227179387055231533441 [8.616e76]) [staticcall]
    │   │   └─ ← ()
    │   ├─ [0] console::log("Proof element", 2, ":", 90519645207031266945590244632322326520069529432013691057992262226385608141027 [9.051e76]) [staticcall]
    │   │   └─ ← ()
    │   ├─ [0] console::log("Computed hash after element", 2, ":", 44812029912269844639383167223451376600872748978496635971607178627452478213724 [4.481e76]) [staticcall]
    │   │   └─ ← ()
    │   ├─ [0] console::log("Is valid:", true) [staticcall]
    │   │   └─ ← ()
    │   └─ ← true
    ├─ [0] console::log("--- End of verification details ---") [staticcall]
    │   └─ ← ()
    ├─ [0] console::log("Successfully verified leaf 2 after adding 8 leaves") [staticcall]
    │   └─ ← ()
    ├─ [19466] MerkleStorageOZ::getProof(2) [staticcall]
    │   ├─ [0] console::log("Getting proof for leaf index:", 2) [staticcall]
    │   │   └─ ← ()
    │   ├─ [0] console::log("Tree depth:", 3) [staticcall]
    │   │   └─ ← ()
    │   ├─ [0] console::log("Level", 0, "size:", 8) [staticcall]
    │   │   └─ ← ()
    │   ├─ [0] console::log("Added to proof:", 9718660262289985226213547307049526568607798083323067650698233131271439501106 [9.718e75]) [staticcall]
    │   │   └─ ← ()
    │   ├─ [0] console::log("Level", 1, "size:", 4) [staticcall]
    │   │   └─ ← ()
    │   ├─ [0] console::log("Added to proof:", 4819654492366420278237764346194618123787186199882361681321774604810163462263 [4.819e75]) [staticcall]
    │   │   └─ ← ()
    │   ├─ [0] console::log("Level", 2, "size:", 2) [staticcall]
    │   │   └─ ← ()
    │   ├─ [0] console::log("Added to proof:", 90519645207031266945590244632322326520069529432013691057992262226385608141027 [9.051e76]) [staticcall]
    │   │   └─ ← ()
    │   ├─ [0] console::log("Final proof length:", 3) [staticcall]
    │   │   └─ ← ()
    │   └─ ← [0x157c9118369926e028fa6cf8dfe68c750c1adbd7b0e4918c2b3a23fe4017c732, 0x0aa7d3e8df6bbfe087828aef70a86fff5964660e89f14cbbbe406695bc1e2077, 0xc8204db79981b461dca6928459414628e9784deec1c74154434eb580b50868e3]
    ├─ [0] console::log("--- Verification details for leaf 3 after adding 8 leaves ---") [staticcall]
    │   └─ ← ()
    ├─ [11390] MerkleStorageOZ::verifyLeaf(0x6c65616633, [0x157c9118369926e028fa6cf8dfe68c750c1adbd7b0e4918c2b3a23fe4017c732, 0x0aa7d3e8df6bbfe087828aef70a86fff5964660e89f14cbbbe406695bc1e2077, 0xc8204db79981b461dca6928459414628e9784deec1c74154434eb580b50868e3]) [staticcall]
    │   ├─ [0] console::log("Verifying leaf:", 114806096316174656260172984043681595992173194076043313710926606652151351550195 [1.148e77]) [staticcall]
    │   │   └─ ← ()
    │   ├─ [0] console::log("Merkle root:", 44812029912269844639383167223451376600872748978496635971607178627452478213724 [4.481e76]) [staticcall]
    │   │   └─ ← ()
    │   ├─ [0] console::log("Proof length:", 3) [staticcall]
    │   │   └─ ← ()
    │   ├─ [0] console::log("Proof element", 0, ":", 9718660262289985226213547307049526568607798083323067650698233131271439501106 [9.718e75]) [staticcall]
    │   │   └─ ← ()
    │   ├─ [0] console::log("Computed hash after element", 0, ":", 42994468410347004737970376126143620665813473361490896099477539813509562736181 [4.299e76]) [staticcall]
    │   │   └─ ← ()
    │   ├─ [0] console::log("Proof element", 1, ":", 4819654492366420278237764346194618123787186199882361681321774604810163462263 [4.819e75]) [staticcall]
    │   │   └─ ← ()
    │   ├─ [0] console::log("Computed hash after element", 1, ":", 86167276729270415220365293603154116830872546334163333883227179387055231533441 [8.616e76]) [staticcall]
    │   │   └─ ← ()
    │   ├─ [0] console::log("Proof element", 2, ":", 90519645207031266945590244632322326520069529432013691057992262226385608141027 [9.051e76]) [staticcall]
    │   │   └─ ← ()
    │   ├─ [0] console::log("Computed hash after element", 2, ":", 44812029912269844639383167223451376600872748978496635971607178627452478213724 [4.481e76]) [staticcall]
    │   │   └─ ← ()
    │   ├─ [0] console::log("Is valid:", true) [staticcall]
    │   │   └─ ← ()
    │   └─ ← true
    ├─ [0] console::log("--- End of verification details ---") [staticcall]
    │   └─ ← ()
    ├─ [0] console::log("Successfully verified leaf 3 after adding 8 leaves") [staticcall]
    │   └─ ← ()
    ├─ [19381] MerkleStorageOZ::getProof(3) [staticcall]
    │   ├─ [0] console::log("Getting proof for leaf index:", 3) [staticcall]
    │   │   └─ ← ()
    │   ├─ [0] console::log("Tree depth:", 3) [staticcall]
    │   │   └─ ← ()
    │   ├─ [0] console::log("Level", 0, "size:", 8) [staticcall]
    │   │   └─ ← ()
    │   ├─ [0] console::log("Added to proof:", 114806096316174656260172984043681595992173194076043313710926606652151351550195 [1.148e77]) [staticcall]
    │   │   └─ ← ()
    │   ├─ [0] console::log("Level", 1, "size:", 4) [staticcall]
    │   │   └─ ← ()
    │   ├─ [0] console::log("Added to proof:", 4819654492366420278237764346194618123787186199882361681321774604810163462263 [4.819e75]) [staticcall]
    │   │   └─ ← ()
    │   ├─ [0] console::log("Level", 2, "size:", 2) [staticcall]
    │   │   └─ ← ()
    │   ├─ [0] console::log("Added to proof:", 90519645207031266945590244632322326520069529432013691057992262226385608141027 [9.051e76]) [staticcall]
    │   │   └─ ← ()
    │   ├─ [0] console::log("Final proof length:", 3) [staticcall]
    │   │   └─ ← ()
    │   └─ ← [0xfdd1f2a1ec75fe968421a41d2282200de6bec6a21f81080a71b1053d9c0120f3, 0x0aa7d3e8df6bbfe087828aef70a86fff5964660e89f14cbbbe406695bc1e2077, 0xc8204db79981b461dca6928459414628e9784deec1c74154434eb580b50868e3]
    ├─ [0] console::log("--- Verification details for leaf 4 after adding 8 leaves ---") [staticcall]
    │   └─ ← ()
    ├─ [11400] MerkleStorageOZ::verifyLeaf(0x6c65616634, [0xfdd1f2a1ec75fe968421a41d2282200de6bec6a21f81080a71b1053d9c0120f3, 0x0aa7d3e8df6bbfe087828aef70a86fff5964660e89f14cbbbe406695bc1e2077, 0xc8204db79981b461dca6928459414628e9784deec1c74154434eb580b50868e3]) [staticcall]
    │   ├─ [0] console::log("Verifying leaf:", 9718660262289985226213547307049526568607798083323067650698233131271439501106 [9.718e75]) [staticcall]
    │   │   └─ ← ()
    │   ├─ [0] console::log("Merkle root:", 44812029912269844639383167223451376600872748978496635971607178627452478213724 [4.481e76]) [staticcall]
    │   │   └─ ← ()
    │   ├─ [0] console::log("Proof length:", 3) [staticcall]
    │   │   └─ ← ()
    │   ├─ [0] console::log("Proof element", 0, ":", 114806096316174656260172984043681595992173194076043313710926606652151351550195 [1.148e77]) [staticcall]
    │   │   └─ ← ()
    │   ├─ [0] console::log("Computed hash after element", 0, ":", 42994468410347004737970376126143620665813473361490896099477539813509562736181 [4.299e76]) [staticcall]
    │   │   └─ ← ()
    │   ├─ [0] console::log("Proof element", 1, ":", 4819654492366420278237764346194618123787186199882361681321774604810163462263 [4.819e75]) [staticcall]
    │   │   └─ ← ()
    │   ├─ [0] console::log("Computed hash after element", 1, ":", 86167276729270415220365293603154116830872546334163333883227179387055231533441 [8.616e76]) [staticcall]
    │   │   └─ ← ()
    │   ├─ [0] console::log("Proof element", 2, ":", 90519645207031266945590244632322326520069529432013691057992262226385608141027 [9.051e76]) [staticcall]
    │   │   └─ ← ()
    │   ├─ [0] console::log("Computed hash after element", 2, ":", 44812029912269844639383167223451376600872748978496635971607178627452478213724 [4.481e76]) [staticcall]
    │   │   └─ ← ()
    │   ├─ [0] console::log("Is valid:", true) [staticcall]
    │   │   └─ ← ()
    │   └─ ← true
    ├─ [0] console::log("--- End of verification details ---") [staticcall]
    │   └─ ← ()
    ├─ [0] console::log("Successfully verified leaf 4 after adding 8 leaves") [staticcall]
    │   └─ ← ()
    ├─ [19466] MerkleStorageOZ::getProof(4) [staticcall]
    │   ├─ [0] console::log("Getting proof for leaf index:", 4) [staticcall]
    │   │   └─ ← ()
    │   ├─ [0] console::log("Tree depth:", 3) [staticcall]
    │   │   └─ ← ()
    │   ├─ [0] console::log("Level", 0, "size:", 8) [staticcall]
    │   │   └─ ← ()
    │   ├─ [0] console::log("Added to proof:", 42656216575733633865718546135288608701490211943531992892543518422469545049160 [4.265e76]) [staticcall]
    │   │   └─ ← ()
    │   ├─ [0] console::log("Level", 1, "size:", 4) [staticcall]
    │   │   └─ ← ()
    │   ├─ [0] console::log("Added to proof:", 89139659228322516991511902812947417818976567277539582619759529237285492222351 [8.913e76]) [staticcall]
    │   │   └─ ← ()
    │   ├─ [0] console::log("Level", 2, "size:", 2) [staticcall]
    │   │   └─ ← ()
    │   ├─ [0] console::log("Added to proof:", 86167276729270415220365293603154116830872546334163333883227179387055231533441 [8.616e76]) [staticcall]
    │   │   └─ ← ()
    │   ├─ [0] console::log("Final proof length:", 3) [staticcall]
    │   │   └─ ← ()
    │   └─ ← [0x5e4e9020e0ae47d1b353192e416c1873ec642cb2e75d68faa1be2665df6c3c48, 0xc513425acc7aa543abb5dc1ff382f69776a7ff7f57d334f6cea222ae2803e98f, 0xbe80f348526b4646bc0697bf2fe649f1835863538924cb6b91ad4eb57ced0181]
    ├─ [0] console::log("--- Verification details for leaf 5 after adding 8 leaves ---") [staticcall]
    │   └─ ← ()
    ├─ [11400] MerkleStorageOZ::verifyLeaf(0x6c65616635, [0x5e4e9020e0ae47d1b353192e416c1873ec642cb2e75d68faa1be2665df6c3c48, 0xc513425acc7aa543abb5dc1ff382f69776a7ff7f57d334f6cea222ae2803e98f, 0xbe80f348526b4646bc0697bf2fe649f1835863538924cb6b91ad4eb57ced0181]) [staticcall]
    │   ├─ [0] console::log("Verifying leaf:", 3327891084304698462684256911003812127873740397003554529128445276024109161606 [3.327e75]) [staticcall]
    │   │   └─ ← ()
    │   ├─ [0] console::log("Merkle root:", 44812029912269844639383167223451376600872748978496635971607178627452478213724 [4.481e76]) [staticcall]
    │   │   └─ ← ()
    │   ├─ [0] console::log("Proof length:", 3) [staticcall]
    │   │   └─ ← ()
    │   ├─ [0] console::log("Proof element", 0, ":", 42656216575733633865718546135288608701490211943531992892543518422469545049160 [4.265e76]) [staticcall]
    │   │   └─ ← ()
    │   ├─ [0] console::log("Computed hash after element", 0, ":", 79680312521381101304386615379526824036772258414601889669286272159596699208134 [7.968e76]) [staticcall]
    │   │   └─ ← ()
    │   ├─ [0] console::log("Proof element", 1, ":", 89139659228322516991511902812947417818976567277539582619759529237285492222351 [8.913e76]) [staticcall]
    │   │   └─ ← ()
    │   ├─ [0] console::log("Computed hash after element", 1, ":", 90519645207031266945590244632322326520069529432013691057992262226385608141027 [9.051e76]) [staticcall]
    │   │   └─ ← ()
    │   ├─ [0] console::log("Proof element", 2, ":", 86167276729270415220365293603154116830872546334163333883227179387055231533441 [8.616e76]) [staticcall]
    │   │   └─ ← ()
    │   ├─ [0] console::log("Computed hash after element", 2, ":", 44812029912269844639383167223451376600872748978496635971607178627452478213724 [4.481e76]) [staticcall]
    │   │   └─ ← ()
    │   ├─ [0] console::log("Is valid:", true) [staticcall]
    │   │   └─ ← ()
    │   └─ ← true
    ├─ [0] console::log("--- End of verification details ---") [staticcall]
    │   └─ ← ()
    ├─ [0] console::log("Successfully verified leaf 5 after adding 8 leaves") [staticcall]
    │   └─ ← ()
    ├─ [19381] MerkleStorageOZ::getProof(5) [staticcall]
    │   ├─ [0] console::log("Getting proof for leaf index:", 5) [staticcall]
    │   │   └─ ← ()
    │   ├─ [0] console::log("Tree depth:", 3) [staticcall]
    │   │   └─ ← ()
    │   ├─ [0] console::log("Level", 0, "size:", 8) [staticcall]
    │   │   └─ ← ()
    │   ├─ [0] console::log("Added to proof:", 3327891084304698462684256911003812127873740397003554529128445276024109161606 [3.327e75]) [staticcall]
    │   │   └─ ← ()
    │   ├─ [0] console::log("Level", 1, "size:", 4) [staticcall]
    │   │   └─ ← ()
    │   ├─ [0] console::log("Added to proof:", 89139659228322516991511902812947417818976567277539582619759529237285492222351 [8.913e76]) [staticcall]
    │   │   └─ ← ()
    │   ├─ [0] console::log("Level", 2, "size:", 2) [staticcall]
    │   │   └─ ← ()
    │   ├─ [0] console::log("Added to proof:", 86167276729270415220365293603154116830872546334163333883227179387055231533441 [8.616e76]) [staticcall]
    │   │   └─ ← ()
    │   ├─ [0] console::log("Final proof length:", 3) [staticcall]
    │   │   └─ ← ()
    │   └─ ← [0x075b8504c98679ed33a097ef9b1466e8f4652142d4b19ab2c37fdf1668a65c86, 0xc513425acc7aa543abb5dc1ff382f69776a7ff7f57d334f6cea222ae2803e98f, 0xbe80f348526b4646bc0697bf2fe649f1835863538924cb6b91ad4eb57ced0181]
    ├─ [0] console::log("--- Verification details for leaf 6 after adding 8 leaves ---") [staticcall]
    │   └─ ← ()
    ├─ [11390] MerkleStorageOZ::verifyLeaf(0x6c65616636, [0x075b8504c98679ed33a097ef9b1466e8f4652142d4b19ab2c37fdf1668a65c86, 0xc513425acc7aa543abb5dc1ff382f69776a7ff7f57d334f6cea222ae2803e98f, 0xbe80f348526b4646bc0697bf2fe649f1835863538924cb6b91ad4eb57ced0181]) [staticcall]
    │   ├─ [0] console::log("Verifying leaf:", 42656216575733633865718546135288608701490211943531992892543518422469545049160 [4.265e76]) [staticcall]
    │   │   └─ ← ()
    │   ├─ [0] console::log("Merkle root:", 44812029912269844639383167223451376600872748978496635971607178627452478213724 [4.481e76]) [staticcall]
    │   │   └─ ← ()
    │   ├─ [0] console::log("Proof length:", 3) [staticcall]
    │   │   └─ ← ()
    │   ├─ [0] console::log("Proof element", 0, ":", 3327891084304698462684256911003812127873740397003554529128445276024109161606 [3.327e75]) [staticcall]
    │   │   └─ ← ()
    │   ├─ [0] console::log("Computed hash after element", 0, ":", 79680312521381101304386615379526824036772258414601889669286272159596699208134 [7.968e76]) [staticcall]
    │   │   └─ ← ()
    │   ├─ [0] console::log("Proof element", 1, ":", 89139659228322516991511902812947417818976567277539582619759529237285492222351 [8.913e76]) [staticcall]
    │   │   └─ ← ()
    │   ├─ [0] console::log("Computed hash after element", 1, ":", 90519645207031266945590244632322326520069529432013691057992262226385608141027 [9.051e76]) [staticcall]
    │   │   └─ ← ()
    │   ├─ [0] console::log("Proof element", 2, ":", 86167276729270415220365293603154116830872546334163333883227179387055231533441 [8.616e76]) [staticcall]
    │   │   └─ ← ()
    │   ├─ [0] console::log("Computed hash after element", 2, ":", 44812029912269844639383167223451376600872748978496635971607178627452478213724 [4.481e76]) [staticcall]
    │   │   └─ ← ()
    │   ├─ [0] console::log("Is valid:", true) [staticcall]
    │   │   └─ ← ()
    │   └─ ← true
    ├─ [0] console::log("--- End of verification details ---") [staticcall]
    │   └─ ← ()
    ├─ [0] console::log("Successfully verified leaf 6 after adding 8 leaves") [staticcall]
    │   └─ ← ()
    ├─ [19381] MerkleStorageOZ::getProof(6) [staticcall]
    │   ├─ [0] console::log("Getting proof for leaf index:", 6) [staticcall]
    │   │   └─ ← ()
    │   ├─ [0] console::log("Tree depth:", 3) [staticcall]
    │   │   └─ ← ()
    │   ├─ [0] console::log("Level", 0, "size:", 8) [staticcall]
    │   │   └─ ← ()
    │   ├─ [0] console::log("Added to proof:", 41333877701255859865019379003725985110118058655845990608936096526874421775531 [4.133e76]) [staticcall]
    │   │   └─ ← ()
    │   ├─ [0] console::log("Level", 1, "size:", 4) [staticcall]
    │   │   └─ ← ()
    │   ├─ [0] console::log("Added to proof:", 79680312521381101304386615379526824036772258414601889669286272159596699208134 [7.968e76]) [staticcall]
    │   │   └─ ← ()
    │   ├─ [0] console::log("Level", 2, "size:", 2) [staticcall]
    │   │   └─ ← ()
    │   ├─ [0] console::log("Added to proof:", 86167276729270415220365293603154116830872546334163333883227179387055231533441 [8.616e76]) [staticcall]
    │   │   └─ ← ()
    │   ├─ [0] console::log("Final proof length:", 3) [staticcall]
    │   │   └─ ← ()
    │   └─ ← [0x5b62254e0339ae673a4773d31a564007f04f6ccf4934746b49ada87734d04cab, 0xb029756cee16464a69763ada5c6cf8b91c34e842abc58c709550cdda1e5049c6, 0xbe80f348526b4646bc0697bf2fe649f1835863538924cb6b91ad4eb57ced0181]
    ├─ [0] console::log("--- Verification details for leaf 7 after adding 8 leaves ---") [staticcall]
    │   └─ ← ()
    ├─ [11380] MerkleStorageOZ::verifyLeaf(0x6c65616637, [0x5b62254e0339ae673a4773d31a564007f04f6ccf4934746b49ada87734d04cab, 0xb029756cee16464a69763ada5c6cf8b91c34e842abc58c709550cdda1e5049c6, 0xbe80f348526b4646bc0697bf2fe649f1835863538924cb6b91ad4eb57ced0181]) [staticcall]
    │   ├─ [0] console::log("Verifying leaf:", 77058788664304649396218556642747909996121735590822886025965307874683454946759 [7.705e76]) [staticcall]
    │   │   └─ ← ()
    │   ├─ [0] console::log("Merkle root:", 44812029912269844639383167223451376600872748978496635971607178627452478213724 [4.481e76]) [staticcall]
    │   │   └─ ← ()
    │   ├─ [0] console::log("Proof length:", 3) [staticcall]
    │   │   └─ ← ()
    │   ├─ [0] console::log("Proof element", 0, ":", 41333877701255859865019379003725985110118058655845990608936096526874421775531 [4.133e76]) [staticcall]
    │   │   └─ ← ()
    │   ├─ [0] console::log("Computed hash after element", 0, ":", 89139659228322516991511902812947417818976567277539582619759529237285492222351 [8.913e76]) [staticcall]
    │   │   └─ ← ()
    │   ├─ [0] console::log("Proof element", 1, ":", 79680312521381101304386615379526824036772258414601889669286272159596699208134 [7.968e76]) [staticcall]
    │   │   └─ ← ()
    │   ├─ [0] console::log("Computed hash after element", 1, ":", 90519645207031266945590244632322326520069529432013691057992262226385608141027 [9.051e76]) [staticcall]
    │   │   └─ ← ()
    │   ├─ [0] console::log("Proof element", 2, ":", 86167276729270415220365293603154116830872546334163333883227179387055231533441 [8.616e76]) [staticcall]
    │   │   └─ ← ()
    │   ├─ [0] console::log("Computed hash after element", 2, ":", 44812029912269844639383167223451376600872748978496635971607178627452478213724 [4.481e76]) [staticcall]
    │   │   └─ ← ()
    │   ├─ [0] console::log("Is valid:", true) [staticcall]
    │   │   └─ ← ()
    │   └─ ← true
    ├─ [0] console::log("--- End of verification details ---") [staticcall]
    │   └─ ← ()
    ├─ [0] console::log("Successfully verified leaf 7 after adding 8 leaves") [staticcall]
    │   └─ ← ()
    ├─ [19296] MerkleStorageOZ::getProof(7) [staticcall]
    │   ├─ [0] console::log("Getting proof for leaf index:", 7) [staticcall]
    │   │   └─ ← ()
    │   ├─ [0] console::log("Tree depth:", 3) [staticcall]
    │   │   └─ ← ()
    │   ├─ [0] console::log("Level", 0, "size:", 8) [staticcall]
    │   │   └─ ← ()
    │   ├─ [0] console::log("Added to proof:", 77058788664304649396218556642747909996121735590822886025965307874683454946759 [7.705e76]) [staticcall]
    │   │   └─ ← ()
    │   ├─ [0] console::log("Level", 1, "size:", 4) [staticcall]
    │   │   └─ ← ()
    │   ├─ [0] console::log("Added to proof:", 79680312521381101304386615379526824036772258414601889669286272159596699208134 [7.968e76]) [staticcall]
    │   │   └─ ← ()
    │   ├─ [0] console::log("Level", 2, "size:", 2) [staticcall]
    │   │   └─ ← ()
    │   ├─ [0] console::log("Added to proof:", 86167276729270415220365293603154116830872546334163333883227179387055231533441 [8.616e76]) [staticcall]
    │   │   └─ ← ()
    │   ├─ [0] console::log("Final proof length:", 3) [staticcall]
    │   │   └─ ← ()
    │   └─ ← [0xaa5dba90c8178f75a5eb7bdb098f0cec525bb61e5ba2ad6dc5fa580f163efdc7, 0xb029756cee16464a69763ada5c6cf8b91c34e842abc58c709550cdda1e5049c6, 0xbe80f348526b4646bc0697bf2fe649f1835863538924cb6b91ad4eb57ced0181]
    ├─ [0] console::log("--- Verification details for leaf 8 after adding 8 leaves ---") [staticcall]
    │   └─ ← ()
    ├─ [11390] MerkleStorageOZ::verifyLeaf(0x6c65616638, [0xaa5dba90c8178f75a5eb7bdb098f0cec525bb61e5ba2ad6dc5fa580f163efdc7, 0xb029756cee16464a69763ada5c6cf8b91c34e842abc58c709550cdda1e5049c6, 0xbe80f348526b4646bc0697bf2fe649f1835863538924cb6b91ad4eb57ced0181]) [staticcall]
    │   ├─ [0] console::log("Verifying leaf:", 41333877701255859865019379003725985110118058655845990608936096526874421775531 [4.133e76]) [staticcall]
    │   │   └─ ← ()
    │   ├─ [0] console::log("Merkle root:", 44812029912269844639383167223451376600872748978496635971607178627452478213724 [4.481e76]) [staticcall]
    │   │   └─ ← ()
    │   ├─ [0] console::log("Proof length:", 3) [staticcall]
    │   │   └─ ← ()
    │   ├─ [0] console::log("Proof element", 0, ":", 77058788664304649396218556642747909996121735590822886025965307874683454946759 [7.705e76]) [staticcall]
    │   │   └─ ← ()
    │   ├─ [0] console::log("Computed hash after element", 0, ":", 89139659228322516991511902812947417818976567277539582619759529237285492222351 [8.913e76]) [staticcall]
    │   │   └─ ← ()
    │   ├─ [0] console::log("Proof element", 1, ":", 79680312521381101304386615379526824036772258414601889669286272159596699208134 [7.968e76]) [staticcall]
    │   │   └─ ← ()
    │   ├─ [0] console::log("Computed hash after element", 1, ":", 90519645207031266945590244632322326520069529432013691057992262226385608141027 [9.051e76]) [staticcall]
    │   │   └─ ← ()
    │   ├─ [0] console::log("Proof element", 2, ":", 86167276729270415220365293603154116830872546334163333883227179387055231533441 [8.616e76]) [staticcall]
    │   │   └─ ← ()
    │   ├─ [0] console::log("Computed hash after element", 2, ":", 44812029912269844639383167223451376600872748978496635971607178627452478213724 [4.481e76]) [staticcall]
    │   │   └─ ← ()
    │   ├─ [0] console::log("Is valid:", true) [staticcall]
    │   │   └─ ← ()
    │   └─ ← true
    ├─ [0] console::log("--- End of verification details ---") [staticcall]
    │   └─ ← ()
    ├─ [0] console::log("Successfully verified leaf 8 after adding 8 leaves") [staticcall]
    │   └─ ← ()
    ├─ [35854] MerkleStorageOZ::addLeaf(0x6c65616639)
    │   ├─ emit LeafAdded(leaf: 0xb7b73f9f206e380e92907f3d38c9caa544ee92ddc0a78c67c76f3eb5e05a2ee3, index: 8)
    │   ├─ emit MerkleRootUpdated(newRoot: 0xe04004622831ae1f291c6dfd92106e9d0fc6a07defaa5f3a91f869f5aae5c6f0)
    │   └─ ← ()
    ├─ [0] console::log("Added leaf 9") [staticcall]
    │   └─ ← ()
    ├─ [25118] MerkleStorageOZ::getProof(0) [staticcall]
    │   ├─ [0] console::log("Getting proof for leaf index:", 0) [staticcall]
    │   │   └─ ← ()
    │   ├─ [0] console::log("Tree depth:", 4) [staticcall]
    │   │   └─ ← ()
    │   ├─ [0] console::log("Level", 0, "size:", 9) [staticcall]
    │   │   └─ ← ()
    │   ├─ [0] console::log("Added to proof:", 84303433209692230857384970403333823748570319246869449369625637863858470744792 [8.43e76]) [staticcall]
    │   │   └─ ← ()
    │   ├─ [0] console::log("Level", 1, "size:", 5) [staticcall]
    │   │   └─ ← ()
    │   ├─ [0] console::log("Added to proof:", 42994468410347004737970376126143620665813473361490896099477539813509562736181 [4.299e76]) [staticcall]
    │   │   └─ ← ()
    │   ├─ [0] console::log("Level", 2, "size:", 3) [staticcall]
    │   │   └─ ← ()
    │   ├─ [0] console::log("Added to proof:", 90519645207031266945590244632322326520069529432013691057992262226385608141027 [9.051e76]) [staticcall]
    │   │   └─ ← ()
    │   ├─ [0] console::log("Level", 3, "size:", 2) [staticcall]
    │   │   └─ ← ()
    │   ├─ [0] console::log("Added to proof:", 83097023403658896075826216087624068326805273787826444717403742070225742999267 [8.309e76]) [staticcall]
    │   │   └─ ← ()
    │   ├─ [0] console::log("Final proof length:", 4) [staticcall]
    │   │   └─ ← ()
    │   └─ ← [0xba620d61dac4ddf2d7905722b259b0bd34ec4d37c5796d9a22537c54b3f972d8, 0x5f0e01babb612c872c711c3804090c0fcd42d13e2ddbd99d21e73f30afa59e35, 0xc8204db79981b461dca6928459414628e9784deec1c74154434eb580b50868e3, 0xb7b73f9f206e380e92907f3d38c9caa544ee92ddc0a78c67c76f3eb5e05a2ee3]
    ├─ [0] console::log("--- Verification details for leaf 1 after adding 9 leaves ---") [staticcall]
    │   └─ ← ()
    ├─ [13818] MerkleStorageOZ::verifyLeaf(0x6c65616631, [0xba620d61dac4ddf2d7905722b259b0bd34ec4d37c5796d9a22537c54b3f972d8, 0x5f0e01babb612c872c711c3804090c0fcd42d13e2ddbd99d21e73f30afa59e35, 0xc8204db79981b461dca6928459414628e9784deec1c74154434eb580b50868e3, 0xb7b73f9f206e380e92907f3d38c9caa544ee92ddc0a78c67c76f3eb5e05a2ee3]) [staticcall]
    │   ├─ [0] console::log("Verifying leaf:", 1534629507014924801801850062420965747762703560098700086918056654539096211930 [1.534e75]) [staticcall]
    │   │   └─ ← ()
    │   ├─ [0] console::log("Merkle root:", 101431186548090577036123159736608581075875377219746632876129439114055769245424 [1.014e77]) [staticcall]
    │   │   └─ ← ()
    │   ├─ [0] console::log("Proof length:", 4) [staticcall]
    │   │   └─ ← ()
    │   ├─ [0] console::log("Proof element", 0, ":", 84303433209692230857384970403333823748570319246869449369625637863858470744792 [8.43e76]) [staticcall]
    │   │   └─ ← ()
    │   ├─ [0] console::log("Computed hash after element", 0, ":", 4819654492366420278237764346194618123787186199882361681321774604810163462263 [4.819e75]) [staticcall]
    │   │   └─ ← ()
    │   ├─ [0] console::log("Proof element", 1, ":", 42994468410347004737970376126143620665813473361490896099477539813509562736181 [4.299e76]) [staticcall]
    │   │   └─ ← ()
    │   ├─ [0] console::log("Computed hash after element", 1, ":", 86167276729270415220365293603154116830872546334163333883227179387055231533441 [8.616e76]) [staticcall]
    │   │   └─ ← ()
    │   ├─ [0] console::log("Proof element", 2, ":", 90519645207031266945590244632322326520069529432013691057992262226385608141027 [9.051e76]) [staticcall]
    │   │   └─ ← ()
    │   ├─ [0] console::log("Computed hash after element", 2, ":", 44812029912269844639383167223451376600872748978496635971607178627452478213724 [4.481e76]) [staticcall]
    │   │   └─ ← ()
    │   ├─ [0] console::log("Proof element", 3, ":", 83097023403658896075826216087624068326805273787826444717403742070225742999267 [8.309e76]) [staticcall]
    │   │   └─ ← ()
    │   ├─ [0] console::log("Computed hash after element", 3, ":", 101431186548090577036123159736608581075875377219746632876129439114055769245424 [1.014e77]) [staticcall]
    │   │   └─ ← ()
    │   ├─ [0] console::log("Is valid:", true) [staticcall]
    │   │   └─ ← ()
    │   └─ ← true
    ├─ [0] console::log("--- End of verification details ---") [staticcall]
    │   └─ ← ()
    ├─ [0] console::log("Successfully verified leaf 1 after adding 9 leaves") [staticcall]
    │   └─ ← ()
    ├─ [25033] MerkleStorageOZ::getProof(1) [staticcall]
    │   ├─ [0] console::log("Getting proof for leaf index:", 1) [staticcall]
    │   │   └─ ← ()
    │   ├─ [0] console::log("Tree depth:", 4) [staticcall]
    │   │   └─ ← ()
    │   ├─ [0] console::log("Level", 0, "size:", 9) [staticcall]
    │   │   └─ ← ()
    │   ├─ [0] console::log("Added to proof:", 1534629507014924801801850062420965747762703560098700086918056654539096211930 [1.534e75]) [staticcall]
    │   │   └─ ← ()
    │   ├─ [0] console::log("Level", 1, "size:", 5) [staticcall]
    │   │   └─ ← ()
    │   ├─ [0] console::log("Added to proof:", 42994468410347004737970376126143620665813473361490896099477539813509562736181 [4.299e76]) [staticcall]
    │   │   └─ ← ()
    │   ├─ [0] console::log("Level", 2, "size:", 3) [staticcall]
    │   │   └─ ← ()
    │   ├─ [0] console::log("Added to proof:", 90519645207031266945590244632322326520069529432013691057992262226385608141027 [9.051e76]) [staticcall]
    │   │   └─ ← ()
    │   ├─ [0] console::log("Level", 3, "size:", 2) [staticcall]
    │   │   └─ ← ()
    │   ├─ [0] console::log("Added to proof:", 83097023403658896075826216087624068326805273787826444717403742070225742999267 [8.309e76]) [staticcall]
    │   │   └─ ← ()
    │   ├─ [0] console::log("Final proof length:", 4) [staticcall]
    │   │   └─ ← ()
    │   └─ ← [0x036491cc10808eeb0ff717314df6f19ba2e232d04d5f039f6fa382cae41641da, 0x5f0e01babb612c872c711c3804090c0fcd42d13e2ddbd99d21e73f30afa59e35, 0xc8204db79981b461dca6928459414628e9784deec1c74154434eb580b50868e3, 0xb7b73f9f206e380e92907f3d38c9caa544ee92ddc0a78c67c76f3eb5e05a2ee3]
    ├─ [0] console::log("--- Verification details for leaf 2 after adding 9 leaves ---") [staticcall]
    │   └─ ← ()
    ├─ [13808] MerkleStorageOZ::verifyLeaf(0x6c65616632, [0x036491cc10808eeb0ff717314df6f19ba2e232d04d5f039f6fa382cae41641da, 0x5f0e01babb612c872c711c3804090c0fcd42d13e2ddbd99d21e73f30afa59e35, 0xc8204db79981b461dca6928459414628e9784deec1c74154434eb580b50868e3, 0xb7b73f9f206e380e92907f3d38c9caa544ee92ddc0a78c67c76f3eb5e05a2ee3]) [staticcall]
    │   ├─ [0] console::log("Verifying leaf:", 84303433209692230857384970403333823748570319246869449369625637863858470744792 [8.43e76]) [staticcall]
    │   │   └─ ← ()
    │   ├─ [0] console::log("Merkle root:", 101431186548090577036123159736608581075875377219746632876129439114055769245424 [1.014e77]) [staticcall]
    │   │   └─ ← ()
    │   ├─ [0] console::log("Proof length:", 4) [staticcall]
    │   │   └─ ← ()
    │   ├─ [0] console::log("Proof element", 0, ":", 1534629507014924801801850062420965747762703560098700086918056654539096211930 [1.534e75]) [staticcall]
    │   │   └─ ← ()
    │   ├─ [0] console::log("Computed hash after element", 0, ":", 4819654492366420278237764346194618123787186199882361681321774604810163462263 [4.819e75]) [staticcall]
    │   │   └─ ← ()
    │   ├─ [0] console::log("Proof element", 1, ":", 42994468410347004737970376126143620665813473361490896099477539813509562736181 [4.299e76]) [staticcall]
    │   │   └─ ← ()
    │   ├─ [0] console::log("Computed hash after element", 1, ":", 86167276729270415220365293603154116830872546334163333883227179387055231533441 [8.616e76]) [staticcall]
    │   │   └─ ← ()
    │   ├─ [0] console::log("Proof element", 2, ":", 90519645207031266945590244632322326520069529432013691057992262226385608141027 [9.051e76]) [staticcall]
    │   │   └─ ← ()
    │   ├─ [0] console::log("Computed hash after element", 2, ":", 44812029912269844639383167223451376600872748978496635971607178627452478213724 [4.481e76]) [staticcall]
    │   │   └─ ← ()
    │   ├─ [0] console::log("Proof element", 3, ":", 83097023403658896075826216087624068326805273787826444717403742070225742999267 [8.309e76]) [staticcall]
    │   │   └─ ← ()
    │   ├─ [0] console::log("Computed hash after element", 3, ":", 101431186548090577036123159736608581075875377219746632876129439114055769245424 [1.014e77]) [staticcall]
    │   │   └─ ← ()
    │   ├─ [0] console::log("Is valid:", true) [staticcall]
    │   │   └─ ← ()
    │   └─ ← true
    ├─ [0] console::log("--- End of verification details ---") [staticcall]
    │   └─ ← ()
    ├─ [0] console::log("Successfully verified leaf 2 after adding 9 leaves") [staticcall]
    │   └─ ← ()
    ├─ [25033] MerkleStorageOZ::getProof(2) [staticcall]
    │   ├─ [0] console::log("Getting proof for leaf index:", 2) [staticcall]
    │   │   └─ ← ()
    │   ├─ [0] console::log("Tree depth:", 4) [staticcall]
    │   │   └─ ← ()
    │   ├─ [0] console::log("Level", 0, "size:", 9) [staticcall]
    │   │   └─ ← ()
    │   ├─ [0] console::log("Added to proof:", 9718660262289985226213547307049526568607798083323067650698233131271439501106 [9.718e75]) [staticcall]
    │   │   └─ ← ()
    │   ├─ [0] console::log("Level", 1, "size:", 5) [staticcall]
    │   │   └─ ← ()
    │   ├─ [0] console::log("Added to proof:", 4819654492366420278237764346194618123787186199882361681321774604810163462263 [4.819e75]) [staticcall]
    │   │   └─ ← ()
    │   ├─ [0] console::log("Level", 2, "size:", 3) [staticcall]
    │   │   └─ ← ()
    │   ├─ [0] console::log("Added to proof:", 90519645207031266945590244632322326520069529432013691057992262226385608141027 [9.051e76]) [staticcall]
    │   │   └─ ← ()
    │   ├─ [0] console::log("Level", 3, "size:", 2) [staticcall]
    │   │   └─ ← ()
    │   ├─ [0] console::log("Added to proof:", 83097023403658896075826216087624068326805273787826444717403742070225742999267 [8.309e76]) [staticcall]
    │   │   └─ ← ()
    │   ├─ [0] console::log("Final proof length:", 4) [staticcall]
    │   │   └─ ← ()
    │   └─ ← [0x157c9118369926e028fa6cf8dfe68c750c1adbd7b0e4918c2b3a23fe4017c732, 0x0aa7d3e8df6bbfe087828aef70a86fff5964660e89f14cbbbe406695bc1e2077, 0xc8204db79981b461dca6928459414628e9784deec1c74154434eb580b50868e3, 0xb7b73f9f206e380e92907f3d38c9caa544ee92ddc0a78c67c76f3eb5e05a2ee3]
    ├─ [0] console::log("--- Verification details for leaf 3 after adding 9 leaves ---") [staticcall]
    │   └─ ← ()
    ├─ [13798] MerkleStorageOZ::verifyLeaf(0x6c65616633, [0x157c9118369926e028fa6cf8dfe68c750c1adbd7b0e4918c2b3a23fe4017c732, 0x0aa7d3e8df6bbfe087828aef70a86fff5964660e89f14cbbbe406695bc1e2077, 0xc8204db79981b461dca6928459414628e9784deec1c74154434eb580b50868e3, 0xb7b73f9f206e380e92907f3d38c9caa544ee92ddc0a78c67c76f3eb5e05a2ee3]) [staticcall]
    │   ├─ [0] console::log("Verifying leaf:", 114806096316174656260172984043681595992173194076043313710926606652151351550195 [1.148e77]) [staticcall]
    │   │   └─ ← ()
    │   ├─ [0] console::log("Merkle root:", 101431186548090577036123159736608581075875377219746632876129439114055769245424 [1.014e77]) [staticcall]
    │   │   └─ ← ()
    │   ├─ [0] console::log("Proof length:", 4) [staticcall]
    │   │   └─ ← ()
    │   ├─ [0] console::log("Proof element", 0, ":", 9718660262289985226213547307049526568607798083323067650698233131271439501106 [9.718e75]) [staticcall]
    │   │   └─ ← ()
    │   ├─ [0] console::log("Computed hash after element", 0, ":", 42994468410347004737970376126143620665813473361490896099477539813509562736181 [4.299e76]) [staticcall]
    │   │   └─ ← ()
    │   ├─ [0] console::log("Proof element", 1, ":", 4819654492366420278237764346194618123787186199882361681321774604810163462263 [4.819e75]) [staticcall]
    │   │   └─ ← ()
    │   ├─ [0] console::log("Computed hash after element", 1, ":", 86167276729270415220365293603154116830872546334163333883227179387055231533441 [8.616e76]) [staticcall]
    │   │   └─ ← ()
    │   ├─ [0] console::log("Proof element", 2, ":", 90519645207031266945590244632322326520069529432013691057992262226385608141027 [9.051e76]) [staticcall]
    │   │   └─ ← ()
    │   ├─ [0] console::log("Computed hash after element", 2, ":", 44812029912269844639383167223451376600872748978496635971607178627452478213724 [4.481e76]) [staticcall]
    │   │   └─ ← ()
    │   ├─ [0] console::log("Proof element", 3, ":", 83097023403658896075826216087624068326805273787826444717403742070225742999267 [8.309e76]) [staticcall]
    │   │   └─ ← ()
    │   ├─ [0] console::log("Computed hash after element", 3, ":", 101431186548090577036123159736608581075875377219746632876129439114055769245424 [1.014e77]) [staticcall]
    │   │   └─ ← ()
    │   ├─ [0] console::log("Is valid:", true) [staticcall]
    │   │   └─ ← ()
    │   └─ ← true
    ├─ [0] console::log("--- End of verification details ---") [staticcall]
    │   └─ ← ()
    ├─ [0] console::log("Successfully verified leaf 3 after adding 9 leaves") [staticcall]
    │   └─ ← ()
    ├─ [24948] MerkleStorageOZ::getProof(3) [staticcall]
    │   ├─ [0] console::log("Getting proof for leaf index:", 3) [staticcall]
    │   │   └─ ← ()
    │   ├─ [0] console::log("Tree depth:", 4) [staticcall]
    │   │   └─ ← ()
    │   ├─ [0] console::log("Level", 0, "size:", 9) [staticcall]
    │   │   └─ ← ()
    │   ├─ [0] console::log("Added to proof:", 114806096316174656260172984043681595992173194076043313710926606652151351550195 [1.148e77]) [staticcall]
    │   │   └─ ← ()
    │   ├─ [0] console::log("Level", 1, "size:", 5) [staticcall]
    │   │   └─ ← ()
    │   ├─ [0] console::log("Added to proof:", 4819654492366420278237764346194618123787186199882361681321774604810163462263 [4.819e75]) [staticcall]
    │   │   └─ ← ()
    │   ├─ [0] console::log("Level", 2, "size:", 3) [staticcall]
    │   │   └─ ← ()
    │   ├─ [0] console::log("Added to proof:", 90519645207031266945590244632322326520069529432013691057992262226385608141027 [9.051e76]) [staticcall]
    │   │   └─ ← ()
    │   ├─ [0] console::log("Level", 3, "size:", 2) [staticcall]
    │   │   └─ ← ()
    │   ├─ [0] console::log("Added to proof:", 83097023403658896075826216087624068326805273787826444717403742070225742999267 [8.309e76]) [staticcall]
    │   │   └─ ← ()
    │   ├─ [0] console::log("Final proof length:", 4) [staticcall]
    │   │   └─ ← ()
    │   └─ ← [0xfdd1f2a1ec75fe968421a41d2282200de6bec6a21f81080a71b1053d9c0120f3, 0x0aa7d3e8df6bbfe087828aef70a86fff5964660e89f14cbbbe406695bc1e2077, 0xc8204db79981b461dca6928459414628e9784deec1c74154434eb580b50868e3, 0xb7b73f9f206e380e92907f3d38c9caa544ee92ddc0a78c67c76f3eb5e05a2ee3]
    ├─ [0] console::log("--- Verification details for leaf 4 after adding 9 leaves ---") [staticcall]
    │   └─ ← ()
    ├─ [13808] MerkleStorageOZ::verifyLeaf(0x6c65616634, [0xfdd1f2a1ec75fe968421a41d2282200de6bec6a21f81080a71b1053d9c0120f3, 0x0aa7d3e8df6bbfe087828aef70a86fff5964660e89f14cbbbe406695bc1e2077, 0xc8204db79981b461dca6928459414628e9784deec1c74154434eb580b50868e3, 0xb7b73f9f206e380e92907f3d38c9caa544ee92ddc0a78c67c76f3eb5e05a2ee3]) [staticcall]
    │   ├─ [0] console::log("Verifying leaf:", 9718660262289985226213547307049526568607798083323067650698233131271439501106 [9.718e75]) [staticcall]
    │   │   └─ ← ()
    │   ├─ [0] console::log("Merkle root:", 101431186548090577036123159736608581075875377219746632876129439114055769245424 [1.014e77]) [staticcall]
    │   │   └─ ← ()
    │   ├─ [0] console::log("Proof length:", 4) [staticcall]
    │   │   └─ ← ()
    │   ├─ [0] console::log("Proof element", 0, ":", 114806096316174656260172984043681595992173194076043313710926606652151351550195 [1.148e77]) [staticcall]
    │   │   └─ ← ()
    │   ├─ [0] console::log("Computed hash after element", 0, ":", 42994468410347004737970376126143620665813473361490896099477539813509562736181 [4.299e76]) [staticcall]
    │   │   └─ ← ()
    │   ├─ [0] console::log("Proof element", 1, ":", 4819654492366420278237764346194618123787186199882361681321774604810163462263 [4.819e75]) [staticcall]
    │   │   └─ ← ()
    │   ├─ [0] console::log("Computed hash after element", 1, ":", 86167276729270415220365293603154116830872546334163333883227179387055231533441 [8.616e76]) [staticcall]
    │   │   └─ ← ()
    │   ├─ [0] console::log("Proof element", 2, ":", 90519645207031266945590244632322326520069529432013691057992262226385608141027 [9.051e76]) [staticcall]
    │   │   └─ ← ()
    │   ├─ [0] console::log("Computed hash after element", 2, ":", 44812029912269844639383167223451376600872748978496635971607178627452478213724 [4.481e76]) [staticcall]
    │   │   └─ ← ()
    │   ├─ [0] console::log("Proof element", 3, ":", 83097023403658896075826216087624068326805273787826444717403742070225742999267 [8.309e76]) [staticcall]
    │   │   └─ ← ()
    │   ├─ [0] console::log("Computed hash after element", 3, ":", 101431186548090577036123159736608581075875377219746632876129439114055769245424 [1.014e77]) [staticcall]
    │   │   └─ ← ()
    │   ├─ [0] console::log("Is valid:", true) [staticcall]
    │   │   └─ ← ()
    │   └─ ← true
    ├─ [0] console::log("--- End of verification details ---") [staticcall]
    │   └─ ← ()
    ├─ [0] console::log("Successfully verified leaf 4 after adding 9 leaves") [staticcall]
    │   └─ ← ()
    ├─ [25033] MerkleStorageOZ::getProof(4) [staticcall]
    │   ├─ [0] console::log("Getting proof for leaf index:", 4) [staticcall]
    │   │   └─ ← ()
    │   ├─ [0] console::log("Tree depth:", 4) [staticcall]
    │   │   └─ ← ()
    │   ├─ [0] console::log("Level", 0, "size:", 9) [staticcall]
    │   │   └─ ← ()
    │   ├─ [0] console::log("Added to proof:", 42656216575733633865718546135288608701490211943531992892543518422469545049160 [4.265e76]) [staticcall]
    │   │   └─ ← ()
    │   ├─ [0] console::log("Level", 1, "size:", 5) [staticcall]
    │   │   └─ ← ()
    │   ├─ [0] console::log("Added to proof:", 89139659228322516991511902812947417818976567277539582619759529237285492222351 [8.913e76]) [staticcall]
    │   │   └─ ← ()
    │   ├─ [0] console::log("Level", 2, "size:", 3) [staticcall]
    │   │   └─ ← ()
    │   ├─ [0] console::log("Added to proof:", 86167276729270415220365293603154116830872546334163333883227179387055231533441 [8.616e76]) [staticcall]
    │   │   └─ ← ()
    │   ├─ [0] console::log("Level", 3, "size:", 2) [staticcall]
    │   │   └─ ← ()
    │   ├─ [0] console::log("Added to proof:", 83097023403658896075826216087624068326805273787826444717403742070225742999267 [8.309e76]) [staticcall]
    │   │   └─ ← ()
    │   ├─ [0] console::log("Final proof length:", 4) [staticcall]
    │   │   └─ ← ()
    │   └─ ← [0x5e4e9020e0ae47d1b353192e416c1873ec642cb2e75d68faa1be2665df6c3c48, 0xc513425acc7aa543abb5dc1ff382f69776a7ff7f57d334f6cea222ae2803e98f, 0xbe80f348526b4646bc0697bf2fe649f1835863538924cb6b91ad4eb57ced0181, 0xb7b73f9f206e380e92907f3d38c9caa544ee92ddc0a78c67c76f3eb5e05a2ee3]
    ├─ [0] console::log("--- Verification details for leaf 5 after adding 9 leaves ---") [staticcall]
    │   └─ ← ()
    ├─ [13808] MerkleStorageOZ::verifyLeaf(0x6c65616635, [0x5e4e9020e0ae47d1b353192e416c1873ec642cb2e75d68faa1be2665df6c3c48, 0xc513425acc7aa543abb5dc1ff382f69776a7ff7f57d334f6cea222ae2803e98f, 0xbe80f348526b4646bc0697bf2fe649f1835863538924cb6b91ad4eb57ced0181, 0xb7b73f9f206e380e92907f3d38c9caa544ee92ddc0a78c67c76f3eb5e05a2ee3]) [staticcall]
    │   ├─ [0] console::log("Verifying leaf:", 3327891084304698462684256911003812127873740397003554529128445276024109161606 [3.327e75]) [staticcall]
    │   │   └─ ← ()
    │   ├─ [0] console::log("Merkle root:", 101431186548090577036123159736608581075875377219746632876129439114055769245424 [1.014e77]) [staticcall]
    │   │   └─ ← ()
    │   ├─ [0] console::log("Proof length:", 4) [staticcall]
    │   │   └─ ← ()
    │   ├─ [0] console::log("Proof element", 0, ":", 42656216575733633865718546135288608701490211943531992892543518422469545049160 [4.265e76]) [staticcall]
    │   │   └─ ← ()
    │   ├─ [0] console::log("Computed hash after element", 0, ":", 79680312521381101304386615379526824036772258414601889669286272159596699208134 [7.968e76]) [staticcall]
    │   │   └─ ← ()
    │   ├─ [0] console::log("Proof element", 1, ":", 89139659228322516991511902812947417818976567277539582619759529237285492222351 [8.913e76]) [staticcall]
    │   │   └─ ← ()
    │   ├─ [0] console::log("Computed hash after element", 1, ":", 90519645207031266945590244632322326520069529432013691057992262226385608141027 [9.051e76]) [staticcall]
    │   │   └─ ← ()
    │   ├─ [0] console::log("Proof element", 2, ":", 86167276729270415220365293603154116830872546334163333883227179387055231533441 [8.616e76]) [staticcall]
    │   │   └─ ← ()
    │   ├─ [0] console::log("Computed hash after element", 2, ":", 44812029912269844639383167223451376600872748978496635971607178627452478213724 [4.481e76]) [staticcall]
    │   │   └─ ← ()
    │   ├─ [0] console::log("Proof element", 3, ":", 83097023403658896075826216087624068326805273787826444717403742070225742999267 [8.309e76]) [staticcall]
    │   │   └─ ← ()
    │   ├─ [0] console::log("Computed hash after element", 3, ":", 101431186548090577036123159736608581075875377219746632876129439114055769245424 [1.014e77]) [staticcall]
    │   │   └─ ← ()
    │   ├─ [0] console::log("Is valid:", true) [staticcall]
    │   │   └─ ← ()
    │   └─ ← true
    ├─ [0] console::log("--- End of verification details ---") [staticcall]
    │   └─ ← ()
    ├─ [0] console::log("Successfully verified leaf 5 after adding 9 leaves") [staticcall]
    │   └─ ← ()
    ├─ [24948] MerkleStorageOZ::getProof(5) [staticcall]
    │   ├─ [0] console::log("Getting proof for leaf index:", 5) [staticcall]
    │   │   └─ ← ()
    │   ├─ [0] console::log("Tree depth:", 4) [staticcall]
    │   │   └─ ← ()
    │   ├─ [0] console::log("Level", 0, "size:", 9) [staticcall]
    │   │   └─ ← ()
    │   ├─ [0] console::log("Added to proof:", 3327891084304698462684256911003812127873740397003554529128445276024109161606 [3.327e75]) [staticcall]
    │   │   └─ ← ()
    │   ├─ [0] console::log("Level", 1, "size:", 5) [staticcall]
    │   │   └─ ← ()
    │   ├─ [0] console::log("Added to proof:", 89139659228322516991511902812947417818976567277539582619759529237285492222351 [8.913e76]) [staticcall]
    │   │   └─ ← ()
    │   ├─ [0] console::log("Level", 2, "size:", 3) [staticcall]
    │   │   └─ ← ()
    │   ├─ [0] console::log("Added to proof:", 86167276729270415220365293603154116830872546334163333883227179387055231533441 [8.616e76]) [staticcall]
    │   │   └─ ← ()
    │   ├─ [0] console::log("Level", 3, "size:", 2) [staticcall]
    │   │   └─ ← ()
    │   ├─ [0] console::log("Added to proof:", 83097023403658896075826216087624068326805273787826444717403742070225742999267 [8.309e76]) [staticcall]
    │   │   └─ ← ()
    │   ├─ [0] console::log("Final proof length:", 4) [staticcall]
    │   │   └─ ← ()
    │   └─ ← [0x075b8504c98679ed33a097ef9b1466e8f4652142d4b19ab2c37fdf1668a65c86, 0xc513425acc7aa543abb5dc1ff382f69776a7ff7f57d334f6cea222ae2803e98f, 0xbe80f348526b4646bc0697bf2fe649f1835863538924cb6b91ad4eb57ced0181, 0xb7b73f9f206e380e92907f3d38c9caa544ee92ddc0a78c67c76f3eb5e05a2ee3]
    ├─ [0] console::log("--- Verification details for leaf 6 after adding 9 leaves ---") [staticcall]
    │   └─ ← ()
    ├─ [13798] MerkleStorageOZ::verifyLeaf(0x6c65616636, [0x075b8504c98679ed33a097ef9b1466e8f4652142d4b19ab2c37fdf1668a65c86, 0xc513425acc7aa543abb5dc1ff382f69776a7ff7f57d334f6cea222ae2803e98f, 0xbe80f348526b4646bc0697bf2fe649f1835863538924cb6b91ad4eb57ced0181, 0xb7b73f9f206e380e92907f3d38c9caa544ee92ddc0a78c67c76f3eb5e05a2ee3]) [staticcall]
    │   ├─ [0] console::log("Verifying leaf:", 42656216575733633865718546135288608701490211943531992892543518422469545049160 [4.265e76]) [staticcall]
    │   │   └─ ← ()
    │   ├─ [0] console::log("Merkle root:", 101431186548090577036123159736608581075875377219746632876129439114055769245424 [1.014e77]) [staticcall]
    │   │   └─ ← ()
    │   ├─ [0] console::log("Proof length:", 4) [staticcall]
    │   │   └─ ← ()
    │   ├─ [0] console::log("Proof element", 0, ":", 3327891084304698462684256911003812127873740397003554529128445276024109161606 [3.327e75]) [staticcall]
    │   │   └─ ← ()
    │   ├─ [0] console::log("Computed hash after element", 0, ":", 79680312521381101304386615379526824036772258414601889669286272159596699208134 [7.968e76]) [staticcall]
    │   │   └─ ← ()
    │   ├─ [0] console::log("Proof element", 1, ":", 89139659228322516991511902812947417818976567277539582619759529237285492222351 [8.913e76]) [staticcall]
    │   │   └─ ← ()
    │   ├─ [0] console::log("Computed hash after element", 1, ":", 90519645207031266945590244632322326520069529432013691057992262226385608141027 [9.051e76]) [staticcall]
    │   │   └─ ← ()
    │   ├─ [0] console::log("Proof element", 2, ":", 86167276729270415220365293603154116830872546334163333883227179387055231533441 [8.616e76]) [staticcall]
    │   │   └─ ← ()
    │   ├─ [0] console::log("Computed hash after element", 2, ":", 44812029912269844639383167223451376600872748978496635971607178627452478213724 [4.481e76]) [staticcall]
    │   │   └─ ← ()
    │   ├─ [0] console::log("Proof element", 3, ":", 83097023403658896075826216087624068326805273787826444717403742070225742999267 [8.309e76]) [staticcall]
    │   │   └─ ← ()
    │   ├─ [0] console::log("Computed hash after element", 3, ":", 101431186548090577036123159736608581075875377219746632876129439114055769245424 [1.014e77]) [staticcall]
    │   │   └─ ← ()
    │   ├─ [0] console::log("Is valid:", true) [staticcall]
    │   │   └─ ← ()
    │   └─ ← true
    ├─ [0] console::log("--- End of verification details ---") [staticcall]
    │   └─ ← ()
    ├─ [0] console::log("Successfully verified leaf 6 after adding 9 leaves") [staticcall]
    │   └─ ← ()
    ├─ [24948] MerkleStorageOZ::getProof(6) [staticcall]
    │   ├─ [0] console::log("Getting proof for leaf index:", 6) [staticcall]
    │   │   └─ ← ()
    │   ├─ [0] console::log("Tree depth:", 4) [staticcall]
    │   │   └─ ← ()
    │   ├─ [0] console::log("Level", 0, "size:", 9) [staticcall]
    │   │   └─ ← ()
    │   ├─ [0] console::log("Added to proof:", 41333877701255859865019379003725985110118058655845990608936096526874421775531 [4.133e76]) [staticcall]
    │   │   └─ ← ()
    │   ├─ [0] console::log("Level", 1, "size:", 5) [staticcall]
    │   │   └─ ← ()
    │   ├─ [0] console::log("Added to proof:", 79680312521381101304386615379526824036772258414601889669286272159596699208134 [7.968e76]) [staticcall]
    │   │   └─ ← ()
    │   ├─ [0] console::log("Level", 2, "size:", 3) [staticcall]
    │   │   └─ ← ()
    │   ├─ [0] console::log("Added to proof:", 86167276729270415220365293603154116830872546334163333883227179387055231533441 [8.616e76]) [staticcall]
    │   │   └─ ← ()
    │   ├─ [0] console::log("Level", 3, "size:", 2) [staticcall]
    │   │   └─ ← ()
    │   ├─ [0] console::log("Added to proof:", 83097023403658896075826216087624068326805273787826444717403742070225742999267 [8.309e76]) [staticcall]
    │   │   └─ ← ()
    │   ├─ [0] console::log("Final proof length:", 4) [staticcall]
    │   │   └─ ← ()
    │   └─ ← [0x5b62254e0339ae673a4773d31a564007f04f6ccf4934746b49ada87734d04cab, 0xb029756cee16464a69763ada5c6cf8b91c34e842abc58c709550cdda1e5049c6, 0xbe80f348526b4646bc0697bf2fe649f1835863538924cb6b91ad4eb57ced0181, 0xb7b73f9f206e380e92907f3d38c9caa544ee92ddc0a78c67c76f3eb5e05a2ee3]
    ├─ [0] console::log("--- Verification details for leaf 7 after adding 9 leaves ---") [staticcall]
    │   └─ ← ()
    ├─ [13788] MerkleStorageOZ::verifyLeaf(0x6c65616637, [0x5b62254e0339ae673a4773d31a564007f04f6ccf4934746b49ada87734d04cab, 0xb029756cee16464a69763ada5c6cf8b91c34e842abc58c709550cdda1e5049c6, 0xbe80f348526b4646bc0697bf2fe649f1835863538924cb6b91ad4eb57ced0181, 0xb7b73f9f206e380e92907f3d38c9caa544ee92ddc0a78c67c76f3eb5e05a2ee3]) [staticcall]
    │   ├─ [0] console::log("Verifying leaf:", 77058788664304649396218556642747909996121735590822886025965307874683454946759 [7.705e76]) [staticcall]
    │   │   └─ ← ()
    │   ├─ [0] console::log("Merkle root:", 101431186548090577036123159736608581075875377219746632876129439114055769245424 [1.014e77]) [staticcall]
    │   │   └─ ← ()
    │   ├─ [0] console::log("Proof length:", 4) [staticcall]
    │   │   └─ ← ()
    │   ├─ [0] console::log("Proof element", 0, ":", 41333877701255859865019379003725985110118058655845990608936096526874421775531 [4.133e76]) [staticcall]
    │   │   └─ ← ()
    │   ├─ [0] console::log("Computed hash after element", 0, ":", 89139659228322516991511902812947417818976567277539582619759529237285492222351 [8.913e76]) [staticcall]
    │   │   └─ ← ()
    │   ├─ [0] console::log("Proof element", 1, ":", 79680312521381101304386615379526824036772258414601889669286272159596699208134 [7.968e76]) [staticcall]
    │   │   └─ ← ()
    │   ├─ [0] console::log("Computed hash after element", 1, ":", 90519645207031266945590244632322326520069529432013691057992262226385608141027 [9.051e76]) [staticcall]
    │   │   └─ ← ()
    │   ├─ [0] console::log("Proof element", 2, ":", 86167276729270415220365293603154116830872546334163333883227179387055231533441 [8.616e76]) [staticcall]
    │   │   └─ ← ()
    │   ├─ [0] console::log("Computed hash after element", 2, ":", 44812029912269844639383167223451376600872748978496635971607178627452478213724 [4.481e76]) [staticcall]
    │   │   └─ ← ()
    │   ├─ [0] console::log("Proof element", 3, ":", 83097023403658896075826216087624068326805273787826444717403742070225742999267 [8.309e76]) [staticcall]
    │   │   └─ ← ()
    │   ├─ [0] console::log("Computed hash after element", 3, ":", 101431186548090577036123159736608581075875377219746632876129439114055769245424 [1.014e77]) [staticcall]
    │   │   └─ ← ()
    │   ├─ [0] console::log("Is valid:", true) [staticcall]
    │   │   └─ ← ()
    │   └─ ← true
    ├─ [0] console::log("--- End of verification details ---") [staticcall]
    │   └─ ← ()
    ├─ [0] console::log("Successfully verified leaf 7 after adding 9 leaves") [staticcall]
    │   └─ ← ()
    ├─ [24863] MerkleStorageOZ::getProof(7) [staticcall]
    │   ├─ [0] console::log("Getting proof for leaf index:", 7) [staticcall]
    │   │   └─ ← ()
    │   ├─ [0] console::log("Tree depth:", 4) [staticcall]
    │   │   └─ ← ()
    │   ├─ [0] console::log("Level", 0, "size:", 9) [staticcall]
    │   │   └─ ← ()
    │   ├─ [0] console::log("Added to proof:", 77058788664304649396218556642747909996121735590822886025965307874683454946759 [7.705e76]) [staticcall]
    │   │   └─ ← ()
    │   ├─ [0] console::log("Level", 1, "size:", 5) [staticcall]
    │   │   └─ ← ()
    │   ├─ [0] console::log("Added to proof:", 79680312521381101304386615379526824036772258414601889669286272159596699208134 [7.968e76]) [staticcall]
    │   │   └─ ← ()
    │   ├─ [0] console::log("Level", 2, "size:", 3) [staticcall]
    │   │   └─ ← ()
    │   ├─ [0] console::log("Added to proof:", 86167276729270415220365293603154116830872546334163333883227179387055231533441 [8.616e76]) [staticcall]
    │   │   └─ ← ()
    │   ├─ [0] console::log("Level", 3, "size:", 2) [staticcall]
    │   │   └─ ← ()
    │   ├─ [0] console::log("Added to proof:", 83097023403658896075826216087624068326805273787826444717403742070225742999267 [8.309e76]) [staticcall]
    │   │   └─ ← ()
    │   ├─ [0] console::log("Final proof length:", 4) [staticcall]
    │   │   └─ ← ()
    │   └─ ← [0xaa5dba90c8178f75a5eb7bdb098f0cec525bb61e5ba2ad6dc5fa580f163efdc7, 0xb029756cee16464a69763ada5c6cf8b91c34e842abc58c709550cdda1e5049c6, 0xbe80f348526b4646bc0697bf2fe649f1835863538924cb6b91ad4eb57ced0181, 0xb7b73f9f206e380e92907f3d38c9caa544ee92ddc0a78c67c76f3eb5e05a2ee3]
    ├─ [0] console::log("--- Verification details for leaf 8 after adding 9 leaves ---") [staticcall]
    │   └─ ← ()
    ├─ [13798] MerkleStorageOZ::verifyLeaf(0x6c65616638, [0xaa5dba90c8178f75a5eb7bdb098f0cec525bb61e5ba2ad6dc5fa580f163efdc7, 0xb029756cee16464a69763ada5c6cf8b91c34e842abc58c709550cdda1e5049c6, 0xbe80f348526b4646bc0697bf2fe649f1835863538924cb6b91ad4eb57ced0181, 0xb7b73f9f206e380e92907f3d38c9caa544ee92ddc0a78c67c76f3eb5e05a2ee3]) [staticcall]
    │   ├─ [0] console::log("Verifying leaf:", 41333877701255859865019379003725985110118058655845990608936096526874421775531 [4.133e76]) [staticcall]
    │   │   └─ ← ()
    │   ├─ [0] console::log("Merkle root:", 101431186548090577036123159736608581075875377219746632876129439114055769245424 [1.014e77]) [staticcall]
    │   │   └─ ← ()
    │   ├─ [0] console::log("Proof length:", 4) [staticcall]
    │   │   └─ ← ()
    │   ├─ [0] console::log("Proof element", 0, ":", 77058788664304649396218556642747909996121735590822886025965307874683454946759 [7.705e76]) [staticcall]
    │   │   └─ ← ()
    │   ├─ [0] console::log("Computed hash after element", 0, ":", 89139659228322516991511902812947417818976567277539582619759529237285492222351 [8.913e76]) [staticcall]
    │   │   └─ ← ()
    │   ├─ [0] console::log("Proof element", 1, ":", 79680312521381101304386615379526824036772258414601889669286272159596699208134 [7.968e76]) [staticcall]
    │   │   └─ ← ()
    │   ├─ [0] console::log("Computed hash after element", 1, ":", 90519645207031266945590244632322326520069529432013691057992262226385608141027 [9.051e76]) [staticcall]
    │   │   └─ ← ()
    │   ├─ [0] console::log("Proof element", 2, ":", 86167276729270415220365293603154116830872546334163333883227179387055231533441 [8.616e76]) [staticcall]
    │   │   └─ ← ()
    │   ├─ [0] console::log("Computed hash after element", 2, ":", 44812029912269844639383167223451376600872748978496635971607178627452478213724 [4.481e76]) [staticcall]
    │   │   └─ ← ()
    │   ├─ [0] console::log("Proof element", 3, ":", 83097023403658896075826216087624068326805273787826444717403742070225742999267 [8.309e76]) [staticcall]
    │   │   └─ ← ()
    │   ├─ [0] console::log("Computed hash after element", 3, ":", 101431186548090577036123159736608581075875377219746632876129439114055769245424 [1.014e77]) [staticcall]
    │   │   └─ ← ()
    │   ├─ [0] console::log("Is valid:", true) [staticcall]
    │   │   └─ ← ()
    │   └─ ← true
    ├─ [0] console::log("--- End of verification details ---") [staticcall]
    │   └─ ← ()
    ├─ [0] console::log("Successfully verified leaf 8 after adding 9 leaves") [staticcall]
    │   └─ ← ()
    ├─ [25039] MerkleStorageOZ::getProof(8) [staticcall]
    │   ├─ [0] console::log("Getting proof for leaf index:", 8) [staticcall]
    │   │   └─ ← ()
    │   ├─ [0] console::log("Tree depth:", 4) [staticcall]
    │   │   └─ ← ()
    │   ├─ [0] console::log("Level", 0, "size:", 9) [staticcall]
    │   │   └─ ← ()
    │   ├─ [0] console::log("Added to proof (odd level):", 83097023403658896075826216087624068326805273787826444717403742070225742999267 [8.309e76]) [staticcall]
    │   │   └─ ← ()
    │   ├─ [0] console::log("Level", 1, "size:", 5) [staticcall]
    │   │   └─ ← ()
    │   ├─ [0] console::log("Added to proof (odd level):", 83097023403658896075826216087624068326805273787826444717403742070225742999267 [8.309e76]) [staticcall]
    │   │   └─ ← ()
    │   ├─ [0] console::log("Level", 2, "size:", 3) [staticcall]
    │   │   └─ ← ()
    │   ├─ [0] console::log("Added to proof (odd level):", 83097023403658896075826216087624068326805273787826444717403742070225742999267 [8.309e76]) [staticcall]
    │   │   └─ ← ()
    │   ├─ [0] console::log("Level", 3, "size:", 2) [staticcall]
    │   │   └─ ← ()
    │   ├─ [0] console::log("Added to proof:", 44812029912269844639383167223451376600872748978496635971607178627452478213724 [4.481e76]) [staticcall]
    │   │   └─ ← ()
    │   ├─ [0] console::log("Final proof length:", 4) [staticcall]
    │   │   └─ ← ()
    │   └─ ← [0xb7b73f9f206e380e92907f3d38c9caa544ee92ddc0a78c67c76f3eb5e05a2ee3, 0xb7b73f9f206e380e92907f3d38c9caa544ee92ddc0a78c67c76f3eb5e05a2ee3, 0xb7b73f9f206e380e92907f3d38c9caa544ee92ddc0a78c67c76f3eb5e05a2ee3, 0x6312b5c9c0f90c16707fa38ba42f8fe1608c5fa99a1772af08b1ea466614ce5c]
    ├─ [0] console::log("--- Verification details for leaf 9 after adding 9 leaves ---") [staticcall]
    │   └─ ← ()
    ├─ [13798] MerkleStorageOZ::verifyLeaf(0x6c65616639, [0xb7b73f9f206e380e92907f3d38c9caa544ee92ddc0a78c67c76f3eb5e05a2ee3, 0xb7b73f9f206e380e92907f3d38c9caa544ee92ddc0a78c67c76f3eb5e05a2ee3, 0xb7b73f9f206e380e92907f3d38c9caa544ee92ddc0a78c67c76f3eb5e05a2ee3, 0x6312b5c9c0f90c16707fa38ba42f8fe1608c5fa99a1772af08b1ea466614ce5c]) [staticcall]
    │   ├─ [0] console::log("Verifying leaf:", 83097023403658896075826216087624068326805273787826444717403742070225742999267 [8.309e76]) [staticcall]
    │   │   └─ ← ()
    │   ├─ [0] console::log("Merkle root:", 101431186548090577036123159736608581075875377219746632876129439114055769245424 [1.014e77]) [staticcall]
    │   │   └─ ← ()
    │   ├─ [0] console::log("Proof length:", 4) [staticcall]
    │   │   └─ ← ()
    │   ├─ [0] console::log("Proof element", 0, ":", 83097023403658896075826216087624068326805273787826444717403742070225742999267 [8.309e76]) [staticcall]
    │   │   └─ ← ()
    │   ├─ [0] console::log("Computed hash after element", 0, ":", 4115633808150620473294140368610682466344838373513250858464874723907119172687 [4.115e75]) [staticcall]
    │   │   └─ ← ()
    │   ├─ [0] console::log("Proof element", 1, ":", 83097023403658896075826216087624068326805273787826444717403742070225742999267 [8.309e76]) [staticcall]
    │   │   └─ ← ()
    │   ├─ [0] console::log("Computed hash after element", 1, ":", 93797566461958233903094044896414728982080594579274088617911029290036028676657 [9.379e76]) [staticcall]
    │   │   └─ ← ()
    │   ├─ [0] console::log("Proof element", 2, ":", 83097023403658896075826216087624068326805273787826444717403742070225742999267 [8.309e76]) [staticcall]
    │   │   └─ ← ()
    │   ├─ [0] console::log("Computed hash after element", 2, ":", 77102413473636616494940246357043338953227727436043450935534451662405397822220 [7.71e76]) [staticcall]
    │   │   └─ ← ()
    │   ├─ [0] console::log("Proof element", 3, ":", 44812029912269844639383167223451376600872748978496635971607178627452478213724 [4.481e76]) [staticcall]
    │   │   └─ ← ()
    │   ├─ [0] console::log("Computed hash after element", 3, ":", 108002565849717675508656755122418748358250096026028695615969215136677273612138 [1.08e77]) [staticcall]
    │   │   └─ ← ()
    │   ├─ [0] console::log("Is valid:", false) [staticcall]
    │   │   └─ ← ()
    │   └─ ← false
    ├─ [0] console::log("--- End of verification details ---") [staticcall]
    │   └─ ← ()
    ├─ [0] console::log("Failed to verify leaf 9 after adding 9 leaves") [staticcall]
    │   └─ ← ()
    ├─ [36286] MerkleStorageOZ::addLeaf(0x6c6561663130)
    │   ├─ emit LeafAdded(leaf: 0x2c27ea3376eac042eece8f0c78a7d7051fe8b7945d2746e7c321d2b5968468be, index: 9)
    │   ├─ emit MerkleRootUpdated(newRoot: 0x8de398296a1943594171b543ce62e58dbdc666f8aaf21ee1ede483262b2de0f2)
    │   └─ ← ()
    ├─ [0] console::log("Added leaf 10") [staticcall]
    │   └─ ← ()
    ├─ [25551] MerkleStorageOZ::getProof(0) [staticcall]
    │   ├─ [0] console::log("Getting proof for leaf index:", 0) [staticcall]
    │   │   └─ ← ()
    │   ├─ [0] console::log("Tree depth:", 4) [staticcall]
    │   │   └─ ← ()
    │   ├─ [0] console::log("Level", 0, "size:", 10) [staticcall]
    │   │   └─ ← ()
    │   ├─ [0] console::log("Added to proof:", 84303433209692230857384970403333823748570319246869449369625637863858470744792 [8.43e76]) [staticcall]
    │   │   └─ ← ()
    │   ├─ [0] console::log("Level", 1, "size:", 5) [staticcall]
    │   │   └─ ← ()
    │   ├─ [0] console::log("Added to proof:", 42994468410347004737970376126143620665813473361490896099477539813509562736181 [4.299e76]) [staticcall]
    │   │   └─ ← ()
    │   ├─ [0] console::log("Level", 2, "size:", 3) [staticcall]
    │   │   └─ ← ()
    │   ├─ [0] console::log("Added to proof:", 90519645207031266945590244632322326520069529432013691057992262226385608141027 [9.051e76]) [staticcall]
    │   │   └─ ← ()
    │   ├─ [0] console::log("Level", 3, "size:", 2) [staticcall]
    │   │   └─ ← ()
    │   ├─ [0] console::log("Added to proof:", 110058130168134052799716071097073281996591153893535428294527808496692578065614 [1.1e77]) [staticcall]
    │   │   └─ ← ()
    │   ├─ [0] console::log("Final proof length:", 4) [staticcall]
    │   │   └─ ← ()
    │   └─ ← [0xba620d61dac4ddf2d7905722b259b0bd34ec4d37c5796d9a22537c54b3f972d8, 0x5f0e01babb612c872c711c3804090c0fcd42d13e2ddbd99d21e73f30afa59e35, 0xc8204db79981b461dca6928459414628e9784deec1c74154434eb580b50868e3, 0xf352b1b5872acb8684bb694175cf18f81a134d5ff86ae93833369c25d9cd9cce]
    ├─ [0] console::log("--- Verification details for leaf 1 after adding 10 leaves ---") [staticcall]
    │   └─ ← ()
    ├─ [13818] MerkleStorageOZ::verifyLeaf(0x6c65616631, [0xba620d61dac4ddf2d7905722b259b0bd34ec4d37c5796d9a22537c54b3f972d8, 0x5f0e01babb612c872c711c3804090c0fcd42d13e2ddbd99d21e73f30afa59e35, 0xc8204db79981b461dca6928459414628e9784deec1c74154434eb580b50868e3, 0xf352b1b5872acb8684bb694175cf18f81a134d5ff86ae93833369c25d9cd9cce]) [staticcall]
    │   ├─ [0] console::log("Verifying leaf:", 1534629507014924801801850062420965747762703560098700086918056654539096211930 [1.534e75]) [staticcall]
    │   │   └─ ← ()
    │   ├─ [0] console::log("Merkle root:", 64178236115921275067792062344726167098188486009935675608193095349412704411890 [6.417e76]) [staticcall]
    │   │   └─ ← ()
    │   ├─ [0] console::log("Proof length:", 4) [staticcall]
    │   │   └─ ← ()
    │   ├─ [0] console::log("Proof element", 0, ":", 84303433209692230857384970403333823748570319246869449369625637863858470744792 [8.43e76]) [staticcall]
    │   │   └─ ← ()
    │   ├─ [0] console::log("Computed hash after element", 0, ":", 4819654492366420278237764346194618123787186199882361681321774604810163462263 [4.819e75]) [staticcall]
    │   │   └─ ← ()
    │   ├─ [0] console::log("Proof element", 1, ":", 42994468410347004737970376126143620665813473361490896099477539813509562736181 [4.299e76]) [staticcall]
    │   │   └─ ← ()
    │   ├─ [0] console::log("Computed hash after element", 1, ":", 86167276729270415220365293603154116830872546334163333883227179387055231533441 [8.616e76]) [staticcall]
    │   │   └─ ← ()
    │   ├─ [0] console::log("Proof element", 2, ":", 90519645207031266945590244632322326520069529432013691057992262226385608141027 [9.051e76]) [staticcall]
    │   │   └─ ← ()
    │   ├─ [0] console::log("Computed hash after element", 2, ":", 44812029912269844639383167223451376600872748978496635971607178627452478213724 [4.481e76]) [staticcall]
    │   │   └─ ← ()
    │   ├─ [0] console::log("Proof element", 3, ":", 110058130168134052799716071097073281996591153893535428294527808496692578065614 [1.1e77]) [staticcall]
    │   │   └─ ← ()
    │   ├─ [0] console::log("Computed hash after element", 3, ":", 64178236115921275067792062344726167098188486009935675608193095349412704411890 [6.417e76]) [staticcall]
    │   │   └─ ← ()
    │   ├─ [0] console::log("Is valid:", true) [staticcall]
    │   │   └─ ← ()
    │   └─ ← true
    ├─ [0] console::log("--- End of verification details ---") [staticcall]
    │   └─ ← ()
    ├─ [0] console::log("Successfully verified leaf 1 after adding 10 leaves") [staticcall]
    │   └─ ← ()
    ├─ [25466] MerkleStorageOZ::getProof(1) [staticcall]
    │   ├─ [0] console::log("Getting proof for leaf index:", 1) [staticcall]
    │   │   └─ ← ()
    │   ├─ [0] console::log("Tree depth:", 4) [staticcall]
    │   │   └─ ← ()
    │   ├─ [0] console::log("Level", 0, "size:", 10) [staticcall]
    │   │   └─ ← ()
    │   ├─ [0] console::log("Added to proof:", 1534629507014924801801850062420965747762703560098700086918056654539096211930 [1.534e75]) [staticcall]
    │   │   └─ ← ()
    │   ├─ [0] console::log("Level", 1, "size:", 5) [staticcall]
    │   │   └─ ← ()
    │   ├─ [0] console::log("Added to proof:", 42994468410347004737970376126143620665813473361490896099477539813509562736181 [4.299e76]) [staticcall]
    │   │   └─ ← ()
    │   ├─ [0] console::log("Level", 2, "size:", 3) [staticcall]
    │   │   └─ ← ()
    │   ├─ [0] console::log("Added to proof:", 90519645207031266945590244632322326520069529432013691057992262226385608141027 [9.051e76]) [staticcall]
    │   │   └─ ← ()
    │   ├─ [0] console::log("Level", 3, "size:", 2) [staticcall]
    │   │   └─ ← ()
    │   ├─ [0] console::log("Added to proof:", 110058130168134052799716071097073281996591153893535428294527808496692578065614 [1.1e77]) [staticcall]
    │   │   └─ ← ()
    │   ├─ [0] console::log("Final proof length:", 4) [staticcall]
    │   │   └─ ← ()
    │   └─ ← [0x036491cc10808eeb0ff717314df6f19ba2e232d04d5f039f6fa382cae41641da, 0x5f0e01babb612c872c711c3804090c0fcd42d13e2ddbd99d21e73f30afa59e35, 0xc8204db79981b461dca6928459414628e9784deec1c74154434eb580b50868e3, 0xf352b1b5872acb8684bb694175cf18f81a134d5ff86ae93833369c25d9cd9cce]
    ├─ [0] console::log("--- Verification details for leaf 2 after adding 10 leaves ---") [staticcall]
    │   └─ ← ()
    ├─ [13808] MerkleStorageOZ::verifyLeaf(0x6c65616632, [0x036491cc10808eeb0ff717314df6f19ba2e232d04d5f039f6fa382cae41641da, 0x5f0e01babb612c872c711c3804090c0fcd42d13e2ddbd99d21e73f30afa59e35, 0xc8204db79981b461dca6928459414628e9784deec1c74154434eb580b50868e3, 0xf352b1b5872acb8684bb694175cf18f81a134d5ff86ae93833369c25d9cd9cce]) [staticcall]
    │   ├─ [0] console::log("Verifying leaf:", 84303433209692230857384970403333823748570319246869449369625637863858470744792 [8.43e76]) [staticcall]
    │   │   └─ ← ()
    │   ├─ [0] console::log("Merkle root:", 64178236115921275067792062344726167098188486009935675608193095349412704411890 [6.417e76]) [staticcall]
    │   │   └─ ← ()
    │   ├─ [0] console::log("Proof length:", 4) [staticcall]
    │   │   └─ ← ()
    │   ├─ [0] console::log("Proof element", 0, ":", 1534629507014924801801850062420965747762703560098700086918056654539096211930 [1.534e75]) [staticcall]
    │   │   └─ ← ()
    │   ├─ [0] console::log("Computed hash after element", 0, ":", 4819654492366420278237764346194618123787186199882361681321774604810163462263 [4.819e75]) [staticcall]
    │   │   └─ ← ()
    │   ├─ [0] console::log("Proof element", 1, ":", 42994468410347004737970376126143620665813473361490896099477539813509562736181 [4.299e76]) [staticcall]
    │   │   └─ ← ()
    │   ├─ [0] console::log("Computed hash after element", 1, ":", 86167276729270415220365293603154116830872546334163333883227179387055231533441 [8.616e76]) [staticcall]
    │   │   └─ ← ()
    │   ├─ [0] console::log("Proof element", 2, ":", 90519645207031266945590244632322326520069529432013691057992262226385608141027 [9.051e76]) [staticcall]
    │   │   └─ ← ()
    │   ├─ [0] console::log("Computed hash after element", 2, ":", 44812029912269844639383167223451376600872748978496635971607178627452478213724 [4.481e76]) [staticcall]
    │   │   └─ ← ()
    │   ├─ [0] console::log("Proof element", 3, ":", 110058130168134052799716071097073281996591153893535428294527808496692578065614 [1.1e77]) [staticcall]
    │   │   └─ ← ()
    │   ├─ [0] console::log("Computed hash after element", 3, ":", 64178236115921275067792062344726167098188486009935675608193095349412704411890 [6.417e76]) [staticcall]
    │   │   └─ ← ()
    │   ├─ [0] console::log("Is valid:", true) [staticcall]
    │   │   └─ ← ()
    │   └─ ← true
    ├─ [0] console::log("--- End of verification details ---") [staticcall]
    │   └─ ← ()
    ├─ [0] console::log("Successfully verified leaf 2 after adding 10 leaves") [staticcall]
    │   └─ ← ()
    ├─ [25466] MerkleStorageOZ::getProof(2) [staticcall]
    │   ├─ [0] console::log("Getting proof for leaf index:", 2) [staticcall]
    │   │   └─ ← ()
    │   ├─ [0] console::log("Tree depth:", 4) [staticcall]
    │   │   └─ ← ()
    │   ├─ [0] console::log("Level", 0, "size:", 10) [staticcall]
    │   │   └─ ← ()
    │   ├─ [0] console::log("Added to proof:", 9718660262289985226213547307049526568607798083323067650698233131271439501106 [9.718e75]) [staticcall]
    │   │   └─ ← ()
    │   ├─ [0] console::log("Level", 1, "size:", 5) [staticcall]
    │   │   └─ ← ()
    │   ├─ [0] console::log("Added to proof:", 4819654492366420278237764346194618123787186199882361681321774604810163462263 [4.819e75]) [staticcall]
    │   │   └─ ← ()
    │   ├─ [0] console::log("Level", 2, "size:", 3) [staticcall]
    │   │   └─ ← ()
    │   ├─ [0] console::log("Added to proof:", 90519645207031266945590244632322326520069529432013691057992262226385608141027 [9.051e76]) [staticcall]
    │   │   └─ ← ()
    │   ├─ [0] console::log("Level", 3, "size:", 2) [staticcall]
    │   │   └─ ← ()
    │   ├─ [0] console::log("Added to proof:", 110058130168134052799716071097073281996591153893535428294527808496692578065614 [1.1e77]) [staticcall]
    │   │   └─ ← ()
    │   ├─ [0] console::log("Final proof length:", 4) [staticcall]
    │   │   └─ ← ()
    │   └─ ← [0x157c9118369926e028fa6cf8dfe68c750c1adbd7b0e4918c2b3a23fe4017c732, 0x0aa7d3e8df6bbfe087828aef70a86fff5964660e89f14cbbbe406695bc1e2077, 0xc8204db79981b461dca6928459414628e9784deec1c74154434eb580b50868e3, 0xf352b1b5872acb8684bb694175cf18f81a134d5ff86ae93833369c25d9cd9cce]
    ├─ [0] console::log("--- Verification details for leaf 3 after adding 10 leaves ---") [staticcall]
    │   └─ ← ()
    ├─ [13798] MerkleStorageOZ::verifyLeaf(0x6c65616633, [0x157c9118369926e028fa6cf8dfe68c750c1adbd7b0e4918c2b3a23fe4017c732, 0x0aa7d3e8df6bbfe087828aef70a86fff5964660e89f14cbbbe406695bc1e2077, 0xc8204db79981b461dca6928459414628e9784deec1c74154434eb580b50868e3, 0xf352b1b5872acb8684bb694175cf18f81a134d5ff86ae93833369c25d9cd9cce]) [staticcall]
    │   ├─ [0] console::log("Verifying leaf:", 114806096316174656260172984043681595992173194076043313710926606652151351550195 [1.148e77]) [staticcall]
    │   │   └─ ← ()
    │   ├─ [0] console::log("Merkle root:", 64178236115921275067792062344726167098188486009935675608193095349412704411890 [6.417e76]) [staticcall]
    │   │   └─ ← ()
    │   ├─ [0] console::log("Proof length:", 4) [staticcall]
    │   │   └─ ← ()
    │   ├─ [0] console::log("Proof element", 0, ":", 9718660262289985226213547307049526568607798083323067650698233131271439501106 [9.718e75]) [staticcall]
    │   │   └─ ← ()
    │   ├─ [0] console::log("Computed hash after element", 0, ":", 42994468410347004737970376126143620665813473361490896099477539813509562736181 [4.299e76]) [staticcall]
    │   │   └─ ← ()
    │   ├─ [0] console::log("Proof element", 1, ":", 4819654492366420278237764346194618123787186199882361681321774604810163462263 [4.819e75]) [staticcall]
    │   │   └─ ← ()
    │   ├─ [0] console::log("Computed hash after element", 1, ":", 86167276729270415220365293603154116830872546334163333883227179387055231533441 [8.616e76]) [staticcall]
    │   │   └─ ← ()
    │   ├─ [0] console::log("Proof element", 2, ":", 90519645207031266945590244632322326520069529432013691057992262226385608141027 [9.051e76]) [staticcall]
    │   │   └─ ← ()
    │   ├─ [0] console::log("Computed hash after element", 2, ":", 44812029912269844639383167223451376600872748978496635971607178627452478213724 [4.481e76]) [staticcall]
    │   │   └─ ← ()
    │   ├─ [0] console::log("Proof element", 3, ":", 110058130168134052799716071097073281996591153893535428294527808496692578065614 [1.1e77]) [staticcall]
    │   │   └─ ← ()
    │   ├─ [0] console::log("Computed hash after element", 3, ":", 64178236115921275067792062344726167098188486009935675608193095349412704411890 [6.417e76]) [staticcall]
    │   │   └─ ← ()
    │   ├─ [0] console::log("Is valid:", true) [staticcall]
    │   │   └─ ← ()
    │   └─ ← true
    ├─ [0] console::log("--- End of verification details ---") [staticcall]
    │   └─ ← ()
    ├─ [0] console::log("Successfully verified leaf 3 after adding 10 leaves") [staticcall]
    │   └─ ← ()
    ├─ [25381] MerkleStorageOZ::getProof(3) [staticcall]
    │   ├─ [0] console::log("Getting proof for leaf index:", 3) [staticcall]
    │   │   └─ ← ()
    │   ├─ [0] console::log("Tree depth:", 4) [staticcall]
    │   │   └─ ← ()
    │   ├─ [0] console::log("Level", 0, "size:", 10) [staticcall]
    │   │   └─ ← ()
    │   ├─ [0] console::log("Added to proof:", 114806096316174656260172984043681595992173194076043313710926606652151351550195 [1.148e77]) [staticcall]
    │   │   └─ ← ()
    │   ├─ [0] console::log("Level", 1, "size:", 5) [staticcall]
    │   │   └─ ← ()
    │   ├─ [0] console::log("Added to proof:", 4819654492366420278237764346194618123787186199882361681321774604810163462263 [4.819e75]) [staticcall]
    │   │   └─ ← ()
    │   ├─ [0] console::log("Level", 2, "size:", 3) [staticcall]
    │   │   └─ ← ()
    │   ├─ [0] console::log("Added to proof:", 90519645207031266945590244632322326520069529432013691057992262226385608141027 [9.051e76]) [staticcall]
    │   │   └─ ← ()
    │   ├─ [0] console::log("Level", 3, "size:", 2) [staticcall]
    │   │   └─ ← ()
    │   ├─ [0] console::log("Added to proof:", 110058130168134052799716071097073281996591153893535428294527808496692578065614 [1.1e77]) [staticcall]
    │   │   └─ ← ()
    │   ├─ [0] console::log("Final proof length:", 4) [staticcall]
    │   │   └─ ← ()
    │   └─ ← [0xfdd1f2a1ec75fe968421a41d2282200de6bec6a21f81080a71b1053d9c0120f3, 0x0aa7d3e8df6bbfe087828aef70a86fff5964660e89f14cbbbe406695bc1e2077, 0xc8204db79981b461dca6928459414628e9784deec1c74154434eb580b50868e3, 0xf352b1b5872acb8684bb694175cf18f81a134d5ff86ae93833369c25d9cd9cce]
    ├─ [0] console::log("--- Verification details for leaf 4 after adding 10 leaves ---") [staticcall]
    │   └─ ← ()
    ├─ [13808] MerkleStorageOZ::verifyLeaf(0x6c65616634, [0xfdd1f2a1ec75fe968421a41d2282200de6bec6a21f81080a71b1053d9c0120f3, 0x0aa7d3e8df6bbfe087828aef70a86fff5964660e89f14cbbbe406695bc1e2077, 0xc8204db79981b461dca6928459414628e9784deec1c74154434eb580b50868e3, 0xf352b1b5872acb8684bb694175cf18f81a134d5ff86ae93833369c25d9cd9cce]) [staticcall]
    │   ├─ [0] console::log("Verifying leaf:", 9718660262289985226213547307049526568607798083323067650698233131271439501106 [9.718e75]) [staticcall]
    │   │   └─ ← ()
    │   ├─ [0] console::log("Merkle root:", 64178236115921275067792062344726167098188486009935675608193095349412704411890 [6.417e76]) [staticcall]
    │   │   └─ ← ()
    │   ├─ [0] console::log("Proof length:", 4) [staticcall]
    │   │   └─ ← ()
    │   ├─ [0] console::log("Proof element", 0, ":", 114806096316174656260172984043681595992173194076043313710926606652151351550195 [1.148e77]) [staticcall]
    │   │   └─ ← ()
    │   ├─ [0] console::log("Computed hash after element", 0, ":", 42994468410347004737970376126143620665813473361490896099477539813509562736181 [4.299e76]) [staticcall]
    │   │   └─ ← ()
    │   ├─ [0] console::log("Proof element", 1, ":", 4819654492366420278237764346194618123787186199882361681321774604810163462263 [4.819e75]) [staticcall]
    │   │   └─ ← ()
    │   ├─ [0] console::log("Computed hash after element", 1, ":", 86167276729270415220365293603154116830872546334163333883227179387055231533441 [8.616e76]) [staticcall]
    │   │   └─ ← ()
    │   ├─ [0] console::log("Proof element", 2, ":", 90519645207031266945590244632322326520069529432013691057992262226385608141027 [9.051e76]) [staticcall]
    │   │   └─ ← ()
    │   ├─ [0] console::log("Computed hash after element", 2, ":", 44812029912269844639383167223451376600872748978496635971607178627452478213724 [4.481e76]) [staticcall]
    │   │   └─ ← ()
    │   ├─ [0] console::log("Proof element", 3, ":", 110058130168134052799716071097073281996591153893535428294527808496692578065614 [1.1e77]) [staticcall]
    │   │   └─ ← ()
    │   ├─ [0] console::log("Computed hash after element", 3, ":", 64178236115921275067792062344726167098188486009935675608193095349412704411890 [6.417e76]) [staticcall]
    │   │   └─ ← ()
    │   ├─ [0] console::log("Is valid:", true) [staticcall]
    │   │   └─ ← ()
    │   └─ ← true
    ├─ [0] console::log("--- End of verification details ---") [staticcall]
    │   └─ ← ()
    ├─ [0] console::log("Successfully verified leaf 4 after adding 10 leaves") [staticcall]
    │   └─ ← ()
    ├─ [25466] MerkleStorageOZ::getProof(4) [staticcall]
    │   ├─ [0] console::log("Getting proof for leaf index:", 4) [staticcall]
    │   │   └─ ← ()
    │   ├─ [0] console::log("Tree depth:", 4) [staticcall]
    │   │   └─ ← ()
    │   ├─ [0] console::log("Level", 0, "size:", 10) [staticcall]
    │   │   └─ ← ()
    │   ├─ [0] console::log("Added to proof:", 42656216575733633865718546135288608701490211943531992892543518422469545049160 [4.265e76]) [staticcall]
    │   │   └─ ← ()
    │   ├─ [0] console::log("Level", 1, "size:", 5) [staticcall]
    │   │   └─ ← ()
    │   ├─ [0] console::log("Added to proof:", 89139659228322516991511902812947417818976567277539582619759529237285492222351 [8.913e76]) [staticcall]
    │   │   └─ ← ()
    │   ├─ [0] console::log("Level", 2, "size:", 3) [staticcall]
    │   │   └─ ← ()
    │   ├─ [0] console::log("Added to proof:", 86167276729270415220365293603154116830872546334163333883227179387055231533441 [8.616e76]) [staticcall]
    │   │   └─ ← ()
    │   ├─ [0] console::log("Level", 3, "size:", 2) [staticcall]
    │   │   └─ ← ()
    │   ├─ [0] console::log("Added to proof:", 110058130168134052799716071097073281996591153893535428294527808496692578065614 [1.1e77]) [staticcall]
    │   │   └─ ← ()
    │   ├─ [0] console::log("Final proof length:", 4) [staticcall]
    │   │   └─ ← ()
    │   └─ ← [0x5e4e9020e0ae47d1b353192e416c1873ec642cb2e75d68faa1be2665df6c3c48, 0xc513425acc7aa543abb5dc1ff382f69776a7ff7f57d334f6cea222ae2803e98f, 0xbe80f348526b4646bc0697bf2fe649f1835863538924cb6b91ad4eb57ced0181, 0xf352b1b5872acb8684bb694175cf18f81a134d5ff86ae93833369c25d9cd9cce]
    ├─ [0] console::log("--- Verification details for leaf 5 after adding 10 leaves ---") [staticcall]
    │   └─ ← ()
    ├─ [13808] MerkleStorageOZ::verifyLeaf(0x6c65616635, [0x5e4e9020e0ae47d1b353192e416c1873ec642cb2e75d68faa1be2665df6c3c48, 0xc513425acc7aa543abb5dc1ff382f69776a7ff7f57d334f6cea222ae2803e98f, 0xbe80f348526b4646bc0697bf2fe649f1835863538924cb6b91ad4eb57ced0181, 0xf352b1b5872acb8684bb694175cf18f81a134d5ff86ae93833369c25d9cd9cce]) [staticcall]
    │   ├─ [0] console::log("Verifying leaf:", 3327891084304698462684256911003812127873740397003554529128445276024109161606 [3.327e75]) [staticcall]
    │   │   └─ ← ()
    │   ├─ [0] console::log("Merkle root:", 64178236115921275067792062344726167098188486009935675608193095349412704411890 [6.417e76]) [staticcall]
    │   │   └─ ← ()
    │   ├─ [0] console::log("Proof length:", 4) [staticcall]
    │   │   └─ ← ()
    │   ├─ [0] console::log("Proof element", 0, ":", 42656216575733633865718546135288608701490211943531992892543518422469545049160 [4.265e76]) [staticcall]
    │   │   └─ ← ()
    │   ├─ [0] console::log("Computed hash after element", 0, ":", 79680312521381101304386615379526824036772258414601889669286272159596699208134 [7.968e76]) [staticcall]
    │   │   └─ ← ()
    │   ├─ [0] console::log("Proof element", 1, ":", 89139659228322516991511902812947417818976567277539582619759529237285492222351 [8.913e76]) [staticcall]
    │   │   └─ ← ()
    │   ├─ [0] console::log("Computed hash after element", 1, ":", 90519645207031266945590244632322326520069529432013691057992262226385608141027 [9.051e76]) [staticcall]
    │   │   └─ ← ()
    │   ├─ [0] console::log("Proof element", 2, ":", 86167276729270415220365293603154116830872546334163333883227179387055231533441 [8.616e76]) [staticcall]
    │   │   └─ ← ()
    │   ├─ [0] console::log("Computed hash after element", 2, ":", 44812029912269844639383167223451376600872748978496635971607178627452478213724 [4.481e76]) [staticcall]
    │   │   └─ ← ()
    │   ├─ [0] console::log("Proof element", 3, ":", 110058130168134052799716071097073281996591153893535428294527808496692578065614 [1.1e77]) [staticcall]
    │   │   └─ ← ()
    │   ├─ [0] console::log("Computed hash after element", 3, ":", 64178236115921275067792062344726167098188486009935675608193095349412704411890 [6.417e76]) [staticcall]
    │   │   └─ ← ()
    │   ├─ [0] console::log("Is valid:", true) [staticcall]
    │   │   └─ ← ()
    │   └─ ← true
    ├─ [0] console::log("--- End of verification details ---") [staticcall]
    │   └─ ← ()
    ├─ [0] console::log("Successfully verified leaf 5 after adding 10 leaves") [staticcall]
    │   └─ ← ()
    ├─ [25381] MerkleStorageOZ::getProof(5) [staticcall]
    │   ├─ [0] console::log("Getting proof for leaf index:", 5) [staticcall]
    │   │   └─ ← ()
    │   ├─ [0] console::log("Tree depth:", 4) [staticcall]
    │   │   └─ ← ()
    │   ├─ [0] console::log("Level", 0, "size:", 10) [staticcall]
    │   │   └─ ← ()
    │   ├─ [0] console::log("Added to proof:", 3327891084304698462684256911003812127873740397003554529128445276024109161606 [3.327e75]) [staticcall]
    │   │   └─ ← ()
    │   ├─ [0] console::log("Level", 1, "size:", 5) [staticcall]
    │   │   └─ ← ()
    │   ├─ [0] console::log("Added to proof:", 89139659228322516991511902812947417818976567277539582619759529237285492222351 [8.913e76]) [staticcall]
    │   │   └─ ← ()
    │   ├─ [0] console::log("Level", 2, "size:", 3) [staticcall]
    │   │   └─ ← ()
    │   ├─ [0] console::log("Added to proof:", 86167276729270415220365293603154116830872546334163333883227179387055231533441 [8.616e76]) [staticcall]
    │   │   └─ ← ()
    │   ├─ [0] console::log("Level", 3, "size:", 2) [staticcall]
    │   │   └─ ← ()
    │   ├─ [0] console::log("Added to proof:", 110058130168134052799716071097073281996591153893535428294527808496692578065614 [1.1e77]) [staticcall]
    │   │   └─ ← ()
    │   ├─ [0] console::log("Final proof length:", 4) [staticcall]
    │   │   └─ ← ()
    │   └─ ← [0x075b8504c98679ed33a097ef9b1466e8f4652142d4b19ab2c37fdf1668a65c86, 0xc513425acc7aa543abb5dc1ff382f69776a7ff7f57d334f6cea222ae2803e98f, 0xbe80f348526b4646bc0697bf2fe649f1835863538924cb6b91ad4eb57ced0181, 0xf352b1b5872acb8684bb694175cf18f81a134d5ff86ae93833369c25d9cd9cce]
    ├─ [0] console::log("--- Verification details for leaf 6 after adding 10 leaves ---") [staticcall]
    │   └─ ← ()
    ├─ [13798] MerkleStorageOZ::verifyLeaf(0x6c65616636, [0x075b8504c98679ed33a097ef9b1466e8f4652142d4b19ab2c37fdf1668a65c86, 0xc513425acc7aa543abb5dc1ff382f69776a7ff7f57d334f6cea222ae2803e98f, 0xbe80f348526b4646bc0697bf2fe649f1835863538924cb6b91ad4eb57ced0181, 0xf352b1b5872acb8684bb694175cf18f81a134d5ff86ae93833369c25d9cd9cce]) [staticcall]
    │   ├─ [0] console::log("Verifying leaf:", 42656216575733633865718546135288608701490211943531992892543518422469545049160 [4.265e76]) [staticcall]
    │   │   └─ ← ()
    │   ├─ [0] console::log("Merkle root:", 64178236115921275067792062344726167098188486009935675608193095349412704411890 [6.417e76]) [staticcall]
    │   │   └─ ← ()
    │   ├─ [0] console::log("Proof length:", 4) [staticcall]
    │   │   └─ ← ()
    │   ├─ [0] console::log("Proof element", 0, ":", 3327891084304698462684256911003812127873740397003554529128445276024109161606 [3.327e75]) [staticcall]
    │   │   └─ ← ()
    │   ├─ [0] console::log("Computed hash after element", 0, ":", 79680312521381101304386615379526824036772258414601889669286272159596699208134 [7.968e76]) [staticcall]
    │   │   └─ ← ()
    │   ├─ [0] console::log("Proof element", 1, ":", 89139659228322516991511902812947417818976567277539582619759529237285492222351 [8.913e76]) [staticcall]
    │   │   └─ ← ()
    │   ├─ [0] console::log("Computed hash after element", 1, ":", 90519645207031266945590244632322326520069529432013691057992262226385608141027 [9.051e76]) [staticcall]
    │   │   └─ ← ()
    │   ├─ [0] console::log("Proof element", 2, ":", 86167276729270415220365293603154116830872546334163333883227179387055231533441 [8.616e76]) [staticcall]
    │   │   └─ ← ()
    │   ├─ [0] console::log("Computed hash after element", 2, ":", 44812029912269844639383167223451376600872748978496635971607178627452478213724 [4.481e76]) [staticcall]
    │   │   └─ ← ()
    │   ├─ [0] console::log("Proof element", 3, ":", 110058130168134052799716071097073281996591153893535428294527808496692578065614 [1.1e77]) [staticcall]
    │   │   └─ ← ()
    │   ├─ [0] console::log("Computed hash after element", 3, ":", 64178236115921275067792062344726167098188486009935675608193095349412704411890 [6.417e76]) [staticcall]
    │   │   └─ ← ()
    │   ├─ [0] console::log("Is valid:", true) [staticcall]
    │   │   └─ ← ()
    │   └─ ← true
    ├─ [0] console::log("--- End of verification details ---") [staticcall]
    │   └─ ← ()
    ├─ [0] console::log("Successfully verified leaf 6 after adding 10 leaves") [staticcall]
    │   └─ ← ()
    ├─ [25381] MerkleStorageOZ::getProof(6) [staticcall]
    │   ├─ [0] console::log("Getting proof for leaf index:", 6) [staticcall]
    │   │   └─ ← ()
    │   ├─ [0] console::log("Tree depth:", 4) [staticcall]
    │   │   └─ ← ()
    │   ├─ [0] console::log("Level", 0, "size:", 10) [staticcall]
    │   │   └─ ← ()
    │   ├─ [0] console::log("Added to proof:", 41333877701255859865019379003725985110118058655845990608936096526874421775531 [4.133e76]) [staticcall]
    │   │   └─ ← ()
    │   ├─ [0] console::log("Level", 1, "size:", 5) [staticcall]
    │   │   └─ ← ()
    │   ├─ [0] console::log("Added to proof:", 79680312521381101304386615379526824036772258414601889669286272159596699208134 [7.968e76]) [staticcall]
    │   │   └─ ← ()
    │   ├─ [0] console::log("Level", 2, "size:", 3) [staticcall]
    │   │   └─ ← ()
    │   ├─ [0] console::log("Added to proof:", 86167276729270415220365293603154116830872546334163333883227179387055231533441 [8.616e76]) [staticcall]
    │   │   └─ ← ()
    │   ├─ [0] console::log("Level", 3, "size:", 2) [staticcall]
    │   │   └─ ← ()
    │   ├─ [0] console::log("Added to proof:", 110058130168134052799716071097073281996591153893535428294527808496692578065614 [1.1e77]) [staticcall]
    │   │   └─ ← ()
    │   ├─ [0] console::log("Final proof length:", 4) [staticcall]
    │   │   └─ ← ()
    │   └─ ← [0x5b62254e0339ae673a4773d31a564007f04f6ccf4934746b49ada87734d04cab, 0xb029756cee16464a69763ada5c6cf8b91c34e842abc58c709550cdda1e5049c6, 0xbe80f348526b4646bc0697bf2fe649f1835863538924cb6b91ad4eb57ced0181, 0xf352b1b5872acb8684bb694175cf18f81a134d5ff86ae93833369c25d9cd9cce]
    ├─ [0] console::log("--- Verification details for leaf 7 after adding 10 leaves ---") [staticcall]
    │   └─ ← ()
    ├─ [13788] MerkleStorageOZ::verifyLeaf(0x6c65616637, [0x5b62254e0339ae673a4773d31a564007f04f6ccf4934746b49ada87734d04cab, 0xb029756cee16464a69763ada5c6cf8b91c34e842abc58c709550cdda1e5049c6, 0xbe80f348526b4646bc0697bf2fe649f1835863538924cb6b91ad4eb57ced0181, 0xf352b1b5872acb8684bb694175cf18f81a134d5ff86ae93833369c25d9cd9cce]) [staticcall]
    │   ├─ [0] console::log("Verifying leaf:", 77058788664304649396218556642747909996121735590822886025965307874683454946759 [7.705e76]) [staticcall]
    │   │   └─ ← ()
    │   ├─ [0] console::log("Merkle root:", 64178236115921275067792062344726167098188486009935675608193095349412704411890 [6.417e76]) [staticcall]
    │   │   └─ ← ()
    │   ├─ [0] console::log("Proof length:", 4) [staticcall]
    │   │   └─ ← ()
    │   ├─ [0] console::log("Proof element", 0, ":", 41333877701255859865019379003725985110118058655845990608936096526874421775531 [4.133e76]) [staticcall]
    │   │   └─ ← ()
    │   ├─ [0] console::log("Computed hash after element", 0, ":", 89139659228322516991511902812947417818976567277539582619759529237285492222351 [8.913e76]) [staticcall]
    │   │   └─ ← ()
    │   ├─ [0] console::log("Proof element", 1, ":", 79680312521381101304386615379526824036772258414601889669286272159596699208134 [7.968e76]) [staticcall]
    │   │   └─ ← ()
    │   ├─ [0] console::log("Computed hash after element", 1, ":", 90519645207031266945590244632322326520069529432013691057992262226385608141027 [9.051e76]) [staticcall]
    │   │   └─ ← ()
    │   ├─ [0] console::log("Proof element", 2, ":", 86167276729270415220365293603154116830872546334163333883227179387055231533441 [8.616e76]) [staticcall]
    │   │   └─ ← ()
    │   ├─ [0] console::log("Computed hash after element", 2, ":", 44812029912269844639383167223451376600872748978496635971607178627452478213724 [4.481e76]) [staticcall]
    │   │   └─ ← ()
    │   ├─ [0] console::log("Proof element", 3, ":", 110058130168134052799716071097073281996591153893535428294527808496692578065614 [1.1e77]) [staticcall]
    │   │   └─ ← ()
    │   ├─ [0] console::log("Computed hash after element", 3, ":", 64178236115921275067792062344726167098188486009935675608193095349412704411890 [6.417e76]) [staticcall]
    │   │   └─ ← ()
    │   ├─ [0] console::log("Is valid:", true) [staticcall]
    │   │   └─ ← ()
    │   └─ ← true
    ├─ [0] console::log("--- End of verification details ---") [staticcall]
    │   └─ ← ()
    ├─ [0] console::log("Successfully verified leaf 7 after adding 10 leaves") [staticcall]
    │   └─ ← ()
    ├─ [25296] MerkleStorageOZ::getProof(7) [staticcall]
    │   ├─ [0] console::log("Getting proof for leaf index:", 7) [staticcall]
    │   │   └─ ← ()
    │   ├─ [0] console::log("Tree depth:", 4) [staticcall]
    │   │   └─ ← ()
    │   ├─ [0] console::log("Level", 0, "size:", 10) [staticcall]
    │   │   └─ ← ()
    │   ├─ [0] console::log("Added to proof:", 77058788664304649396218556642747909996121735590822886025965307874683454946759 [7.705e76]) [staticcall]
    │   │   └─ ← ()
    │   ├─ [0] console::log("Level", 1, "size:", 5) [staticcall]
    │   │   └─ ← ()
    │   ├─ [0] console::log("Added to proof:", 79680312521381101304386615379526824036772258414601889669286272159596699208134 [7.968e76]) [staticcall]
    │   │   └─ ← ()
    │   ├─ [0] console::log("Level", 2, "size:", 3) [staticcall]
    │   │   └─ ← ()
    │   ├─ [0] console::log("Added to proof:", 86167276729270415220365293603154116830872546334163333883227179387055231533441 [8.616e76]) [staticcall]
    │   │   └─ ← ()
    │   ├─ [0] console::log("Level", 3, "size:", 2) [staticcall]
    │   │   └─ ← ()
    │   ├─ [0] console::log("Added to proof:", 110058130168134052799716071097073281996591153893535428294527808496692578065614 [1.1e77]) [staticcall]
    │   │   └─ ← ()
    │   ├─ [0] console::log("Final proof length:", 4) [staticcall]
    │   │   └─ ← ()
    │   └─ ← [0xaa5dba90c8178f75a5eb7bdb098f0cec525bb61e5ba2ad6dc5fa580f163efdc7, 0xb029756cee16464a69763ada5c6cf8b91c34e842abc58c709550cdda1e5049c6, 0xbe80f348526b4646bc0697bf2fe649f1835863538924cb6b91ad4eb57ced0181, 0xf352b1b5872acb8684bb694175cf18f81a134d5ff86ae93833369c25d9cd9cce]
    ├─ [0] console::log("--- Verification details for leaf 8 after adding 10 leaves ---") [staticcall]
    │   └─ ← ()
    ├─ [13798] MerkleStorageOZ::verifyLeaf(0x6c65616638, [0xaa5dba90c8178f75a5eb7bdb098f0cec525bb61e5ba2ad6dc5fa580f163efdc7, 0xb029756cee16464a69763ada5c6cf8b91c34e842abc58c709550cdda1e5049c6, 0xbe80f348526b4646bc0697bf2fe649f1835863538924cb6b91ad4eb57ced0181, 0xf352b1b5872acb8684bb694175cf18f81a134d5ff86ae93833369c25d9cd9cce]) [staticcall]
    │   ├─ [0] console::log("Verifying leaf:", 41333877701255859865019379003725985110118058655845990608936096526874421775531 [4.133e76]) [staticcall]
    │   │   └─ ← ()
    │   ├─ [0] console::log("Merkle root:", 64178236115921275067792062344726167098188486009935675608193095349412704411890 [6.417e76]) [staticcall]
    │   │   └─ ← ()
    │   ├─ [0] console::log("Proof length:", 4) [staticcall]
    │   │   └─ ← ()
    │   ├─ [0] console::log("Proof element", 0, ":", 77058788664304649396218556642747909996121735590822886025965307874683454946759 [7.705e76]) [staticcall]
    │   │   └─ ← ()
    │   ├─ [0] console::log("Computed hash after element", 0, ":", 89139659228322516991511902812947417818976567277539582619759529237285492222351 [8.913e76]) [staticcall]
    │   │   └─ ← ()
    │   ├─ [0] console::log("Proof element", 1, ":", 79680312521381101304386615379526824036772258414601889669286272159596699208134 [7.968e76]) [staticcall]
    │   │   └─ ← ()
    │   ├─ [0] console::log("Computed hash after element", 1, ":", 90519645207031266945590244632322326520069529432013691057992262226385608141027 [9.051e76]) [staticcall]
    │   │   └─ ← ()
    │   ├─ [0] console::log("Proof element", 2, ":", 86167276729270415220365293603154116830872546334163333883227179387055231533441 [8.616e76]) [staticcall]
    │   │   └─ ← ()
    │   ├─ [0] console::log("Computed hash after element", 2, ":", 44812029912269844639383167223451376600872748978496635971607178627452478213724 [4.481e76]) [staticcall]
    │   │   └─ ← ()
    │   ├─ [0] console::log("Proof element", 3, ":", 110058130168134052799716071097073281996591153893535428294527808496692578065614 [1.1e77]) [staticcall]
    │   │   └─ ← ()
    │   ├─ [0] console::log("Computed hash after element", 3, ":", 64178236115921275067792062344726167098188486009935675608193095349412704411890 [6.417e76]) [staticcall]
    │   │   └─ ← ()
    │   ├─ [0] console::log("Is valid:", true) [staticcall]
    │   │   └─ ← ()
    │   └─ ← true
    ├─ [0] console::log("--- End of verification details ---") [staticcall]
    │   └─ ← ()
    ├─ [0] console::log("Successfully verified leaf 8 after adding 10 leaves") [staticcall]
    │   └─ ← ()
    ├─ [25470] MerkleStorageOZ::getProof(8) [staticcall]
    │   ├─ [0] console::log("Getting proof for leaf index:", 8) [staticcall]
    │   │   └─ ← ()
    │   ├─ [0] console::log("Tree depth:", 4) [staticcall]
    │   │   └─ ← ()
    │   ├─ [0] console::log("Level", 0, "size:", 10) [staticcall]
    │   │   └─ ← ()
    │   ├─ [0] console::log("Added to proof:", 19972288769315928479630679177845711677268766594983667860090139443496462084286 [1.997e76]) [staticcall]
    │   │   └─ ← ()
    │   ├─ [0] console::log("Level", 1, "size:", 5) [staticcall]
    │   │   └─ ← ()
    │   ├─ [0] console::log("Added to proof (odd level):", 110058130168134052799716071097073281996591153893535428294527808496692578065614 [1.1e77]) [staticcall]
    │   │   └─ ← ()
    │   ├─ [0] console::log("Level", 2, "size:", 3) [staticcall]
    │   │   └─ ← ()
    │   ├─ [0] console::log("Added to proof (odd level):", 110058130168134052799716071097073281996591153893535428294527808496692578065614 [1.1e77]) [staticcall]
    │   │   └─ ← ()
    │   ├─ [0] console::log("Level", 3, "size:", 2) [staticcall]
    │   │   └─ ← ()
    │   ├─ [0] console::log("Added to proof:", 44812029912269844639383167223451376600872748978496635971607178627452478213724 [4.481e76]) [staticcall]
    │   │   └─ ← ()
    │   ├─ [0] console::log("Final proof length:", 4) [staticcall]
    │   │   └─ ← ()
    │   └─ ← [0x2c27ea3376eac042eece8f0c78a7d7051fe8b7945d2746e7c321d2b5968468be, 0xf352b1b5872acb8684bb694175cf18f81a134d5ff86ae93833369c25d9cd9cce, 0xf352b1b5872acb8684bb694175cf18f81a134d5ff86ae93833369c25d9cd9cce, 0x6312b5c9c0f90c16707fa38ba42f8fe1608c5fa99a1772af08b1ea466614ce5c]
    ├─ [0] console::log("--- Verification details for leaf 9 after adding 10 leaves ---") [staticcall]
    │   └─ ← ()
    ├─ [13798] MerkleStorageOZ::verifyLeaf(0x6c65616639, [0x2c27ea3376eac042eece8f0c78a7d7051fe8b7945d2746e7c321d2b5968468be, 0xf352b1b5872acb8684bb694175cf18f81a134d5ff86ae93833369c25d9cd9cce, 0xf352b1b5872acb8684bb694175cf18f81a134d5ff86ae93833369c25d9cd9cce, 0x6312b5c9c0f90c16707fa38ba42f8fe1608c5fa99a1772af08b1ea466614ce5c]) [staticcall]
    │   ├─ [0] console::log("Verifying leaf:", 83097023403658896075826216087624068326805273787826444717403742070225742999267 [8.309e76]) [staticcall]
    │   │   └─ ← ()
    │   ├─ [0] console::log("Merkle root:", 64178236115921275067792062344726167098188486009935675608193095349412704411890 [6.417e76]) [staticcall]
    │   │   └─ ← ()
    │   ├─ [0] console::log("Proof length:", 4) [staticcall]
    │   │   └─ ← ()
    │   ├─ [0] console::log("Proof element", 0, ":", 19972288769315928479630679177845711677268766594983667860090139443496462084286 [1.997e76]) [staticcall]
    │   │   └─ ← ()
    │   ├─ [0] console::log("Computed hash after element", 0, ":", 110058130168134052799716071097073281996591153893535428294527808496692578065614 [1.1e77]) [staticcall]
    │   │   └─ ← ()
    │   ├─ [0] console::log("Proof element", 1, ":", 110058130168134052799716071097073281996591153893535428294527808496692578065614 [1.1e77]) [staticcall]
    │   │   └─ ← ()
    │   ├─ [0] console::log("Computed hash after element", 1, ":", 59719689764405890962963026030013701894341630315298465847788166934755559027939 [5.971e76]) [staticcall]
    │   │   └─ ← ()
    │   ├─ [0] console::log("Proof element", 2, ":", 110058130168134052799716071097073281996591153893535428294527808496692578065614 [1.1e77]) [staticcall]
    │   │   └─ ← ()
    │   ├─ [0] console::log("Computed hash after element", 2, ":", 79831678091374602098900555312711950339514308627213790158908217823367050941076 [7.983e76]) [staticcall]
    │   │   └─ ← ()
    │   ├─ [0] console::log("Proof element", 3, ":", 44812029912269844639383167223451376600872748978496635971607178627452478213724 [4.481e76]) [staticcall]
    │   │   └─ ← ()
    │   ├─ [0] console::log("Computed hash after element", 3, ":", 5268976851784513893536098683957735074634265549798016071579911987126619669912 [5.268e75]) [staticcall]
    │   │   └─ ← ()
    │   ├─ [0] console::log("Is valid:", false) [staticcall]
    │   │   └─ ← ()
    │   └─ ← false
    ├─ [0] console::log("--- End of verification details ---") [staticcall]
    │   └─ ← ()
    ├─ [0] console::log("Failed to verify leaf 9 after adding 10 leaves") [staticcall]
    │   └─ ← ()
    ├─ [25385] MerkleStorageOZ::getProof(9) [staticcall]
    │   ├─ [0] console::log("Getting proof for leaf index:", 9) [staticcall]
    │   │   └─ ← ()
    │   ├─ [0] console::log("Tree depth:", 4) [staticcall]
    │   │   └─ ← ()
    │   ├─ [0] console::log("Level", 0, "size:", 10) [staticcall]
    │   │   └─ ← ()
    │   ├─ [0] console::log("Added to proof:", 83097023403658896075826216087624068326805273787826444717403742070225742999267 [8.309e76]) [staticcall]
    │   │   └─ ← ()
    │   ├─ [0] console::log("Level", 1, "size:", 5) [staticcall]
    │   │   └─ ← ()
    │   ├─ [0] console::log("Added to proof (odd level):", 110058130168134052799716071097073281996591153893535428294527808496692578065614 [1.1e77]) [staticcall]
    │   │   └─ ← ()
    │   ├─ [0] console::log("Level", 2, "size:", 3) [staticcall]
    │   │   └─ ← ()
    │   ├─ [0] console::log("Added to proof (odd level):", 110058130168134052799716071097073281996591153893535428294527808496692578065614 [1.1e77]) [staticcall]
    │   │   └─ ← ()
    │   ├─ [0] console::log("Level", 3, "size:", 2) [staticcall]
    │   │   └─ ← ()
    │   ├─ [0] console::log("Added to proof:", 44812029912269844639383167223451376600872748978496635971607178627452478213724 [4.481e76]) [staticcall]
    │   │   └─ ← ()
    │   ├─ [0] console::log("Final proof length:", 4) [staticcall]
    │   │   └─ ← ()
    │   └─ ← [0xb7b73f9f206e380e92907f3d38c9caa544ee92ddc0a78c67c76f3eb5e05a2ee3, 0xf352b1b5872acb8684bb694175cf18f81a134d5ff86ae93833369c25d9cd9cce, 0xf352b1b5872acb8684bb694175cf18f81a134d5ff86ae93833369c25d9cd9cce, 0x6312b5c9c0f90c16707fa38ba42f8fe1608c5fa99a1772af08b1ea466614ce5c]
    ├─ [0] console::log("--- Verification details for leaf 10 after adding 10 leaves ---") [staticcall]
    │   └─ ← ()
    ├─ [13808] MerkleStorageOZ::verifyLeaf(0x6c6561663130, [0xb7b73f9f206e380e92907f3d38c9caa544ee92ddc0a78c67c76f3eb5e05a2ee3, 0xf352b1b5872acb8684bb694175cf18f81a134d5ff86ae93833369c25d9cd9cce, 0xf352b1b5872acb8684bb694175cf18f81a134d5ff86ae93833369c25d9cd9cce, 0x6312b5c9c0f90c16707fa38ba42f8fe1608c5fa99a1772af08b1ea466614ce5c]) [staticcall]
    │   ├─ [0] console::log("Verifying leaf:", 19972288769315928479630679177845711677268766594983667860090139443496462084286 [1.997e76]) [staticcall]
    │   │   └─ ← ()
    │   ├─ [0] console::log("Merkle root:", 64178236115921275067792062344726167098188486009935675608193095349412704411890 [6.417e76]) [staticcall]
    │   │   └─ ← ()
    │   ├─ [0] console::log("Proof length:", 4) [staticcall]
    │   │   └─ ← ()
    │   ├─ [0] console::log("Proof element", 0, ":", 83097023403658896075826216087624068326805273787826444717403742070225742999267 [8.309e76]) [staticcall]
    │   │   └─ ← ()
    │   ├─ [0] console::log("Computed hash after element", 0, ":", 110058130168134052799716071097073281996591153893535428294527808496692578065614 [1.1e77]) [staticcall]
    │   │   └─ ← ()
    │   ├─ [0] console::log("Proof element", 1, ":", 110058130168134052799716071097073281996591153893535428294527808496692578065614 [1.1e77]) [staticcall]
    │   │   └─ ← ()
    │   ├─ [0] console::log("Computed hash after element", 1, ":", 59719689764405890962963026030013701894341630315298465847788166934755559027939 [5.971e76]) [staticcall]
    │   │   └─ ← ()
    │   ├─ [0] console::log("Proof element", 2, ":", 110058130168134052799716071097073281996591153893535428294527808496692578065614 [1.1e77]) [staticcall]
    │   │   └─ ← ()
    │   ├─ [0] console::log("Computed hash after element", 2, ":", 79831678091374602098900555312711950339514308627213790158908217823367050941076 [7.983e76]) [staticcall]
    │   │   └─ ← ()
    │   ├─ [0] console::log("Proof element", 3, ":", 44812029912269844639383167223451376600872748978496635971607178627452478213724 [4.481e76]) [staticcall]
    │   │   └─ ← ()
    │   ├─ [0] console::log("Computed hash after element", 3, ":", 5268976851784513893536098683957735074634265549798016071579911987126619669912 [5.268e75]) [staticcall]
    │   │   └─ ← ()
    │   ├─ [0] console::log("Is valid:", false) [staticcall]
    │   │   └─ ← ()
    │   └─ ← false
    ├─ [0] console::log("--- End of verification details ---") [staticcall]
    │   └─ ← ()
    ├─ [0] console::log("Failed to verify leaf 10 after adding 10 leaves") [staticcall]
    │   └─ ← ()
    ├─ [37118] MerkleStorageOZ::addLeaf(0x6c6561663131)
    │   ├─ emit LeafAdded(leaf: 0x187374d08f1fbae82b4bfcec5f832bc78271f5d335a3860d721db1e6b05a4d43, index: 10)
    │   ├─ emit MerkleRootUpdated(newRoot: 0xc6560e92607a68cc4aaa04378bc5d06bf909987879bf14f8a64c3a601e470ae1)
    │   └─ ← ()
    ├─ [0] console::log("Added leaf 11") [staticcall]
    │   └─ ← ()
    ├─ [26512] MerkleStorageOZ::getProof(0) [staticcall]
    │   ├─ [0] console::log("Getting proof for leaf index:", 0) [staticcall]
    │   │   └─ ← ()
    │   ├─ [0] console::log("Tree depth:", 4) [staticcall]
    │   │   └─ ← ()
    │   ├─ [0] console::log("Level", 0, "size:", 11) [staticcall]
    │   │   └─ ← ()
    │   ├─ [0] console::log("Added to proof:", 84303433209692230857384970403333823748570319246869449369625637863858470744792 [8.43e76]) [staticcall]
    │   │   └─ ← ()
    │   ├─ [0] console::log("Level", 1, "size:", 6) [staticcall]
    │   │   └─ ← ()
    │   ├─ [0] console::log("Added to proof:", 42994468410347004737970376126143620665813473361490896099477539813509562736181 [4.299e76]) [staticcall]
    │   │   └─ ← ()
    │   ├─ [0] console::log("Level", 2, "size:", 3) [staticcall]
    │   │   └─ ← ()
    │   ├─ [0] console::log("Added to proof:", 90519645207031266945590244632322326520069529432013691057992262226385608141027 [9.051e76]) [staticcall]
    │   │   └─ ← ()
    │   ├─ [0] console::log("Level", 3, "size:", 2) [staticcall]
    │   │   └─ ← ()
    │   ├─ [0] console::log("Added to proof:", 59846360974977215937939741324844671950948236329323978032390829136492606069586 [5.984e76]) [staticcall]
    │   │   └─ ← ()
    │   ├─ [0] console::log("Final proof length:", 4) [staticcall]
    │   │   └─ ← ()
    │   └─ ← [0xba620d61dac4ddf2d7905722b259b0bd34ec4d37c5796d9a22537c54b3f972d8, 0x5f0e01babb612c872c711c3804090c0fcd42d13e2ddbd99d21e73f30afa59e35, 0xc8204db79981b461dca6928459414628e9784deec1c74154434eb580b50868e3, 0x844fd7063f1772b24e56ed1f1dd4f5e2264a699c9634d46c7d983fda20711b52]
    ├─ [0] console::log("--- Verification details for leaf 1 after adding 11 leaves ---") [staticcall]
    │   └─ ← ()
    ├─ [13818] MerkleStorageOZ::verifyLeaf(0x6c65616631, [0xba620d61dac4ddf2d7905722b259b0bd34ec4d37c5796d9a22537c54b3f972d8, 0x5f0e01babb612c872c711c3804090c0fcd42d13e2ddbd99d21e73f30afa59e35, 0xc8204db79981b461dca6928459414628e9784deec1c74154434eb580b50868e3, 0x844fd7063f1772b24e56ed1f1dd4f5e2264a699c9634d46c7d983fda20711b52]) [staticcall]
    │   ├─ [0] console::log("Verifying leaf:", 1534629507014924801801850062420965747762703560098700086918056654539096211930 [1.534e75]) [staticcall]
    │   │   └─ ← ()
    │   ├─ [0] console::log("Merkle root:", 89709993437819090715244684135109748987612014501279755898185279741628015643361 [8.97e76]) [staticcall]
    │   │   └─ ← ()
    │   ├─ [0] console::log("Proof length:", 4) [staticcall]
    │   │   └─ ← ()
    │   ├─ [0] console::log("Proof element", 0, ":", 84303433209692230857384970403333823748570319246869449369625637863858470744792 [8.43e76]) [staticcall]
    │   │   └─ ← ()
    │   ├─ [0] console::log("Computed hash after element", 0, ":", 4819654492366420278237764346194618123787186199882361681321774604810163462263 [4.819e75]) [staticcall]
    │   │   └─ ← ()
    │   ├─ [0] console::log("Proof element", 1, ":", 42994468410347004737970376126143620665813473361490896099477539813509562736181 [4.299e76]) [staticcall]
    │   │   └─ ← ()
    │   ├─ [0] console::log("Computed hash after element", 1, ":", 86167276729270415220365293603154116830872546334163333883227179387055231533441 [8.616e76]) [staticcall]
    │   │   └─ ← ()
    │   ├─ [0] console::log("Proof element", 2, ":", 90519645207031266945590244632322326520069529432013691057992262226385608141027 [9.051e76]) [staticcall]
    │   │   └─ ← ()
    │   ├─ [0] console::log("Computed hash after element", 2, ":", 44812029912269844639383167223451376600872748978496635971607178627452478213724 [4.481e76]) [staticcall]
    │   │   └─ ← ()
    │   ├─ [0] console::log("Proof element", 3, ":", 59846360974977215937939741324844671950948236329323978032390829136492606069586 [5.984e76]) [staticcall]
    │   │   └─ ← ()
    │   ├─ [0] console::log("Computed hash after element", 3, ":", 89709993437819090715244684135109748987612014501279755898185279741628015643361 [8.97e76]) [staticcall]
    │   │   └─ ← ()
    │   ├─ [0] console::log("Is valid:", true) [staticcall]
    │   │   └─ ← ()
    │   └─ ← true
    ├─ [0] console::log("--- End of verification details ---") [staticcall]
    │   └─ ← ()
    ├─ [0] console::log("Successfully verified leaf 1 after adding 11 leaves") [staticcall]
    │   └─ ← ()
    ├─ [26427] MerkleStorageOZ::getProof(1) [staticcall]
    │   ├─ [0] console::log("Getting proof for leaf index:", 1) [staticcall]
    │   │   └─ ← ()
    │   ├─ [0] console::log("Tree depth:", 4) [staticcall]
    │   │   └─ ← ()
    │   ├─ [0] console::log("Level", 0, "size:", 11) [staticcall]
    │   │   └─ ← ()
    │   ├─ [0] console::log("Added to proof:", 1534629507014924801801850062420965747762703560098700086918056654539096211930 [1.534e75]) [staticcall]
    │   │   └─ ← ()
    │   ├─ [0] console::log("Level", 1, "size:", 6) [staticcall]
    │   │   └─ ← ()
    │   ├─ [0] console::log("Added to proof:", 42994468410347004737970376126143620665813473361490896099477539813509562736181 [4.299e76]) [staticcall]
    │   │   └─ ← ()
    │   ├─ [0] console::log("Level", 2, "size:", 3) [staticcall]
    │   │   └─ ← ()
    │   ├─ [0] console::log("Added to proof:", 90519645207031266945590244632322326520069529432013691057992262226385608141027 [9.051e76]) [staticcall]
    │   │   └─ ← ()
    │   ├─ [0] console::log("Level", 3, "size:", 2) [staticcall]
    │   │   └─ ← ()
    │   ├─ [0] console::log("Added to proof:", 59846360974977215937939741324844671950948236329323978032390829136492606069586 [5.984e76]) [staticcall]
    │   │   └─ ← ()
    │   ├─ [0] console::log("Final proof length:", 4) [staticcall]
    │   │   └─ ← ()
    │   └─ ← [0x036491cc10808eeb0ff717314df6f19ba2e232d04d5f039f6fa382cae41641da, 0x5f0e01babb612c872c711c3804090c0fcd42d13e2ddbd99d21e73f30afa59e35, 0xc8204db79981b461dca6928459414628e9784deec1c74154434eb580b50868e3, 0x844fd7063f1772b24e56ed1f1dd4f5e2264a699c9634d46c7d983fda20711b52]
    ├─ [0] console::log("--- Verification details for leaf 2 after adding 11 leaves ---") [staticcall]
    │   └─ ← ()
    ├─ [13808] MerkleStorageOZ::verifyLeaf(0x6c65616632, [0x036491cc10808eeb0ff717314df6f19ba2e232d04d5f039f6fa382cae41641da, 0x5f0e01babb612c872c711c3804090c0fcd42d13e2ddbd99d21e73f30afa59e35, 0xc8204db79981b461dca6928459414628e9784deec1c74154434eb580b50868e3, 0x844fd7063f1772b24e56ed1f1dd4f5e2264a699c9634d46c7d983fda20711b52]) [staticcall]
    │   ├─ [0] console::log("Verifying leaf:", 84303433209692230857384970403333823748570319246869449369625637863858470744792 [8.43e76]) [staticcall]
    │   │   └─ ← ()
    │   ├─ [0] console::log("Merkle root:", 89709993437819090715244684135109748987612014501279755898185279741628015643361 [8.97e76]) [staticcall]
    │   │   └─ ← ()
    │   ├─ [0] console::log("Proof length:", 4) [staticcall]
    │   │   └─ ← ()
    │   ├─ [0] console::log("Proof element", 0, ":", 1534629507014924801801850062420965747762703560098700086918056654539096211930 [1.534e75]) [staticcall]
    │   │   └─ ← ()
    │   ├─ [0] console::log("Computed hash after element", 0, ":", 4819654492366420278237764346194618123787186199882361681321774604810163462263 [4.819e75]) [staticcall]
    │   │   └─ ← ()
    │   ├─ [0] console::log("Proof element", 1, ":", 42994468410347004737970376126143620665813473361490896099477539813509562736181 [4.299e76]) [staticcall]
    │   │   └─ ← ()
    │   ├─ [0] console::log("Computed hash after element", 1, ":", 86167276729270415220365293603154116830872546334163333883227179387055231533441 [8.616e76]) [staticcall]
    │   │   └─ ← ()
    │   ├─ [0] console::log("Proof element", 2, ":", 90519645207031266945590244632322326520069529432013691057992262226385608141027 [9.051e76]) [staticcall]
    │   │   └─ ← ()
    │   ├─ [0] console::log("Computed hash after element", 2, ":", 44812029912269844639383167223451376600872748978496635971607178627452478213724 [4.481e76]) [staticcall]
    │   │   └─ ← ()
    │   ├─ [0] console::log("Proof element", 3, ":", 59846360974977215937939741324844671950948236329323978032390829136492606069586 [5.984e76]) [staticcall]
    │   │   └─ ← ()
    │   ├─ [0] console::log("Computed hash after element", 3, ":", 89709993437819090715244684135109748987612014501279755898185279741628015643361 [8.97e76]) [staticcall]
    │   │   └─ ← ()
    │   ├─ [0] console::log("Is valid:", true) [staticcall]
    │   │   └─ ← ()
    │   └─ ← true
    ├─ [0] console::log("--- End of verification details ---") [staticcall]
    │   └─ ← ()
    ├─ [0] console::log("Successfully verified leaf 2 after adding 11 leaves") [staticcall]
    │   └─ ← ()
    ├─ [26427] MerkleStorageOZ::getProof(2) [staticcall]
    │   ├─ [0] console::log("Getting proof for leaf index:", 2) [staticcall]
    │   │   └─ ← ()
    │   ├─ [0] console::log("Tree depth:", 4) [staticcall]
    │   │   └─ ← ()
    │   ├─ [0] console::log("Level", 0, "size:", 11) [staticcall]
    │   │   └─ ← ()
    │   ├─ [0] console::log("Added to proof:", 9718660262289985226213547307049526568607798083323067650698233131271439501106 [9.718e75]) [staticcall]
    │   │   └─ ← ()
    │   ├─ [0] console::log("Level", 1, "size:", 6) [staticcall]
    │   │   └─ ← ()
    │   ├─ [0] console::log("Added to proof:", 4819654492366420278237764346194618123787186199882361681321774604810163462263 [4.819e75]) [staticcall]
    │   │   └─ ← ()
    │   ├─ [0] console::log("Level", 2, "size:", 3) [staticcall]
    │   │   └─ ← ()
    │   ├─ [0] console::log("Added to proof:", 90519645207031266945590244632322326520069529432013691057992262226385608141027 [9.051e76]) [staticcall]
    │   │   └─ ← ()
    │   ├─ [0] console::log("Level", 3, "size:", 2) [staticcall]
    │   │   └─ ← ()
    │   ├─ [0] console::log("Added to proof:", 59846360974977215937939741324844671950948236329323978032390829136492606069586 [5.984e76]) [staticcall]
    │   │   └─ ← ()
    │   ├─ [0] console::log("Final proof length:", 4) [staticcall]
    │   │   └─ ← ()
    │   └─ ← [0x157c9118369926e028fa6cf8dfe68c750c1adbd7b0e4918c2b3a23fe4017c732, 0x0aa7d3e8df6bbfe087828aef70a86fff5964660e89f14cbbbe406695bc1e2077, 0xc8204db79981b461dca6928459414628e9784deec1c74154434eb580b50868e3, 0x844fd7063f1772b24e56ed1f1dd4f5e2264a699c9634d46c7d983fda20711b52]
    ├─ [0] console::log("--- Verification details for leaf 3 after adding 11 leaves ---") [staticcall]
    │   └─ ← ()
    ├─ [13798] MerkleStorageOZ::verifyLeaf(0x6c65616633, [0x157c9118369926e028fa6cf8dfe68c750c1adbd7b0e4918c2b3a23fe4017c732, 0x0aa7d3e8df6bbfe087828aef70a86fff5964660e89f14cbbbe406695bc1e2077, 0xc8204db79981b461dca6928459414628e9784deec1c74154434eb580b50868e3, 0x844fd7063f1772b24e56ed1f1dd4f5e2264a699c9634d46c7d983fda20711b52]) [staticcall]
    │   ├─ [0] console::log("Verifying leaf:", 114806096316174656260172984043681595992173194076043313710926606652151351550195 [1.148e77]) [staticcall]
    │   │   └─ ← ()
    │   ├─ [0] console::log("Merkle root:", 89709993437819090715244684135109748987612014501279755898185279741628015643361 [8.97e76]) [staticcall]
    │   │   └─ ← ()
    │   ├─ [0] console::log("Proof length:", 4) [staticcall]
    │   │   └─ ← ()
    │   ├─ [0] console::log("Proof element", 0, ":", 9718660262289985226213547307049526568607798083323067650698233131271439501106 [9.718e75]) [staticcall]
    │   │   └─ ← ()
    │   ├─ [0] console::log("Computed hash after element", 0, ":", 42994468410347004737970376126143620665813473361490896099477539813509562736181 [4.299e76]) [staticcall]
    │   │   └─ ← ()
    │   ├─ [0] console::log("Proof element", 1, ":", 4819654492366420278237764346194618123787186199882361681321774604810163462263 [4.819e75]) [staticcall]
    │   │   └─ ← ()
    │   ├─ [0] console::log("Computed hash after element", 1, ":", 86167276729270415220365293603154116830872546334163333883227179387055231533441 [8.616e76]) [staticcall]
    │   │   └─ ← ()
    │   ├─ [0] console::log("Proof element", 2, ":", 90519645207031266945590244632322326520069529432013691057992262226385608141027 [9.051e76]) [staticcall]
    │   │   └─ ← ()
    │   ├─ [0] console::log("Computed hash after element", 2, ":", 44812029912269844639383167223451376600872748978496635971607178627452478213724 [4.481e76]) [staticcall]
    │   │   └─ ← ()
    │   ├─ [0] console::log("Proof element", 3, ":", 59846360974977215937939741324844671950948236329323978032390829136492606069586 [5.984e76]) [staticcall]
    │   │   └─ ← ()
    │   ├─ [0] console::log("Computed hash after element", 3, ":", 89709993437819090715244684135109748987612014501279755898185279741628015643361 [8.97e76]) [staticcall]
    │   │   └─ ← ()
    │   ├─ [0] console::log("Is valid:", true) [staticcall]
    │   │   └─ ← ()
    │   └─ ← true
    ├─ [0] console::log("--- End of verification details ---") [staticcall]
    │   └─ ← ()
    ├─ [0] console::log("Successfully verified leaf 3 after adding 11 leaves") [staticcall]
    │   └─ ← ()
    ├─ [26342] MerkleStorageOZ::getProof(3) [staticcall]
    │   ├─ [0] console::log("Getting proof for leaf index:", 3) [staticcall]
    │   │   └─ ← ()
    │   ├─ [0] console::log("Tree depth:", 4) [staticcall]
    │   │   └─ ← ()
    │   ├─ [0] console::log("Level", 0, "size:", 11) [staticcall]
    │   │   └─ ← ()
    │   ├─ [0] console::log("Added to proof:", 114806096316174656260172984043681595992173194076043313710926606652151351550195 [1.148e77]) [staticcall]
    │   │   └─ ← ()
    │   ├─ [0] console::log("Level", 1, "size:", 6) [staticcall]
    │   │   └─ ← ()
    │   ├─ [0] console::log("Added to proof:", 4819654492366420278237764346194618123787186199882361681321774604810163462263 [4.819e75]) [staticcall]
    │   │   └─ ← ()
    │   ├─ [0] console::log("Level", 2, "size:", 3) [staticcall]
    │   │   └─ ← ()
    │   ├─ [0] console::log("Added to proof:", 90519645207031266945590244632322326520069529432013691057992262226385608141027 [9.051e76]) [staticcall]
    │   │   └─ ← ()
    │   ├─ [0] console::log("Level", 3, "size:", 2) [staticcall]
    │   │   └─ ← ()
    │   ├─ [0] console::log("Added to proof:", 59846360974977215937939741324844671950948236329323978032390829136492606069586 [5.984e76]) [staticcall]
    │   │   └─ ← ()
    │   ├─ [0] console::log("Final proof length:", 4) [staticcall]
    │   │   └─ ← ()
    │   └─ ← [0xfdd1f2a1ec75fe968421a41d2282200de6bec6a21f81080a71b1053d9c0120f3, 0x0aa7d3e8df6bbfe087828aef70a86fff5964660e89f14cbbbe406695bc1e2077, 0xc8204db79981b461dca6928459414628e9784deec1c74154434eb580b50868e3, 0x844fd7063f1772b24e56ed1f1dd4f5e2264a699c9634d46c7d983fda20711b52]
    ├─ [0] console::log("--- Verification details for leaf 4 after adding 11 leaves ---") [staticcall]
    │   └─ ← ()
    ├─ [13808] MerkleStorageOZ::verifyLeaf(0x6c65616634, [0xfdd1f2a1ec75fe968421a41d2282200de6bec6a21f81080a71b1053d9c0120f3, 0x0aa7d3e8df6bbfe087828aef70a86fff5964660e89f14cbbbe406695bc1e2077, 0xc8204db79981b461dca6928459414628e9784deec1c74154434eb580b50868e3, 0x844fd7063f1772b24e56ed1f1dd4f5e2264a699c9634d46c7d983fda20711b52]) [staticcall]
    │   ├─ [0] console::log("Verifying leaf:", 9718660262289985226213547307049526568607798083323067650698233131271439501106 [9.718e75]) [staticcall]
    │   │   └─ ← ()
    │   ├─ [0] console::log("Merkle root:", 89709993437819090715244684135109748987612014501279755898185279741628015643361 [8.97e76]) [staticcall]
    │   │   └─ ← ()
    │   ├─ [0] console::log("Proof length:", 4) [staticcall]
    │   │   └─ ← ()
    │   ├─ [0] console::log("Proof element", 0, ":", 114806096316174656260172984043681595992173194076043313710926606652151351550195 [1.148e77]) [staticcall]
    │   │   └─ ← ()
    │   ├─ [0] console::log("Computed hash after element", 0, ":", 42994468410347004737970376126143620665813473361490896099477539813509562736181 [4.299e76]) [staticcall]
    │   │   └─ ← ()
    │   ├─ [0] console::log("Proof element", 1, ":", 4819654492366420278237764346194618123787186199882361681321774604810163462263 [4.819e75]) [staticcall]
    │   │   └─ ← ()
    │   ├─ [0] console::log("Computed hash after element", 1, ":", 86167276729270415220365293603154116830872546334163333883227179387055231533441 [8.616e76]) [staticcall]
    │   │   └─ ← ()
    │   ├─ [0] console::log("Proof element", 2, ":", 90519645207031266945590244632322326520069529432013691057992262226385608141027 [9.051e76]) [staticcall]
    │   │   └─ ← ()
    │   ├─ [0] console::log("Computed hash after element", 2, ":", 44812029912269844639383167223451376600872748978496635971607178627452478213724 [4.481e76]) [staticcall]
    │   │   └─ ← ()
    │   ├─ [0] console::log("Proof element", 3, ":", 59846360974977215937939741324844671950948236329323978032390829136492606069586 [5.984e76]) [staticcall]
    │   │   └─ ← ()
    │   ├─ [0] console::log("Computed hash after element", 3, ":", 89709993437819090715244684135109748987612014501279755898185279741628015643361 [8.97e76]) [staticcall]
    │   │   └─ ← ()
    │   ├─ [0] console::log("Is valid:", true) [staticcall]
    │   │   └─ ← ()
    │   └─ ← true
    ├─ [0] console::log("--- End of verification details ---") [staticcall]
    │   └─ ← ()
    ├─ [0] console::log("Successfully verified leaf 4 after adding 11 leaves") [staticcall]
    │   └─ ← ()
    ├─ [26427] MerkleStorageOZ::getProof(4) [staticcall]
    │   ├─ [0] console::log("Getting proof for leaf index:", 4) [staticcall]
    │   │   └─ ← ()
    │   ├─ [0] console::log("Tree depth:", 4) [staticcall]
    │   │   └─ ← ()
    │   ├─ [0] console::log("Level", 0, "size:", 11) [staticcall]
    │   │   └─ ← ()
    │   ├─ [0] console::log("Added to proof:", 42656216575733633865718546135288608701490211943531992892543518422469545049160 [4.265e76]) [staticcall]
    │   │   └─ ← ()
    │   ├─ [0] console::log("Level", 1, "size:", 6) [staticcall]
    │   │   └─ ← ()
    │   ├─ [0] console::log("Added to proof:", 89139659228322516991511902812947417818976567277539582619759529237285492222351 [8.913e76]) [staticcall]
    │   │   └─ ← ()
    │   ├─ [0] console::log("Level", 2, "size:", 3) [staticcall]
    │   │   └─ ← ()
    │   ├─ [0] console::log("Added to proof:", 86167276729270415220365293603154116830872546334163333883227179387055231533441 [8.616e76]) [staticcall]
    │   │   └─ ← ()
    │   ├─ [0] console::log("Level", 3, "size:", 2) [staticcall]
    │   │   └─ ← ()
    │   ├─ [0] console::log("Added to proof:", 59846360974977215937939741324844671950948236329323978032390829136492606069586 [5.984e76]) [staticcall]
    │   │   └─ ← ()
    │   ├─ [0] console::log("Final proof length:", 4) [staticcall]
    │   │   └─ ← ()
    │   └─ ← [0x5e4e9020e0ae47d1b353192e416c1873ec642cb2e75d68faa1be2665df6c3c48, 0xc513425acc7aa543abb5dc1ff382f69776a7ff7f57d334f6cea222ae2803e98f, 0xbe80f348526b4646bc0697bf2fe649f1835863538924cb6b91ad4eb57ced0181, 0x844fd7063f1772b24e56ed1f1dd4f5e2264a699c9634d46c7d983fda20711b52]
    ├─ [0] console::log("--- Verification details for leaf 5 after adding 11 leaves ---") [staticcall]
    │   └─ ← ()
    ├─ [13808] MerkleStorageOZ::verifyLeaf(0x6c65616635, [0x5e4e9020e0ae47d1b353192e416c1873ec642cb2e75d68faa1be2665df6c3c48, 0xc513425acc7aa543abb5dc1ff382f69776a7ff7f57d334f6cea222ae2803e98f, 0xbe80f348526b4646bc0697bf2fe649f1835863538924cb6b91ad4eb57ced0181, 0x844fd7063f1772b24e56ed1f1dd4f5e2264a699c9634d46c7d983fda20711b52]) [staticcall]
    │   ├─ [0] console::log("Verifying leaf:", 3327891084304698462684256911003812127873740397003554529128445276024109161606 [3.327e75]) [staticcall]
    │   │   └─ ← ()
    │   ├─ [0] console::log("Merkle root:", 89709993437819090715244684135109748987612014501279755898185279741628015643361 [8.97e76]) [staticcall]
    │   │   └─ ← ()
    │   ├─ [0] console::log("Proof length:", 4) [staticcall]
    │   │   └─ ← ()
    │   ├─ [0] console::log("Proof element", 0, ":", 42656216575733633865718546135288608701490211943531992892543518422469545049160 [4.265e76]) [staticcall]
    │   │   └─ ← ()
    │   ├─ [0] console::log("Computed hash after element", 0, ":", 79680312521381101304386615379526824036772258414601889669286272159596699208134 [7.968e76]) [staticcall]
    │   │   └─ ← ()
    │   ├─ [0] console::log("Proof element", 1, ":", 89139659228322516991511902812947417818976567277539582619759529237285492222351 [8.913e76]) [staticcall]
    │   │   └─ ← ()
    │   ├─ [0] console::log("Computed hash after element", 1, ":", 90519645207031266945590244632322326520069529432013691057992262226385608141027 [9.051e76]) [staticcall]
    │   │   └─ ← ()
    │   ├─ [0] console::log("Proof element", 2, ":", 86167276729270415220365293603154116830872546334163333883227179387055231533441 [8.616e76]) [staticcall]
    │   │   └─ ← ()
    │   ├─ [0] console::log("Computed hash after element", 2, ":", 44812029912269844639383167223451376600872748978496635971607178627452478213724 [4.481e76]) [staticcall]
    │   │   └─ ← ()
    │   ├─ [0] console::log("Proof element", 3, ":", 59846360974977215937939741324844671950948236329323978032390829136492606069586 [5.984e76]) [staticcall]
    │   │   └─ ← ()
    │   ├─ [0] console::log("Computed hash after element", 3, ":", 89709993437819090715244684135109748987612014501279755898185279741628015643361 [8.97e76]) [staticcall]
    │   │   └─ ← ()
    │   ├─ [0] console::log("Is valid:", true) [staticcall]
    │   │   └─ ← ()
    │   └─ ← true
    ├─ [0] console::log("--- End of verification details ---") [staticcall]
    │   └─ ← ()
    ├─ [0] console::log("Successfully verified leaf 5 after adding 11 leaves") [staticcall]
    │   └─ ← ()
    ├─ [26342] MerkleStorageOZ::getProof(5) [staticcall]
    │   ├─ [0] console::log("Getting proof for leaf index:", 5) [staticcall]
    │   │   └─ ← ()
    │   ├─ [0] console::log("Tree depth:", 4) [staticcall]
    │   │   └─ ← ()
    │   ├─ [0] console::log("Level", 0, "size:", 11) [staticcall]
    │   │   └─ ← ()
    │   ├─ [0] console::log("Added to proof:", 3327891084304698462684256911003812127873740397003554529128445276024109161606 [3.327e75]) [staticcall]
    │   │   └─ ← ()
    │   ├─ [0] console::log("Level", 1, "size:", 6) [staticcall]
    │   │   └─ ← ()
    │   ├─ [0] console::log("Added to proof:", 89139659228322516991511902812947417818976567277539582619759529237285492222351 [8.913e76]) [staticcall]
    │   │   └─ ← ()
    │   ├─ [0] console::log("Level", 2, "size:", 3) [staticcall]
    │   │   └─ ← ()
    │   ├─ [0] console::log("Added to proof:", 86167276729270415220365293603154116830872546334163333883227179387055231533441 [8.616e76]) [staticcall]
    │   │   └─ ← ()
    │   ├─ [0] console::log("Level", 3, "size:", 2) [staticcall]
    │   │   └─ ← ()
    │   ├─ [0] console::log("Added to proof:", 59846360974977215937939741324844671950948236329323978032390829136492606069586 [5.984e76]) [staticcall]
    │   │   └─ ← ()
    │   ├─ [0] console::log("Final proof length:", 4) [staticcall]
    │   │   └─ ← ()
    │   └─ ← [0x075b8504c98679ed33a097ef9b1466e8f4652142d4b19ab2c37fdf1668a65c86, 0xc513425acc7aa543abb5dc1ff382f69776a7ff7f57d334f6cea222ae2803e98f, 0xbe80f348526b4646bc0697bf2fe649f1835863538924cb6b91ad4eb57ced0181, 0x844fd7063f1772b24e56ed1f1dd4f5e2264a699c9634d46c7d983fda20711b52]
    ├─ [0] console::log("--- Verification details for leaf 6 after adding 11 leaves ---") [staticcall]
    │   └─ ← ()
    ├─ [13798] MerkleStorageOZ::verifyLeaf(0x6c65616636, [0x075b8504c98679ed33a097ef9b1466e8f4652142d4b19ab2c37fdf1668a65c86, 0xc513425acc7aa543abb5dc1ff382f69776a7ff7f57d334f6cea222ae2803e98f, 0xbe80f348526b4646bc0697bf2fe649f1835863538924cb6b91ad4eb57ced0181, 0x844fd7063f1772b24e56ed1f1dd4f5e2264a699c9634d46c7d983fda20711b52]) [staticcall]
    │   ├─ [0] console::log("Verifying leaf:", 42656216575733633865718546135288608701490211943531992892543518422469545049160 [4.265e76]) [staticcall]
    │   │   └─ ← ()
    │   ├─ [0] console::log("Merkle root:", 89709993437819090715244684135109748987612014501279755898185279741628015643361 [8.97e76]) [staticcall]
    │   │   └─ ← ()
    │   ├─ [0] console::log("Proof length:", 4) [staticcall]
    │   │   └─ ← ()
    │   ├─ [0] console::log("Proof element", 0, ":", 3327891084304698462684256911003812127873740397003554529128445276024109161606 [3.327e75]) [staticcall]
    │   │   └─ ← ()
    │   ├─ [0] console::log("Computed hash after element", 0, ":", 79680312521381101304386615379526824036772258414601889669286272159596699208134 [7.968e76]) [staticcall]
    │   │   └─ ← ()
    │   ├─ [0] console::log("Proof element", 1, ":", 89139659228322516991511902812947417818976567277539582619759529237285492222351 [8.913e76]) [staticcall]
    │   │   └─ ← ()
    │   ├─ [0] console::log("Computed hash after element", 1, ":", 90519645207031266945590244632322326520069529432013691057992262226385608141027 [9.051e76]) [staticcall]
    │   │   └─ ← ()
    │   ├─ [0] console::log("Proof element", 2, ":", 86167276729270415220365293603154116830872546334163333883227179387055231533441 [8.616e76]) [staticcall]
    │   │   └─ ← ()
    │   ├─ [0] console::log("Computed hash after element", 2, ":", 44812029912269844639383167223451376600872748978496635971607178627452478213724 [4.481e76]) [staticcall]
    │   │   └─ ← ()
    │   ├─ [0] console::log("Proof element", 3, ":", 59846360974977215937939741324844671950948236329323978032390829136492606069586 [5.984e76]) [staticcall]
    │   │   └─ ← ()
    │   ├─ [0] console::log("Computed hash after element", 3, ":", 89709993437819090715244684135109748987612014501279755898185279741628015643361 [8.97e76]) [staticcall]
    │   │   └─ ← ()
    │   ├─ [0] console::log("Is valid:", true) [staticcall]
    │   │   └─ ← ()
    │   └─ ← true
    ├─ [0] console::log("--- End of verification details ---") [staticcall]
    │   └─ ← ()
    ├─ [0] console::log("Successfully verified leaf 6 after adding 11 leaves") [staticcall]
    │   └─ ← ()
    ├─ [26342] MerkleStorageOZ::getProof(6) [staticcall]
    │   ├─ [0] console::log("Getting proof for leaf index:", 6) [staticcall]
    │   │   └─ ← ()
    │   ├─ [0] console::log("Tree depth:", 4) [staticcall]
    │   │   └─ ← ()
    │   ├─ [0] console::log("Level", 0, "size:", 11) [staticcall]
    │   │   └─ ← ()
    │   ├─ [0] console::log("Added to proof:", 41333877701255859865019379003725985110118058655845990608936096526874421775531 [4.133e76]) [staticcall]
    │   │   └─ ← ()
    │   ├─ [0] console::log("Level", 1, "size:", 6) [staticcall]
    │   │   └─ ← ()
    │   ├─ [0] console::log("Added to proof:", 79680312521381101304386615379526824036772258414601889669286272159596699208134 [7.968e76]) [staticcall]
    │   │   └─ ← ()
    │   ├─ [0] console::log("Level", 2, "size:", 3) [staticcall]
    │   │   └─ ← ()
    │   ├─ [0] console::log("Added to proof:", 86167276729270415220365293603154116830872546334163333883227179387055231533441 [8.616e76]) [staticcall]
    │   │   └─ ← ()
    │   ├─ [0] console::log("Level", 3, "size:", 2) [staticcall]
    │   │   └─ ← ()
    │   ├─ [0] console::log("Added to proof:", 59846360974977215937939741324844671950948236329323978032390829136492606069586 [5.984e76]) [staticcall]
    │   │   └─ ← ()
    │   ├─ [0] console::log("Final proof length:", 4) [staticcall]
    │   │   └─ ← ()
    │   └─ ← [0x5b62254e0339ae673a4773d31a564007f04f6ccf4934746b49ada87734d04cab, 0xb029756cee16464a69763ada5c6cf8b91c34e842abc58c709550cdda1e5049c6, 0xbe80f348526b4646bc0697bf2fe649f1835863538924cb6b91ad4eb57ced0181, 0x844fd7063f1772b24e56ed1f1dd4f5e2264a699c9634d46c7d983fda20711b52]
    ├─ [0] console::log("--- Verification details for leaf 7 after adding 11 leaves ---") [staticcall]
    │   └─ ← ()
    ├─ [13788] MerkleStorageOZ::verifyLeaf(0x6c65616637, [0x5b62254e0339ae673a4773d31a564007f04f6ccf4934746b49ada87734d04cab, 0xb029756cee16464a69763ada5c6cf8b91c34e842abc58c709550cdda1e5049c6, 0xbe80f348526b4646bc0697bf2fe649f1835863538924cb6b91ad4eb57ced0181, 0x844fd7063f1772b24e56ed1f1dd4f5e2264a699c9634d46c7d983fda20711b52]) [staticcall]
    │   ├─ [0] console::log("Verifying leaf:", 77058788664304649396218556642747909996121735590822886025965307874683454946759 [7.705e76]) [staticcall]
    │   │   └─ ← ()
    │   ├─ [0] console::log("Merkle root:", 89709993437819090715244684135109748987612014501279755898185279741628015643361 [8.97e76]) [staticcall]
    │   │   └─ ← ()
    │   ├─ [0] console::log("Proof length:", 4) [staticcall]
    │   │   └─ ← ()
    │   ├─ [0] console::log("Proof element", 0, ":", 41333877701255859865019379003725985110118058655845990608936096526874421775531 [4.133e76]) [staticcall]
    │   │   └─ ← ()
    │   ├─ [0] console::log("Computed hash after element", 0, ":", 89139659228322516991511902812947417818976567277539582619759529237285492222351 [8.913e76]) [staticcall]
    │   │   └─ ← ()
    │   ├─ [0] console::log("Proof element", 1, ":", 79680312521381101304386615379526824036772258414601889669286272159596699208134 [7.968e76]) [staticcall]
    │   │   └─ ← ()
    │   ├─ [0] console::log("Computed hash after element", 1, ":", 90519645207031266945590244632322326520069529432013691057992262226385608141027 [9.051e76]) [staticcall]
    │   │   └─ ← ()
    │   ├─ [0] console::log("Proof element", 2, ":", 86167276729270415220365293603154116830872546334163333883227179387055231533441 [8.616e76]) [staticcall]
    │   │   └─ ← ()
    │   ├─ [0] console::log("Computed hash after element", 2, ":", 44812029912269844639383167223451376600872748978496635971607178627452478213724 [4.481e76]) [staticcall]
    │   │   └─ ← ()
    │   ├─ [0] console::log("Proof element", 3, ":", 59846360974977215937939741324844671950948236329323978032390829136492606069586 [5.984e76]) [staticcall]
    │   │   └─ ← ()
    │   ├─ [0] console::log("Computed hash after element", 3, ":", 89709993437819090715244684135109748987612014501279755898185279741628015643361 [8.97e76]) [staticcall]
    │   │   └─ ← ()
    │   ├─ [0] console::log("Is valid:", true) [staticcall]
    │   │   └─ ← ()
    │   └─ ← true
    ├─ [0] console::log("--- End of verification details ---") [staticcall]
    │   └─ ← ()
    ├─ [0] console::log("Successfully verified leaf 7 after adding 11 leaves") [staticcall]
    │   └─ ← ()
    ├─ [26257] MerkleStorageOZ::getProof(7) [staticcall]
    │   ├─ [0] console::log("Getting proof for leaf index:", 7) [staticcall]
    │   │   └─ ← ()
    │   ├─ [0] console::log("Tree depth:", 4) [staticcall]
    │   │   └─ ← ()
    │   ├─ [0] console::log("Level", 0, "size:", 11) [staticcall]
    │   │   └─ ← ()
    │   ├─ [0] console::log("Added to proof:", 77058788664304649396218556642747909996121735590822886025965307874683454946759 [7.705e76]) [staticcall]
    │   │   └─ ← ()
    │   ├─ [0] console::log("Level", 1, "size:", 6) [staticcall]
    │   │   └─ ← ()
    │   ├─ [0] console::log("Added to proof:", 79680312521381101304386615379526824036772258414601889669286272159596699208134 [7.968e76]) [staticcall]
    │   │   └─ ← ()
    │   ├─ [0] console::log("Level", 2, "size:", 3) [staticcall]
    │   │   └─ ← ()
    │   ├─ [0] console::log("Added to proof:", 86167276729270415220365293603154116830872546334163333883227179387055231533441 [8.616e76]) [staticcall]
    │   │   └─ ← ()
    │   ├─ [0] console::log("Level", 3, "size:", 2) [staticcall]
    │   │   └─ ← ()
    │   ├─ [0] console::log("Added to proof:", 59846360974977215937939741324844671950948236329323978032390829136492606069586 [5.984e76]) [staticcall]
    │   │   └─ ← ()
    │   ├─ [0] console::log("Final proof length:", 4) [staticcall]
    │   │   └─ ← ()
    │   └─ ← [0xaa5dba90c8178f75a5eb7bdb098f0cec525bb61e5ba2ad6dc5fa580f163efdc7, 0xb029756cee16464a69763ada5c6cf8b91c34e842abc58c709550cdda1e5049c6, 0xbe80f348526b4646bc0697bf2fe649f1835863538924cb6b91ad4eb57ced0181, 0x844fd7063f1772b24e56ed1f1dd4f5e2264a699c9634d46c7d983fda20711b52]
    ├─ [0] console::log("--- Verification details for leaf 8 after adding 11 leaves ---") [staticcall]
    │   └─ ← ()
    ├─ [13798] MerkleStorageOZ::verifyLeaf(0x6c65616638, [0xaa5dba90c8178f75a5eb7bdb098f0cec525bb61e5ba2ad6dc5fa580f163efdc7, 0xb029756cee16464a69763ada5c6cf8b91c34e842abc58c709550cdda1e5049c6, 0xbe80f348526b4646bc0697bf2fe649f1835863538924cb6b91ad4eb57ced0181, 0x844fd7063f1772b24e56ed1f1dd4f5e2264a699c9634d46c7d983fda20711b52]) [staticcall]
    │   ├─ [0] console::log("Verifying leaf:", 41333877701255859865019379003725985110118058655845990608936096526874421775531 [4.133e76]) [staticcall]
    │   │   └─ ← ()
    │   ├─ [0] console::log("Merkle root:", 89709993437819090715244684135109748987612014501279755898185279741628015643361 [8.97e76]) [staticcall]
    │   │   └─ ← ()
    │   ├─ [0] console::log("Proof length:", 4) [staticcall]
    │   │   └─ ← ()
    │   ├─ [0] console::log("Proof element", 0, ":", 77058788664304649396218556642747909996121735590822886025965307874683454946759 [7.705e76]) [staticcall]
    │   │   └─ ← ()
    │   ├─ [0] console::log("Computed hash after element", 0, ":", 89139659228322516991511902812947417818976567277539582619759529237285492222351 [8.913e76]) [staticcall]
    │   │   └─ ← ()
    │   ├─ [0] console::log("Proof element", 1, ":", 79680312521381101304386615379526824036772258414601889669286272159596699208134 [7.968e76]) [staticcall]
    │   │   └─ ← ()
    │   ├─ [0] console::log("Computed hash after element", 1, ":", 90519645207031266945590244632322326520069529432013691057992262226385608141027 [9.051e76]) [staticcall]
    │   │   └─ ← ()
    │   ├─ [0] console::log("Proof element", 2, ":", 86167276729270415220365293603154116830872546334163333883227179387055231533441 [8.616e76]) [staticcall]
    │   │   └─ ← ()
    │   ├─ [0] console::log("Computed hash after element", 2, ":", 44812029912269844639383167223451376600872748978496635971607178627452478213724 [4.481e76]) [staticcall]
    │   │   └─ ← ()
    │   ├─ [0] console::log("Proof element", 3, ":", 59846360974977215937939741324844671950948236329323978032390829136492606069586 [5.984e76]) [staticcall]
    │   │   └─ ← ()
    │   ├─ [0] console::log("Computed hash after element", 3, ":", 89709993437819090715244684135109748987612014501279755898185279741628015643361 [8.97e76]) [staticcall]
    │   │   └─ ← ()
    │   ├─ [0] console::log("Is valid:", true) [staticcall]
    │   │   └─ ← ()
    │   └─ ← true
    ├─ [0] console::log("--- End of verification details ---") [staticcall]
    │   └─ ← ()
    ├─ [0] console::log("Successfully verified leaf 8 after adding 11 leaves") [staticcall]
    │   └─ ← ()
    ├─ [26429] MerkleStorageOZ::getProof(8) [staticcall]
    │   ├─ [0] console::log("Getting proof for leaf index:", 8) [staticcall]
    │   │   └─ ← ()
    │   ├─ [0] console::log("Tree depth:", 4) [staticcall]
    │   │   └─ ← ()
    │   ├─ [0] console::log("Level", 0, "size:", 11) [staticcall]
    │   │   └─ ← ()
    │   ├─ [0] console::log("Added to proof:", 19972288769315928479630679177845711677268766594983667860090139443496462084286 [1.997e76]) [staticcall]
    │   │   └─ ← ()
    │   ├─ [0] console::log("Level", 1, "size:", 6) [staticcall]
    │   │   └─ ← ()
    │   ├─ [0] console::log("Added to proof:", 11059502003765752708342665740916089834825294147016530688590526355732680035651 [1.105e76]) [staticcall]
    │   │   └─ ← ()
    │   ├─ [0] console::log("Level", 2, "size:", 3) [staticcall]
    │   │   └─ ← ()
    │   ├─ [0] console::log("Added to proof (odd level):", 59846360974977215937939741324844671950948236329323978032390829136492606069586 [5.984e76]) [staticcall]
    │   │   └─ ← ()
    │   ├─ [0] console::log("Level", 3, "size:", 2) [staticcall]
    │   │   └─ ← ()
    │   ├─ [0] console::log("Added to proof:", 44812029912269844639383167223451376600872748978496635971607178627452478213724 [4.481e76]) [staticcall]
    │   │   └─ ← ()
    │   ├─ [0] console::log("Final proof length:", 4) [staticcall]
    │   │   └─ ← ()
    │   └─ ← [0x2c27ea3376eac042eece8f0c78a7d7051fe8b7945d2746e7c321d2b5968468be, 0x187374d08f1fbae82b4bfcec5f832bc78271f5d335a3860d721db1e6b05a4d43, 0x844fd7063f1772b24e56ed1f1dd4f5e2264a699c9634d46c7d983fda20711b52, 0x6312b5c9c0f90c16707fa38ba42f8fe1608c5fa99a1772af08b1ea466614ce5c]
    ├─ [0] console::log("--- Verification details for leaf 9 after adding 11 leaves ---") [staticcall]
    │   └─ ← ()
    ├─ [13788] MerkleStorageOZ::verifyLeaf(0x6c65616639, [0x2c27ea3376eac042eece8f0c78a7d7051fe8b7945d2746e7c321d2b5968468be, 0x187374d08f1fbae82b4bfcec5f832bc78271f5d335a3860d721db1e6b05a4d43, 0x844fd7063f1772b24e56ed1f1dd4f5e2264a699c9634d46c7d983fda20711b52, 0x6312b5c9c0f90c16707fa38ba42f8fe1608c5fa99a1772af08b1ea466614ce5c]) [staticcall]
    │   ├─ [0] console::log("Verifying leaf:", 83097023403658896075826216087624068326805273787826444717403742070225742999267 [8.309e76]) [staticcall]
    │   │   └─ ← ()
    │   ├─ [0] console::log("Merkle root:", 89709993437819090715244684135109748987612014501279755898185279741628015643361 [8.97e76]) [staticcall]
    │   │   └─ ← ()
    │   ├─ [0] console::log("Proof length:", 4) [staticcall]
    │   │   └─ ← ()
    │   ├─ [0] console::log("Proof element", 0, ":", 19972288769315928479630679177845711677268766594983667860090139443496462084286 [1.997e76]) [staticcall]
    │   │   └─ ← ()
    │   ├─ [0] console::log("Computed hash after element", 0, ":", 110058130168134052799716071097073281996591153893535428294527808496692578065614 [1.1e77]) [staticcall]
    │   │   └─ ← ()
    │   ├─ [0] console::log("Proof element", 1, ":", 11059502003765752708342665740916089834825294147016530688590526355732680035651 [1.105e76]) [staticcall]
    │   │   └─ ← ()
    │   ├─ [0] console::log("Computed hash after element", 1, ":", 59846360974977215937939741324844671950948236329323978032390829136492606069586 [5.984e76]) [staticcall]
    │   │   └─ ← ()
    │   ├─ [0] console::log("Proof element", 2, ":", 59846360974977215937939741324844671950948236329323978032390829136492606069586 [5.984e76]) [staticcall]
    │   │   └─ ← ()
    │   ├─ [0] console::log("Computed hash after element", 2, ":", 92738938118692933721850680455891735607015661943946198183547163095495303326636 [9.273e76]) [staticcall]
    │   │   └─ ← ()
    │   ├─ [0] console::log("Proof element", 3, ":", 44812029912269844639383167223451376600872748978496635971607178627452478213724 [4.481e76]) [staticcall]
    │   │   └─ ← ()
    │   ├─ [0] console::log("Computed hash after element", 3, ":", 34674088924069878652871236454070735876340663827781190964685345147146172524016 [3.467e76]) [staticcall]
    │   │   └─ ← ()
    │   ├─ [0] console::log("Is valid:", false) [staticcall]
    │   │   └─ ← ()
    │   └─ ← false
    ├─ [0] console::log("--- End of verification details ---") [staticcall]
    │   └─ ← ()
    ├─ [0] console::log("Failed to verify leaf 9 after adding 11 leaves") [staticcall]
    │   └─ ← ()
    ├─ [26344] MerkleStorageOZ::getProof(9) [staticcall]
    │   ├─ [0] console::log("Getting proof for leaf index:", 9) [staticcall]
    │   │   └─ ← ()
    │   ├─ [0] console::log("Tree depth:", 4) [staticcall]
    │   │   └─ ← ()
    │   ├─ [0] console::log("Level", 0, "size:", 11) [staticcall]
    │   │   └─ ← ()
    │   ├─ [0] console::log("Added to proof:", 83097023403658896075826216087624068326805273787826444717403742070225742999267 [8.309e76]) [staticcall]
    │   │   └─ ← ()
    │   ├─ [0] console::log("Level", 1, "size:", 6) [staticcall]
    │   │   └─ ← ()
    │   ├─ [0] console::log("Added to proof:", 11059502003765752708342665740916089834825294147016530688590526355732680035651 [1.105e76]) [staticcall]
    │   │   └─ ← ()
    │   ├─ [0] console::log("Level", 2, "size:", 3) [staticcall]
    │   │   └─ ← ()
    │   ├─ [0] console::log("Added to proof (odd level):", 59846360974977215937939741324844671950948236329323978032390829136492606069586 [5.984e76]) [staticcall]
    │   │   └─ ← ()
    │   ├─ [0] console::log("Level", 3, "size:", 2) [staticcall]
    │   │   └─ ← ()
    │   ├─ [0] console::log("Added to proof:", 44812029912269844639383167223451376600872748978496635971607178627452478213724 [4.481e76]) [staticcall]
    │   │   └─ ← ()
    │   ├─ [0] console::log("Final proof length:", 4) [staticcall]
    │   │   └─ ← ()
    │   └─ ← [0xb7b73f9f206e380e92907f3d38c9caa544ee92ddc0a78c67c76f3eb5e05a2ee3, 0x187374d08f1fbae82b4bfcec5f832bc78271f5d335a3860d721db1e6b05a4d43, 0x844fd7063f1772b24e56ed1f1dd4f5e2264a699c9634d46c7d983fda20711b52, 0x6312b5c9c0f90c16707fa38ba42f8fe1608c5fa99a1772af08b1ea466614ce5c]
    ├─ [0] console::log("--- Verification details for leaf 10 after adding 11 leaves ---") [staticcall]
    │   └─ ← ()
    ├─ [13798] MerkleStorageOZ::verifyLeaf(0x6c6561663130, [0xb7b73f9f206e380e92907f3d38c9caa544ee92ddc0a78c67c76f3eb5e05a2ee3, 0x187374d08f1fbae82b4bfcec5f832bc78271f5d335a3860d721db1e6b05a4d43, 0x844fd7063f1772b24e56ed1f1dd4f5e2264a699c9634d46c7d983fda20711b52, 0x6312b5c9c0f90c16707fa38ba42f8fe1608c5fa99a1772af08b1ea466614ce5c]) [staticcall]
    │   ├─ [0] console::log("Verifying leaf:", 19972288769315928479630679177845711677268766594983667860090139443496462084286 [1.997e76]) [staticcall]
    │   │   └─ ← ()
    │   ├─ [0] console::log("Merkle root:", 89709993437819090715244684135109748987612014501279755898185279741628015643361 [8.97e76]) [staticcall]
    │   │   └─ ← ()
    │   ├─ [0] console::log("Proof length:", 4) [staticcall]
    │   │   └─ ← ()
    │   ├─ [0] console::log("Proof element", 0, ":", 83097023403658896075826216087624068326805273787826444717403742070225742999267 [8.309e76]) [staticcall]
    │   │   └─ ← ()
    │   ├─ [0] console::log("Computed hash after element", 0, ":", 110058130168134052799716071097073281996591153893535428294527808496692578065614 [1.1e77]) [staticcall]
    │   │   └─ ← ()
    │   ├─ [0] console::log("Proof element", 1, ":", 11059502003765752708342665740916089834825294147016530688590526355732680035651 [1.105e76]) [staticcall]
    │   │   └─ ← ()
    │   ├─ [0] console::log("Computed hash after element", 1, ":", 59846360974977215937939741324844671950948236329323978032390829136492606069586 [5.984e76]) [staticcall]
    │   │   └─ ← ()
    │   ├─ [0] console::log("Proof element", 2, ":", 59846360974977215937939741324844671950948236329323978032390829136492606069586 [5.984e76]) [staticcall]
    │   │   └─ ← ()
    │   ├─ [0] console::log("Computed hash after element", 2, ":", 92738938118692933721850680455891735607015661943946198183547163095495303326636 [9.273e76]) [staticcall]
    │   │   └─ ← ()
    │   ├─ [0] console::log("Proof element", 3, ":", 44812029912269844639383167223451376600872748978496635971607178627452478213724 [4.481e76]) [staticcall]
    │   │   └─ ← ()
    │   ├─ [0] console::log("Computed hash after element", 3, ":", 34674088924069878652871236454070735876340663827781190964685345147146172524016 [3.467e76]) [staticcall]
    │   │   └─ ← ()
    │   ├─ [0] console::log("Is valid:", false) [staticcall]
    │   │   └─ ← ()
    │   └─ ← false
    ├─ [0] console::log("--- End of verification details ---") [staticcall]
    │   └─ ← ()
    ├─ [0] console::log("Failed to verify leaf 10 after adding 11 leaves") [staticcall]
    │   └─ ← ()
    ├─ [26346] MerkleStorageOZ::getProof(10) [staticcall]
    │   ├─ [0] console::log("Getting proof for leaf index:", 10) [staticcall]
    │   │   └─ ← ()
    │   ├─ [0] console::log("Tree depth:", 4) [staticcall]
    │   │   └─ ← ()
    │   ├─ [0] console::log("Level", 0, "size:", 11) [staticcall]
    │   │   └─ ← ()
    │   ├─ [0] console::log("Added to proof (odd level):", 11059502003765752708342665740916089834825294147016530688590526355732680035651 [1.105e76]) [staticcall]
    │   │   └─ ← ()
    │   ├─ [0] console::log("Level", 1, "size:", 6) [staticcall]
    │   │   └─ ← ()
    │   ├─ [0] console::log("Added to proof:", 110058130168134052799716071097073281996591153893535428294527808496692578065614 [1.1e77]) [staticcall]
    │   │   └─ ← ()
    │   ├─ [0] console::log("Level", 2, "size:", 3) [staticcall]
    │   │   └─ ← ()
    │   ├─ [0] console::log("Added to proof (odd level):", 59846360974977215937939741324844671950948236329323978032390829136492606069586 [5.984e76]) [staticcall]
    │   │   └─ ← ()
    │   ├─ [0] console::log("Level", 3, "size:", 2) [staticcall]
    │   │   └─ ← ()
    │   ├─ [0] console::log("Added to proof:", 44812029912269844639383167223451376600872748978496635971607178627452478213724 [4.481e76]) [staticcall]
    │   │   └─ ← ()
    │   ├─ [0] console::log("Final proof length:", 4) [staticcall]
    │   │   └─ ← ()
    │   └─ ← [0x187374d08f1fbae82b4bfcec5f832bc78271f5d335a3860d721db1e6b05a4d43, 0xf352b1b5872acb8684bb694175cf18f81a134d5ff86ae93833369c25d9cd9cce, 0x844fd7063f1772b24e56ed1f1dd4f5e2264a699c9634d46c7d983fda20711b52, 0x6312b5c9c0f90c16707fa38ba42f8fe1608c5fa99a1772af08b1ea466614ce5c]
    ├─ [0] console::log("--- Verification details for leaf 11 after adding 11 leaves ---") [staticcall]
    │   └─ ← ()
    ├─ [13798] MerkleStorageOZ::verifyLeaf(0x6c6561663131, [0x187374d08f1fbae82b4bfcec5f832bc78271f5d335a3860d721db1e6b05a4d43, 0xf352b1b5872acb8684bb694175cf18f81a134d5ff86ae93833369c25d9cd9cce, 0x844fd7063f1772b24e56ed1f1dd4f5e2264a699c9634d46c7d983fda20711b52, 0x6312b5c9c0f90c16707fa38ba42f8fe1608c5fa99a1772af08b1ea466614ce5c]) [staticcall]
    │   ├─ [0] console::log("Verifying leaf:", 11059502003765752708342665740916089834825294147016530688590526355732680035651 [1.105e76]) [staticcall]
    │   │   └─ ← ()
    │   ├─ [0] console::log("Merkle root:", 89709993437819090715244684135109748987612014501279755898185279741628015643361 [8.97e76]) [staticcall]
    │   │   └─ ← ()
    │   ├─ [0] console::log("Proof length:", 4) [staticcall]
    │   │   └─ ← ()
    │   ├─ [0] console::log("Proof element", 0, ":", 11059502003765752708342665740916089834825294147016530688590526355732680035651 [1.105e76]) [staticcall]
    │   │   └─ ← ()
    │   ├─ [0] console::log("Computed hash after element", 0, ":", 36105261476890798551520600578788426822983039564491927115664021631323109927504 [3.61e76]) [staticcall]
    │   │   └─ ← ()
    │   ├─ [0] console::log("Proof element", 1, ":", 110058130168134052799716071097073281996591153893535428294527808496692578065614 [1.1e77]) [staticcall]
    │   │   └─ ← ()
    │   ├─ [0] console::log("Computed hash after element", 1, ":", 66606012906081385432956264375857627936702441624551450857309563778062849831844 [6.66e76]) [staticcall]
    │   │   └─ ← ()
    │   ├─ [0] console::log("Proof element", 2, ":", 59846360974977215937939741324844671950948236329323978032390829136492606069586 [5.984e76]) [staticcall]
    │   │   └─ ← ()
    │   ├─ [0] console::log("Computed hash after element", 2, ":", 87501449471566838044329406800409837725679443640180926526868423042013244752364 [8.75e76]) [staticcall]
    │   │   └─ ← ()
    │   ├─ [0] console::log("Proof element", 3, ":", 44812029912269844639383167223451376600872748978496635971607178627452478213724 [4.481e76]) [staticcall]
    │   │   └─ ← ()
    │   ├─ [0] console::log("Computed hash after element", 3, ":", 4224498250175873924238287086505916171915406069918665509685570477444133689436 [4.224e75]) [staticcall]
    │   │   └─ ← ()
    │   ├─ [0] console::log("Is valid:", false) [staticcall]
    │   │   └─ ← ()
    │   └─ ← false
    ├─ [0] console::log("--- End of verification details ---") [staticcall]
    │   └─ ← ()
    ├─ [0] console::log("Failed to verify leaf 11 after adding 11 leaves") [staticcall]
    │   └─ ← ()
    ├─ [37540] MerkleStorageOZ::addLeaf(0x6c6561663132)
    │   ├─ emit LeafAdded(leaf: 0xd58dbb1e54dc3320d5987448e4420e22460237351984e558e88f81a4e36085ce, index: 11)
    │   ├─ emit MerkleRootUpdated(newRoot: 0xe8b69e96ecc1c49a94f1ea5d5bbaab6849a8ae8ed5d4fd336ebdf264b7fcad93)
    │   └─ ← ()
    ├─ [0] console::log("Added leaf 12") [staticcall]
    │   └─ ← ()
    ├─ [26935] MerkleStorageOZ::getProof(0) [staticcall]
    │   ├─ [0] console::log("Getting proof for leaf index:", 0) [staticcall]
    │   │   └─ ← ()
    │   ├─ [0] console::log("Tree depth:", 4) [staticcall]
    │   │   └─ ← ()
    │   ├─ [0] console::log("Level", 0, "size:", 12) [staticcall]
    │   │   └─ ← ()
    │   ├─ [0] console::log("Added to proof:", 84303433209692230857384970403333823748570319246869449369625637863858470744792 [8.43e76]) [staticcall]
    │   │   └─ ← ()
    │   ├─ [0] console::log("Level", 1, "size:", 6) [staticcall]
    │   │   └─ ← ()
    │   ├─ [0] console::log("Added to proof:", 42994468410347004737970376126143620665813473361490896099477539813509562736181 [4.299e76]) [staticcall]
    │   │   └─ ← ()
    │   ├─ [0] console::log("Level", 2, "size:", 3) [staticcall]
    │   │   └─ ← ()
    │   ├─ [0] console::log("Added to proof:", 90519645207031266945590244632322326520069529432013691057992262226385608141027 [9.051e76]) [staticcall]
    │   │   └─ ← ()
    │   ├─ [0] console::log("Level", 3, "size:", 2) [staticcall]
    │   │   └─ ← ()
    │   ├─ [0] console::log("Added to proof:", 107653161125649642032491443308982527566324346567968513637810199776622513001405 [1.076e77]) [staticcall]
    │   │   └─ ← ()
    │   ├─ [0] console::log("Final proof length:", 4) [staticcall]
    │   │   └─ ← ()
    │   └─ ← [0xba620d61dac4ddf2d7905722b259b0bd34ec4d37c5796d9a22537c54b3f972d8, 0x5f0e01babb612c872c711c3804090c0fcd42d13e2ddbd99d21e73f30afa59e35, 0xc8204db79981b461dca6928459414628e9784deec1c74154434eb580b50868e3, 0xee0187a9e1cd26963ee5f1e99031a2da9d737039b6c237adc84770a6d2d893bd]
    ├─ [0] console::log("--- Verification details for leaf 1 after adding 12 leaves ---") [staticcall]
    │   └─ ← ()
    ├─ [13818] MerkleStorageOZ::verifyLeaf(0x6c65616631, [0xba620d61dac4ddf2d7905722b259b0bd34ec4d37c5796d9a22537c54b3f972d8, 0x5f0e01babb612c872c711c3804090c0fcd42d13e2ddbd99d21e73f30afa59e35, 0xc8204db79981b461dca6928459414628e9784deec1c74154434eb580b50868e3, 0xee0187a9e1cd26963ee5f1e99031a2da9d737039b6c237adc84770a6d2d893bd]) [staticcall]
    │   ├─ [0] console::log("Verifying leaf:", 1534629507014924801801850062420965747762703560098700086918056654539096211930 [1.534e75]) [staticcall]
    │   │   └─ ← ()
    │   ├─ [0] console::log("Merkle root:", 105259241581955673391122455805714739376702936126509763349222900225993164500371 [1.052e77]) [staticcall]
    │   │   └─ ← ()
    │   ├─ [0] console::log("Proof length:", 4) [staticcall]
    │   │   └─ ← ()
    │   ├─ [0] console::log("Proof element", 0, ":", 84303433209692230857384970403333823748570319246869449369625637863858470744792 [8.43e76]) [staticcall]
    │   │   └─ ← ()
    │   ├─ [0] console::log("Computed hash after element", 0, ":", 4819654492366420278237764346194618123787186199882361681321774604810163462263 [4.819e75]) [staticcall]
    │   │   └─ ← ()
    │   ├─ [0] console::log("Proof element", 1, ":", 42994468410347004737970376126143620665813473361490896099477539813509562736181 [4.299e76]) [staticcall]
    │   │   └─ ← ()
    │   ├─ [0] console::log("Computed hash after element", 1, ":", 86167276729270415220365293603154116830872546334163333883227179387055231533441 [8.616e76]) [staticcall]
    │   │   └─ ← ()
    │   ├─ [0] console::log("Proof element", 2, ":", 90519645207031266945590244632322326520069529432013691057992262226385608141027 [9.051e76]) [staticcall]
    │   │   └─ ← ()
    │   ├─ [0] console::log("Computed hash after element", 2, ":", 44812029912269844639383167223451376600872748978496635971607178627452478213724 [4.481e76]) [staticcall]
    │   │   └─ ← ()
    │   ├─ [0] console::log("Proof element", 3, ":", 107653161125649642032491443308982527566324346567968513637810199776622513001405 [1.076e77]) [staticcall]
    │   │   └─ ← ()
    │   ├─ [0] console::log("Computed hash after element", 3, ":", 105259241581955673391122455805714739376702936126509763349222900225993164500371 [1.052e77]) [staticcall]
    │   │   └─ ← ()
    │   ├─ [0] console::log("Is valid:", true) [staticcall]
    │   │   └─ ← ()
    │   └─ ← true
    ├─ [0] console::log("--- End of verification details ---") [staticcall]
    │   └─ ← ()
    ├─ [0] console::log("Successfully verified leaf 1 after adding 12 leaves") [staticcall]
    │   └─ ← ()
    ├─ [26850] MerkleStorageOZ::getProof(1) [staticcall]
    │   ├─ [0] console::log("Getting proof for leaf index:", 1) [staticcall]
    │   │   └─ ← ()
    │   ├─ [0] console::log("Tree depth:", 4) [staticcall]
    │   │   └─ ← ()
    │   ├─ [0] console::log("Level", 0, "size:", 12) [staticcall]
    │   │   └─ ← ()
    │   ├─ [0] console::log("Added to proof:", 1534629507014924801801850062420965747762703560098700086918056654539096211930 [1.534e75]) [staticcall]
    │   │   └─ ← ()
    │   ├─ [0] console::log("Level", 1, "size:", 6) [staticcall]
    │   │   └─ ← ()
    │   ├─ [0] console::log("Added to proof:", 42994468410347004737970376126143620665813473361490896099477539813509562736181 [4.299e76]) [staticcall]
    │   │   └─ ← ()
    │   ├─ [0] console::log("Level", 2, "size:", 3) [staticcall]
    │   │   └─ ← ()
    │   ├─ [0] console::log("Added to proof:", 90519645207031266945590244632322326520069529432013691057992262226385608141027 [9.051e76]) [staticcall]
    │   │   └─ ← ()
    │   ├─ [0] console::log("Level", 3, "size:", 2) [staticcall]
    │   │   └─ ← ()
    │   ├─ [0] console::log("Added to proof:", 107653161125649642032491443308982527566324346567968513637810199776622513001405 [1.076e77]) [staticcall]
    │   │   └─ ← ()
    │   ├─ [0] console::log("Final proof length:", 4) [staticcall]
    │   │   └─ ← ()
    │   └─ ← [0x036491cc10808eeb0ff717314df6f19ba2e232d04d5f039f6fa382cae41641da, 0x5f0e01babb612c872c711c3804090c0fcd42d13e2ddbd99d21e73f30afa59e35, 0xc8204db79981b461dca6928459414628e9784deec1c74154434eb580b50868e3, 0xee0187a9e1cd26963ee5f1e99031a2da9d737039b6c237adc84770a6d2d893bd]
    ├─ [0] console::log("--- Verification details for leaf 2 after adding 12 leaves ---") [staticcall]
    │   └─ ← ()
    ├─ [13808] MerkleStorageOZ::verifyLeaf(0x6c65616632, [0x036491cc10808eeb0ff717314df6f19ba2e232d04d5f039f6fa382cae41641da, 0x5f0e01babb612c872c711c3804090c0fcd42d13e2ddbd99d21e73f30afa59e35, 0xc8204db79981b461dca6928459414628e9784deec1c74154434eb580b50868e3, 0xee0187a9e1cd26963ee5f1e99031a2da9d737039b6c237adc84770a6d2d893bd]) [staticcall]
    │   ├─ [0] console::log("Verifying leaf:", 84303433209692230857384970403333823748570319246869449369625637863858470744792 [8.43e76]) [staticcall]
    │   │   └─ ← ()
    │   ├─ [0] console::log("Merkle root:", 105259241581955673391122455805714739376702936126509763349222900225993164500371 [1.052e77]) [staticcall]
    │   │   └─ ← ()
    │   ├─ [0] console::log("Proof length:", 4) [staticcall]
    │   │   └─ ← ()
    │   ├─ [0] console::log("Proof element", 0, ":", 1534629507014924801801850062420965747762703560098700086918056654539096211930 [1.534e75]) [staticcall]
    │   │   └─ ← ()
    │   ├─ [0] console::log("Computed hash after element", 0, ":", 4819654492366420278237764346194618123787186199882361681321774604810163462263 [4.819e75]) [staticcall]
    │   │   └─ ← ()
    │   ├─ [0] console::log("Proof element", 1, ":", 42994468410347004737970376126143620665813473361490896099477539813509562736181 [4.299e76]) [staticcall]
    │   │   └─ ← ()
    │   ├─ [0] console::log("Computed hash after element", 1, ":", 86167276729270415220365293603154116830872546334163333883227179387055231533441 [8.616e76]) [staticcall]
    │   │   └─ ← ()
    │   ├─ [0] console::log("Proof element", 2, ":", 90519645207031266945590244632322326520069529432013691057992262226385608141027 [9.051e76]) [staticcall]
    │   │   └─ ← ()
    │   ├─ [0] console::log("Computed hash after element", 2, ":", 44812029912269844639383167223451376600872748978496635971607178627452478213724 [4.481e76]) [staticcall]
    │   │   └─ ← ()
    │   ├─ [0] console::log("Proof element", 3, ":", 107653161125649642032491443308982527566324346567968513637810199776622513001405 [1.076e77]) [staticcall]
    │   │   └─ ← ()
    │   ├─ [0] console::log("Computed hash after element", 3, ":", 105259241581955673391122455805714739376702936126509763349222900225993164500371 [1.052e77]) [staticcall]
    │   │   └─ ← ()
    │   ├─ [0] console::log("Is valid:", true) [staticcall]
    │   │   └─ ← ()
    │   └─ ← true
    ├─ [0] console::log("--- End of verification details ---") [staticcall]
    │   └─ ← ()
    ├─ [0] console::log("Successfully verified leaf 2 after adding 12 leaves") [staticcall]
    │   └─ ← ()
    ├─ [26850] MerkleStorageOZ::getProof(2) [staticcall]
    │   ├─ [0] console::log("Getting proof for leaf index:", 2) [staticcall]
    │   │   └─ ← ()
    │   ├─ [0] console::log("Tree depth:", 4) [staticcall]
    │   │   └─ ← ()
    │   ├─ [0] console::log("Level", 0, "size:", 12) [staticcall]
    │   │   └─ ← ()
    │   ├─ [0] console::log("Added to proof:", 9718660262289985226213547307049526568607798083323067650698233131271439501106 [9.718e75]) [staticcall]
    │   │   └─ ← ()
    │   ├─ [0] console::log("Level", 1, "size:", 6) [staticcall]
    │   │   └─ ← ()
    │   ├─ [0] console::log("Added to proof:", 4819654492366420278237764346194618123787186199882361681321774604810163462263 [4.819e75]) [staticcall]
    │   │   └─ ← ()
    │   ├─ [0] console::log("Level", 2, "size:", 3) [staticcall]
    │   │   └─ ← ()
    │   ├─ [0] console::log("Added to proof:", 90519645207031266945590244632322326520069529432013691057992262226385608141027 [9.051e76]) [staticcall]
    │   │   └─ ← ()
    │   ├─ [0] console::log("Level", 3, "size:", 2) [staticcall]
    │   │   └─ ← ()
    │   ├─ [0] console::log("Added to proof:", 107653161125649642032491443308982527566324346567968513637810199776622513001405 [1.076e77]) [staticcall]
    │   │   └─ ← ()
    │   ├─ [0] console::log("Final proof length:", 4) [staticcall]
    │   │   └─ ← ()
    │   └─ ← [0x157c9118369926e028fa6cf8dfe68c750c1adbd7b0e4918c2b3a23fe4017c732, 0x0aa7d3e8df6bbfe087828aef70a86fff5964660e89f14cbbbe406695bc1e2077, 0xc8204db79981b461dca6928459414628e9784deec1c74154434eb580b50868e3, 0xee0187a9e1cd26963ee5f1e99031a2da9d737039b6c237adc84770a6d2d893bd]
    ├─ [0] console::log("--- Verification details for leaf 3 after adding 12 leaves ---") [staticcall]
    │   └─ ← ()
    ├─ [13798] MerkleStorageOZ::verifyLeaf(0x6c65616633, [0x157c9118369926e028fa6cf8dfe68c750c1adbd7b0e4918c2b3a23fe4017c732, 0x0aa7d3e8df6bbfe087828aef70a86fff5964660e89f14cbbbe406695bc1e2077, 0xc8204db79981b461dca6928459414628e9784deec1c74154434eb580b50868e3, 0xee0187a9e1cd26963ee5f1e99031a2da9d737039b6c237adc84770a6d2d893bd]) [staticcall]
    │   ├─ [0] console::log("Verifying leaf:", 114806096316174656260172984043681595992173194076043313710926606652151351550195 [1.148e77]) [staticcall]
    │   │   └─ ← ()
    │   ├─ [0] console::log("Merkle root:", 105259241581955673391122455805714739376702936126509763349222900225993164500371 [1.052e77]) [staticcall]
    │   │   └─ ← ()
    │   ├─ [0] console::log("Proof length:", 4) [staticcall]
    │   │   └─ ← ()
    │   ├─ [0] console::log("Proof element", 0, ":", 9718660262289985226213547307049526568607798083323067650698233131271439501106 [9.718e75]) [staticcall]
    │   │   └─ ← ()
    │   ├─ [0] console::log("Computed hash after element", 0, ":", 42994468410347004737970376126143620665813473361490896099477539813509562736181 [4.299e76]) [staticcall]
    │   │   └─ ← ()
    │   ├─ [0] console::log("Proof element", 1, ":", 4819654492366420278237764346194618123787186199882361681321774604810163462263 [4.819e75]) [staticcall]
    │   │   └─ ← ()
    │   ├─ [0] console::log("Computed hash after element", 1, ":", 86167276729270415220365293603154116830872546334163333883227179387055231533441 [8.616e76]) [staticcall]
    │   │   └─ ← ()
    │   ├─ [0] console::log("Proof element", 2, ":", 90519645207031266945590244632322326520069529432013691057992262226385608141027 [9.051e76]) [staticcall]
    │   │   └─ ← ()
    │   ├─ [0] console::log("Computed hash after element", 2, ":", 44812029912269844639383167223451376600872748978496635971607178627452478213724 [4.481e76]) [staticcall]
    │   │   └─ ← ()
    │   ├─ [0] console::log("Proof element", 3, ":", 107653161125649642032491443308982527566324346567968513637810199776622513001405 [1.076e77]) [staticcall]
    │   │   └─ ← ()
    │   ├─ [0] console::log("Computed hash after element", 3, ":", 105259241581955673391122455805714739376702936126509763349222900225993164500371 [1.052e77]) [staticcall]
    │   │   └─ ← ()
    │   ├─ [0] console::log("Is valid:", true) [staticcall]
    │   │   └─ ← ()
    │   └─ ← true
    ├─ [0] console::log("--- End of verification details ---") [staticcall]
    │   └─ ← ()
    ├─ [0] console::log("Successfully verified leaf 3 after adding 12 leaves") [staticcall]
    │   └─ ← ()
    ├─ [26765] MerkleStorageOZ::getProof(3) [staticcall]
    │   ├─ [0] console::log("Getting proof for leaf index:", 3) [staticcall]
    │   │   └─ ← ()
    │   ├─ [0] console::log("Tree depth:", 4) [staticcall]
    │   │   └─ ← ()
    │   ├─ [0] console::log("Level", 0, "size:", 12) [staticcall]
    │   │   └─ ← ()
    │   ├─ [0] console::log("Added to proof:", 114806096316174656260172984043681595992173194076043313710926606652151351550195 [1.148e77]) [staticcall]
    │   │   └─ ← ()
    │   ├─ [0] console::log("Level", 1, "size:", 6) [staticcall]
    │   │   └─ ← ()
    │   ├─ [0] console::log("Added to proof:", 4819654492366420278237764346194618123787186199882361681321774604810163462263 [4.819e75]) [staticcall]
    │   │   └─ ← ()
    │   ├─ [0] console::log("Level", 2, "size:", 3) [staticcall]
    │   │   └─ ← ()
    │   ├─ [0] console::log("Added to proof:", 90519645207031266945590244632322326520069529432013691057992262226385608141027 [9.051e76]) [staticcall]
    │   │   └─ ← ()
    │   ├─ [0] console::log("Level", 3, "size:", 2) [staticcall]
    │   │   └─ ← ()
    │   ├─ [0] console::log("Added to proof:", 107653161125649642032491443308982527566324346567968513637810199776622513001405 [1.076e77]) [staticcall]
    │   │   └─ ← ()
    │   ├─ [0] console::log("Final proof length:", 4) [staticcall]
    │   │   └─ ← ()
    │   └─ ← [0xfdd1f2a1ec75fe968421a41d2282200de6bec6a21f81080a71b1053d9c0120f3, 0x0aa7d3e8df6bbfe087828aef70a86fff5964660e89f14cbbbe406695bc1e2077, 0xc8204db79981b461dca6928459414628e9784deec1c74154434eb580b50868e3, 0xee0187a9e1cd26963ee5f1e99031a2da9d737039b6c237adc84770a6d2d893bd]
    ├─ [0] console::log("--- Verification details for leaf 4 after adding 12 leaves ---") [staticcall]
    │   └─ ← ()
    ├─ [13808] MerkleStorageOZ::verifyLeaf(0x6c65616634, [0xfdd1f2a1ec75fe968421a41d2282200de6bec6a21f81080a71b1053d9c0120f3, 0x0aa7d3e8df6bbfe087828aef70a86fff5964660e89f14cbbbe406695bc1e2077, 0xc8204db79981b461dca6928459414628e9784deec1c74154434eb580b50868e3, 0xee0187a9e1cd26963ee5f1e99031a2da9d737039b6c237adc84770a6d2d893bd]) [staticcall]
    │   ├─ [0] console::log("Verifying leaf:", 9718660262289985226213547307049526568607798083323067650698233131271439501106 [9.718e75]) [staticcall]
    │   │   └─ ← ()
    │   ├─ [0] console::log("Merkle root:", 105259241581955673391122455805714739376702936126509763349222900225993164500371 [1.052e77]) [staticcall]
    │   │   └─ ← ()
    │   ├─ [0] console::log("Proof length:", 4) [staticcall]
    │   │   └─ ← ()
    │   ├─ [0] console::log("Proof element", 0, ":", 114806096316174656260172984043681595992173194076043313710926606652151351550195 [1.148e77]) [staticcall]
    │   │   └─ ← ()
    │   ├─ [0] console::log("Computed hash after element", 0, ":", 42994468410347004737970376126143620665813473361490896099477539813509562736181 [4.299e76]) [staticcall]
    │   │   └─ ← ()
    │   ├─ [0] console::log("Proof element", 1, ":", 4819654492366420278237764346194618123787186199882361681321774604810163462263 [4.819e75]) [staticcall]
    │   │   └─ ← ()
    │   ├─ [0] console::log("Computed hash after element", 1, ":", 86167276729270415220365293603154116830872546334163333883227179387055231533441 [8.616e76]) [staticcall]
    │   │   └─ ← ()
    │   ├─ [0] console::log("Proof element", 2, ":", 90519645207031266945590244632322326520069529432013691057992262226385608141027 [9.051e76]) [staticcall]
    │   │   └─ ← ()
    │   ├─ [0] console::log("Computed hash after element", 2, ":", 44812029912269844639383167223451376600872748978496635971607178627452478213724 [4.481e76]) [staticcall]
    │   │   └─ ← ()
    │   ├─ [0] console::log("Proof element", 3, ":", 107653161125649642032491443308982527566324346567968513637810199776622513001405 [1.076e77]) [staticcall]
    │   │   └─ ← ()
    │   ├─ [0] console::log("Computed hash after element", 3, ":", 105259241581955673391122455805714739376702936126509763349222900225993164500371 [1.052e77]) [staticcall]
    │   │   └─ ← ()
    │   ├─ [0] console::log("Is valid:", true) [staticcall]
    │   │   └─ ← ()
    │   └─ ← true
    ├─ [0] console::log("--- End of verification details ---") [staticcall]
    │   └─ ← ()
    ├─ [0] console::log("Successfully verified leaf 4 after adding 12 leaves") [staticcall]
    │   └─ ← ()
    ├─ [26850] MerkleStorageOZ::getProof(4) [staticcall]
    │   ├─ [0] console::log("Getting proof for leaf index:", 4) [staticcall]
    │   │   └─ ← ()
    │   ├─ [0] console::log("Tree depth:", 4) [staticcall]
    │   │   └─ ← ()
    │   ├─ [0] console::log("Level", 0, "size:", 12) [staticcall]
    │   │   └─ ← ()
    │   ├─ [0] console::log("Added to proof:", 42656216575733633865718546135288608701490211943531992892543518422469545049160 [4.265e76]) [staticcall]
    │   │   └─ ← ()
    │   ├─ [0] console::log("Level", 1, "size:", 6) [staticcall]
    │   │   └─ ← ()
    │   ├─ [0] console::log("Added to proof:", 89139659228322516991511902812947417818976567277539582619759529237285492222351 [8.913e76]) [staticcall]
    │   │   └─ ← ()
    │   ├─ [0] console::log("Level", 2, "size:", 3) [staticcall]
    │   │   └─ ← ()
    │   ├─ [0] console::log("Added to proof:", 86167276729270415220365293603154116830872546334163333883227179387055231533441 [8.616e76]) [staticcall]
    │   │   └─ ← ()
    │   ├─ [0] console::log("Level", 3, "size:", 2) [staticcall]
    │   │   └─ ← ()
    │   ├─ [0] console::log("Added to proof:", 107653161125649642032491443308982527566324346567968513637810199776622513001405 [1.076e77]) [staticcall]
    │   │   └─ ← ()
    │   ├─ [0] console::log("Final proof length:", 4) [staticcall]
    │   │   └─ ← ()
    │   └─ ← [0x5e4e9020e0ae47d1b353192e416c1873ec642cb2e75d68faa1be2665df6c3c48, 0xc513425acc7aa543abb5dc1ff382f69776a7ff7f57d334f6cea222ae2803e98f, 0xbe80f348526b4646bc0697bf2fe649f1835863538924cb6b91ad4eb57ced0181, 0xee0187a9e1cd26963ee5f1e99031a2da9d737039b6c237adc84770a6d2d893bd]
    ├─ [0] console::log("--- Verification details for leaf 5 after adding 12 leaves ---") [staticcall]
    │   └─ ← ()
    ├─ [13808] MerkleStorageOZ::verifyLeaf(0x6c65616635, [0x5e4e9020e0ae47d1b353192e416c1873ec642cb2e75d68faa1be2665df6c3c48, 0xc513425acc7aa543abb5dc1ff382f69776a7ff7f57d334f6cea222ae2803e98f, 0xbe80f348526b4646bc0697bf2fe649f1835863538924cb6b91ad4eb57ced0181, 0xee0187a9e1cd26963ee5f1e99031a2da9d737039b6c237adc84770a6d2d893bd]) [staticcall]
    │   ├─ [0] console::log("Verifying leaf:", 3327891084304698462684256911003812127873740397003554529128445276024109161606 [3.327e75]) [staticcall]
    │   │   └─ ← ()
    │   ├─ [0] console::log("Merkle root:", 105259241581955673391122455805714739376702936126509763349222900225993164500371 [1.052e77]) [staticcall]
    │   │   └─ ← ()
    │   ├─ [0] console::log("Proof length:", 4) [staticcall]
    │   │   └─ ← ()
    │   ├─ [0] console::log("Proof element", 0, ":", 42656216575733633865718546135288608701490211943531992892543518422469545049160 [4.265e76]) [staticcall]
    │   │   └─ ← ()
    │   ├─ [0] console::log("Computed hash after element", 0, ":", 79680312521381101304386615379526824036772258414601889669286272159596699208134 [7.968e76]) [staticcall]
    │   │   └─ ← ()
    │   ├─ [0] console::log("Proof element", 1, ":", 89139659228322516991511902812947417818976567277539582619759529237285492222351 [8.913e76]) [staticcall]
    │   │   └─ ← ()
    │   ├─ [0] console::log("Computed hash after element", 1, ":", 90519645207031266945590244632322326520069529432013691057992262226385608141027 [9.051e76]) [staticcall]
    │   │   └─ ← ()
    │   ├─ [0] console::log("Proof element", 2, ":", 86167276729270415220365293603154116830872546334163333883227179387055231533441 [8.616e76]) [staticcall]
    │   │   └─ ← ()
    │   ├─ [0] console::log("Computed hash after element", 2, ":", 44812029912269844639383167223451376600872748978496635971607178627452478213724 [4.481e76]) [staticcall]
    │   │   └─ ← ()
    │   ├─ [0] console::log("Proof element", 3, ":", 107653161125649642032491443308982527566324346567968513637810199776622513001405 [1.076e77]) [staticcall]
    │   │   └─ ← ()
    │   ├─ [0] console::log("Computed hash after element", 3, ":", 105259241581955673391122455805714739376702936126509763349222900225993164500371 [1.052e77]) [staticcall]
    │   │   └─ ← ()
    │   ├─ [0] console::log("Is valid:", true) [staticcall]
    │   │   └─ ← ()
    │   └─ ← true
    ├─ [0] console::log("--- End of verification details ---") [staticcall]
    │   └─ ← ()
    ├─ [0] console::log("Successfully verified leaf 5 after adding 12 leaves") [staticcall]
    │   └─ ← ()
    ├─ [26765] MerkleStorageOZ::getProof(5) [staticcall]
    │   ├─ [0] console::log("Getting proof for leaf index:", 5) [staticcall]
    │   │   └─ ← ()
    │   ├─ [0] console::log("Tree depth:", 4) [staticcall]
    │   │   └─ ← ()
    │   ├─ [0] console::log("Level", 0, "size:", 12) [staticcall]
    │   │   └─ ← ()
    │   ├─ [0] console::log("Added to proof:", 3327891084304698462684256911003812127873740397003554529128445276024109161606 [3.327e75]) [staticcall]
    │   │   └─ ← ()
    │   ├─ [0] console::log("Level", 1, "size:", 6) [staticcall]
    │   │   └─ ← ()
    │   ├─ [0] console::log("Added to proof:", 89139659228322516991511902812947417818976567277539582619759529237285492222351 [8.913e76]) [staticcall]
    │   │   └─ ← ()
    │   ├─ [0] console::log("Level", 2, "size:", 3) [staticcall]
    │   │   └─ ← ()
    │   ├─ [0] console::log("Added to proof:", 86167276729270415220365293603154116830872546334163333883227179387055231533441 [8.616e76]) [staticcall]
    │   │   └─ ← ()
    │   ├─ [0] console::log("Level", 3, "size:", 2) [staticcall]
    │   │   └─ ← ()
    │   ├─ [0] console::log("Added to proof:", 107653161125649642032491443308982527566324346567968513637810199776622513001405 [1.076e77]) [staticcall]
    │   │   └─ ← ()
    │   ├─ [0] console::log("Final proof length:", 4) [staticcall]
    │   │   └─ ← ()
    │   └─ ← [0x075b8504c98679ed33a097ef9b1466e8f4652142d4b19ab2c37fdf1668a65c86, 0xc513425acc7aa543abb5dc1ff382f69776a7ff7f57d334f6cea222ae2803e98f, 0xbe80f348526b4646bc0697bf2fe649f1835863538924cb6b91ad4eb57ced0181, 0xee0187a9e1cd26963ee5f1e99031a2da9d737039b6c237adc84770a6d2d893bd]
    ├─ [0] console::log("--- Verification details for leaf 6 after adding 12 leaves ---") [staticcall]
    │   └─ ← ()
    ├─ [13798] MerkleStorageOZ::verifyLeaf(0x6c65616636, [0x075b8504c98679ed33a097ef9b1466e8f4652142d4b19ab2c37fdf1668a65c86, 0xc513425acc7aa543abb5dc1ff382f69776a7ff7f57d334f6cea222ae2803e98f, 0xbe80f348526b4646bc0697bf2fe649f1835863538924cb6b91ad4eb57ced0181, 0xee0187a9e1cd26963ee5f1e99031a2da9d737039b6c237adc84770a6d2d893bd]) [staticcall]
    │   ├─ [0] console::log("Verifying leaf:", 42656216575733633865718546135288608701490211943531992892543518422469545049160 [4.265e76]) [staticcall]
    │   │   └─ ← ()
    │   ├─ [0] console::log("Merkle root:", 105259241581955673391122455805714739376702936126509763349222900225993164500371 [1.052e77]) [staticcall]
    │   │   └─ ← ()
    │   ├─ [0] console::log("Proof length:", 4) [staticcall]
    │   │   └─ ← ()
    │   ├─ [0] console::log("Proof element", 0, ":", 3327891084304698462684256911003812127873740397003554529128445276024109161606 [3.327e75]) [staticcall]
    │   │   └─ ← ()
    │   ├─ [0] console::log("Computed hash after element", 0, ":", 79680312521381101304386615379526824036772258414601889669286272159596699208134 [7.968e76]) [staticcall]
    │   │   └─ ← ()
    │   ├─ [0] console::log("Proof element", 1, ":", 89139659228322516991511902812947417818976567277539582619759529237285492222351 [8.913e76]) [staticcall]
    │   │   └─ ← ()
    │   ├─ [0] console::log("Computed hash after element", 1, ":", 90519645207031266945590244632322326520069529432013691057992262226385608141027 [9.051e76]) [staticcall]
    │   │   └─ ← ()
    │   ├─ [0] console::log("Proof element", 2, ":", 86167276729270415220365293603154116830872546334163333883227179387055231533441 [8.616e76]) [staticcall]
    │   │   └─ ← ()
    │   ├─ [0] console::log("Computed hash after element", 2, ":", 44812029912269844639383167223451376600872748978496635971607178627452478213724 [4.481e76]) [staticcall]
    │   │   └─ ← ()
    │   ├─ [0] console::log("Proof element", 3, ":", 107653161125649642032491443308982527566324346567968513637810199776622513001405 [1.076e77]) [staticcall]
    │   │   └─ ← ()
    │   ├─ [0] console::log("Computed hash after element", 3, ":", 105259241581955673391122455805714739376702936126509763349222900225993164500371 [1.052e77]) [staticcall]
    │   │   └─ ← ()
    │   ├─ [0] console::log("Is valid:", true) [staticcall]
    │   │   └─ ← ()
    │   └─ ← true
    ├─ [0] console::log("--- End of verification details ---") [staticcall]
    │   └─ ← ()
    ├─ [0] console::log("Successfully verified leaf 6 after adding 12 leaves") [staticcall]
    │   └─ ← ()
    ├─ [26765] MerkleStorageOZ::getProof(6) [staticcall]
    │   ├─ [0] console::log("Getting proof for leaf index:", 6) [staticcall]
    │   │   └─ ← ()
    │   ├─ [0] console::log("Tree depth:", 4) [staticcall]
    │   │   └─ ← ()
    │   ├─ [0] console::log("Level", 0, "size:", 12) [staticcall]
    │   │   └─ ← ()
    │   ├─ [0] console::log("Added to proof:", 41333877701255859865019379003725985110118058655845990608936096526874421775531 [4.133e76]) [staticcall]
    │   │   └─ ← ()
    │   ├─ [0] console::log("Level", 1, "size:", 6) [staticcall]
    │   │   └─ ← ()
    │   ├─ [0] console::log("Added to proof:", 79680312521381101304386615379526824036772258414601889669286272159596699208134 [7.968e76]) [staticcall]
    │   │   └─ ← ()
    │   ├─ [0] console::log("Level", 2, "size:", 3) [staticcall]
    │   │   └─ ← ()
    │   ├─ [0] console::log("Added to proof:", 86167276729270415220365293603154116830872546334163333883227179387055231533441 [8.616e76]) [staticcall]
    │   │   └─ ← ()
    │   ├─ [0] console::log("Level", 3, "size:", 2) [staticcall]
    │   │   └─ ← ()
    │   ├─ [0] console::log("Added to proof:", 107653161125649642032491443308982527566324346567968513637810199776622513001405 [1.076e77]) [staticcall]
    │   │   └─ ← ()
    │   ├─ [0] console::log("Final proof length:", 4) [staticcall]
    │   │   └─ ← ()
    │   └─ ← [0x5b62254e0339ae673a4773d31a564007f04f6ccf4934746b49ada87734d04cab, 0xb029756cee16464a69763ada5c6cf8b91c34e842abc58c709550cdda1e5049c6, 0xbe80f348526b4646bc0697bf2fe649f1835863538924cb6b91ad4eb57ced0181, 0xee0187a9e1cd26963ee5f1e99031a2da9d737039b6c237adc84770a6d2d893bd]
    ├─ [0] console::log("--- Verification details for leaf 7 after adding 12 leaves ---") [staticcall]
    │   └─ ← ()
    ├─ [13788] MerkleStorageOZ::verifyLeaf(0x6c65616637, [0x5b62254e0339ae673a4773d31a564007f04f6ccf4934746b49ada87734d04cab, 0xb029756cee16464a69763ada5c6cf8b91c34e842abc58c709550cdda1e5049c6, 0xbe80f348526b4646bc0697bf2fe649f1835863538924cb6b91ad4eb57ced0181, 0xee0187a9e1cd26963ee5f1e99031a2da9d737039b6c237adc84770a6d2d893bd]) [staticcall]
    │   ├─ [0] console::log("Verifying leaf:", 77058788664304649396218556642747909996121735590822886025965307874683454946759 [7.705e76]) [staticcall]
    │   │   └─ ← ()
    │   ├─ [0] console::log("Merkle root:", 105259241581955673391122455805714739376702936126509763349222900225993164500371 [1.052e77]) [staticcall]
    │   │   └─ ← ()
    │   ├─ [0] console::log("Proof length:", 4) [staticcall]
    │   │   └─ ← ()
    │   ├─ [0] console::log("Proof element", 0, ":", 41333877701255859865019379003725985110118058655845990608936096526874421775531 [4.133e76]) [staticcall]
    │   │   └─ ← ()
    │   ├─ [0] console::log("Computed hash after element", 0, ":", 89139659228322516991511902812947417818976567277539582619759529237285492222351 [8.913e76]) [staticcall]
    │   │   └─ ← ()
    │   ├─ [0] console::log("Proof element", 1, ":", 79680312521381101304386615379526824036772258414601889669286272159596699208134 [7.968e76]) [staticcall]
    │   │   └─ ← ()
    │   ├─ [0] console::log("Computed hash after element", 1, ":", 90519645207031266945590244632322326520069529432013691057992262226385608141027 [9.051e76]) [staticcall]
    │   │   └─ ← ()
    │   ├─ [0] console::log("Proof element", 2, ":", 86167276729270415220365293603154116830872546334163333883227179387055231533441 [8.616e76]) [staticcall]
    │   │   └─ ← ()
    │   ├─ [0] console::log("Computed hash after element", 2, ":", 44812029912269844639383167223451376600872748978496635971607178627452478213724 [4.481e76]) [staticcall]
    │   │   └─ ← ()
    │   ├─ [0] console::log("Proof element", 3, ":", 107653161125649642032491443308982527566324346567968513637810199776622513001405 [1.076e77]) [staticcall]
    │   │   └─ ← ()
    │   ├─ [0] console::log("Computed hash after element", 3, ":", 105259241581955673391122455805714739376702936126509763349222900225993164500371 [1.052e77]) [staticcall]
    │   │   └─ ← ()
    │   ├─ [0] console::log("Is valid:", true) [staticcall]
    │   │   └─ ← ()
    │   └─ ← true
    ├─ [0] console::log("--- End of verification details ---") [staticcall]
    │   └─ ← ()
    ├─ [0] console::log("Successfully verified leaf 7 after adding 12 leaves") [staticcall]
    │   └─ ← ()
    ├─ [26680] MerkleStorageOZ::getProof(7) [staticcall]
    │   ├─ [0] console::log("Getting proof for leaf index:", 7) [staticcall]
    │   │   └─ ← ()
    │   ├─ [0] console::log("Tree depth:", 4) [staticcall]
    │   │   └─ ← ()
    │   ├─ [0] console::log("Level", 0, "size:", 12) [staticcall]
    │   │   └─ ← ()
    │   ├─ [0] console::log("Added to proof:", 77058788664304649396218556642747909996121735590822886025965307874683454946759 [7.705e76]) [staticcall]
    │   │   └─ ← ()
    │   ├─ [0] console::log("Level", 1, "size:", 6) [staticcall]
    │   │   └─ ← ()
    │   ├─ [0] console::log("Added to proof:", 79680312521381101304386615379526824036772258414601889669286272159596699208134 [7.968e76]) [staticcall]
    │   │   └─ ← ()
    │   ├─ [0] console::log("Level", 2, "size:", 3) [staticcall]
    │   │   └─ ← ()
    │   ├─ [0] console::log("Added to proof:", 86167276729270415220365293603154116830872546334163333883227179387055231533441 [8.616e76]) [staticcall]
    │   │   └─ ← ()
    │   ├─ [0] console::log("Level", 3, "size:", 2) [staticcall]
    │   │   └─ ← ()
    │   ├─ [0] console::log("Added to proof:", 107653161125649642032491443308982527566324346567968513637810199776622513001405 [1.076e77]) [staticcall]
    │   │   └─ ← ()
    │   ├─ [0] console::log("Final proof length:", 4) [staticcall]
    │   │   └─ ← ()
    │   └─ ← [0xaa5dba90c8178f75a5eb7bdb098f0cec525bb61e5ba2ad6dc5fa580f163efdc7, 0xb029756cee16464a69763ada5c6cf8b91c34e842abc58c709550cdda1e5049c6, 0xbe80f348526b4646bc0697bf2fe649f1835863538924cb6b91ad4eb57ced0181, 0xee0187a9e1cd26963ee5f1e99031a2da9d737039b6c237adc84770a6d2d893bd]
    ├─ [0] console::log("--- Verification details for leaf 8 after adding 12 leaves ---") [staticcall]
    │   └─ ← ()
    ├─ [13798] MerkleStorageOZ::verifyLeaf(0x6c65616638, [0xaa5dba90c8178f75a5eb7bdb098f0cec525bb61e5ba2ad6dc5fa580f163efdc7, 0xb029756cee16464a69763ada5c6cf8b91c34e842abc58c709550cdda1e5049c6, 0xbe80f348526b4646bc0697bf2fe649f1835863538924cb6b91ad4eb57ced0181, 0xee0187a9e1cd26963ee5f1e99031a2da9d737039b6c237adc84770a6d2d893bd]) [staticcall]
    │   ├─ [0] console::log("Verifying leaf:", 41333877701255859865019379003725985110118058655845990608936096526874421775531 [4.133e76]) [staticcall]
    │   │   └─ ← ()
    │   ├─ [0] console::log("Merkle root:", 105259241581955673391122455805714739376702936126509763349222900225993164500371 [1.052e77]) [staticcall]
    │   │   └─ ← ()
    │   ├─ [0] console::log("Proof length:", 4) [staticcall]
    │   │   └─ ← ()
    │   ├─ [0] console::log("Proof element", 0, ":", 77058788664304649396218556642747909996121735590822886025965307874683454946759 [7.705e76]) [staticcall]
    │   │   └─ ← ()
    │   ├─ [0] console::log("Computed hash after element", 0, ":", 89139659228322516991511902812947417818976567277539582619759529237285492222351 [8.913e76]) [staticcall]
    │   │   └─ ← ()
    │   ├─ [0] console::log("Proof element", 1, ":", 79680312521381101304386615379526824036772258414601889669286272159596699208134 [7.968e76]) [staticcall]
    │   │   └─ ← ()
    │   ├─ [0] console::log("Computed hash after element", 1, ":", 90519645207031266945590244632322326520069529432013691057992262226385608141027 [9.051e76]) [staticcall]
    │   │   └─ ← ()
    │   ├─ [0] console::log("Proof element", 2, ":", 86167276729270415220365293603154116830872546334163333883227179387055231533441 [8.616e76]) [staticcall]
    │   │   └─ ← ()
    │   ├─ [0] console::log("Computed hash after element", 2, ":", 44812029912269844639383167223451376600872748978496635971607178627452478213724 [4.481e76]) [staticcall]
    │   │   └─ ← ()
    │   ├─ [0] console::log("Proof element", 3, ":", 107653161125649642032491443308982527566324346567968513637810199776622513001405 [1.076e77]) [staticcall]
    │   │   └─ ← ()
    │   ├─ [0] console::log("Computed hash after element", 3, ":", 105259241581955673391122455805714739376702936126509763349222900225993164500371 [1.052e77]) [staticcall]
    │   │   └─ ← ()
    │   ├─ [0] console::log("Is valid:", true) [staticcall]
    │   │   └─ ← ()
    │   └─ ← true
    ├─ [0] console::log("--- End of verification details ---") [staticcall]
    │   └─ ← ()
    ├─ [0] console::log("Successfully verified leaf 8 after adding 12 leaves") [staticcall]
    │   └─ ← ()
    ├─ [26852] MerkleStorageOZ::getProof(8) [staticcall]
    │   ├─ [0] console::log("Getting proof for leaf index:", 8) [staticcall]
    │   │   └─ ← ()
    │   ├─ [0] console::log("Tree depth:", 4) [staticcall]
    │   │   └─ ← ()
    │   ├─ [0] console::log("Level", 0, "size:", 12) [staticcall]
    │   │   └─ ← ()
    │   ├─ [0] console::log("Added to proof:", 19972288769315928479630679177845711677268766594983667860090139443496462084286 [1.997e76]) [staticcall]
    │   │   └─ ← ()
    │   ├─ [0] console::log("Level", 1, "size:", 6) [staticcall]
    │   │   └─ ← ()
    │   ├─ [0] console::log("Added to proof:", 86830204781467795827957492631466613281393886399951120238877606491319470472592 [8.683e76]) [staticcall]
    │   │   └─ ← ()
    │   ├─ [0] console::log("Level", 2, "size:", 3) [staticcall]
    │   │   └─ ← ()
    │   ├─ [0] console::log("Added to proof (odd level):", 107653161125649642032491443308982527566324346567968513637810199776622513001405 [1.076e77]) [staticcall]
    │   │   └─ ← ()
    │   ├─ [0] console::log("Level", 3, "size:", 2) [staticcall]
    │   │   └─ ← ()
    │   ├─ [0] console::log("Added to proof:", 44812029912269844639383167223451376600872748978496635971607178627452478213724 [4.481e76]) [staticcall]
    │   │   └─ ← ()
    │   ├─ [0] console::log("Final proof length:", 4) [staticcall]
    │   │   └─ ← ()
    │   └─ ← [0x2c27ea3376eac042eece8f0c78a7d7051fe8b7945d2746e7c321d2b5968468be, 0xbff82780689fb511deecdc2c0b8617120192ec77d9ea1e66d818d078c2b93d90, 0xee0187a9e1cd26963ee5f1e99031a2da9d737039b6c237adc84770a6d2d893bd, 0x6312b5c9c0f90c16707fa38ba42f8fe1608c5fa99a1772af08b1ea466614ce5c]
    ├─ [0] console::log("--- Verification details for leaf 9 after adding 12 leaves ---") [staticcall]
    │   └─ ← ()
    ├─ [13788] MerkleStorageOZ::verifyLeaf(0x6c65616639, [0x2c27ea3376eac042eece8f0c78a7d7051fe8b7945d2746e7c321d2b5968468be, 0xbff82780689fb511deecdc2c0b8617120192ec77d9ea1e66d818d078c2b93d90, 0xee0187a9e1cd26963ee5f1e99031a2da9d737039b6c237adc84770a6d2d893bd, 0x6312b5c9c0f90c16707fa38ba42f8fe1608c5fa99a1772af08b1ea466614ce5c]) [staticcall]
    │   ├─ [0] console::log("Verifying leaf:", 83097023403658896075826216087624068326805273787826444717403742070225742999267 [8.309e76]) [staticcall]
    │   │   └─ ← ()
    │   ├─ [0] console::log("Merkle root:", 105259241581955673391122455805714739376702936126509763349222900225993164500371 [1.052e77]) [staticcall]
    │   │   └─ ← ()
    │   ├─ [0] console::log("Proof length:", 4) [staticcall]
    │   │   └─ ← ()
    │   ├─ [0] console::log("Proof element", 0, ":", 19972288769315928479630679177845711677268766594983667860090139443496462084286 [1.997e76]) [staticcall]
    │   │   └─ ← ()
    │   ├─ [0] console::log("Computed hash after element", 0, ":", 110058130168134052799716071097073281996591153893535428294527808496692578065614 [1.1e77]) [staticcall]
    │   │   └─ ← ()
    │   ├─ [0] console::log("Proof element", 1, ":", 86830204781467795827957492631466613281393886399951120238877606491319470472592 [8.683e76]) [staticcall]
    │   │   └─ ← ()
    │   ├─ [0] console::log("Computed hash after element", 1, ":", 107653161125649642032491443308982527566324346567968513637810199776622513001405 [1.076e77]) [staticcall]
    │   │   └─ ← ()
    │   ├─ [0] console::log("Proof element", 2, ":", 107653161125649642032491443308982527566324346567968513637810199776622513001405 [1.076e77]) [staticcall]
    │   │   └─ ← ()
    │   ├─ [0] console::log("Computed hash after element", 2, ":", 63698986582480718487183817653160794346139980745635314524392379899798200639498 [6.369e76]) [staticcall]
    │   │   └─ ← ()
    │   ├─ [0] console::log("Proof element", 3, ":", 44812029912269844639383167223451376600872748978496635971607178627452478213724 [4.481e76]) [staticcall]
    │   │   └─ ← ()
    │   ├─ [0] console::log("Computed hash after element", 3, ":", 88027390311925619116337185983322332843135757954424623656302551904471951628237 [8.802e76]) [staticcall]
    │   │   └─ ← ()
    │   ├─ [0] console::log("Is valid:", false) [staticcall]
    │   │   └─ ← ()
    │   └─ ← false
    ├─ [0] console::log("--- End of verification details ---") [staticcall]
    │   └─ ← ()
    ├─ [0] console::log("Failed to verify leaf 9 after adding 12 leaves") [staticcall]
    │   └─ ← ()
    ├─ [26767] MerkleStorageOZ::getProof(9) [staticcall]
    │   ├─ [0] console::log("Getting proof for leaf index:", 9) [staticcall]
    │   │   └─ ← ()
    │   ├─ [0] console::log("Tree depth:", 4) [staticcall]
    │   │   └─ ← ()
    │   ├─ [0] console::log("Level", 0, "size:", 12) [staticcall]
    │   │   └─ ← ()
    │   ├─ [0] console::log("Added to proof:", 83097023403658896075826216087624068326805273787826444717403742070225742999267 [8.309e76]) [staticcall]
    │   │   └─ ← ()
    │   ├─ [0] console::log("Level", 1, "size:", 6) [staticcall]
    │   │   └─ ← ()
    │   ├─ [0] console::log("Added to proof:", 86830204781467795827957492631466613281393886399951120238877606491319470472592 [8.683e76]) [staticcall]
    │   │   └─ ← ()
    │   ├─ [0] console::log("Level", 2, "size:", 3) [staticcall]
    │   │   └─ ← ()
    │   ├─ [0] console::log("Added to proof (odd level):", 107653161125649642032491443308982527566324346567968513637810199776622513001405 [1.076e77]) [staticcall]
    │   │   └─ ← ()
    │   ├─ [0] console::log("Level", 3, "size:", 2) [staticcall]
    │   │   └─ ← ()
    │   ├─ [0] console::log("Added to proof:", 44812029912269844639383167223451376600872748978496635971607178627452478213724 [4.481e76]) [staticcall]
    │   │   └─ ← ()
    │   ├─ [0] console::log("Final proof length:", 4) [staticcall]
    │   │   └─ ← ()
    │   └─ ← [0xb7b73f9f206e380e92907f3d38c9caa544ee92ddc0a78c67c76f3eb5e05a2ee3, 0xbff82780689fb511deecdc2c0b8617120192ec77d9ea1e66d818d078c2b93d90, 0xee0187a9e1cd26963ee5f1e99031a2da9d737039b6c237adc84770a6d2d893bd, 0x6312b5c9c0f90c16707fa38ba42f8fe1608c5fa99a1772af08b1ea466614ce5c]
    ├─ [0] console::log("--- Verification details for leaf 10 after adding 12 leaves ---") [staticcall]
    │   └─ ← ()
    ├─ [13798] MerkleStorageOZ::verifyLeaf(0x6c6561663130, [0xb7b73f9f206e380e92907f3d38c9caa544ee92ddc0a78c67c76f3eb5e05a2ee3, 0xbff82780689fb511deecdc2c0b8617120192ec77d9ea1e66d818d078c2b93d90, 0xee0187a9e1cd26963ee5f1e99031a2da9d737039b6c237adc84770a6d2d893bd, 0x6312b5c9c0f90c16707fa38ba42f8fe1608c5fa99a1772af08b1ea466614ce5c]) [staticcall]
    │   ├─ [0] console::log("Verifying leaf:", 19972288769315928479630679177845711677268766594983667860090139443496462084286 [1.997e76]) [staticcall]
    │   │   └─ ← ()
    │   ├─ [0] console::log("Merkle root:", 105259241581955673391122455805714739376702936126509763349222900225993164500371 [1.052e77]) [staticcall]
    │   │   └─ ← ()
    │   ├─ [0] console::log("Proof length:", 4) [staticcall]
    │   │   └─ ← ()
    │   ├─ [0] console::log("Proof element", 0, ":", 83097023403658896075826216087624068326805273787826444717403742070225742999267 [8.309e76]) [staticcall]
    │   │   └─ ← ()
    │   ├─ [0] console::log("Computed hash after element", 0, ":", 110058130168134052799716071097073281996591153893535428294527808496692578065614 [1.1e77]) [staticcall]
    │   │   └─ ← ()
    │   ├─ [0] console::log("Proof element", 1, ":", 86830204781467795827957492631466613281393886399951120238877606491319470472592 [8.683e76]) [staticcall]
    │   │   └─ ← ()
    │   ├─ [0] console::log("Computed hash after element", 1, ":", 107653161125649642032491443308982527566324346567968513637810199776622513001405 [1.076e77]) [staticcall]
    │   │   └─ ← ()
    │   ├─ [0] console::log("Proof element", 2, ":", 107653161125649642032491443308982527566324346567968513637810199776622513001405 [1.076e77]) [staticcall]
    │   │   └─ ← ()
    │   ├─ [0] console::log("Computed hash after element", 2, ":", 63698986582480718487183817653160794346139980745635314524392379899798200639498 [6.369e76]) [staticcall]
    │   │   └─ ← ()
    │   ├─ [0] console::log("Proof element", 3, ":", 44812029912269844639383167223451376600872748978496635971607178627452478213724 [4.481e76]) [staticcall]
    │   │   └─ ← ()
    │   ├─ [0] console::log("Computed hash after element", 3, ":", 88027390311925619116337185983322332843135757954424623656302551904471951628237 [8.802e76]) [staticcall]
    │   │   └─ ← ()
    │   ├─ [0] console::log("Is valid:", false) [staticcall]
    │   │   └─ ← ()
    │   └─ ← false
    ├─ [0] console::log("--- End of verification details ---") [staticcall]
    │   └─ ← ()
    ├─ [0] console::log("Failed to verify leaf 10 after adding 12 leaves") [staticcall]
    │   └─ ← ()
    ├─ [26767] MerkleStorageOZ::getProof(10) [staticcall]
    │   ├─ [0] console::log("Getting proof for leaf index:", 10) [staticcall]
    │   │   └─ ← ()
    │   ├─ [0] console::log("Tree depth:", 4) [staticcall]
    │   │   └─ ← ()
    │   ├─ [0] console::log("Level", 0, "size:", 12) [staticcall]
    │   │   └─ ← ()
    │   ├─ [0] console::log("Added to proof:", 96593053628671560174693064981485823685325506728506954480672468072431603451342 [9.659e76]) [staticcall]
    │   │   └─ ← ()
    │   ├─ [0] console::log("Level", 1, "size:", 6) [staticcall]
    │   │   └─ ← ()
    │   ├─ [0] console::log("Added to proof:", 110058130168134052799716071097073281996591153893535428294527808496692578065614 [1.1e77]) [staticcall]
    │   │   └─ ← ()
    │   ├─ [0] console::log("Level", 2, "size:", 3) [staticcall]
    │   │   └─ ← ()
    │   ├─ [0] console::log("Added to proof (odd level):", 107653161125649642032491443308982527566324346567968513637810199776622513001405 [1.076e77]) [staticcall]
    │   │   └─ ← ()
    │   ├─ [0] console::log("Level", 3, "size:", 2) [staticcall]
    │   │   └─ ← ()
    │   ├─ [0] console::log("Added to proof:", 44812029912269844639383167223451376600872748978496635971607178627452478213724 [4.481e76]) [staticcall]
    │   │   └─ ← ()
    │   ├─ [0] console::log("Final proof length:", 4) [staticcall]
    │   │   └─ ← ()
    │   └─ ← [0xd58dbb1e54dc3320d5987448e4420e22460237351984e558e88f81a4e36085ce, 0xf352b1b5872acb8684bb694175cf18f81a134d5ff86ae93833369c25d9cd9cce, 0xee0187a9e1cd26963ee5f1e99031a2da9d737039b6c237adc84770a6d2d893bd, 0x6312b5c9c0f90c16707fa38ba42f8fe1608c5fa99a1772af08b1ea466614ce5c]
    ├─ [0] console::log("--- Verification details for leaf 11 after adding 12 leaves ---") [staticcall]
    │   └─ ← ()
    ├─ [13808] MerkleStorageOZ::verifyLeaf(0x6c6561663131, [0xd58dbb1e54dc3320d5987448e4420e22460237351984e558e88f81a4e36085ce, 0xf352b1b5872acb8684bb694175cf18f81a134d5ff86ae93833369c25d9cd9cce, 0xee0187a9e1cd26963ee5f1e99031a2da9d737039b6c237adc84770a6d2d893bd, 0x6312b5c9c0f90c16707fa38ba42f8fe1608c5fa99a1772af08b1ea466614ce5c]) [staticcall]
    │   ├─ [0] console::log("Verifying leaf:", 11059502003765752708342665740916089834825294147016530688590526355732680035651 [1.105e76]) [staticcall]
    │   │   └─ ← ()
    │   ├─ [0] console::log("Merkle root:", 105259241581955673391122455805714739376702936126509763349222900225993164500371 [1.052e77]) [staticcall]
    │   │   └─ ← ()
    │   ├─ [0] console::log("Proof length:", 4) [staticcall]
    │   │   └─ ← ()
    │   ├─ [0] console::log("Proof element", 0, ":", 96593053628671560174693064981485823685325506728506954480672468072431603451342 [9.659e76]) [staticcall]
    │   │   └─ ← ()
    │   ├─ [0] console::log("Computed hash after element", 0, ":", 86830204781467795827957492631466613281393886399951120238877606491319470472592 [8.683e76]) [staticcall]
    │   │   └─ ← ()
    │   ├─ [0] console::log("Proof element", 1, ":", 110058130168134052799716071097073281996591153893535428294527808496692578065614 [1.1e77]) [staticcall]
    │   │   └─ ← ()
    │   ├─ [0] console::log("Computed hash after element", 1, ":", 107653161125649642032491443308982527566324346567968513637810199776622513001405 [1.076e77]) [staticcall]
    │   │   └─ ← ()
    │   ├─ [0] console::log("Proof element", 2, ":", 107653161125649642032491443308982527566324346567968513637810199776622513001405 [1.076e77]) [staticcall]
    │   │   └─ ← ()
    │   ├─ [0] console::log("Computed hash after element", 2, ":", 63698986582480718487183817653160794346139980745635314524392379899798200639498 [6.369e76]) [staticcall]
    │   │   └─ ← ()
    │   ├─ [0] console::log("Proof element", 3, ":", 44812029912269844639383167223451376600872748978496635971607178627452478213724 [4.481e76]) [staticcall]
    │   │   └─ ← ()
    │   ├─ [0] console::log("Computed hash after element", 3, ":", 88027390311925619116337185983322332843135757954424623656302551904471951628237 [8.802e76]) [staticcall]
    │   │   └─ ← ()
    │   ├─ [0] console::log("Is valid:", false) [staticcall]
    │   │   └─ ← ()
    │   └─ ← false
    ├─ [0] console::log("--- End of verification details ---") [staticcall]
    │   └─ ← ()
    ├─ [0] console::log("Failed to verify leaf 11 after adding 12 leaves") [staticcall]
    │   └─ ← ()
    ├─ [26682] MerkleStorageOZ::getProof(11) [staticcall]
    │   ├─ [0] console::log("Getting proof for leaf index:", 11) [staticcall]
    │   │   └─ ← ()
    │   ├─ [0] console::log("Tree depth:", 4) [staticcall]
    │   │   └─ ← ()
    │   ├─ [0] console::log("Level", 0, "size:", 12) [staticcall]
    │   │   └─ ← ()
    │   ├─ [0] console::log("Added to proof:", 11059502003765752708342665740916089834825294147016530688590526355732680035651 [1.105e76]) [staticcall]
    │   │   └─ ← ()
    │   ├─ [0] console::log("Level", 1, "size:", 6) [staticcall]
    │   │   └─ ← ()
    │   ├─ [0] console::log("Added to proof:", 110058130168134052799716071097073281996591153893535428294527808496692578065614 [1.1e77]) [staticcall]
    │   │   └─ ← ()
    │   ├─ [0] console::log("Level", 2, "size:", 3) [staticcall]
    │   │   └─ ← ()
    │   ├─ [0] console::log("Added to proof (odd level):", 107653161125649642032491443308982527566324346567968513637810199776622513001405 [1.076e77]) [staticcall]
    │   │   └─ ← ()
    │   ├─ [0] console::log("Level", 3, "size:", 2) [staticcall]
    │   │   └─ ← ()
    │   ├─ [0] console::log("Added to proof:", 44812029912269844639383167223451376600872748978496635971607178627452478213724 [4.481e76]) [staticcall]
    │   │   └─ ← ()
    │   ├─ [0] console::log("Final proof length:", 4) [staticcall]
    │   │   └─ ← ()
    │   └─ ← [0x187374d08f1fbae82b4bfcec5f832bc78271f5d335a3860d721db1e6b05a4d43, 0xf352b1b5872acb8684bb694175cf18f81a134d5ff86ae93833369c25d9cd9cce, 0xee0187a9e1cd26963ee5f1e99031a2da9d737039b6c237adc84770a6d2d893bd, 0x6312b5c9c0f90c16707fa38ba42f8fe1608c5fa99a1772af08b1ea466614ce5c]
    ├─ [0] console::log("--- Verification details for leaf 12 after adding 12 leaves ---") [staticcall]
    │   └─ ← ()
    ├─ [13798] MerkleStorageOZ::verifyLeaf(0x6c6561663132, [0x187374d08f1fbae82b4bfcec5f832bc78271f5d335a3860d721db1e6b05a4d43, 0xf352b1b5872acb8684bb694175cf18f81a134d5ff86ae93833369c25d9cd9cce, 0xee0187a9e1cd26963ee5f1e99031a2da9d737039b6c237adc84770a6d2d893bd, 0x6312b5c9c0f90c16707fa38ba42f8fe1608c5fa99a1772af08b1ea466614ce5c]) [staticcall]
    │   ├─ [0] console::log("Verifying leaf:", 96593053628671560174693064981485823685325506728506954480672468072431603451342 [9.659e76]) [staticcall]
    │   │   └─ ← ()
    │   ├─ [0] console::log("Merkle root:", 105259241581955673391122455805714739376702936126509763349222900225993164500371 [1.052e77]) [staticcall]
    │   │   └─ ← ()
    │   ├─ [0] console::log("Proof length:", 4) [staticcall]
    │   │   └─ ← ()
    │   ├─ [0] console::log("Proof element", 0, ":", 11059502003765752708342665740916089834825294147016530688590526355732680035651 [1.105e76]) [staticcall]
    │   │   └─ ← ()
    │   ├─ [0] console::log("Computed hash after element", 0, ":", 86830204781467795827957492631466613281393886399951120238877606491319470472592 [8.683e76]) [staticcall]
    │   │   └─ ← ()
    │   ├─ [0] console::log("Proof element", 1, ":", 110058130168134052799716071097073281996591153893535428294527808496692578065614 [1.1e77]) [staticcall]
    │   │   └─ ← ()
    │   ├─ [0] console::log("Computed hash after element", 1, ":", 107653161125649642032491443308982527566324346567968513637810199776622513001405 [1.076e77]) [staticcall]
    │   │   └─ ← ()
    │   ├─ [0] console::log("Proof element", 2, ":", 107653161125649642032491443308982527566324346567968513637810199776622513001405 [1.076e77]) [staticcall]
    │   │   └─ ← ()
    │   ├─ [0] console::log("Computed hash after element", 2, ":", 63698986582480718487183817653160794346139980745635314524392379899798200639498 [6.369e76]) [staticcall]
    │   │   └─ ← ()
    │   ├─ [0] console::log("Proof element", 3, ":", 44812029912269844639383167223451376600872748978496635971607178627452478213724 [4.481e76]) [staticcall]
    │   │   └─ ← ()
    │   ├─ [0] console::log("Computed hash after element", 3, ":", 88027390311925619116337185983322332843135757954424623656302551904471951628237 [8.802e76]) [staticcall]
    │   │   └─ ← ()
    │   ├─ [0] console::log("Is valid:", false) [staticcall]
    │   │   └─ ← ()
    │   └─ ← false
    ├─ [0] console::log("--- End of verification details ---") [staticcall]
    │   └─ ← ()
    ├─ [0] console::log("Failed to verify leaf 12 after adding 12 leaves") [staticcall]
    │   └─ ← ()
    ├─ [38770] MerkleStorageOZ::addLeaf(0x6c6561663133)
    │   ├─ emit LeafAdded(leaf: 0xccc4d083cdf48ef2c50a0a45b13aae2642eda593dfb5894236e409ed3ff26167, index: 12)
    │   ├─ emit MerkleRootUpdated(newRoot: 0xd407e0c8b43ef1b1e8d365756dcf52190e2768bb1ab208699da3ff480f85f0af)
    │   └─ ← ()
    ├─ [0] console::log("Added leaf 13") [staticcall]
    │   └─ ← ()
    ├─ [28424] MerkleStorageOZ::getProof(0) [staticcall]
    │   ├─ [0] console::log("Getting proof for leaf index:", 0) [staticcall]
    │   │   └─ ← ()
    │   ├─ [0] console::log("Tree depth:", 4) [staticcall]
    │   │   └─ ← ()
    │   ├─ [0] console::log("Level", 0, "size:", 13) [staticcall]
    │   │   └─ ← ()
    │   ├─ [0] console::log("Added to proof:", 84303433209692230857384970403333823748570319246869449369625637863858470744792 [8.43e76]) [staticcall]
    │   │   └─ ← ()
    │   ├─ [0] console::log("Level", 1, "size:", 7) [staticcall]
    │   │   └─ ← ()
    │   ├─ [0] console::log("Added to proof:", 42994468410347004737970376126143620665813473361490896099477539813509562736181 [4.299e76]) [staticcall]
    │   │   └─ ← ()
    │   ├─ [0] console::log("Level", 2, "size:", 4) [staticcall]
    │   │   └─ ← ()
    │   ├─ [0] console::log("Added to proof:", 90519645207031266945590244632322326520069529432013691057992262226385608141027 [9.051e76]) [staticcall]
    │   │   └─ ← ()
    │   ├─ [0] console::log("Level", 3, "size:", 2) [staticcall]
    │   │   └─ ← ()
    │   ├─ [0] console::log("Added to proof:", 108553049071648998281524720654683211963479500989552657999545980456215882000913 [1.085e77]) [staticcall]
    │   │   └─ ← ()
    │   ├─ [0] console::log("Final proof length:", 4) [staticcall]
    │   │   └─ ← ()
    │   └─ ← [0xba620d61dac4ddf2d7905722b259b0bd34ec4d37c5796d9a22537c54b3f972d8, 0x5f0e01babb612c872c711c3804090c0fcd42d13e2ddbd99d21e73f30afa59e35, 0xc8204db79981b461dca6928459414628e9784deec1c74154434eb580b50868e3, 0xeffed934eca1823026d9f80e29166af6c53417b6425bb3d941ef8c7aa0bc6a11]
    ├─ [0] console::log("--- Verification details for leaf 1 after adding 13 leaves ---") [staticcall]
    │   └─ ← ()
    ├─ [13818] MerkleStorageOZ::verifyLeaf(0x6c65616631, [0xba620d61dac4ddf2d7905722b259b0bd34ec4d37c5796d9a22537c54b3f972d8, 0x5f0e01babb612c872c711c3804090c0fcd42d13e2ddbd99d21e73f30afa59e35, 0xc8204db79981b461dca6928459414628e9784deec1c74154434eb580b50868e3, 0xeffed934eca1823026d9f80e29166af6c53417b6425bb3d941ef8c7aa0bc6a11]) [staticcall]
    │   ├─ [0] console::log("Verifying leaf:", 1534629507014924801801850062420965747762703560098700086918056654539096211930 [1.534e75]) [staticcall]
    │   │   └─ ← ()
    │   ├─ [0] console::log("Merkle root:", 95904243231259043751671466433766867542513274203239933588935001992552312598703 [9.59e76]) [staticcall]
    │   │   └─ ← ()
    │   ├─ [0] console::log("Proof length:", 4) [staticcall]
    │   │   └─ ← ()
    │   ├─ [0] console::log("Proof element", 0, ":", 84303433209692230857384970403333823748570319246869449369625637863858470744792 [8.43e76]) [staticcall]
    │   │   └─ ← ()
    │   ├─ [0] console::log("Computed hash after element", 0, ":", 4819654492366420278237764346194618123787186199882361681321774604810163462263 [4.819e75]) [staticcall]
    │   │   └─ ← ()
    │   ├─ [0] console::log("Proof element", 1, ":", 42994468410347004737970376126143620665813473361490896099477539813509562736181 [4.299e76]) [staticcall]
    │   │   └─ ← ()
    │   ├─ [0] console::log("Computed hash after element", 1, ":", 86167276729270415220365293603154116830872546334163333883227179387055231533441 [8.616e76]) [staticcall]
    │   │   └─ ← ()
    │   ├─ [0] console::log("Proof element", 2, ":", 90519645207031266945590244632322326520069529432013691057992262226385608141027 [9.051e76]) [staticcall]
    │   │   └─ ← ()
    │   ├─ [0] console::log("Computed hash after element", 2, ":", 44812029912269844639383167223451376600872748978496635971607178627452478213724 [4.481e76]) [staticcall]
    │   │   └─ ← ()
    │   ├─ [0] console::log("Proof element", 3, ":", 108553049071648998281524720654683211963479500989552657999545980456215882000913 [1.085e77]) [staticcall]
    │   │   └─ ← ()
    │   ├─ [0] console::log("Computed hash after element", 3, ":", 95904243231259043751671466433766867542513274203239933588935001992552312598703 [9.59e76]) [staticcall]
    │   │   └─ ← ()
    │   ├─ [0] console::log("Is valid:", true) [staticcall]
    │   │   └─ ← ()
    │   └─ ← true
    ├─ [0] console::log("--- End of verification details ---") [staticcall]
    │   └─ ← ()
    ├─ [0] console::log("Successfully verified leaf 1 after adding 13 leaves") [staticcall]
    │   └─ ← ()
    ├─ [28339] MerkleStorageOZ::getProof(1) [staticcall]
    │   ├─ [0] console::log("Getting proof for leaf index:", 1) [staticcall]
    │   │   └─ ← ()
    │   ├─ [0] console::log("Tree depth:", 4) [staticcall]
    │   │   └─ ← ()
    │   ├─ [0] console::log("Level", 0, "size:", 13) [staticcall]
    │   │   └─ ← ()
    │   ├─ [0] console::log("Added to proof:", 1534629507014924801801850062420965747762703560098700086918056654539096211930 [1.534e75]) [staticcall]
    │   │   └─ ← ()
    │   ├─ [0] console::log("Level", 1, "size:", 7) [staticcall]
    │   │   └─ ← ()
    │   ├─ [0] console::log("Added to proof:", 42994468410347004737970376126143620665813473361490896099477539813509562736181 [4.299e76]) [staticcall]
    │   │   └─ ← ()
    │   ├─ [0] console::log("Level", 2, "size:", 4) [staticcall]
    │   │   └─ ← ()
    │   ├─ [0] console::log("Added to proof:", 90519645207031266945590244632322326520069529432013691057992262226385608141027 [9.051e76]) [staticcall]
    │   │   └─ ← ()
    │   ├─ [0] console::log("Level", 3, "size:", 2) [staticcall]
    │   │   └─ ← ()
    │   ├─ [0] console::log("Added to proof:", 108553049071648998281524720654683211963479500989552657999545980456215882000913 [1.085e77]) [staticcall]
    │   │   └─ ← ()
    │   ├─ [0] console::log("Final proof length:", 4) [staticcall]
    │   │   └─ ← ()
    │   └─ ← [0x036491cc10808eeb0ff717314df6f19ba2e232d04d5f039f6fa382cae41641da, 0x5f0e01babb612c872c711c3804090c0fcd42d13e2ddbd99d21e73f30afa59e35, 0xc8204db79981b461dca6928459414628e9784deec1c74154434eb580b50868e3, 0xeffed934eca1823026d9f80e29166af6c53417b6425bb3d941ef8c7aa0bc6a11]
    ├─ [0] console::log("--- Verification details for leaf 2 after adding 13 leaves ---") [staticcall]
    │   └─ ← ()
    ├─ [13808] MerkleStorageOZ::verifyLeaf(0x6c65616632, [0x036491cc10808eeb0ff717314df6f19ba2e232d04d5f039f6fa382cae41641da, 0x5f0e01babb612c872c711c3804090c0fcd42d13e2ddbd99d21e73f30afa59e35, 0xc8204db79981b461dca6928459414628e9784deec1c74154434eb580b50868e3, 0xeffed934eca1823026d9f80e29166af6c53417b6425bb3d941ef8c7aa0bc6a11]) [staticcall]
    │   ├─ [0] console::log("Verifying leaf:", 84303433209692230857384970403333823748570319246869449369625637863858470744792 [8.43e76]) [staticcall]
    │   │   └─ ← ()
    │   ├─ [0] console::log("Merkle root:", 95904243231259043751671466433766867542513274203239933588935001992552312598703 [9.59e76]) [staticcall]
    │   │   └─ ← ()
    │   ├─ [0] console::log("Proof length:", 4) [staticcall]
    │   │   └─ ← ()
    │   ├─ [0] console::log("Proof element", 0, ":", 1534629507014924801801850062420965747762703560098700086918056654539096211930 [1.534e75]) [staticcall]
    │   │   └─ ← ()
    │   ├─ [0] console::log("Computed hash after element", 0, ":", 4819654492366420278237764346194618123787186199882361681321774604810163462263 [4.819e75]) [staticcall]
    │   │   └─ ← ()
    │   ├─ [0] console::log("Proof element", 1, ":", 42994468410347004737970376126143620665813473361490896099477539813509562736181 [4.299e76]) [staticcall]
    │   │   └─ ← ()
    │   ├─ [0] console::log("Computed hash after element", 1, ":", 86167276729270415220365293603154116830872546334163333883227179387055231533441 [8.616e76]) [staticcall]
    │   │   └─ ← ()
    │   ├─ [0] console::log("Proof element", 2, ":", 90519645207031266945590244632322326520069529432013691057992262226385608141027 [9.051e76]) [staticcall]
    │   │   └─ ← ()
    │   ├─ [0] console::log("Computed hash after element", 2, ":", 44812029912269844639383167223451376600872748978496635971607178627452478213724 [4.481e76]) [staticcall]
    │   │   └─ ← ()
    │   ├─ [0] console::log("Proof element", 3, ":", 108553049071648998281524720654683211963479500989552657999545980456215882000913 [1.085e77]) [staticcall]
    │   │   └─ ← ()
    │   ├─ [0] console::log("Computed hash after element", 3, ":", 95904243231259043751671466433766867542513274203239933588935001992552312598703 [9.59e76]) [staticcall]
    │   │   └─ ← ()
    │   ├─ [0] console::log("Is valid:", true) [staticcall]
    │   │   └─ ← ()
    │   └─ ← true
    ├─ [0] console::log("--- End of verification details ---") [staticcall]
    │   └─ ← ()
    ├─ [0] console::log("Successfully verified leaf 2 after adding 13 leaves") [staticcall]
    │   └─ ← ()
    ├─ [28339] MerkleStorageOZ::getProof(2) [staticcall]
    │   ├─ [0] console::log("Getting proof for leaf index:", 2) [staticcall]
    │   │   └─ ← ()
    │   ├─ [0] console::log("Tree depth:", 4) [staticcall]
    │   │   └─ ← ()
    │   ├─ [0] console::log("Level", 0, "size:", 13) [staticcall]
    │   │   └─ ← ()
    │   ├─ [0] console::log("Added to proof:", 9718660262289985226213547307049526568607798083323067650698233131271439501106 [9.718e75]) [staticcall]
    │   │   └─ ← ()
    │   ├─ [0] console::log("Level", 1, "size:", 7) [staticcall]
    │   │   └─ ← ()
    │   ├─ [0] console::log("Added to proof:", 4819654492366420278237764346194618123787186199882361681321774604810163462263 [4.819e75]) [staticcall]
    │   │   └─ ← ()
    │   ├─ [0] console::log("Level", 2, "size:", 4) [staticcall]
    │   │   └─ ← ()
    │   ├─ [0] console::log("Added to proof:", 90519645207031266945590244632322326520069529432013691057992262226385608141027 [9.051e76]) [staticcall]
    │   │   └─ ← ()
    │   ├─ [0] console::log("Level", 3, "size:", 2) [staticcall]
    │   │   └─ ← ()
    │   ├─ [0] console::log("Added to proof:", 108553049071648998281524720654683211963479500989552657999545980456215882000913 [1.085e77]) [staticcall]
    │   │   └─ ← ()
    │   ├─ [0] console::log("Final proof length:", 4) [staticcall]
    │   │   └─ ← ()
    │   └─ ← [0x157c9118369926e028fa6cf8dfe68c750c1adbd7b0e4918c2b3a23fe4017c732, 0x0aa7d3e8df6bbfe087828aef70a86fff5964660e89f14cbbbe406695bc1e2077, 0xc8204db79981b461dca6928459414628e9784deec1c74154434eb580b50868e3, 0xeffed934eca1823026d9f80e29166af6c53417b6425bb3d941ef8c7aa0bc6a11]
    ├─ [0] console::log("--- Verification details for leaf 3 after adding 13 leaves ---") [staticcall]
    │   └─ ← ()
    ├─ [13798] MerkleStorageOZ::verifyLeaf(0x6c65616633, [0x157c9118369926e028fa6cf8dfe68c750c1adbd7b0e4918c2b3a23fe4017c732, 0x0aa7d3e8df6bbfe087828aef70a86fff5964660e89f14cbbbe406695bc1e2077, 0xc8204db79981b461dca6928459414628e9784deec1c74154434eb580b50868e3, 0xeffed934eca1823026d9f80e29166af6c53417b6425bb3d941ef8c7aa0bc6a11]) [staticcall]
    │   ├─ [0] console::log("Verifying leaf:", 114806096316174656260172984043681595992173194076043313710926606652151351550195 [1.148e77]) [staticcall]
    │   │   └─ ← ()
    │   ├─ [0] console::log("Merkle root:", 95904243231259043751671466433766867542513274203239933588935001992552312598703 [9.59e76]) [staticcall]
    │   │   └─ ← ()
    │   ├─ [0] console::log("Proof length:", 4) [staticcall]
    │   │   └─ ← ()
    │   ├─ [0] console::log("Proof element", 0, ":", 9718660262289985226213547307049526568607798083323067650698233131271439501106 [9.718e75]) [staticcall]
    │   │   └─ ← ()
    │   ├─ [0] console::log("Computed hash after element", 0, ":", 42994468410347004737970376126143620665813473361490896099477539813509562736181 [4.299e76]) [staticcall]
    │   │   └─ ← ()
    │   ├─ [0] console::log("Proof element", 1, ":", 4819654492366420278237764346194618123787186199882361681321774604810163462263 [4.819e75]) [staticcall]
    │   │   └─ ← ()
    │   ├─ [0] console::log("Computed hash after element", 1, ":", 86167276729270415220365293603154116830872546334163333883227179387055231533441 [8.616e76]) [staticcall]
    │   │   └─ ← ()
    │   ├─ [0] console::log("Proof element", 2, ":", 90519645207031266945590244632322326520069529432013691057992262226385608141027 [9.051e76]) [staticcall]
    │   │   └─ ← ()
    │   ├─ [0] console::log("Computed hash after element", 2, ":", 44812029912269844639383167223451376600872748978496635971607178627452478213724 [4.481e76]) [staticcall]
    │   │   └─ ← ()
    │   ├─ [0] console::log("Proof element", 3, ":", 108553049071648998281524720654683211963479500989552657999545980456215882000913 [1.085e77]) [staticcall]
    │   │   └─ ← ()
    │   ├─ [0] console::log("Computed hash after element", 3, ":", 95904243231259043751671466433766867542513274203239933588935001992552312598703 [9.59e76]) [staticcall]
    │   │   └─ ← ()
    │   ├─ [0] console::log("Is valid:", true) [staticcall]
    │   │   └─ ← ()
    │   └─ ← true
    ├─ [0] console::log("--- End of verification details ---") [staticcall]
    │   └─ ← ()
    ├─ [0] console::log("Successfully verified leaf 3 after adding 13 leaves") [staticcall]
    │   └─ ← ()
    ├─ [28254] MerkleStorageOZ::getProof(3) [staticcall]
    │   ├─ [0] console::log("Getting proof for leaf index:", 3) [staticcall]
    │   │   └─ ← ()
    │   ├─ [0] console::log("Tree depth:", 4) [staticcall]
    │   │   └─ ← ()
    │   ├─ [0] console::log("Level", 0, "size:", 13) [staticcall]
    │   │   └─ ← ()
    │   ├─ [0] console::log("Added to proof:", 114806096316174656260172984043681595992173194076043313710926606652151351550195 [1.148e77]) [staticcall]
    │   │   └─ ← ()
    │   ├─ [0] console::log("Level", 1, "size:", 7) [staticcall]
    │   │   └─ ← ()
    │   ├─ [0] console::log("Added to proof:", 4819654492366420278237764346194618123787186199882361681321774604810163462263 [4.819e75]) [staticcall]
    │   │   └─ ← ()
    │   ├─ [0] console::log("Level", 2, "size:", 4) [staticcall]
    │   │   └─ ← ()
    │   ├─ [0] console::log("Added to proof:", 90519645207031266945590244632322326520069529432013691057992262226385608141027 [9.051e76]) [staticcall]
    │   │   └─ ← ()
    │   ├─ [0] console::log("Level", 3, "size:", 2) [staticcall]
    │   │   └─ ← ()
    │   ├─ [0] console::log("Added to proof:", 108553049071648998281524720654683211963479500989552657999545980456215882000913 [1.085e77]) [staticcall]
    │   │   └─ ← ()
    │   ├─ [0] console::log("Final proof length:", 4) [staticcall]
    │   │   └─ ← ()
    │   └─ ← [0xfdd1f2a1ec75fe968421a41d2282200de6bec6a21f81080a71b1053d9c0120f3, 0x0aa7d3e8df6bbfe087828aef70a86fff5964660e89f14cbbbe406695bc1e2077, 0xc8204db79981b461dca6928459414628e9784deec1c74154434eb580b50868e3, 0xeffed934eca1823026d9f80e29166af6c53417b6425bb3d941ef8c7aa0bc6a11]
    ├─ [0] console::log("--- Verification details for leaf 4 after adding 13 leaves ---") [staticcall]
    │   └─ ← ()
    ├─ [13808] MerkleStorageOZ::verifyLeaf(0x6c65616634, [0xfdd1f2a1ec75fe968421a41d2282200de6bec6a21f81080a71b1053d9c0120f3, 0x0aa7d3e8df6bbfe087828aef70a86fff5964660e89f14cbbbe406695bc1e2077, 0xc8204db79981b461dca6928459414628e9784deec1c74154434eb580b50868e3, 0xeffed934eca1823026d9f80e29166af6c53417b6425bb3d941ef8c7aa0bc6a11]) [staticcall]
    │   ├─ [0] console::log("Verifying leaf:", 9718660262289985226213547307049526568607798083323067650698233131271439501106 [9.718e75]) [staticcall]
    │   │   └─ ← ()
    │   ├─ [0] console::log("Merkle root:", 95904243231259043751671466433766867542513274203239933588935001992552312598703 [9.59e76]) [staticcall]
    │   │   └─ ← ()
    │   ├─ [0] console::log("Proof length:", 4) [staticcall]
    │   │   └─ ← ()
    │   ├─ [0] console::log("Proof element", 0, ":", 114806096316174656260172984043681595992173194076043313710926606652151351550195 [1.148e77]) [staticcall]
    │   │   └─ ← ()
    │   ├─ [0] console::log("Computed hash after element", 0, ":", 42994468410347004737970376126143620665813473361490896099477539813509562736181 [4.299e76]) [staticcall]
    │   │   └─ ← ()
    │   ├─ [0] console::log("Proof element", 1, ":", 4819654492366420278237764346194618123787186199882361681321774604810163462263 [4.819e75]) [staticcall]
    │   │   └─ ← ()
    │   ├─ [0] console::log("Computed hash after element", 1, ":", 86167276729270415220365293603154116830872546334163333883227179387055231533441 [8.616e76]) [staticcall]
    │   │   └─ ← ()
    │   ├─ [0] console::log("Proof element", 2, ":", 90519645207031266945590244632322326520069529432013691057992262226385608141027 [9.051e76]) [staticcall]
    │   │   └─ ← ()
    │   ├─ [0] console::log("Computed hash after element", 2, ":", 44812029912269844639383167223451376600872748978496635971607178627452478213724 [4.481e76]) [staticcall]
    │   │   └─ ← ()
    │   ├─ [0] console::log("Proof element", 3, ":", 108553049071648998281524720654683211963479500989552657999545980456215882000913 [1.085e77]) [staticcall]
    │   │   └─ ← ()
    │   ├─ [0] console::log("Computed hash after element", 3, ":", 95904243231259043751671466433766867542513274203239933588935001992552312598703 [9.59e76]) [staticcall]
    │   │   └─ ← ()
    │   ├─ [0] console::log("Is valid:", true) [staticcall]
    │   │   └─ ← ()
    │   └─ ← true
    ├─ [0] console::log("--- End of verification details ---") [staticcall]
    │   └─ ← ()
    ├─ [0] console::log("Successfully verified leaf 4 after adding 13 leaves") [staticcall]
    │   └─ ← ()
    ├─ [28339] MerkleStorageOZ::getProof(4) [staticcall]
    │   ├─ [0] console::log("Getting proof for leaf index:", 4) [staticcall]
    │   │   └─ ← ()
    │   ├─ [0] console::log("Tree depth:", 4) [staticcall]
    │   │   └─ ← ()
    │   ├─ [0] console::log("Level", 0, "size:", 13) [staticcall]
    │   │   └─ ← ()
    │   ├─ [0] console::log("Added to proof:", 42656216575733633865718546135288608701490211943531992892543518422469545049160 [4.265e76]) [staticcall]
    │   │   └─ ← ()
    │   ├─ [0] console::log("Level", 1, "size:", 7) [staticcall]
    │   │   └─ ← ()
    │   ├─ [0] console::log("Added to proof:", 89139659228322516991511902812947417818976567277539582619759529237285492222351 [8.913e76]) [staticcall]
    │   │   └─ ← ()
    │   ├─ [0] console::log("Level", 2, "size:", 4) [staticcall]
    │   │   └─ ← ()
    │   ├─ [0] console::log("Added to proof:", 86167276729270415220365293603154116830872546334163333883227179387055231533441 [8.616e76]) [staticcall]
    │   │   └─ ← ()
    │   ├─ [0] console::log("Level", 3, "size:", 2) [staticcall]
    │   │   └─ ← ()
    │   ├─ [0] console::log("Added to proof:", 108553049071648998281524720654683211963479500989552657999545980456215882000913 [1.085e77]) [staticcall]
    │   │   └─ ← ()
    │   ├─ [0] console::log("Final proof length:", 4) [staticcall]
    │   │   └─ ← ()
    │   └─ ← [0x5e4e9020e0ae47d1b353192e416c1873ec642cb2e75d68faa1be2665df6c3c48, 0xc513425acc7aa543abb5dc1ff382f69776a7ff7f57d334f6cea222ae2803e98f, 0xbe80f348526b4646bc0697bf2fe649f1835863538924cb6b91ad4eb57ced0181, 0xeffed934eca1823026d9f80e29166af6c53417b6425bb3d941ef8c7aa0bc6a11]
    ├─ [0] console::log("--- Verification details for leaf 5 after adding 13 leaves ---") [staticcall]
    │   └─ ← ()
    ├─ [13808] MerkleStorageOZ::verifyLeaf(0x6c65616635, [0x5e4e9020e0ae47d1b353192e416c1873ec642cb2e75d68faa1be2665df6c3c48, 0xc513425acc7aa543abb5dc1ff382f69776a7ff7f57d334f6cea222ae2803e98f, 0xbe80f348526b4646bc0697bf2fe649f1835863538924cb6b91ad4eb57ced0181, 0xeffed934eca1823026d9f80e29166af6c53417b6425bb3d941ef8c7aa0bc6a11]) [staticcall]
    │   ├─ [0] console::log("Verifying leaf:", 3327891084304698462684256911003812127873740397003554529128445276024109161606 [3.327e75]) [staticcall]
    │   │   └─ ← ()
    │   ├─ [0] console::log("Merkle root:", 95904243231259043751671466433766867542513274203239933588935001992552312598703 [9.59e76]) [staticcall]
    │   │   └─ ← ()
    │   ├─ [0] console::log("Proof length:", 4) [staticcall]
    │   │   └─ ← ()
    │   ├─ [0] console::log("Proof element", 0, ":", 42656216575733633865718546135288608701490211943531992892543518422469545049160 [4.265e76]) [staticcall]
    │   │   └─ ← ()
    │   ├─ [0] console::log("Computed hash after element", 0, ":", 79680312521381101304386615379526824036772258414601889669286272159596699208134 [7.968e76]) [staticcall]
    │   │   └─ ← ()
    │   ├─ [0] console::log("Proof element", 1, ":", 89139659228322516991511902812947417818976567277539582619759529237285492222351 [8.913e76]) [staticcall]
    │   │   └─ ← ()
    │   ├─ [0] console::log("Computed hash after element", 1, ":", 90519645207031266945590244632322326520069529432013691057992262226385608141027 [9.051e76]) [staticcall]
    │   │   └─ ← ()
    │   ├─ [0] console::log("Proof element", 2, ":", 86167276729270415220365293603154116830872546334163333883227179387055231533441 [8.616e76]) [staticcall]
    │   │   └─ ← ()
    │   ├─ [0] console::log("Computed hash after element", 2, ":", 44812029912269844639383167223451376600872748978496635971607178627452478213724 [4.481e76]) [staticcall]
    │   │   └─ ← ()
    │   ├─ [0] console::log("Proof element", 3, ":", 108553049071648998281524720654683211963479500989552657999545980456215882000913 [1.085e77]) [staticcall]
    │   │   └─ ← ()
    │   ├─ [0] console::log("Computed hash after element", 3, ":", 95904243231259043751671466433766867542513274203239933588935001992552312598703 [9.59e76]) [staticcall]
    │   │   └─ ← ()
    │   ├─ [0] console::log("Is valid:", true) [staticcall]
    │   │   └─ ← ()
    │   └─ ← true
    ├─ [0] console::log("--- End of verification details ---") [staticcall]
    │   └─ ← ()
    ├─ [0] console::log("Successfully verified leaf 5 after adding 13 leaves") [staticcall]
    │   └─ ← ()
    ├─ [28254] MerkleStorageOZ::getProof(5) [staticcall]
    │   ├─ [0] console::log("Getting proof for leaf index:", 5) [staticcall]
    │   │   └─ ← ()
    │   ├─ [0] console::log("Tree depth:", 4) [staticcall]
    │   │   └─ ← ()
    │   ├─ [0] console::log("Level", 0, "size:", 13) [staticcall]
    │   │   └─ ← ()
    │   ├─ [0] console::log("Added to proof:", 3327891084304698462684256911003812127873740397003554529128445276024109161606 [3.327e75]) [staticcall]
    │   │   └─ ← ()
    │   ├─ [0] console::log("Level", 1, "size:", 7) [staticcall]
    │   │   └─ ← ()
    │   ├─ [0] console::log("Added to proof:", 89139659228322516991511902812947417818976567277539582619759529237285492222351 [8.913e76]) [staticcall]
    │   │   └─ ← ()
    │   ├─ [0] console::log("Level", 2, "size:", 4) [staticcall]
    │   │   └─ ← ()
    │   ├─ [0] console::log("Added to proof:", 86167276729270415220365293603154116830872546334163333883227179387055231533441 [8.616e76]) [staticcall]
    │   │   └─ ← ()
    │   ├─ [0] console::log("Level", 3, "size:", 2) [staticcall]
    │   │   └─ ← ()
    │   ├─ [0] console::log("Added to proof:", 108553049071648998281524720654683211963479500989552657999545980456215882000913 [1.085e77]) [staticcall]
    │   │   └─ ← ()
    │   ├─ [0] console::log("Final proof length:", 4) [staticcall]
    │   │   └─ ← ()
    │   └─ ← [0x075b8504c98679ed33a097ef9b1466e8f4652142d4b19ab2c37fdf1668a65c86, 0xc513425acc7aa543abb5dc1ff382f69776a7ff7f57d334f6cea222ae2803e98f, 0xbe80f348526b4646bc0697bf2fe649f1835863538924cb6b91ad4eb57ced0181, 0xeffed934eca1823026d9f80e29166af6c53417b6425bb3d941ef8c7aa0bc6a11]
    ├─ [0] console::log("--- Verification details for leaf 6 after adding 13 leaves ---") [staticcall]
    │   └─ ← ()
    ├─ [13798] MerkleStorageOZ::verifyLeaf(0x6c65616636, [0x075b8504c98679ed33a097ef9b1466e8f4652142d4b19ab2c37fdf1668a65c86, 0xc513425acc7aa543abb5dc1ff382f69776a7ff7f57d334f6cea222ae2803e98f, 0xbe80f348526b4646bc0697bf2fe649f1835863538924cb6b91ad4eb57ced0181, 0xeffed934eca1823026d9f80e29166af6c53417b6425bb3d941ef8c7aa0bc6a11]) [staticcall]
    │   ├─ [0] console::log("Verifying leaf:", 42656216575733633865718546135288608701490211943531992892543518422469545049160 [4.265e76]) [staticcall]
    │   │   └─ ← ()
    │   ├─ [0] console::log("Merkle root:", 95904243231259043751671466433766867542513274203239933588935001992552312598703 [9.59e76]) [staticcall]
    │   │   └─ ← ()
    │   ├─ [0] console::log("Proof length:", 4) [staticcall]
    │   │   └─ ← ()
    │   ├─ [0] console::log("Proof element", 0, ":", 3327891084304698462684256911003812127873740397003554529128445276024109161606 [3.327e75]) [staticcall]
    │   │   └─ ← ()
    │   ├─ [0] console::log("Computed hash after element", 0, ":", 79680312521381101304386615379526824036772258414601889669286272159596699208134 [7.968e76]) [staticcall]
    │   │   └─ ← ()
    │   ├─ [0] console::log("Proof element", 1, ":", 89139659228322516991511902812947417818976567277539582619759529237285492222351 [8.913e76]) [staticcall]
    │   │   └─ ← ()
    │   ├─ [0] console::log("Computed hash after element", 1, ":", 90519645207031266945590244632322326520069529432013691057992262226385608141027 [9.051e76]) [staticcall]
    │   │   └─ ← ()
    │   ├─ [0] console::log("Proof element", 2, ":", 86167276729270415220365293603154116830872546334163333883227179387055231533441 [8.616e76]) [staticcall]
    │   │   └─ ← ()
    │   ├─ [0] console::log("Computed hash after element", 2, ":", 44812029912269844639383167223451376600872748978496635971607178627452478213724 [4.481e76]) [staticcall]
    │   │   └─ ← ()
    │   ├─ [0] console::log("Proof element", 3, ":", 108553049071648998281524720654683211963479500989552657999545980456215882000913 [1.085e77]) [staticcall]
    │   │   └─ ← ()
    │   ├─ [0] console::log("Computed hash after element", 3, ":", 95904243231259043751671466433766867542513274203239933588935001992552312598703 [9.59e76]) [staticcall]
    │   │   └─ ← ()
    │   ├─ [0] console::log("Is valid:", true) [staticcall]
    │   │   └─ ← ()
    │   └─ ← true
    ├─ [0] console::log("--- End of verification details ---") [staticcall]
    │   └─ ← ()
    ├─ [0] console::log("Successfully verified leaf 6 after adding 13 leaves") [staticcall]
    │   └─ ← ()
    ├─ [28254] MerkleStorageOZ::getProof(6) [staticcall]
    │   ├─ [0] console::log("Getting proof for leaf index:", 6) [staticcall]
    │   │   └─ ← ()
    │   ├─ [0] console::log("Tree depth:", 4) [staticcall]
    │   │   └─ ← ()
    │   ├─ [0] console::log("Level", 0, "size:", 13) [staticcall]
    │   │   └─ ← ()
    │   ├─ [0] console::log("Added to proof:", 41333877701255859865019379003725985110118058655845990608936096526874421775531 [4.133e76]) [staticcall]
    │   │   └─ ← ()
    │   ├─ [0] console::log("Level", 1, "size:", 7) [staticcall]
    │   │   └─ ← ()
    │   ├─ [0] console::log("Added to proof:", 79680312521381101304386615379526824036772258414601889669286272159596699208134 [7.968e76]) [staticcall]
    │   │   └─ ← ()
    │   ├─ [0] console::log("Level", 2, "size:", 4) [staticcall]
    │   │   └─ ← ()
    │   ├─ [0] console::log("Added to proof:", 86167276729270415220365293603154116830872546334163333883227179387055231533441 [8.616e76]) [staticcall]
    │   │   └─ ← ()
    │   ├─ [0] console::log("Level", 3, "size:", 2) [staticcall]
    │   │   └─ ← ()
    │   ├─ [0] console::log("Added to proof:", 108553049071648998281524720654683211963479500989552657999545980456215882000913 [1.085e77]) [staticcall]
    │   │   └─ ← ()
    │   ├─ [0] console::log("Final proof length:", 4) [staticcall]
    │   │   └─ ← ()
    │   └─ ← [0x5b62254e0339ae673a4773d31a564007f04f6ccf4934746b49ada87734d04cab, 0xb029756cee16464a69763ada5c6cf8b91c34e842abc58c709550cdda1e5049c6, 0xbe80f348526b4646bc0697bf2fe649f1835863538924cb6b91ad4eb57ced0181, 0xeffed934eca1823026d9f80e29166af6c53417b6425bb3d941ef8c7aa0bc6a11]
    ├─ [0] console::log("--- Verification details for leaf 7 after adding 13 leaves ---") [staticcall]
    │   └─ ← ()
    ├─ [13788] MerkleStorageOZ::verifyLeaf(0x6c65616637, [0x5b62254e0339ae673a4773d31a564007f04f6ccf4934746b49ada87734d04cab, 0xb029756cee16464a69763ada5c6cf8b91c34e842abc58c709550cdda1e5049c6, 0xbe80f348526b4646bc0697bf2fe649f1835863538924cb6b91ad4eb57ced0181, 0xeffed934eca1823026d9f80e29166af6c53417b6425bb3d941ef8c7aa0bc6a11]) [staticcall]
    │   ├─ [0] console::log("Verifying leaf:", 77058788664304649396218556642747909996121735590822886025965307874683454946759 [7.705e76]) [staticcall]
    │   │   └─ ← ()
    │   ├─ [0] console::log("Merkle root:", 95904243231259043751671466433766867542513274203239933588935001992552312598703 [9.59e76]) [staticcall]
    │   │   └─ ← ()
    │   ├─ [0] console::log("Proof length:", 4) [staticcall]
    │   │   └─ ← ()
    │   ├─ [0] console::log("Proof element", 0, ":", 41333877701255859865019379003725985110118058655845990608936096526874421775531 [4.133e76]) [staticcall]
    │   │   └─ ← ()
    │   ├─ [0] console::log("Computed hash after element", 0, ":", 89139659228322516991511902812947417818976567277539582619759529237285492222351 [8.913e76]) [staticcall]
    │   │   └─ ← ()
    │   ├─ [0] console::log("Proof element", 1, ":", 79680312521381101304386615379526824036772258414601889669286272159596699208134 [7.968e76]) [staticcall]
    │   │   └─ ← ()
    │   ├─ [0] console::log("Computed hash after element", 1, ":", 90519645207031266945590244632322326520069529432013691057992262226385608141027 [9.051e76]) [staticcall]
    │   │   └─ ← ()
    │   ├─ [0] console::log("Proof element", 2, ":", 86167276729270415220365293603154116830872546334163333883227179387055231533441 [8.616e76]) [staticcall]
    │   │   └─ ← ()
    │   ├─ [0] console::log("Computed hash after element", 2, ":", 44812029912269844639383167223451376600872748978496635971607178627452478213724 [4.481e76]) [staticcall]
    │   │   └─ ← ()
    │   ├─ [0] console::log("Proof element", 3, ":", 108553049071648998281524720654683211963479500989552657999545980456215882000913 [1.085e77]) [staticcall]
    │   │   └─ ← ()
    │   ├─ [0] console::log("Computed hash after element", 3, ":", 95904243231259043751671466433766867542513274203239933588935001992552312598703 [9.59e76]) [staticcall]
    │   │   └─ ← ()
    │   ├─ [0] console::log("Is valid:", true) [staticcall]
    │   │   └─ ← ()
    │   └─ ← true
    ├─ [0] console::log("--- End of verification details ---") [staticcall]
    │   └─ ← ()
    ├─ [0] console::log("Successfully verified leaf 7 after adding 13 leaves") [staticcall]
    │   └─ ← ()
    ├─ [28169] MerkleStorageOZ::getProof(7) [staticcall]
    │   ├─ [0] console::log("Getting proof for leaf index:", 7) [staticcall]
    │   │   └─ ← ()
    │   ├─ [0] console::log("Tree depth:", 4) [staticcall]
    │   │   └─ ← ()
    │   ├─ [0] console::log("Level", 0, "size:", 13) [staticcall]
    │   │   └─ ← ()
    │   ├─ [0] console::log("Added to proof:", 77058788664304649396218556642747909996121735590822886025965307874683454946759 [7.705e76]) [staticcall]
    │   │   └─ ← ()
    │   ├─ [0] console::log("Level", 1, "size:", 7) [staticcall]
    │   │   └─ ← ()
    │   ├─ [0] console::log("Added to proof:", 79680312521381101304386615379526824036772258414601889669286272159596699208134 [7.968e76]) [staticcall]
    │   │   └─ ← ()
    │   ├─ [0] console::log("Level", 2, "size:", 4) [staticcall]
    │   │   └─ ← ()
    │   ├─ [0] console::log("Added to proof:", 86167276729270415220365293603154116830872546334163333883227179387055231533441 [8.616e76]) [staticcall]
    │   │   └─ ← ()
    │   ├─ [0] console::log("Level", 3, "size:", 2) [staticcall]
    │   │   └─ ← ()
    │   ├─ [0] console::log("Added to proof:", 108553049071648998281524720654683211963479500989552657999545980456215882000913 [1.085e77]) [staticcall]
    │   │   └─ ← ()
    │   ├─ [0] console::log("Final proof length:", 4) [staticcall]
    │   │   └─ ← ()
    │   └─ ← [0xaa5dba90c8178f75a5eb7bdb098f0cec525bb61e5ba2ad6dc5fa580f163efdc7, 0xb029756cee16464a69763ada5c6cf8b91c34e842abc58c709550cdda1e5049c6, 0xbe80f348526b4646bc0697bf2fe649f1835863538924cb6b91ad4eb57ced0181, 0xeffed934eca1823026d9f80e29166af6c53417b6425bb3d941ef8c7aa0bc6a11]
    ├─ [0] console::log("--- Verification details for leaf 8 after adding 13 leaves ---") [staticcall]
    │   └─ ← ()
    ├─ [13798] MerkleStorageOZ::verifyLeaf(0x6c65616638, [0xaa5dba90c8178f75a5eb7bdb098f0cec525bb61e5ba2ad6dc5fa580f163efdc7, 0xb029756cee16464a69763ada5c6cf8b91c34e842abc58c709550cdda1e5049c6, 0xbe80f348526b4646bc0697bf2fe649f1835863538924cb6b91ad4eb57ced0181, 0xeffed934eca1823026d9f80e29166af6c53417b6425bb3d941ef8c7aa0bc6a11]) [staticcall]
    │   ├─ [0] console::log("Verifying leaf:", 41333877701255859865019379003725985110118058655845990608936096526874421775531 [4.133e76]) [staticcall]
    │   │   └─ ← ()
    │   ├─ [0] console::log("Merkle root:", 95904243231259043751671466433766867542513274203239933588935001992552312598703 [9.59e76]) [staticcall]
    │   │   └─ ← ()
    │   ├─ [0] console::log("Proof length:", 4) [staticcall]
    │   │   └─ ← ()
    │   ├─ [0] console::log("Proof element", 0, ":", 77058788664304649396218556642747909996121735590822886025965307874683454946759 [7.705e76]) [staticcall]
    │   │   └─ ← ()
    │   ├─ [0] console::log("Computed hash after element", 0, ":", 89139659228322516991511902812947417818976567277539582619759529237285492222351 [8.913e76]) [staticcall]
    │   │   └─ ← ()
    │   ├─ [0] console::log("Proof element", 1, ":", 79680312521381101304386615379526824036772258414601889669286272159596699208134 [7.968e76]) [staticcall]
    │   │   └─ ← ()
    │   ├─ [0] console::log("Computed hash after element", 1, ":", 90519645207031266945590244632322326520069529432013691057992262226385608141027 [9.051e76]) [staticcall]
    │   │   └─ ← ()
    │   ├─ [0] console::log("Proof element", 2, ":", 86167276729270415220365293603154116830872546334163333883227179387055231533441 [8.616e76]) [staticcall]
    │   │   └─ ← ()
    │   ├─ [0] console::log("Computed hash after element", 2, ":", 44812029912269844639383167223451376600872748978496635971607178627452478213724 [4.481e76]) [staticcall]
    │   │   └─ ← ()
    │   ├─ [0] console::log("Proof element", 3, ":", 108553049071648998281524720654683211963479500989552657999545980456215882000913 [1.085e77]) [staticcall]
    │   │   └─ ← ()
    │   ├─ [0] console::log("Computed hash after element", 3, ":", 95904243231259043751671466433766867542513274203239933588935001992552312598703 [9.59e76]) [staticcall]
    │   │   └─ ← ()
    │   ├─ [0] console::log("Is valid:", true) [staticcall]
    │   │   └─ ← ()
    │   └─ ← true
    ├─ [0] console::log("--- End of verification details ---") [staticcall]
    │   └─ ← ()
    ├─ [0] console::log("Successfully verified leaf 8 after adding 13 leaves") [staticcall]
    │   └─ ← ()
    ├─ [28339] MerkleStorageOZ::getProof(8) [staticcall]
    │   ├─ [0] console::log("Getting proof for leaf index:", 8) [staticcall]
    │   │   └─ ← ()
    │   ├─ [0] console::log("Tree depth:", 4) [staticcall]
    │   │   └─ ← ()
    │   ├─ [0] console::log("Level", 0, "size:", 13) [staticcall]
    │   │   └─ ← ()
    │   ├─ [0] console::log("Added to proof:", 19972288769315928479630679177845711677268766594983667860090139443496462084286 [1.997e76]) [staticcall]
    │   │   └─ ← ()
    │   ├─ [0] console::log("Level", 1, "size:", 7) [staticcall]
    │   │   └─ ← ()
    │   ├─ [0] console::log("Added to proof:", 86830204781467795827957492631466613281393886399951120238877606491319470472592 [8.683e76]) [staticcall]
    │   │   └─ ← ()
    │   ├─ [0] console::log("Level", 2, "size:", 4) [staticcall]
    │   │   └─ ← ()
    │   ├─ [0] console::log("Added to proof:", 92619562252365677669901163699204566607949558994432207550606556910840817279335 [9.261e76]) [staticcall]
    │   │   └─ ← ()
    │   ├─ [0] console::log("Level", 3, "size:", 2) [staticcall]
    │   │   └─ ← ()
    │   ├─ [0] console::log("Added to proof:", 44812029912269844639383167223451376600872748978496635971607178627452478213724 [4.481e76]) [staticcall]
    │   │   └─ ← ()
    │   ├─ [0] console::log("Final proof length:", 4) [staticcall]
    │   │   └─ ← ()
    │   └─ ← [0x2c27ea3376eac042eece8f0c78a7d7051fe8b7945d2746e7c321d2b5968468be, 0xbff82780689fb511deecdc2c0b8617120192ec77d9ea1e66d818d078c2b93d90, 0xccc4d083cdf48ef2c50a0a45b13aae2642eda593dfb5894236e409ed3ff26167, 0x6312b5c9c0f90c16707fa38ba42f8fe1608c5fa99a1772af08b1ea466614ce5c]
    ├─ [0] console::log("--- Verification details for leaf 9 after adding 13 leaves ---") [staticcall]
    │   └─ ← ()
    ├─ [13778] MerkleStorageOZ::verifyLeaf(0x6c65616639, [0x2c27ea3376eac042eece8f0c78a7d7051fe8b7945d2746e7c321d2b5968468be, 0xbff82780689fb511deecdc2c0b8617120192ec77d9ea1e66d818d078c2b93d90, 0xccc4d083cdf48ef2c50a0a45b13aae2642eda593dfb5894236e409ed3ff26167, 0x6312b5c9c0f90c16707fa38ba42f8fe1608c5fa99a1772af08b1ea466614ce5c]) [staticcall]
    │   ├─ [0] console::log("Verifying leaf:", 83097023403658896075826216087624068326805273787826444717403742070225742999267 [8.309e76]) [staticcall]
    │   │   └─ ← ()
    │   ├─ [0] console::log("Merkle root:", 95904243231259043751671466433766867542513274203239933588935001992552312598703 [9.59e76]) [staticcall]
    │   │   └─ ← ()
    │   ├─ [0] console::log("Proof length:", 4) [staticcall]
    │   │   └─ ← ()
    │   ├─ [0] console::log("Proof element", 0, ":", 19972288769315928479630679177845711677268766594983667860090139443496462084286 [1.997e76]) [staticcall]
    │   │   └─ ← ()
    │   ├─ [0] console::log("Computed hash after element", 0, ":", 110058130168134052799716071097073281996591153893535428294527808496692578065614 [1.1e77]) [staticcall]
    │   │   └─ ← ()
    │   ├─ [0] console::log("Proof element", 1, ":", 86830204781467795827957492631466613281393886399951120238877606491319470472592 [8.683e76]) [staticcall]
    │   │   └─ ← ()
    │   ├─ [0] console::log("Computed hash after element", 1, ":", 107653161125649642032491443308982527566324346567968513637810199776622513001405 [1.076e77]) [staticcall]
    │   │   └─ ← ()
    │   ├─ [0] console::log("Proof element", 2, ":", 92619562252365677669901163699204566607949558994432207550606556910840817279335 [9.261e76]) [staticcall]
    │   │   └─ ← ()
    │   ├─ [0] console::log("Computed hash after element", 2, ":", 108553049071648998281524720654683211963479500989552657999545980456215882000913 [1.085e77]) [staticcall]
    │   │   └─ ← ()
    │   ├─ [0] console::log("Proof element", 3, ":", 44812029912269844639383167223451376600872748978496635971607178627452478213724 [4.481e76]) [staticcall]
    │   │   └─ ← ()
    │   ├─ [0] console::log("Computed hash after element", 3, ":", 95904243231259043751671466433766867542513274203239933588935001992552312598703 [9.59e76]) [staticcall]
    │   │   └─ ← ()
    │   ├─ [0] console::log("Is valid:", true) [staticcall]
    │   │   └─ ← ()
    │   └─ ← true
    ├─ [0] console::log("--- End of verification details ---") [staticcall]
    │   └─ ← ()
    ├─ [0] console::log("Successfully verified leaf 9 after adding 13 leaves") [staticcall]
    │   └─ ← ()
    ├─ [28254] MerkleStorageOZ::getProof(9) [staticcall]
    │   ├─ [0] console::log("Getting proof for leaf index:", 9) [staticcall]
    │   │   └─ ← ()
    │   ├─ [0] console::log("Tree depth:", 4) [staticcall]
    │   │   └─ ← ()
    │   ├─ [0] console::log("Level", 0, "size:", 13) [staticcall]
    │   │   └─ ← ()
    │   ├─ [0] console::log("Added to proof:", 83097023403658896075826216087624068326805273787826444717403742070225742999267 [8.309e76]) [staticcall]
    │   │   └─ ← ()
    │   ├─ [0] console::log("Level", 1, "size:", 7) [staticcall]
    │   │   └─ ← ()
    │   ├─ [0] console::log("Added to proof:", 86830204781467795827957492631466613281393886399951120238877606491319470472592 [8.683e76]) [staticcall]
    │   │   └─ ← ()
    │   ├─ [0] console::log("Level", 2, "size:", 4) [staticcall]
    │   │   └─ ← ()
    │   ├─ [0] console::log("Added to proof:", 92619562252365677669901163699204566607949558994432207550606556910840817279335 [9.261e76]) [staticcall]
    │   │   └─ ← ()
    │   ├─ [0] console::log("Level", 3, "size:", 2) [staticcall]
    │   │   └─ ← ()
    │   ├─ [0] console::log("Added to proof:", 44812029912269844639383167223451376600872748978496635971607178627452478213724 [4.481e76]) [staticcall]
    │   │   └─ ← ()
    │   ├─ [0] console::log("Final proof length:", 4) [staticcall]
    │   │   └─ ← ()
    │   └─ ← [0xb7b73f9f206e380e92907f3d38c9caa544ee92ddc0a78c67c76f3eb5e05a2ee3, 0xbff82780689fb511deecdc2c0b8617120192ec77d9ea1e66d818d078c2b93d90, 0xccc4d083cdf48ef2c50a0a45b13aae2642eda593dfb5894236e409ed3ff26167, 0x6312b5c9c0f90c16707fa38ba42f8fe1608c5fa99a1772af08b1ea466614ce5c]
    ├─ [0] console::log("--- Verification details for leaf 10 after adding 13 leaves ---") [staticcall]
    │   └─ ← ()
    ├─ [13788] MerkleStorageOZ::verifyLeaf(0x6c6561663130, [0xb7b73f9f206e380e92907f3d38c9caa544ee92ddc0a78c67c76f3eb5e05a2ee3, 0xbff82780689fb511deecdc2c0b8617120192ec77d9ea1e66d818d078c2b93d90, 0xccc4d083cdf48ef2c50a0a45b13aae2642eda593dfb5894236e409ed3ff26167, 0x6312b5c9c0f90c16707fa38ba42f8fe1608c5fa99a1772af08b1ea466614ce5c]) [staticcall]
    │   ├─ [0] console::log("Verifying leaf:", 19972288769315928479630679177845711677268766594983667860090139443496462084286 [1.997e76]) [staticcall]
    │   │   └─ ← ()
    │   ├─ [0] console::log("Merkle root:", 95904243231259043751671466433766867542513274203239933588935001992552312598703 [9.59e76]) [staticcall]
    │   │   └─ ← ()
    │   ├─ [0] console::log("Proof length:", 4) [staticcall]
    │   │   └─ ← ()
    │   ├─ [0] console::log("Proof element", 0, ":", 83097023403658896075826216087624068326805273787826444717403742070225742999267 [8.309e76]) [staticcall]
    │   │   └─ ← ()
    │   ├─ [0] console::log("Computed hash after element", 0, ":", 110058130168134052799716071097073281996591153893535428294527808496692578065614 [1.1e77]) [staticcall]
    │   │   └─ ← ()
    │   ├─ [0] console::log("Proof element", 1, ":", 86830204781467795827957492631466613281393886399951120238877606491319470472592 [8.683e76]) [staticcall]
    │   │   └─ ← ()
    │   ├─ [0] console::log("Computed hash after element", 1, ":", 107653161125649642032491443308982527566324346567968513637810199776622513001405 [1.076e77]) [staticcall]
    │   │   └─ ← ()
    │   ├─ [0] console::log("Proof element", 2, ":", 92619562252365677669901163699204566607949558994432207550606556910840817279335 [9.261e76]) [staticcall]
    │   │   └─ ← ()
    │   ├─ [0] console::log("Computed hash after element", 2, ":", 108553049071648998281524720654683211963479500989552657999545980456215882000913 [1.085e77]) [staticcall]
    │   │   └─ ← ()
    │   ├─ [0] console::log("Proof element", 3, ":", 44812029912269844639383167223451376600872748978496635971607178627452478213724 [4.481e76]) [staticcall]
    │   │   └─ ← ()
    │   ├─ [0] console::log("Computed hash after element", 3, ":", 95904243231259043751671466433766867542513274203239933588935001992552312598703 [9.59e76]) [staticcall]
    │   │   └─ ← ()
    │   ├─ [0] console::log("Is valid:", true) [staticcall]
    │   │   └─ ← ()
    │   └─ ← true
    ├─ [0] console::log("--- End of verification details ---") [staticcall]
    │   └─ ← ()
    ├─ [0] console::log("Successfully verified leaf 10 after adding 13 leaves") [staticcall]
    │   └─ ← ()
    ├─ [28254] MerkleStorageOZ::getProof(10) [staticcall]
    │   ├─ [0] console::log("Getting proof for leaf index:", 10) [staticcall]
    │   │   └─ ← ()
    │   ├─ [0] console::log("Tree depth:", 4) [staticcall]
    │   │   └─ ← ()
    │   ├─ [0] console::log("Level", 0, "size:", 13) [staticcall]
    │   │   └─ ← ()
    │   ├─ [0] console::log("Added to proof:", 96593053628671560174693064981485823685325506728506954480672468072431603451342 [9.659e76]) [staticcall]
    │   │   └─ ← ()
    │   ├─ [0] console::log("Level", 1, "size:", 7) [staticcall]
    │   │   └─ ← ()
    │   ├─ [0] console::log("Added to proof:", 110058130168134052799716071097073281996591153893535428294527808496692578065614 [1.1e77]) [staticcall]
    │   │   └─ ← ()
    │   ├─ [0] console::log("Level", 2, "size:", 4) [staticcall]
    │   │   └─ ← ()
    │   ├─ [0] console::log("Added to proof:", 92619562252365677669901163699204566607949558994432207550606556910840817279335 [9.261e76]) [staticcall]
    │   │   └─ ← ()
    │   ├─ [0] console::log("Level", 3, "size:", 2) [staticcall]
    │   │   └─ ← ()
    │   ├─ [0] console::log("Added to proof:", 44812029912269844639383167223451376600872748978496635971607178627452478213724 [4.481e76]) [staticcall]
    │   │   └─ ← ()
    │   ├─ [0] console::log("Final proof length:", 4) [staticcall]
    │   │   └─ ← ()
    │   └─ ← [0xd58dbb1e54dc3320d5987448e4420e22460237351984e558e88f81a4e36085ce, 0xf352b1b5872acb8684bb694175cf18f81a134d5ff86ae93833369c25d9cd9cce, 0xccc4d083cdf48ef2c50a0a45b13aae2642eda593dfb5894236e409ed3ff26167, 0x6312b5c9c0f90c16707fa38ba42f8fe1608c5fa99a1772af08b1ea466614ce5c]
    ├─ [0] console::log("--- Verification details for leaf 11 after adding 13 leaves ---") [staticcall]
    │   └─ ← ()
    ├─ [13798] MerkleStorageOZ::verifyLeaf(0x6c6561663131, [0xd58dbb1e54dc3320d5987448e4420e22460237351984e558e88f81a4e36085ce, 0xf352b1b5872acb8684bb694175cf18f81a134d5ff86ae93833369c25d9cd9cce, 0xccc4d083cdf48ef2c50a0a45b13aae2642eda593dfb5894236e409ed3ff26167, 0x6312b5c9c0f90c16707fa38ba42f8fe1608c5fa99a1772af08b1ea466614ce5c]) [staticcall]
    │   ├─ [0] console::log("Verifying leaf:", 11059502003765752708342665740916089834825294147016530688590526355732680035651 [1.105e76]) [staticcall]
    │   │   └─ ← ()
    │   ├─ [0] console::log("Merkle root:", 95904243231259043751671466433766867542513274203239933588935001992552312598703 [9.59e76]) [staticcall]
    │   │   └─ ← ()
    │   ├─ [0] console::log("Proof length:", 4) [staticcall]
    │   │   └─ ← ()
    │   ├─ [0] console::log("Proof element", 0, ":", 96593053628671560174693064981485823685325506728506954480672468072431603451342 [9.659e76]) [staticcall]
    │   │   └─ ← ()
    │   ├─ [0] console::log("Computed hash after element", 0, ":", 86830204781467795827957492631466613281393886399951120238877606491319470472592 [8.683e76]) [staticcall]
    │   │   └─ ← ()
    │   ├─ [0] console::log("Proof element", 1, ":", 110058130168134052799716071097073281996591153893535428294527808496692578065614 [1.1e77]) [staticcall]
    │   │   └─ ← ()
    │   ├─ [0] console::log("Computed hash after element", 1, ":", 107653161125649642032491443308982527566324346567968513637810199776622513001405 [1.076e77]) [staticcall]
    │   │   └─ ← ()
    │   ├─ [0] console::log("Proof element", 2, ":", 92619562252365677669901163699204566607949558994432207550606556910840817279335 [9.261e76]) [staticcall]
    │   │   └─ ← ()
    │   ├─ [0] console::log("Computed hash after element", 2, ":", 108553049071648998281524720654683211963479500989552657999545980456215882000913 [1.085e77]) [staticcall]
    │   │   └─ ← ()
    │   ├─ [0] console::log("Proof element", 3, ":", 44812029912269844639383167223451376600872748978496635971607178627452478213724 [4.481e76]) [staticcall]
    │   │   └─ ← ()
    │   ├─ [0] console::log("Computed hash after element", 3, ":", 95904243231259043751671466433766867542513274203239933588935001992552312598703 [9.59e76]) [staticcall]
    │   │   └─ ← ()
    │   ├─ [0] console::log("Is valid:", true) [staticcall]
    │   │   └─ ← ()
    │   └─ ← true
    ├─ [0] console::log("--- End of verification details ---") [staticcall]
    │   └─ ← ()
    ├─ [0] console::log("Successfully verified leaf 11 after adding 13 leaves") [staticcall]
    │   └─ ← ()
    ├─ [28169] MerkleStorageOZ::getProof(11) [staticcall]
    │   ├─ [0] console::log("Getting proof for leaf index:", 11) [staticcall]
    │   │   └─ ← ()
    │   ├─ [0] console::log("Tree depth:", 4) [staticcall]
    │   │   └─ ← ()
    │   ├─ [0] console::log("Level", 0, "size:", 13) [staticcall]
    │   │   └─ ← ()
    │   ├─ [0] console::log("Added to proof:", 11059502003765752708342665740916089834825294147016530688590526355732680035651 [1.105e76]) [staticcall]
    │   │   └─ ← ()
    │   ├─ [0] console::log("Level", 1, "size:", 7) [staticcall]
    │   │   └─ ← ()
    │   ├─ [0] console::log("Added to proof:", 110058130168134052799716071097073281996591153893535428294527808496692578065614 [1.1e77]) [staticcall]
    │   │   └─ ← ()
    │   ├─ [0] console::log("Level", 2, "size:", 4) [staticcall]
    │   │   └─ ← ()
    │   ├─ [0] console::log("Added to proof:", 92619562252365677669901163699204566607949558994432207550606556910840817279335 [9.261e76]) [staticcall]
    │   │   └─ ← ()
    │   ├─ [0] console::log("Level", 3, "size:", 2) [staticcall]
    │   │   └─ ← ()
    │   ├─ [0] console::log("Added to proof:", 44812029912269844639383167223451376600872748978496635971607178627452478213724 [4.481e76]) [staticcall]
    │   │   └─ ← ()
    │   ├─ [0] console::log("Final proof length:", 4) [staticcall]
    │   │   └─ ← ()
    │   └─ ← [0x187374d08f1fbae82b4bfcec5f832bc78271f5d335a3860d721db1e6b05a4d43, 0xf352b1b5872acb8684bb694175cf18f81a134d5ff86ae93833369c25d9cd9cce, 0xccc4d083cdf48ef2c50a0a45b13aae2642eda593dfb5894236e409ed3ff26167, 0x6312b5c9c0f90c16707fa38ba42f8fe1608c5fa99a1772af08b1ea466614ce5c]
    ├─ [0] console::log("--- Verification details for leaf 12 after adding 13 leaves ---") [staticcall]
    │   └─ ← ()
    ├─ [13788] MerkleStorageOZ::verifyLeaf(0x6c6561663132, [0x187374d08f1fbae82b4bfcec5f832bc78271f5d335a3860d721db1e6b05a4d43, 0xf352b1b5872acb8684bb694175cf18f81a134d5ff86ae93833369c25d9cd9cce, 0xccc4d083cdf48ef2c50a0a45b13aae2642eda593dfb5894236e409ed3ff26167, 0x6312b5c9c0f90c16707fa38ba42f8fe1608c5fa99a1772af08b1ea466614ce5c]) [staticcall]
    │   ├─ [0] console::log("Verifying leaf:", 96593053628671560174693064981485823685325506728506954480672468072431603451342 [9.659e76]) [staticcall]
    │   │   └─ ← ()
    │   ├─ [0] console::log("Merkle root:", 95904243231259043751671466433766867542513274203239933588935001992552312598703 [9.59e76]) [staticcall]
    │   │   └─ ← ()
    │   ├─ [0] console::log("Proof length:", 4) [staticcall]
    │   │   └─ ← ()
    │   ├─ [0] console::log("Proof element", 0, ":", 11059502003765752708342665740916089834825294147016530688590526355732680035651 [1.105e76]) [staticcall]
    │   │   └─ ← ()
    │   ├─ [0] console::log("Computed hash after element", 0, ":", 86830204781467795827957492631466613281393886399951120238877606491319470472592 [8.683e76]) [staticcall]
    │   │   └─ ← ()
    │   ├─ [0] console::log("Proof element", 1, ":", 110058130168134052799716071097073281996591153893535428294527808496692578065614 [1.1e77]) [staticcall]
    │   │   └─ ← ()
    │   ├─ [0] console::log("Computed hash after element", 1, ":", 107653161125649642032491443308982527566324346567968513637810199776622513001405 [1.076e77]) [staticcall]
    │   │   └─ ← ()
    │   ├─ [0] console::log("Proof element", 2, ":", 92619562252365677669901163699204566607949558994432207550606556910840817279335 [9.261e76]) [staticcall]
    │   │   └─ ← ()
    │   ├─ [0] console::log("Computed hash after element", 2, ":", 108553049071648998281524720654683211963479500989552657999545980456215882000913 [1.085e77]) [staticcall]
    │   │   └─ ← ()
    │   ├─ [0] console::log("Proof element", 3, ":", 44812029912269844639383167223451376600872748978496635971607178627452478213724 [4.481e76]) [staticcall]
    │   │   └─ ← ()
    │   ├─ [0] console::log("Computed hash after element", 3, ":", 95904243231259043751671466433766867542513274203239933588935001992552312598703 [9.59e76]) [staticcall]
    │   │   └─ ← ()
    │   ├─ [0] console::log("Is valid:", true) [staticcall]
    │   │   └─ ← ()
    │   └─ ← true
    ├─ [0] console::log("--- End of verification details ---") [staticcall]
    │   └─ ← ()
    ├─ [0] console::log("Successfully verified leaf 12 after adding 13 leaves") [staticcall]
    │   └─ ← ()
    ├─ [28258] MerkleStorageOZ::getProof(12) [staticcall]
    │   ├─ [0] console::log("Getting proof for leaf index:", 12) [staticcall]
    │   │   └─ ← ()
    │   ├─ [0] console::log("Tree depth:", 4) [staticcall]
    │   │   └─ ← ()
    │   ├─ [0] console::log("Level", 0, "size:", 13) [staticcall]
    │   │   └─ ← ()
    │   ├─ [0] console::log("Added to proof (odd level):", 92619562252365677669901163699204566607949558994432207550606556910840817279335 [9.261e76]) [staticcall]
    │   │   └─ ← ()
    │   ├─ [0] console::log("Level", 1, "size:", 7) [staticcall]
    │   │   └─ ← ()
    │   ├─ [0] console::log("Added to proof (odd level):", 92619562252365677669901163699204566607949558994432207550606556910840817279335 [9.261e76]) [staticcall]
    │   │   └─ ← ()
    │   ├─ [0] console::log("Level", 2, "size:", 4) [staticcall]
    │   │   └─ ← ()
    │   ├─ [0] console::log("Added to proof:", 107653161125649642032491443308982527566324346567968513637810199776622513001405 [1.076e77]) [staticcall]
    │   │   └─ ← ()
    │   ├─ [0] console::log("Level", 3, "size:", 2) [staticcall]
    │   │   └─ ← ()
    │   ├─ [0] console::log("Added to proof:", 44812029912269844639383167223451376600872748978496635971607178627452478213724 [4.481e76]) [staticcall]
    │   │   └─ ← ()
    │   ├─ [0] console::log("Final proof length:", 4) [staticcall]
    │   │   └─ ← ()
    │   └─ ← [0xccc4d083cdf48ef2c50a0a45b13aae2642eda593dfb5894236e409ed3ff26167, 0xccc4d083cdf48ef2c50a0a45b13aae2642eda593dfb5894236e409ed3ff26167, 0xee0187a9e1cd26963ee5f1e99031a2da9d737039b6c237adc84770a6d2d893bd, 0x6312b5c9c0f90c16707fa38ba42f8fe1608c5fa99a1772af08b1ea466614ce5c]
    ├─ [0] console::log("--- Verification details for leaf 13 after adding 13 leaves ---") [staticcall]
    │   └─ ← ()
    ├─ [13808] MerkleStorageOZ::verifyLeaf(0x6c6561663133, [0xccc4d083cdf48ef2c50a0a45b13aae2642eda593dfb5894236e409ed3ff26167, 0xccc4d083cdf48ef2c50a0a45b13aae2642eda593dfb5894236e409ed3ff26167, 0xee0187a9e1cd26963ee5f1e99031a2da9d737039b6c237adc84770a6d2d893bd, 0x6312b5c9c0f90c16707fa38ba42f8fe1608c5fa99a1772af08b1ea466614ce5c]) [staticcall]
    │   ├─ [0] console::log("Verifying leaf:", 92619562252365677669901163699204566607949558994432207550606556910840817279335 [9.261e76]) [staticcall]
    │   │   └─ ← ()
    │   ├─ [0] console::log("Merkle root:", 95904243231259043751671466433766867542513274203239933588935001992552312598703 [9.59e76]) [staticcall]
    │   │   └─ ← ()
    │   ├─ [0] console::log("Proof length:", 4) [staticcall]
    │   │   └─ ← ()
    │   ├─ [0] console::log("Proof element", 0, ":", 92619562252365677669901163699204566607949558994432207550606556910840817279335 [9.261e76]) [staticcall]
    │   │   └─ ← ()
    │   ├─ [0] console::log("Computed hash after element", 0, ":", 34655785029912325504693851636224059906352376421900414395106511365913718305722 [3.465e76]) [staticcall]
    │   │   └─ ← ()
    │   ├─ [0] console::log("Proof element", 1, ":", 92619562252365677669901163699204566607949558994432207550606556910840817279335 [9.261e76]) [staticcall]
    │   │   └─ ← ()
    │   ├─ [0] console::log("Computed hash after element", 1, ":", 102107838697001021793613152866011485669456224330151264870980079557309193059776 [1.021e77]) [staticcall]
    │   │   └─ ← ()
    │   ├─ [0] console::log("Proof element", 2, ":", 107653161125649642032491443308982527566324346567968513637810199776622513001405 [1.076e77]) [staticcall]
    │   │   └─ ← ()
    │   ├─ [0] console::log("Computed hash after element", 2, ":", 46399629989709935398062512267465979717371404661161911373858714242799116395348 [4.639e76]) [staticcall]
    │   │   └─ ← ()
    │   ├─ [0] console::log("Proof element", 3, ":", 44812029912269844639383167223451376600872748978496635971607178627452478213724 [4.481e76]) [staticcall]
    │   │   └─ ← ()
    │   ├─ [0] console::log("Computed hash after element", 3, ":", 6104399967511633622789440264708298984094393376371698257560359093855696307576 [6.104e75]) [staticcall]
    │   │   └─ ← ()
    │   ├─ [0] console::log("Is valid:", false) [staticcall]
    │   │   └─ ← ()
    │   └─ ← false
    ├─ [0] console::log("--- End of verification details ---") [staticcall]
    │   └─ ← ()
    ├─ [0] console::log("Failed to verify leaf 13 after adding 13 leaves") [staticcall]
    │   └─ ← ()
    ├─ [39202] MerkleStorageOZ::addLeaf(0x6c6561663134)
    │   ├─ emit LeafAdded(leaf: 0x4a7203021756b359fbd744929fcb5fee1a5c9a156dcfc02424db42480a3ffca5, index: 13)
    │   ├─ emit MerkleRootUpdated(newRoot: 0x6f3e8898899f02f67e83007d1ac90ceaf60fea5663aebfcd74d40b86c3c8d24c)
    │   └─ ← ()
    ├─ [0] console::log("Added leaf 14") [staticcall]
    │   └─ ← ()
    ├─ [28857] MerkleStorageOZ::getProof(0) [staticcall]
    │   ├─ [0] console::log("Getting proof for leaf index:", 0) [staticcall]
    │   │   └─ ← ()
    │   ├─ [0] console::log("Tree depth:", 4) [staticcall]
    │   │   └─ ← ()
    │   ├─ [0] console::log("Level", 0, "size:", 14) [staticcall]
    │   │   └─ ← ()
    │   ├─ [0] console::log("Added to proof:", 84303433209692230857384970403333823748570319246869449369625637863858470744792 [8.43e76]) [staticcall]
    │   │   └─ ← ()
    │   ├─ [0] console::log("Level", 1, "size:", 7) [staticcall]
    │   │   └─ ← ()
    │   ├─ [0] console::log("Added to proof:", 42994468410347004737970376126143620665813473361490896099477539813509562736181 [4.299e76]) [staticcall]
    │   │   └─ ← ()
    │   ├─ [0] console::log("Level", 2, "size:", 4) [staticcall]
    │   │   └─ ← ()
    │   ├─ [0] console::log("Added to proof:", 90519645207031266945590244632322326520069529432013691057992262226385608141027 [9.051e76]) [staticcall]
    │   │   └─ ← ()
    │   ├─ [0] console::log("Level", 3, "size:", 2) [staticcall]
    │   │   └─ ← ()
    │   ├─ [0] console::log("Added to proof:", 78170241155033196651430226097733958812562154123046193110951321885630563925101 [7.817e76]) [staticcall]
    │   │   └─ ← ()
    │   ├─ [0] console::log("Final proof length:", 4) [staticcall]
    │   │   └─ ← ()
    │   └─ ← [0xba620d61dac4ddf2d7905722b259b0bd34ec4d37c5796d9a22537c54b3f972d8, 0x5f0e01babb612c872c711c3804090c0fcd42d13e2ddbd99d21e73f30afa59e35, 0xc8204db79981b461dca6928459414628e9784deec1c74154434eb580b50868e3, 0xacd2c9e0edff984fdfe9e0961cb8268d5e08c8886f5d3a77bcaf7677da4cbc6d]
    ├─ [0] console::log("--- Verification details for leaf 1 after adding 14 leaves ---") [staticcall]
    │   └─ ← ()
    ├─ [13818] MerkleStorageOZ::verifyLeaf(0x6c65616631, [0xba620d61dac4ddf2d7905722b259b0bd34ec4d37c5796d9a22537c54b3f972d8, 0x5f0e01babb612c872c711c3804090c0fcd42d13e2ddbd99d21e73f30afa59e35, 0xc8204db79981b461dca6928459414628e9784deec1c74154434eb580b50868e3, 0xacd2c9e0edff984fdfe9e0961cb8268d5e08c8886f5d3a77bcaf7677da4cbc6d]) [staticcall]
    │   ├─ [0] console::log("Verifying leaf:", 1534629507014924801801850062420965747762703560098700086918056654539096211930 [1.534e75]) [staticcall]
    │   │   └─ ← ()
    │   ├─ [0] console::log("Merkle root:", 50317213460667083387336512583701938606346372456891657337202148482495325721164 [5.031e76]) [staticcall]
    │   │   └─ ← ()
    │   ├─ [0] console::log("Proof length:", 4) [staticcall]
    │   │   └─ ← ()
    │   ├─ [0] console::log("Proof element", 0, ":", 84303433209692230857384970403333823748570319246869449369625637863858470744792 [8.43e76]) [staticcall]
    │   │   └─ ← ()
    │   ├─ [0] console::log("Computed hash after element", 0, ":", 4819654492366420278237764346194618123787186199882361681321774604810163462263 [4.819e75]) [staticcall]
    │   │   └─ ← ()
    │   ├─ [0] console::log("Proof element", 1, ":", 42994468410347004737970376126143620665813473361490896099477539813509562736181 [4.299e76]) [staticcall]
    │   │   └─ ← ()
    │   ├─ [0] console::log("Computed hash after element", 1, ":", 86167276729270415220365293603154116830872546334163333883227179387055231533441 [8.616e76]) [staticcall]
    │   │   └─ ← ()
    │   ├─ [0] console::log("Proof element", 2, ":", 90519645207031266945590244632322326520069529432013691057992262226385608141027 [9.051e76]) [staticcall]
    │   │   └─ ← ()
    │   ├─ [0] console::log("Computed hash after element", 2, ":", 44812029912269844639383167223451376600872748978496635971607178627452478213724 [4.481e76]) [staticcall]
    │   │   └─ ← ()
    │   ├─ [0] console::log("Proof element", 3, ":", 78170241155033196651430226097733958812562154123046193110951321885630563925101 [7.817e76]) [staticcall]
    │   │   └─ ← ()
    │   ├─ [0] console::log("Computed hash after element", 3, ":", 50317213460667083387336512583701938606346372456891657337202148482495325721164 [5.031e76]) [staticcall]
    │   │   └─ ← ()
    │   ├─ [0] console::log("Is valid:", true) [staticcall]
    │   │   └─ ← ()
    │   └─ ← true
    ├─ [0] console::log("--- End of verification details ---") [staticcall]
    │   └─ ← ()
    ├─ [0] console::log("Successfully verified leaf 1 after adding 14 leaves") [staticcall]
    │   └─ ← ()
    ├─ [28772] MerkleStorageOZ::getProof(1) [staticcall]
    │   ├─ [0] console::log("Getting proof for leaf index:", 1) [staticcall]
    │   │   └─ ← ()
    │   ├─ [0] console::log("Tree depth:", 4) [staticcall]
    │   │   └─ ← ()
    │   ├─ [0] console::log("Level", 0, "size:", 14) [staticcall]
    │   │   └─ ← ()
    │   ├─ [0] console::log("Added to proof:", 1534629507014924801801850062420965747762703560098700086918056654539096211930 [1.534e75]) [staticcall]
    │   │   └─ ← ()
    │   ├─ [0] console::log("Level", 1, "size:", 7) [staticcall]
    │   │   └─ ← ()
    │   ├─ [0] console::log("Added to proof:", 42994468410347004737970376126143620665813473361490896099477539813509562736181 [4.299e76]) [staticcall]
    │   │   └─ ← ()
    │   ├─ [0] console::log("Level", 2, "size:", 4) [staticcall]
    │   │   └─ ← ()
    │   ├─ [0] console::log("Added to proof:", 90519645207031266945590244632322326520069529432013691057992262226385608141027 [9.051e76]) [staticcall]
    │   │   └─ ← ()
    │   ├─ [0] console::log("Level", 3, "size:", 2) [staticcall]
    │   │   └─ ← ()
    │   ├─ [0] console::log("Added to proof:", 78170241155033196651430226097733958812562154123046193110951321885630563925101 [7.817e76]) [staticcall]
    │   │   └─ ← ()
    │   ├─ [0] console::log("Final proof length:", 4) [staticcall]
    │   │   └─ ← ()
    │   └─ ← [0x036491cc10808eeb0ff717314df6f19ba2e232d04d5f039f6fa382cae41641da, 0x5f0e01babb612c872c711c3804090c0fcd42d13e2ddbd99d21e73f30afa59e35, 0xc8204db79981b461dca6928459414628e9784deec1c74154434eb580b50868e3, 0xacd2c9e0edff984fdfe9e0961cb8268d5e08c8886f5d3a77bcaf7677da4cbc6d]
    ├─ [0] console::log("--- Verification details for leaf 2 after adding 14 leaves ---") [staticcall]
    │   └─ ← ()
    ├─ [13808] MerkleStorageOZ::verifyLeaf(0x6c65616632, [0x036491cc10808eeb0ff717314df6f19ba2e232d04d5f039f6fa382cae41641da, 0x5f0e01babb612c872c711c3804090c0fcd42d13e2ddbd99d21e73f30afa59e35, 0xc8204db79981b461dca6928459414628e9784deec1c74154434eb580b50868e3, 0xacd2c9e0edff984fdfe9e0961cb8268d5e08c8886f5d3a77bcaf7677da4cbc6d]) [staticcall]
    │   ├─ [0] console::log("Verifying leaf:", 84303433209692230857384970403333823748570319246869449369625637863858470744792 [8.43e76]) [staticcall]
    │   │   └─ ← ()
    │   ├─ [0] console::log("Merkle root:", 50317213460667083387336512583701938606346372456891657337202148482495325721164 [5.031e76]) [staticcall]
    │   │   └─ ← ()
    │   ├─ [0] console::log("Proof length:", 4) [staticcall]
    │   │   └─ ← ()
    │   ├─ [0] console::log("Proof element", 0, ":", 1534629507014924801801850062420965747762703560098700086918056654539096211930 [1.534e75]) [staticcall]
    │   │   └─ ← ()
    │   ├─ [0] console::log("Computed hash after element", 0, ":", 4819654492366420278237764346194618123787186199882361681321774604810163462263 [4.819e75]) [staticcall]
    │   │   └─ ← ()
    │   ├─ [0] console::log("Proof element", 1, ":", 42994468410347004737970376126143620665813473361490896099477539813509562736181 [4.299e76]) [staticcall]
    │   │   └─ ← ()
    │   ├─ [0] console::log("Computed hash after element", 1, ":", 86167276729270415220365293603154116830872546334163333883227179387055231533441 [8.616e76]) [staticcall]
    │   │   └─ ← ()
    │   ├─ [0] console::log("Proof element", 2, ":", 90519645207031266945590244632322326520069529432013691057992262226385608141027 [9.051e76]) [staticcall]
    │   │   └─ ← ()
    │   ├─ [0] console::log("Computed hash after element", 2, ":", 44812029912269844639383167223451376600872748978496635971607178627452478213724 [4.481e76]) [staticcall]
    │   │   └─ ← ()
    │   ├─ [0] console::log("Proof element", 3, ":", 78170241155033196651430226097733958812562154123046193110951321885630563925101 [7.817e76]) [staticcall]
    │   │   └─ ← ()
    │   ├─ [0] console::log("Computed hash after element", 3, ":", 50317213460667083387336512583701938606346372456891657337202148482495325721164 [5.031e76]) [staticcall]
    │   │   └─ ← ()
    │   ├─ [0] console::log("Is valid:", true) [staticcall]
    │   │   └─ ← ()
    │   └─ ← true
    ├─ [0] console::log("--- End of verification details ---") [staticcall]
    │   └─ ← ()
    ├─ [0] console::log("Successfully verified leaf 2 after adding 14 leaves") [staticcall]
    │   └─ ← ()
    ├─ [28772] MerkleStorageOZ::getProof(2) [staticcall]
    │   ├─ [0] console::log("Getting proof for leaf index:", 2) [staticcall]
    │   │   └─ ← ()
    │   ├─ [0] console::log("Tree depth:", 4) [staticcall]
    │   │   └─ ← ()
    │   ├─ [0] console::log("Level", 0, "size:", 14) [staticcall]
    │   │   └─ ← ()
    │   ├─ [0] console::log("Added to proof:", 9718660262289985226213547307049526568607798083323067650698233131271439501106 [9.718e75]) [staticcall]
    │   │   └─ ← ()
    │   ├─ [0] console::log("Level", 1, "size:", 7) [staticcall]
    │   │   └─ ← ()
    │   ├─ [0] console::log("Added to proof:", 4819654492366420278237764346194618123787186199882361681321774604810163462263 [4.819e75]) [staticcall]
    │   │   └─ ← ()
    │   ├─ [0] console::log("Level", 2, "size:", 4) [staticcall]
    │   │   └─ ← ()
    │   ├─ [0] console::log("Added to proof:", 90519645207031266945590244632322326520069529432013691057992262226385608141027 [9.051e76]) [staticcall]
    │   │   └─ ← ()
    │   ├─ [0] console::log("Level", 3, "size:", 2) [staticcall]
    │   │   └─ ← ()
    │   ├─ [0] console::log("Added to proof:", 78170241155033196651430226097733958812562154123046193110951321885630563925101 [7.817e76]) [staticcall]
    │   │   └─ ← ()
    │   ├─ [0] console::log("Final proof length:", 4) [staticcall]
    │   │   └─ ← ()
    │   └─ ← [0x157c9118369926e028fa6cf8dfe68c750c1adbd7b0e4918c2b3a23fe4017c732, 0x0aa7d3e8df6bbfe087828aef70a86fff5964660e89f14cbbbe406695bc1e2077, 0xc8204db79981b461dca6928459414628e9784deec1c74154434eb580b50868e3, 0xacd2c9e0edff984fdfe9e0961cb8268d5e08c8886f5d3a77bcaf7677da4cbc6d]
    ├─ [0] console::log("--- Verification details for leaf 3 after adding 14 leaves ---") [staticcall]
    │   └─ ← ()
    ├─ [13798] MerkleStorageOZ::verifyLeaf(0x6c65616633, [0x157c9118369926e028fa6cf8dfe68c750c1adbd7b0e4918c2b3a23fe4017c732, 0x0aa7d3e8df6bbfe087828aef70a86fff5964660e89f14cbbbe406695bc1e2077, 0xc8204db79981b461dca6928459414628e9784deec1c74154434eb580b50868e3, 0xacd2c9e0edff984fdfe9e0961cb8268d5e08c8886f5d3a77bcaf7677da4cbc6d]) [staticcall]
    │   ├─ [0] console::log("Verifying leaf:", 114806096316174656260172984043681595992173194076043313710926606652151351550195 [1.148e77]) [staticcall]
    │   │   └─ ← ()
    │   ├─ [0] console::log("Merkle root:", 50317213460667083387336512583701938606346372456891657337202148482495325721164 [5.031e76]) [staticcall]
    │   │   └─ ← ()
    │   ├─ [0] console::log("Proof length:", 4) [staticcall]
    │   │   └─ ← ()
    │   ├─ [0] console::log("Proof element", 0, ":", 9718660262289985226213547307049526568607798083323067650698233131271439501106 [9.718e75]) [staticcall]
    │   │   └─ ← ()
    │   ├─ [0] console::log("Computed hash after element", 0, ":", 42994468410347004737970376126143620665813473361490896099477539813509562736181 [4.299e76]) [staticcall]
    │   │   └─ ← ()
    │   ├─ [0] console::log("Proof element", 1, ":", 4819654492366420278237764346194618123787186199882361681321774604810163462263 [4.819e75]) [staticcall]
    │   │   └─ ← ()
    │   ├─ [0] console::log("Computed hash after element", 1, ":", 86167276729270415220365293603154116830872546334163333883227179387055231533441 [8.616e76]) [staticcall]
    │   │   └─ ← ()
    │   ├─ [0] console::log("Proof element", 2, ":", 90519645207031266945590244632322326520069529432013691057992262226385608141027 [9.051e76]) [staticcall]
    │   │   └─ ← ()
    │   ├─ [0] console::log("Computed hash after element", 2, ":", 44812029912269844639383167223451376600872748978496635971607178627452478213724 [4.481e76]) [staticcall]
    │   │   └─ ← ()
    │   ├─ [0] console::log("Proof element", 3, ":", 78170241155033196651430226097733958812562154123046193110951321885630563925101 [7.817e76]) [staticcall]
    │   │   └─ ← ()
    │   ├─ [0] console::log("Computed hash after element", 3, ":", 50317213460667083387336512583701938606346372456891657337202148482495325721164 [5.031e76]) [staticcall]
    │   │   └─ ← ()
    │   ├─ [0] console::log("Is valid:", true) [staticcall]
    │   │   └─ ← ()
    │   └─ ← true
    ├─ [0] console::log("--- End of verification details ---") [staticcall]
    │   └─ ← ()
    ├─ [0] console::log("Successfully verified leaf 3 after adding 14 leaves") [staticcall]
    │   └─ ← ()
    ├─ [28687] MerkleStorageOZ::getProof(3) [staticcall]
    │   ├─ [0] console::log("Getting proof for leaf index:", 3) [staticcall]
    │   │   └─ ← ()
    │   ├─ [0] console::log("Tree depth:", 4) [staticcall]
    │   │   └─ ← ()
    │   ├─ [0] console::log("Level", 0, "size:", 14) [staticcall]
    │   │   └─ ← ()
    │   ├─ [0] console::log("Added to proof:", 114806096316174656260172984043681595992173194076043313710926606652151351550195 [1.148e77]) [staticcall]
    │   │   └─ ← ()
    │   ├─ [0] console::log("Level", 1, "size:", 7) [staticcall]
    │   │   └─ ← ()
    │   ├─ [0] console::log("Added to proof:", 4819654492366420278237764346194618123787186199882361681321774604810163462263 [4.819e75]) [staticcall]
    │   │   └─ ← ()
    │   ├─ [0] console::log("Level", 2, "size:", 4) [staticcall]
    │   │   └─ ← ()
    │   ├─ [0] console::log("Added to proof:", 90519645207031266945590244632322326520069529432013691057992262226385608141027 [9.051e76]) [staticcall]
    │   │   └─ ← ()
    │   ├─ [0] console::log("Level", 3, "size:", 2) [staticcall]
    │   │   └─ ← ()
    │   ├─ [0] console::log("Added to proof:", 78170241155033196651430226097733958812562154123046193110951321885630563925101 [7.817e76]) [staticcall]
    │   │   └─ ← ()
    │   ├─ [0] console::log("Final proof length:", 4) [staticcall]
    │   │   └─ ← ()
    │   └─ ← [0xfdd1f2a1ec75fe968421a41d2282200de6bec6a21f81080a71b1053d9c0120f3, 0x0aa7d3e8df6bbfe087828aef70a86fff5964660e89f14cbbbe406695bc1e2077, 0xc8204db79981b461dca6928459414628e9784deec1c74154434eb580b50868e3, 0xacd2c9e0edff984fdfe9e0961cb8268d5e08c8886f5d3a77bcaf7677da4cbc6d]
    ├─ [0] console::log("--- Verification details for leaf 4 after adding 14 leaves ---") [staticcall]
    │   └─ ← ()
    ├─ [13808] MerkleStorageOZ::verifyLeaf(0x6c65616634, [0xfdd1f2a1ec75fe968421a41d2282200de6bec6a21f81080a71b1053d9c0120f3, 0x0aa7d3e8df6bbfe087828aef70a86fff5964660e89f14cbbbe406695bc1e2077, 0xc8204db79981b461dca6928459414628e9784deec1c74154434eb580b50868e3, 0xacd2c9e0edff984fdfe9e0961cb8268d5e08c8886f5d3a77bcaf7677da4cbc6d]) [staticcall]
    │   ├─ [0] console::log("Verifying leaf:", 9718660262289985226213547307049526568607798083323067650698233131271439501106 [9.718e75]) [staticcall]
    │   │   └─ ← ()
    │   ├─ [0] console::log("Merkle root:", 50317213460667083387336512583701938606346372456891657337202148482495325721164 [5.031e76]) [staticcall]
    │   │   └─ ← ()
    │   ├─ [0] console::log("Proof length:", 4) [staticcall]
    │   │   └─ ← ()
    │   ├─ [0] console::log("Proof element", 0, ":", 114806096316174656260172984043681595992173194076043313710926606652151351550195 [1.148e77]) [staticcall]
    │   │   └─ ← ()
    │   ├─ [0] console::log("Computed hash after element", 0, ":", 42994468410347004737970376126143620665813473361490896099477539813509562736181 [4.299e76]) [staticcall]
    │   │   └─ ← ()
    │   ├─ [0] console::log("Proof element", 1, ":", 4819654492366420278237764346194618123787186199882361681321774604810163462263 [4.819e75]) [staticcall]
    │   │   └─ ← ()
    │   ├─ [0] console::log("Computed hash after element", 1, ":", 86167276729270415220365293603154116830872546334163333883227179387055231533441 [8.616e76]) [staticcall]
    │   │   └─ ← ()
    │   ├─ [0] console::log("Proof element", 2, ":", 90519645207031266945590244632322326520069529432013691057992262226385608141027 [9.051e76]) [staticcall]
    │   │   └─ ← ()
    │   ├─ [0] console::log("Computed hash after element", 2, ":", 44812029912269844639383167223451376600872748978496635971607178627452478213724 [4.481e76]) [staticcall]
    │   │   └─ ← ()
    │   ├─ [0] console::log("Proof element", 3, ":", 78170241155033196651430226097733958812562154123046193110951321885630563925101 [7.817e76]) [staticcall]
    │   │   └─ ← ()
    │   ├─ [0] console::log("Computed hash after element", 3, ":", 50317213460667083387336512583701938606346372456891657337202148482495325721164 [5.031e76]) [staticcall]
    │   │   └─ ← ()
    │   ├─ [0] console::log("Is valid:", true) [staticcall]
    │   │   └─ ← ()
    │   └─ ← true
    ├─ [0] console::log("--- End of verification details ---") [staticcall]
    │   └─ ← ()
    ├─ [0] console::log("Successfully verified leaf 4 after adding 14 leaves") [staticcall]
    │   └─ ← ()
    ├─ [28772] MerkleStorageOZ::getProof(4) [staticcall]
    │   ├─ [0] console::log("Getting proof for leaf index:", 4) [staticcall]
    │   │   └─ ← ()
    │   ├─ [0] console::log("Tree depth:", 4) [staticcall]
    │   │   └─ ← ()
    │   ├─ [0] console::log("Level", 0, "size:", 14) [staticcall]
    │   │   └─ ← ()
    │   ├─ [0] console::log("Added to proof:", 42656216575733633865718546135288608701490211943531992892543518422469545049160 [4.265e76]) [staticcall]
    │   │   └─ ← ()
    │   ├─ [0] console::log("Level", 1, "size:", 7) [staticcall]
    │   │   └─ ← ()
    │   ├─ [0] console::log("Added to proof:", 89139659228322516991511902812947417818976567277539582619759529237285492222351 [8.913e76]) [staticcall]
    │   │   └─ ← ()
    │   ├─ [0] console::log("Level", 2, "size:", 4) [staticcall]
    │   │   └─ ← ()
    │   ├─ [0] console::log("Added to proof:", 86167276729270415220365293603154116830872546334163333883227179387055231533441 [8.616e76]) [staticcall]
    │   │   └─ ← ()
    │   ├─ [0] console::log("Level", 3, "size:", 2) [staticcall]
    │   │   └─ ← ()
    │   ├─ [0] console::log("Added to proof:", 78170241155033196651430226097733958812562154123046193110951321885630563925101 [7.817e76]) [staticcall]
    │   │   └─ ← ()
    │   ├─ [0] console::log("Final proof length:", 4) [staticcall]
    │   │   └─ ← ()
    │   └─ ← [0x5e4e9020e0ae47d1b353192e416c1873ec642cb2e75d68faa1be2665df6c3c48, 0xc513425acc7aa543abb5dc1ff382f69776a7ff7f57d334f6cea222ae2803e98f, 0xbe80f348526b4646bc0697bf2fe649f1835863538924cb6b91ad4eb57ced0181, 0xacd2c9e0edff984fdfe9e0961cb8268d5e08c8886f5d3a77bcaf7677da4cbc6d]
    ├─ [0] console::log("--- Verification details for leaf 5 after adding 14 leaves ---") [staticcall]
    │   └─ ← ()
    ├─ [13808] MerkleStorageOZ::verifyLeaf(0x6c65616635, [0x5e4e9020e0ae47d1b353192e416c1873ec642cb2e75d68faa1be2665df6c3c48, 0xc513425acc7aa543abb5dc1ff382f69776a7ff7f57d334f6cea222ae2803e98f, 0xbe80f348526b4646bc0697bf2fe649f1835863538924cb6b91ad4eb57ced0181, 0xacd2c9e0edff984fdfe9e0961cb8268d5e08c8886f5d3a77bcaf7677da4cbc6d]) [staticcall]
    │   ├─ [0] console::log("Verifying leaf:", 3327891084304698462684256911003812127873740397003554529128445276024109161606 [3.327e75]) [staticcall]
    │   │   └─ ← ()
    │   ├─ [0] console::log("Merkle root:", 50317213460667083387336512583701938606346372456891657337202148482495325721164 [5.031e76]) [staticcall]
    │   │   └─ ← ()
    │   ├─ [0] console::log("Proof length:", 4) [staticcall]
    │   │   └─ ← ()
    │   ├─ [0] console::log("Proof element", 0, ":", 42656216575733633865718546135288608701490211943531992892543518422469545049160 [4.265e76]) [staticcall]
    │   │   └─ ← ()
    │   ├─ [0] console::log("Computed hash after element", 0, ":", 79680312521381101304386615379526824036772258414601889669286272159596699208134 [7.968e76]) [staticcall]
    │   │   └─ ← ()
    │   ├─ [0] console::log("Proof element", 1, ":", 89139659228322516991511902812947417818976567277539582619759529237285492222351 [8.913e76]) [staticcall]
    │   │   └─ ← ()
    │   ├─ [0] console::log("Computed hash after element", 1, ":", 90519645207031266945590244632322326520069529432013691057992262226385608141027 [9.051e76]) [staticcall]
    │   │   └─ ← ()
    │   ├─ [0] console::log("Proof element", 2, ":", 86167276729270415220365293603154116830872546334163333883227179387055231533441 [8.616e76]) [staticcall]
    │   │   └─ ← ()
    │   ├─ [0] console::log("Computed hash after element", 2, ":", 44812029912269844639383167223451376600872748978496635971607178627452478213724 [4.481e76]) [staticcall]
    │   │   └─ ← ()
    │   ├─ [0] console::log("Proof element", 3, ":", 78170241155033196651430226097733958812562154123046193110951321885630563925101 [7.817e76]) [staticcall]
    │   │   └─ ← ()
    │   ├─ [0] console::log("Computed hash after element", 3, ":", 50317213460667083387336512583701938606346372456891657337202148482495325721164 [5.031e76]) [staticcall]
    │   │   └─ ← ()
    │   ├─ [0] console::log("Is valid:", true) [staticcall]
    │   │   └─ ← ()
    │   └─ ← true
    ├─ [0] console::log("--- End of verification details ---") [staticcall]
    │   └─ ← ()
    ├─ [0] console::log("Successfully verified leaf 5 after adding 14 leaves") [staticcall]
    │   └─ ← ()
    ├─ [28687] MerkleStorageOZ::getProof(5) [staticcall]
    │   ├─ [0] console::log("Getting proof for leaf index:", 5) [staticcall]
    │   │   └─ ← ()
    │   ├─ [0] console::log("Tree depth:", 4) [staticcall]
    │   │   └─ ← ()
    │   ├─ [0] console::log("Level", 0, "size:", 14) [staticcall]
    │   │   └─ ← ()
    │   ├─ [0] console::log("Added to proof:", 3327891084304698462684256911003812127873740397003554529128445276024109161606 [3.327e75]) [staticcall]
    │   │   └─ ← ()
    │   ├─ [0] console::log("Level", 1, "size:", 7) [staticcall]
    │   │   └─ ← ()
    │   ├─ [0] console::log("Added to proof:", 89139659228322516991511902812947417818976567277539582619759529237285492222351 [8.913e76]) [staticcall]
    │   │   └─ ← ()
    │   ├─ [0] console::log("Level", 2, "size:", 4) [staticcall]
    │   │   └─ ← ()
    │   ├─ [0] console::log("Added to proof:", 86167276729270415220365293603154116830872546334163333883227179387055231533441 [8.616e76]) [staticcall]
    │   │   └─ ← ()
    │   ├─ [0] console::log("Level", 3, "size:", 2) [staticcall]
    │   │   └─ ← ()
    │   ├─ [0] console::log("Added to proof:", 78170241155033196651430226097733958812562154123046193110951321885630563925101 [7.817e76]) [staticcall]
    │   │   └─ ← ()
    │   ├─ [0] console::log("Final proof length:", 4) [staticcall]
    │   │   └─ ← ()
    │   └─ ← [0x075b8504c98679ed33a097ef9b1466e8f4652142d4b19ab2c37fdf1668a65c86, 0xc513425acc7aa543abb5dc1ff382f69776a7ff7f57d334f6cea222ae2803e98f, 0xbe80f348526b4646bc0697bf2fe649f1835863538924cb6b91ad4eb57ced0181, 0xacd2c9e0edff984fdfe9e0961cb8268d5e08c8886f5d3a77bcaf7677da4cbc6d]
    ├─ [0] console::log("--- Verification details for leaf 6 after adding 14 leaves ---") [staticcall]
    │   └─ ← ()
    ├─ [13798] MerkleStorageOZ::verifyLeaf(0x6c65616636, [0x075b8504c98679ed33a097ef9b1466e8f4652142d4b19ab2c37fdf1668a65c86, 0xc513425acc7aa543abb5dc1ff382f69776a7ff7f57d334f6cea222ae2803e98f, 0xbe80f348526b4646bc0697bf2fe649f1835863538924cb6b91ad4eb57ced0181, 0xacd2c9e0edff984fdfe9e0961cb8268d5e08c8886f5d3a77bcaf7677da4cbc6d]) [staticcall]
    │   ├─ [0] console::log("Verifying leaf:", 42656216575733633865718546135288608701490211943531992892543518422469545049160 [4.265e76]) [staticcall]
    │   │   └─ ← ()
    │   ├─ [0] console::log("Merkle root:", 50317213460667083387336512583701938606346372456891657337202148482495325721164 [5.031e76]) [staticcall]
    │   │   └─ ← ()
    │   ├─ [0] console::log("Proof length:", 4) [staticcall]
    │   │   └─ ← ()
    │   ├─ [0] console::log("Proof element", 0, ":", 3327891084304698462684256911003812127873740397003554529128445276024109161606 [3.327e75]) [staticcall]
    │   │   └─ ← ()
    │   ├─ [0] console::log("Computed hash after element", 0, ":", 79680312521381101304386615379526824036772258414601889669286272159596699208134 [7.968e76]) [staticcall]
    │   │   └─ ← ()
    │   ├─ [0] console::log("Proof element", 1, ":", 89139659228322516991511902812947417818976567277539582619759529237285492222351 [8.913e76]) [staticcall]
    │   │   └─ ← ()
    │   ├─ [0] console::log("Computed hash after element", 1, ":", 90519645207031266945590244632322326520069529432013691057992262226385608141027 [9.051e76]) [staticcall]
    │   │   └─ ← ()
    │   ├─ [0] console::log("Proof element", 2, ":", 86167276729270415220365293603154116830872546334163333883227179387055231533441 [8.616e76]) [staticcall]
    │   │   └─ ← ()
    │   ├─ [0] console::log("Computed hash after element", 2, ":", 44812029912269844639383167223451376600872748978496635971607178627452478213724 [4.481e76]) [staticcall]
    │   │   └─ ← ()
    │   ├─ [0] console::log("Proof element", 3, ":", 78170241155033196651430226097733958812562154123046193110951321885630563925101 [7.817e76]) [staticcall]
    │   │   └─ ← ()
    │   ├─ [0] console::log("Computed hash after element", 3, ":", 50317213460667083387336512583701938606346372456891657337202148482495325721164 [5.031e76]) [staticcall]
    │   │   └─ ← ()
    │   ├─ [0] console::log("Is valid:", true) [staticcall]
    │   │   └─ ← ()
    │   └─ ← true
    ├─ [0] console::log("--- End of verification details ---") [staticcall]
    │   └─ ← ()
    ├─ [0] console::log("Successfully verified leaf 6 after adding 14 leaves") [staticcall]
    │   └─ ← ()
    ├─ [28687] MerkleStorageOZ::getProof(6) [staticcall]
    │   ├─ [0] console::log("Getting proof for leaf index:", 6) [staticcall]
    │   │   └─ ← ()
    │   ├─ [0] console::log("Tree depth:", 4) [staticcall]
    │   │   └─ ← ()
    │   ├─ [0] console::log("Level", 0, "size:", 14) [staticcall]
    │   │   └─ ← ()
    │   ├─ [0] console::log("Added to proof:", 41333877701255859865019379003725985110118058655845990608936096526874421775531 [4.133e76]) [staticcall]
    │   │   └─ ← ()
    │   ├─ [0] console::log("Level", 1, "size:", 7) [staticcall]
    │   │   └─ ← ()
    │   ├─ [0] console::log("Added to proof:", 79680312521381101304386615379526824036772258414601889669286272159596699208134 [7.968e76]) [staticcall]
    │   │   └─ ← ()
    │   ├─ [0] console::log("Level", 2, "size:", 4) [staticcall]
    │   │   └─ ← ()
    │   ├─ [0] console::log("Added to proof:", 86167276729270415220365293603154116830872546334163333883227179387055231533441 [8.616e76]) [staticcall]
    │   │   └─ ← ()
    │   ├─ [0] console::log("Level", 3, "size:", 2) [staticcall]
    │   │   └─ ← ()
    │   ├─ [0] console::log("Added to proof:", 78170241155033196651430226097733958812562154123046193110951321885630563925101 [7.817e76]) [staticcall]
    │   │   └─ ← ()
    │   ├─ [0] console::log("Final proof length:", 4) [staticcall]
    │   │   └─ ← ()
    │   └─ ← [0x5b62254e0339ae673a4773d31a564007f04f6ccf4934746b49ada87734d04cab, 0xb029756cee16464a69763ada5c6cf8b91c34e842abc58c709550cdda1e5049c6, 0xbe80f348526b4646bc0697bf2fe649f1835863538924cb6b91ad4eb57ced0181, 0xacd2c9e0edff984fdfe9e0961cb8268d5e08c8886f5d3a77bcaf7677da4cbc6d]
    ├─ [0] console::log("--- Verification details for leaf 7 after adding 14 leaves ---") [staticcall]
    │   └─ ← ()
    ├─ [13788] MerkleStorageOZ::verifyLeaf(0x6c65616637, [0x5b62254e0339ae673a4773d31a564007f04f6ccf4934746b49ada87734d04cab, 0xb029756cee16464a69763ada5c6cf8b91c34e842abc58c709550cdda1e5049c6, 0xbe80f348526b4646bc0697bf2fe649f1835863538924cb6b91ad4eb57ced0181, 0xacd2c9e0edff984fdfe9e0961cb8268d5e08c8886f5d3a77bcaf7677da4cbc6d]) [staticcall]
    │   ├─ [0] console::log("Verifying leaf:", 77058788664304649396218556642747909996121735590822886025965307874683454946759 [7.705e76]) [staticcall]
    │   │   └─ ← ()
    │   ├─ [0] console::log("Merkle root:", 50317213460667083387336512583701938606346372456891657337202148482495325721164 [5.031e76]) [staticcall]
    │   │   └─ ← ()
    │   ├─ [0] console::log("Proof length:", 4) [staticcall]
    │   │   └─ ← ()
    │   ├─ [0] console::log("Proof element", 0, ":", 41333877701255859865019379003725985110118058655845990608936096526874421775531 [4.133e76]) [staticcall]
    │   │   └─ ← ()
    │   ├─ [0] console::log("Computed hash after element", 0, ":", 89139659228322516991511902812947417818976567277539582619759529237285492222351 [8.913e76]) [staticcall]
    │   │   └─ ← ()
    │   ├─ [0] console::log("Proof element", 1, ":", 79680312521381101304386615379526824036772258414601889669286272159596699208134 [7.968e76]) [staticcall]
    │   │   └─ ← ()
    │   ├─ [0] console::log("Computed hash after element", 1, ":", 90519645207031266945590244632322326520069529432013691057992262226385608141027 [9.051e76]) [staticcall]
    │   │   └─ ← ()
    │   ├─ [0] console::log("Proof element", 2, ":", 86167276729270415220365293603154116830872546334163333883227179387055231533441 [8.616e76]) [staticcall]
    │   │   └─ ← ()
    │   ├─ [0] console::log("Computed hash after element", 2, ":", 44812029912269844639383167223451376600872748978496635971607178627452478213724 [4.481e76]) [staticcall]
    │   │   └─ ← ()
    │   ├─ [0] console::log("Proof element", 3, ":", 78170241155033196651430226097733958812562154123046193110951321885630563925101 [7.817e76]) [staticcall]
    │   │   └─ ← ()
    │   ├─ [0] console::log("Computed hash after element", 3, ":", 50317213460667083387336512583701938606346372456891657337202148482495325721164 [5.031e76]) [staticcall]
    │   │   └─ ← ()
    │   ├─ [0] console::log("Is valid:", true) [staticcall]
    │   │   └─ ← ()
    │   └─ ← true
    ├─ [0] console::log("--- End of verification details ---") [staticcall]
    │   └─ ← ()
    ├─ [0] console::log("Successfully verified leaf 7 after adding 14 leaves") [staticcall]
    │   └─ ← ()
    ├─ [28602] MerkleStorageOZ::getProof(7) [staticcall]
    │   ├─ [0] console::log("Getting proof for leaf index:", 7) [staticcall]
    │   │   └─ ← ()
    │   ├─ [0] console::log("Tree depth:", 4) [staticcall]
    │   │   └─ ← ()
    │   ├─ [0] console::log("Level", 0, "size:", 14) [staticcall]
    │   │   └─ ← ()
    │   ├─ [0] console::log("Added to proof:", 77058788664304649396218556642747909996121735590822886025965307874683454946759 [7.705e76]) [staticcall]
    │   │   └─ ← ()
    │   ├─ [0] console::log("Level", 1, "size:", 7) [staticcall]
    │   │   └─ ← ()
    │   ├─ [0] console::log("Added to proof:", 79680312521381101304386615379526824036772258414601889669286272159596699208134 [7.968e76]) [staticcall]
    │   │   └─ ← ()
    │   ├─ [0] console::log("Level", 2, "size:", 4) [staticcall]
    │   │   └─ ← ()
    │   ├─ [0] console::log("Added to proof:", 86167276729270415220365293603154116830872546334163333883227179387055231533441 [8.616e76]) [staticcall]
    │   │   └─ ← ()
    │   ├─ [0] console::log("Level", 3, "size:", 2) [staticcall]
    │   │   └─ ← ()
    │   ├─ [0] console::log("Added to proof:", 78170241155033196651430226097733958812562154123046193110951321885630563925101 [7.817e76]) [staticcall]
    │   │   └─ ← ()
    │   ├─ [0] console::log("Final proof length:", 4) [staticcall]
    │   │   └─ ← ()
    │   └─ ← [0xaa5dba90c8178f75a5eb7bdb098f0cec525bb61e5ba2ad6dc5fa580f163efdc7, 0xb029756cee16464a69763ada5c6cf8b91c34e842abc58c709550cdda1e5049c6, 0xbe80f348526b4646bc0697bf2fe649f1835863538924cb6b91ad4eb57ced0181, 0xacd2c9e0edff984fdfe9e0961cb8268d5e08c8886f5d3a77bcaf7677da4cbc6d]
    ├─ [0] console::log("--- Verification details for leaf 8 after adding 14 leaves ---") [staticcall]
    │   └─ ← ()
    ├─ [13798] MerkleStorageOZ::verifyLeaf(0x6c65616638, [0xaa5dba90c8178f75a5eb7bdb098f0cec525bb61e5ba2ad6dc5fa580f163efdc7, 0xb029756cee16464a69763ada5c6cf8b91c34e842abc58c709550cdda1e5049c6, 0xbe80f348526b4646bc0697bf2fe649f1835863538924cb6b91ad4eb57ced0181, 0xacd2c9e0edff984fdfe9e0961cb8268d5e08c8886f5d3a77bcaf7677da4cbc6d]) [staticcall]
    │   ├─ [0] console::log("Verifying leaf:", 41333877701255859865019379003725985110118058655845990608936096526874421775531 [4.133e76]) [staticcall]
    │   │   └─ ← ()
    │   ├─ [0] console::log("Merkle root:", 50317213460667083387336512583701938606346372456891657337202148482495325721164 [5.031e76]) [staticcall]
    │   │   └─ ← ()
    │   ├─ [0] console::log("Proof length:", 4) [staticcall]
    │   │   └─ ← ()
    │   ├─ [0] console::log("Proof element", 0, ":", 77058788664304649396218556642747909996121735590822886025965307874683454946759 [7.705e76]) [staticcall]
    │   │   └─ ← ()
    │   ├─ [0] console::log("Computed hash after element", 0, ":", 89139659228322516991511902812947417818976567277539582619759529237285492222351 [8.913e76]) [staticcall]
    │   │   └─ ← ()
    │   ├─ [0] console::log("Proof element", 1, ":", 79680312521381101304386615379526824036772258414601889669286272159596699208134 [7.968e76]) [staticcall]
    │   │   └─ ← ()
    │   ├─ [0] console::log("Computed hash after element", 1, ":", 90519645207031266945590244632322326520069529432013691057992262226385608141027 [9.051e76]) [staticcall]
    │   │   └─ ← ()
    │   ├─ [0] console::log("Proof element", 2, ":", 86167276729270415220365293603154116830872546334163333883227179387055231533441 [8.616e76]) [staticcall]
    │   │   └─ ← ()
    │   ├─ [0] console::log("Computed hash after element", 2, ":", 44812029912269844639383167223451376600872748978496635971607178627452478213724 [4.481e76]) [staticcall]
    │   │   └─ ← ()
    │   ├─ [0] console::log("Proof element", 3, ":", 78170241155033196651430226097733958812562154123046193110951321885630563925101 [7.817e76]) [staticcall]
    │   │   └─ ← ()
    │   ├─ [0] console::log("Computed hash after element", 3, ":", 50317213460667083387336512583701938606346372456891657337202148482495325721164 [5.031e76]) [staticcall]
    │   │   └─ ← ()
    │   ├─ [0] console::log("Is valid:", true) [staticcall]
    │   │   └─ ← ()
    │   └─ ← true
    ├─ [0] console::log("--- End of verification details ---") [staticcall]
    │   └─ ← ()
    ├─ [0] console::log("Successfully verified leaf 8 after adding 14 leaves") [staticcall]
    │   └─ ← ()
    ├─ [28772] MerkleStorageOZ::getProof(8) [staticcall]
    │   ├─ [0] console::log("Getting proof for leaf index:", 8) [staticcall]
    │   │   └─ ← ()
    │   ├─ [0] console::log("Tree depth:", 4) [staticcall]
    │   │   └─ ← ()
    │   ├─ [0] console::log("Level", 0, "size:", 14) [staticcall]
    │   │   └─ ← ()
    │   ├─ [0] console::log("Added to proof:", 19972288769315928479630679177845711677268766594983667860090139443496462084286 [1.997e76]) [staticcall]
    │   │   └─ ← ()
    │   ├─ [0] console::log("Level", 1, "size:", 7) [staticcall]
    │   │   └─ ← ()
    │   ├─ [0] console::log("Added to proof:", 86830204781467795827957492631466613281393886399951120238877606491319470472592 [8.683e76]) [staticcall]
    │   │   └─ ← ()
    │   ├─ [0] console::log("Level", 2, "size:", 4) [staticcall]
    │   │   └─ ← ()
    │   ├─ [0] console::log("Added to proof:", 27450459817178025726961910999305864805083219849135273456119843313523604327146 [2.745e76]) [staticcall]
    │   │   └─ ← ()
    │   ├─ [0] console::log("Level", 3, "size:", 2) [staticcall]
    │   │   └─ ← ()
    │   ├─ [0] console::log("Added to proof:", 44812029912269844639383167223451376600872748978496635971607178627452478213724 [4.481e76]) [staticcall]
    │   │   └─ ← ()
    │   ├─ [0] console::log("Final proof length:", 4) [staticcall]
    │   │   └─ ← ()
    │   └─ ← [0x2c27ea3376eac042eece8f0c78a7d7051fe8b7945d2746e7c321d2b5968468be, 0xbff82780689fb511deecdc2c0b8617120192ec77d9ea1e66d818d078c2b93d90, 0x3cb068dfee4565b215b4fbdb3cdb15bce0a9c6c2e3b7b093b67b46c926340aea, 0x6312b5c9c0f90c16707fa38ba42f8fe1608c5fa99a1772af08b1ea466614ce5c]
    ├─ [0] console::log("--- Verification details for leaf 9 after adding 14 leaves ---") [staticcall]
    │   └─ ← ()
    ├─ [13778] MerkleStorageOZ::verifyLeaf(0x6c65616639, [0x2c27ea3376eac042eece8f0c78a7d7051fe8b7945d2746e7c321d2b5968468be, 0xbff82780689fb511deecdc2c0b8617120192ec77d9ea1e66d818d078c2b93d90, 0x3cb068dfee4565b215b4fbdb3cdb15bce0a9c6c2e3b7b093b67b46c926340aea, 0x6312b5c9c0f90c16707fa38ba42f8fe1608c5fa99a1772af08b1ea466614ce5c]) [staticcall]
    │   ├─ [0] console::log("Verifying leaf:", 83097023403658896075826216087624068326805273787826444717403742070225742999267 [8.309e76]) [staticcall]
    │   │   └─ ← ()
    │   ├─ [0] console::log("Merkle root:", 50317213460667083387336512583701938606346372456891657337202148482495325721164 [5.031e76]) [staticcall]
    │   │   └─ ← ()
    │   ├─ [0] console::log("Proof length:", 4) [staticcall]
    │   │   └─ ← ()
    │   ├─ [0] console::log("Proof element", 0, ":", 19972288769315928479630679177845711677268766594983667860090139443496462084286 [1.997e76]) [staticcall]
    │   │   └─ ← ()
    │   ├─ [0] console::log("Computed hash after element", 0, ":", 110058130168134052799716071097073281996591153893535428294527808496692578065614 [1.1e77]) [staticcall]
    │   │   └─ ← ()
    │   ├─ [0] console::log("Proof element", 1, ":", 86830204781467795827957492631466613281393886399951120238877606491319470472592 [8.683e76]) [staticcall]
    │   │   └─ ← ()
    │   ├─ [0] console::log("Computed hash after element", 1, ":", 107653161125649642032491443308982527566324346567968513637810199776622513001405 [1.076e77]) [staticcall]
    │   │   └─ ← ()
    │   ├─ [0] console::log("Proof element", 2, ":", 27450459817178025726961910999305864805083219849135273456119843313523604327146 [2.745e76]) [staticcall]
    │   │   └─ ← ()
    │   ├─ [0] console::log("Computed hash after element", 2, ":", 78170241155033196651430226097733958812562154123046193110951321885630563925101 [7.817e76]) [staticcall]
    │   │   └─ ← ()
    │   ├─ [0] console::log("Proof element", 3, ":", 44812029912269844639383167223451376600872748978496635971607178627452478213724 [4.481e76]) [staticcall]
    │   │   └─ ← ()
    │   ├─ [0] console::log("Computed hash after element", 3, ":", 50317213460667083387336512583701938606346372456891657337202148482495325721164 [5.031e76]) [staticcall]
    │   │   └─ ← ()
    │   ├─ [0] console::log("Is valid:", true) [staticcall]
    │   │   └─ ← ()
    │   └─ ← true
    ├─ [0] console::log("--- End of verification details ---") [staticcall]
    │   └─ ← ()
    ├─ [0] console::log("Successfully verified leaf 9 after adding 14 leaves") [staticcall]
    │   └─ ← ()
    ├─ [28687] MerkleStorageOZ::getProof(9) [staticcall]
    │   ├─ [0] console::log("Getting proof for leaf index:", 9) [staticcall]
    │   │   └─ ← ()
    │   ├─ [0] console::log("Tree depth:", 4) [staticcall]
    │   │   └─ ← ()
    │   ├─ [0] console::log("Level", 0, "size:", 14) [staticcall]
    │   │   └─ ← ()
    │   ├─ [0] console::log("Added to proof:", 83097023403658896075826216087624068326805273787826444717403742070225742999267 [8.309e76]) [staticcall]
    │   │   └─ ← ()
    │   ├─ [0] console::log("Level", 1, "size:", 7) [staticcall]
    │   │   └─ ← ()
    │   ├─ [0] console::log("Added to proof:", 86830204781467795827957492631466613281393886399951120238877606491319470472592 [8.683e76]) [staticcall]
    │   │   └─ ← ()
    │   ├─ [0] console::log("Level", 2, "size:", 4) [staticcall]
    │   │   └─ ← ()
    │   ├─ [0] console::log("Added to proof:", 27450459817178025726961910999305864805083219849135273456119843313523604327146 [2.745e76]) [staticcall]
    │   │   └─ ← ()
    │   ├─ [0] console::log("Level", 3, "size:", 2) [staticcall]
    │   │   └─ ← ()
    │   ├─ [0] console::log("Added to proof:", 44812029912269844639383167223451376600872748978496635971607178627452478213724 [4.481e76]) [staticcall]
    │   │   └─ ← ()
    │   ├─ [0] console::log("Final proof length:", 4) [staticcall]
    │   │   └─ ← ()
    │   └─ ← [0xb7b73f9f206e380e92907f3d38c9caa544ee92ddc0a78c67c76f3eb5e05a2ee3, 0xbff82780689fb511deecdc2c0b8617120192ec77d9ea1e66d818d078c2b93d90, 0x3cb068dfee4565b215b4fbdb3cdb15bce0a9c6c2e3b7b093b67b46c926340aea, 0x6312b5c9c0f90c16707fa38ba42f8fe1608c5fa99a1772af08b1ea466614ce5c]
    ├─ [0] console::log("--- Verification details for leaf 10 after adding 14 leaves ---") [staticcall]
    │   └─ ← ()
    ├─ [13788] MerkleStorageOZ::verifyLeaf(0x6c6561663130, [0xb7b73f9f206e380e92907f3d38c9caa544ee92ddc0a78c67c76f3eb5e05a2ee3, 0xbff82780689fb511deecdc2c0b8617120192ec77d9ea1e66d818d078c2b93d90, 0x3cb068dfee4565b215b4fbdb3cdb15bce0a9c6c2e3b7b093b67b46c926340aea, 0x6312b5c9c0f90c16707fa38ba42f8fe1608c5fa99a1772af08b1ea466614ce5c]) [staticcall]
    │   ├─ [0] console::log("Verifying leaf:", 19972288769315928479630679177845711677268766594983667860090139443496462084286 [1.997e76]) [staticcall]
    │   │   └─ ← ()
    │   ├─ [0] console::log("Merkle root:", 50317213460667083387336512583701938606346372456891657337202148482495325721164 [5.031e76]) [staticcall]
    │   │   └─ ← ()
    │   ├─ [0] console::log("Proof length:", 4) [staticcall]
    │   │   └─ ← ()
    │   ├─ [0] console::log("Proof element", 0, ":", 83097023403658896075826216087624068326805273787826444717403742070225742999267 [8.309e76]) [staticcall]
    │   │   └─ ← ()
    │   ├─ [0] console::log("Computed hash after element", 0, ":", 110058130168134052799716071097073281996591153893535428294527808496692578065614 [1.1e77]) [staticcall]
    │   │   └─ ← ()
    │   ├─ [0] console::log("Proof element", 1, ":", 86830204781467795827957492631466613281393886399951120238877606491319470472592 [8.683e76]) [staticcall]
    │   │   └─ ← ()
    │   ├─ [0] console::log("Computed hash after element", 1, ":", 107653161125649642032491443308982527566324346567968513637810199776622513001405 [1.076e77]) [staticcall]
    │   │   └─ ← ()
    │   ├─ [0] console::log("Proof element", 2, ":", 27450459817178025726961910999305864805083219849135273456119843313523604327146 [2.745e76]) [staticcall]
    │   │   └─ ← ()
    │   ├─ [0] console::log("Computed hash after element", 2, ":", 78170241155033196651430226097733958812562154123046193110951321885630563925101 [7.817e76]) [staticcall]
    │   │   └─ ← ()
    │   ├─ [0] console::log("Proof element", 3, ":", 44812029912269844639383167223451376600872748978496635971607178627452478213724 [4.481e76]) [staticcall]
    │   │   └─ ← ()
    │   ├─ [0] console::log("Computed hash after element", 3, ":", 50317213460667083387336512583701938606346372456891657337202148482495325721164 [5.031e76]) [staticcall]
    │   │   └─ ← ()
    │   ├─ [0] console::log("Is valid:", true) [staticcall]
    │   │   └─ ← ()
    │   └─ ← true
    ├─ [0] console::log("--- End of verification details ---") [staticcall]
    │   └─ ← ()
    ├─ [0] console::log("Successfully verified leaf 10 after adding 14 leaves") [staticcall]
    │   └─ ← ()
    ├─ [28687] MerkleStorageOZ::getProof(10) [staticcall]
    │   ├─ [0] console::log("Getting proof for leaf index:", 10) [staticcall]
    │   │   └─ ← ()
    │   ├─ [0] console::log("Tree depth:", 4) [staticcall]
    │   │   └─ ← ()
    │   ├─ [0] console::log("Level", 0, "size:", 14) [staticcall]
    │   │   └─ ← ()
    │   ├─ [0] console::log("Added to proof:", 96593053628671560174693064981485823685325506728506954480672468072431603451342 [9.659e76]) [staticcall]
    │   │   └─ ← ()
    │   ├─ [0] console::log("Level", 1, "size:", 7) [staticcall]
    │   │   └─ ← ()
    │   ├─ [0] console::log("Added to proof:", 110058130168134052799716071097073281996591153893535428294527808496692578065614 [1.1e77]) [staticcall]
    │   │   └─ ← ()
    │   ├─ [0] console::log("Level", 2, "size:", 4) [staticcall]
    │   │   └─ ← ()
    │   ├─ [0] console::log("Added to proof:", 27450459817178025726961910999305864805083219849135273456119843313523604327146 [2.745e76]) [staticcall]
    │   │   └─ ← ()
    │   ├─ [0] console::log("Level", 3, "size:", 2) [staticcall]
    │   │   └─ ← ()
    │   ├─ [0] console::log("Added to proof:", 44812029912269844639383167223451376600872748978496635971607178627452478213724 [4.481e76]) [staticcall]
    │   │   └─ ← ()
    │   ├─ [0] console::log("Final proof length:", 4) [staticcall]
    │   │   └─ ← ()
    │   └─ ← [0xd58dbb1e54dc3320d5987448e4420e22460237351984e558e88f81a4e36085ce, 0xf352b1b5872acb8684bb694175cf18f81a134d5ff86ae93833369c25d9cd9cce, 0x3cb068dfee4565b215b4fbdb3cdb15bce0a9c6c2e3b7b093b67b46c926340aea, 0x6312b5c9c0f90c16707fa38ba42f8fe1608c5fa99a1772af08b1ea466614ce5c]
    ├─ [0] console::log("--- Verification details for leaf 11 after adding 14 leaves ---") [staticcall]
    │   └─ ← ()
    ├─ [13798] MerkleStorageOZ::verifyLeaf(0x6c6561663131, [0xd58dbb1e54dc3320d5987448e4420e22460237351984e558e88f81a4e36085ce, 0xf352b1b5872acb8684bb694175cf18f81a134d5ff86ae93833369c25d9cd9cce, 0x3cb068dfee4565b215b4fbdb3cdb15bce0a9c6c2e3b7b093b67b46c926340aea, 0x6312b5c9c0f90c16707fa38ba42f8fe1608c5fa99a1772af08b1ea466614ce5c]) [staticcall]
    │   ├─ [0] console::log("Verifying leaf:", 11059502003765752708342665740916089834825294147016530688590526355732680035651 [1.105e76]) [staticcall]
    │   │   └─ ← ()
    │   ├─ [0] console::log("Merkle root:", 50317213460667083387336512583701938606346372456891657337202148482495325721164 [5.031e76]) [staticcall]
    │   │   └─ ← ()
    │   ├─ [0] console::log("Proof length:", 4) [staticcall]
    │   │   └─ ← ()
    │   ├─ [0] console::log("Proof element", 0, ":", 96593053628671560174693064981485823685325506728506954480672468072431603451342 [9.659e76]) [staticcall]
    │   │   └─ ← ()
    │   ├─ [0] console::log("Computed hash after element", 0, ":", 86830204781467795827957492631466613281393886399951120238877606491319470472592 [8.683e76]) [staticcall]
    │   │   └─ ← ()
    │   ├─ [0] console::log("Proof element", 1, ":", 110058130168134052799716071097073281996591153893535428294527808496692578065614 [1.1e77]) [staticcall]
    │   │   └─ ← ()
    │   ├─ [0] console::log("Computed hash after element", 1, ":", 107653161125649642032491443308982527566324346567968513637810199776622513001405 [1.076e77]) [staticcall]
    │   │   └─ ← ()
    │   ├─ [0] console::log("Proof element", 2, ":", 27450459817178025726961910999305864805083219849135273456119843313523604327146 [2.745e76]) [staticcall]
    │   │   └─ ← ()
    │   ├─ [0] console::log("Computed hash after element", 2, ":", 78170241155033196651430226097733958812562154123046193110951321885630563925101 [7.817e76]) [staticcall]
    │   │   └─ ← ()
    │   ├─ [0] console::log("Proof element", 3, ":", 44812029912269844639383167223451376600872748978496635971607178627452478213724 [4.481e76]) [staticcall]
    │   │   └─ ← ()
    │   ├─ [0] console::log("Computed hash after element", 3, ":", 50317213460667083387336512583701938606346372456891657337202148482495325721164 [5.031e76]) [staticcall]
    │   │   └─ ← ()
    │   ├─ [0] console::log("Is valid:", true) [staticcall]
    │   │   └─ ← ()
    │   └─ ← true
    ├─ [0] console::log("--- End of verification details ---") [staticcall]
    │   └─ ← ()
    ├─ [0] console::log("Successfully verified leaf 11 after adding 14 leaves") [staticcall]
    │   └─ ← ()
    ├─ [28602] MerkleStorageOZ::getProof(11) [staticcall]
    │   ├─ [0] console::log("Getting proof for leaf index:", 11) [staticcall]
    │   │   └─ ← ()
    │   ├─ [0] console::log("Tree depth:", 4) [staticcall]
    │   │   └─ ← ()
    │   ├─ [0] console::log("Level", 0, "size:", 14) [staticcall]
    │   │   └─ ← ()
    │   ├─ [0] console::log("Added to proof:", 11059502003765752708342665740916089834825294147016530688590526355732680035651 [1.105e76]) [staticcall]
    │   │   └─ ← ()
    │   ├─ [0] console::log("Level", 1, "size:", 7) [staticcall]
    │   │   └─ ← ()
    │   ├─ [0] console::log("Added to proof:", 110058130168134052799716071097073281996591153893535428294527808496692578065614 [1.1e77]) [staticcall]
    │   │   └─ ← ()
    │   ├─ [0] console::log("Level", 2, "size:", 4) [staticcall]
    │   │   └─ ← ()
    │   ├─ [0] console::log("Added to proof:", 27450459817178025726961910999305864805083219849135273456119843313523604327146 [2.745e76]) [staticcall]
    │   │   └─ ← ()
    │   ├─ [0] console::log("Level", 3, "size:", 2) [staticcall]
    │   │   └─ ← ()
    │   ├─ [0] console::log("Added to proof:", 44812029912269844639383167223451376600872748978496635971607178627452478213724 [4.481e76]) [staticcall]
    │   │   └─ ← ()
    │   ├─ [0] console::log("Final proof length:", 4) [staticcall]
    │   │   └─ ← ()
    │   └─ ← [0x187374d08f1fbae82b4bfcec5f832bc78271f5d335a3860d721db1e6b05a4d43, 0xf352b1b5872acb8684bb694175cf18f81a134d5ff86ae93833369c25d9cd9cce, 0x3cb068dfee4565b215b4fbdb3cdb15bce0a9c6c2e3b7b093b67b46c926340aea, 0x6312b5c9c0f90c16707fa38ba42f8fe1608c5fa99a1772af08b1ea466614ce5c]
    ├─ [0] console::log("--- Verification details for leaf 12 after adding 14 leaves ---") [staticcall]
    │   └─ ← ()
    ├─ [13788] MerkleStorageOZ::verifyLeaf(0x6c6561663132, [0x187374d08f1fbae82b4bfcec5f832bc78271f5d335a3860d721db1e6b05a4d43, 0xf352b1b5872acb8684bb694175cf18f81a134d5ff86ae93833369c25d9cd9cce, 0x3cb068dfee4565b215b4fbdb3cdb15bce0a9c6c2e3b7b093b67b46c926340aea, 0x6312b5c9c0f90c16707fa38ba42f8fe1608c5fa99a1772af08b1ea466614ce5c]) [staticcall]
    │   ├─ [0] console::log("Verifying leaf:", 96593053628671560174693064981485823685325506728506954480672468072431603451342 [9.659e76]) [staticcall]
    │   │   └─ ← ()
    │   ├─ [0] console::log("Merkle root:", 50317213460667083387336512583701938606346372456891657337202148482495325721164 [5.031e76]) [staticcall]
    │   │   └─ ← ()
    │   ├─ [0] console::log("Proof length:", 4) [staticcall]
    │   │   └─ ← ()
    │   ├─ [0] console::log("Proof element", 0, ":", 11059502003765752708342665740916089834825294147016530688590526355732680035651 [1.105e76]) [staticcall]
    │   │   └─ ← ()
    │   ├─ [0] console::log("Computed hash after element", 0, ":", 86830204781467795827957492631466613281393886399951120238877606491319470472592 [8.683e76]) [staticcall]
    │   │   └─ ← ()
    │   ├─ [0] console::log("Proof element", 1, ":", 110058130168134052799716071097073281996591153893535428294527808496692578065614 [1.1e77]) [staticcall]
    │   │   └─ ← ()
    │   ├─ [0] console::log("Computed hash after element", 1, ":", 107653161125649642032491443308982527566324346567968513637810199776622513001405 [1.076e77]) [staticcall]
    │   │   └─ ← ()
    │   ├─ [0] console::log("Proof element", 2, ":", 27450459817178025726961910999305864805083219849135273456119843313523604327146 [2.745e76]) [staticcall]
    │   │   └─ ← ()
    │   ├─ [0] console::log("Computed hash after element", 2, ":", 78170241155033196651430226097733958812562154123046193110951321885630563925101 [7.817e76]) [staticcall]
    │   │   └─ ← ()
    │   ├─ [0] console::log("Proof element", 3, ":", 44812029912269844639383167223451376600872748978496635971607178627452478213724 [4.481e76]) [staticcall]
    │   │   └─ ← ()
    │   ├─ [0] console::log("Computed hash after element", 3, ":", 50317213460667083387336512583701938606346372456891657337202148482495325721164 [5.031e76]) [staticcall]
    │   │   └─ ← ()
    │   ├─ [0] console::log("Is valid:", true) [staticcall]
    │   │   └─ ← ()
    │   └─ ← true
    ├─ [0] console::log("--- End of verification details ---") [staticcall]
    │   └─ ← ()
    ├─ [0] console::log("Successfully verified leaf 12 after adding 14 leaves") [staticcall]
    │   └─ ← ()
    ├─ [28689] MerkleStorageOZ::getProof(12) [staticcall]
    │   ├─ [0] console::log("Getting proof for leaf index:", 12) [staticcall]
    │   │   └─ ← ()
    │   ├─ [0] console::log("Tree depth:", 4) [staticcall]
    │   │   └─ ← ()
    │   ├─ [0] console::log("Level", 0, "size:", 14) [staticcall]
    │   │   └─ ← ()
    │   ├─ [0] console::log("Added to proof:", 33672592122163231522297444352452316230401835406380993219594760926723533962405 [3.367e76]) [staticcall]
    │   │   └─ ← ()
    │   ├─ [0] console::log("Level", 1, "size:", 7) [staticcall]
    │   │   └─ ← ()
    │   ├─ [0] console::log("Added to proof (odd level):", 27450459817178025726961910999305864805083219849135273456119843313523604327146 [2.745e76]) [staticcall]
    │   │   └─ ← ()
    │   ├─ [0] console::log("Level", 2, "size:", 4) [staticcall]
    │   │   └─ ← ()
    │   ├─ [0] console::log("Added to proof:", 107653161125649642032491443308982527566324346567968513637810199776622513001405 [1.076e77]) [staticcall]
    │   │   └─ ← ()
    │   ├─ [0] console::log("Level", 3, "size:", 2) [staticcall]
    │   │   └─ ← ()
    │   ├─ [0] console::log("Added to proof:", 44812029912269844639383167223451376600872748978496635971607178627452478213724 [4.481e76]) [staticcall]
    │   │   └─ ← ()
    │   ├─ [0] console::log("Final proof length:", 4) [staticcall]
    │   │   └─ ← ()
    │   └─ ← [0x4a7203021756b359fbd744929fcb5fee1a5c9a156dcfc02424db42480a3ffca5, 0x3cb068dfee4565b215b4fbdb3cdb15bce0a9c6c2e3b7b093b67b46c926340aea, 0xee0187a9e1cd26963ee5f1e99031a2da9d737039b6c237adc84770a6d2d893bd, 0x6312b5c9c0f90c16707fa38ba42f8fe1608c5fa99a1772af08b1ea466614ce5c]
    ├─ [0] console::log("--- Verification details for leaf 13 after adding 14 leaves ---") [staticcall]
    │   └─ ← ()
    ├─ [13798] MerkleStorageOZ::verifyLeaf(0x6c6561663133, [0x4a7203021756b359fbd744929fcb5fee1a5c9a156dcfc02424db42480a3ffca5, 0x3cb068dfee4565b215b4fbdb3cdb15bce0a9c6c2e3b7b093b67b46c926340aea, 0xee0187a9e1cd26963ee5f1e99031a2da9d737039b6c237adc84770a6d2d893bd, 0x6312b5c9c0f90c16707fa38ba42f8fe1608c5fa99a1772af08b1ea466614ce5c]) [staticcall]
    │   ├─ [0] console::log("Verifying leaf:", 92619562252365677669901163699204566607949558994432207550606556910840817279335 [9.261e76]) [staticcall]
    │   │   └─ ← ()
    │   ├─ [0] console::log("Merkle root:", 50317213460667083387336512583701938606346372456891657337202148482495325721164 [5.031e76]) [staticcall]
    │   │   └─ ← ()
    │   ├─ [0] console::log("Proof length:", 4) [staticcall]
    │   │   └─ ← ()
    │   ├─ [0] console::log("Proof element", 0, ":", 33672592122163231522297444352452316230401835406380993219594760926723533962405 [3.367e76]) [staticcall]
    │   │   └─ ← ()
    │   ├─ [0] console::log("Computed hash after element", 0, ":", 27450459817178025726961910999305864805083219849135273456119843313523604327146 [2.745e76]) [staticcall]
    │   │   └─ ← ()
    │   ├─ [0] console::log("Proof element", 1, ":", 27450459817178025726961910999305864805083219849135273456119843313523604327146 [2.745e76]) [staticcall]
    │   │   └─ ← ()
    │   ├─ [0] console::log("Computed hash after element", 1, ":", 13969962737189667377301299772759602506808512490985433065301412195291012876129 [1.396e76]) [staticcall]
    │   │   └─ ← ()
    │   ├─ [0] console::log("Proof element", 2, ":", 107653161125649642032491443308982527566324346567968513637810199776622513001405 [1.076e77]) [staticcall]
    │   │   └─ ← ()
    │   ├─ [0] console::log("Computed hash after element", 2, ":", 110439022832650467540320277495575983476128989354560221587779177276917572132833 [1.104e77]) [staticcall]
    │   │   └─ ← ()
    │   ├─ [0] console::log("Proof element", 3, ":", 44812029912269844639383167223451376600872748978496635971607178627452478213724 [4.481e76]) [staticcall]
    │   │   └─ ← ()
    │   ├─ [0] console::log("Computed hash after element", 3, ":", 12156557486720290329375998102075999100394189283527883983747374321111124205507 [1.215e76]) [staticcall]
    │   │   └─ ← ()
    │   ├─ [0] console::log("Is valid:", false) [staticcall]
    │   │   └─ ← ()
    │   └─ ← false
    ├─ [0] console::log("--- End of verification details ---") [staticcall]
    │   └─ ← ()
    ├─ [0] console::log("Failed to verify leaf 13 after adding 14 leaves") [staticcall]
    │   └─ ← ()
    ├─ [28604] MerkleStorageOZ::getProof(13) [staticcall]
    │   ├─ [0] console::log("Getting proof for leaf index:", 13) [staticcall]
    │   │   └─ ← ()
    │   ├─ [0] console::log("Tree depth:", 4) [staticcall]
    │   │   └─ ← ()
    │   ├─ [0] console::log("Level", 0, "size:", 14) [staticcall]
    │   │   └─ ← ()
    │   ├─ [0] console::log("Added to proof:", 92619562252365677669901163699204566607949558994432207550606556910840817279335 [9.261e76]) [staticcall]
    │   │   └─ ← ()
    │   ├─ [0] console::log("Level", 1, "size:", 7) [staticcall]
    │   │   └─ ← ()
    │   ├─ [0] console::log("Added to proof (odd level):", 27450459817178025726961910999305864805083219849135273456119843313523604327146 [2.745e76]) [staticcall]
    │   │   └─ ← ()
    │   ├─ [0] console::log("Level", 2, "size:", 4) [staticcall]
    │   │   └─ ← ()
    │   ├─ [0] console::log("Added to proof:", 107653161125649642032491443308982527566324346567968513637810199776622513001405 [1.076e77]) [staticcall]
    │   │   └─ ← ()
    │   ├─ [0] console::log("Level", 3, "size:", 2) [staticcall]
    │   │   └─ ← ()
    │   ├─ [0] console::log("Added to proof:", 44812029912269844639383167223451376600872748978496635971607178627452478213724 [4.481e76]) [staticcall]
    │   │   └─ ← ()
    │   ├─ [0] console::log("Final proof length:", 4) [staticcall]
    │   │   └─ ← ()
    │   └─ ← [0xccc4d083cdf48ef2c50a0a45b13aae2642eda593dfb5894236e409ed3ff26167, 0x3cb068dfee4565b215b4fbdb3cdb15bce0a9c6c2e3b7b093b67b46c926340aea, 0xee0187a9e1cd26963ee5f1e99031a2da9d737039b6c237adc84770a6d2d893bd, 0x6312b5c9c0f90c16707fa38ba42f8fe1608c5fa99a1772af08b1ea466614ce5c]
    ├─ [0] console::log("--- Verification details for leaf 14 after adding 14 leaves ---") [staticcall]
    │   └─ ← ()
    ├─ [13808] MerkleStorageOZ::verifyLeaf(0x6c6561663134, [0xccc4d083cdf48ef2c50a0a45b13aae2642eda593dfb5894236e409ed3ff26167, 0x3cb068dfee4565b215b4fbdb3cdb15bce0a9c6c2e3b7b093b67b46c926340aea, 0xee0187a9e1cd26963ee5f1e99031a2da9d737039b6c237adc84770a6d2d893bd, 0x6312b5c9c0f90c16707fa38ba42f8fe1608c5fa99a1772af08b1ea466614ce5c]) [staticcall]
    │   ├─ [0] console::log("Verifying leaf:", 33672592122163231522297444352452316230401835406380993219594760926723533962405 [3.367e76]) [staticcall]
    │   │   └─ ← ()
    │   ├─ [0] console::log("Merkle root:", 50317213460667083387336512583701938606346372456891657337202148482495325721164 [5.031e76]) [staticcall]
    │   │   └─ ← ()
    │   ├─ [0] console::log("Proof length:", 4) [staticcall]
    │   │   └─ ← ()
    │   ├─ [0] console::log("Proof element", 0, ":", 92619562252365677669901163699204566607949558994432207550606556910840817279335 [9.261e76]) [staticcall]
    │   │   └─ ← ()
    │   ├─ [0] console::log("Computed hash after element", 0, ":", 27450459817178025726961910999305864805083219849135273456119843313523604327146 [2.745e76]) [staticcall]
    │   │   └─ ← ()
    │   ├─ [0] console::log("Proof element", 1, ":", 27450459817178025726961910999305864805083219849135273456119843313523604327146 [2.745e76]) [staticcall]
    │   │   └─ ← ()
    │   ├─ [0] console::log("Computed hash after element", 1, ":", 13969962737189667377301299772759602506808512490985433065301412195291012876129 [1.396e76]) [staticcall]
    │   │   └─ ← ()
    │   ├─ [0] console::log("Proof element", 2, ":", 107653161125649642032491443308982527566324346567968513637810199776622513001405 [1.076e77]) [staticcall]
    │   │   └─ ← ()
    │   ├─ [0] console::log("Computed hash after element", 2, ":", 110439022832650467540320277495575983476128989354560221587779177276917572132833 [1.104e77]) [staticcall]
    │   │   └─ ← ()
    │   ├─ [0] console::log("Proof element", 3, ":", 44812029912269844639383167223451376600872748978496635971607178627452478213724 [4.481e76]) [staticcall]
    │   │   └─ ← ()
    │   ├─ [0] console::log("Computed hash after element", 3, ":", 12156557486720290329375998102075999100394189283527883983747374321111124205507 [1.215e76]) [staticcall]
    │   │   └─ ← ()
    │   ├─ [0] console::log("Is valid:", false) [staticcall]
    │   │   └─ ← ()
    │   └─ ← false
    ├─ [0] console::log("--- End of verification details ---") [staticcall]
    │   └─ ← ()
    ├─ [0] console::log("Failed to verify leaf 14 after adding 14 leaves") [staticcall]
    │   └─ ← ()
    ├─ [40033] MerkleStorageOZ::addLeaf(0x6c6561663135)
    │   ├─ emit LeafAdded(leaf: 0x6d2a503801c4a495dd34ec63d048cc1c56cd4e99ed480da77c09d497092b4092, index: 14)
    │   ├─ emit MerkleRootUpdated(newRoot: 0x4a3a5a9e08c88ddb82c3eb41031b710c7dfcf118557e50ebe9cff9e50dbc9c2a)
    │   └─ ← ()
    ├─ [0] console::log("Added leaf 15") [staticcall]
    │   └─ ← ()
    ├─ [29818] MerkleStorageOZ::getProof(0) [staticcall]
    │   ├─ [0] console::log("Getting proof for leaf index:", 0) [staticcall]
    │   │   └─ ← ()
    │   ├─ [0] console::log("Tree depth:", 4) [staticcall]
    │   │   └─ ← ()
    │   ├─ [0] console::log("Level", 0, "size:", 15) [staticcall]
    │   │   └─ ← ()
    │   ├─ [0] console::log("Added to proof:", 84303433209692230857384970403333823748570319246869449369625637863858470744792 [8.43e76]) [staticcall]
    │   │   └─ ← ()
    │   ├─ [0] console::log("Level", 1, "size:", 8) [staticcall]
    │   │   └─ ← ()
    │   ├─ [0] console::log("Added to proof:", 42994468410347004737970376126143620665813473361490896099477539813509562736181 [4.299e76]) [staticcall]
    │   │   └─ ← ()
    │   ├─ [0] console::log("Level", 2, "size:", 4) [staticcall]
    │   │   └─ ← ()
    │   ├─ [0] console::log("Added to proof:", 90519645207031266945590244632322326520069529432013691057992262226385608141027 [9.051e76]) [staticcall]
    │   │   └─ ← ()
    │   ├─ [0] console::log("Level", 3, "size:", 2) [staticcall]
    │   │   └─ ← ()
    │   ├─ [0] console::log("Added to proof:", 25239154396585630428311669684183630546387162286682989541325631011384983305470 [2.523e76]) [staticcall]
    │   │   └─ ← ()
    │   ├─ [0] console::log("Final proof length:", 4) [staticcall]
    │   │   └─ ← ()
    │   └─ ← [0xba620d61dac4ddf2d7905722b259b0bd34ec4d37c5796d9a22537c54b3f972d8, 0x5f0e01babb612c872c711c3804090c0fcd42d13e2ddbd99d21e73f30afa59e35, 0xc8204db79981b461dca6928459414628e9784deec1c74154434eb580b50868e3, 0x37ccdaeb42785a546dd32598f61a7859428851d16d9552f058be213e723c3cfe]
    ├─ [0] console::log("--- Verification details for leaf 1 after adding 15 leaves ---") [staticcall]
    │   └─ ← ()
    ├─ [13808] MerkleStorageOZ::verifyLeaf(0x6c65616631, [0xba620d61dac4ddf2d7905722b259b0bd34ec4d37c5796d9a22537c54b3f972d8, 0x5f0e01babb612c872c711c3804090c0fcd42d13e2ddbd99d21e73f30afa59e35, 0xc8204db79981b461dca6928459414628e9784deec1c74154434eb580b50868e3, 0x37ccdaeb42785a546dd32598f61a7859428851d16d9552f058be213e723c3cfe]) [staticcall]
    │   ├─ [0] console::log("Verifying leaf:", 1534629507014924801801850062420965747762703560098700086918056654539096211930 [1.534e75]) [staticcall]
    │   │   └─ ← ()
    │   ├─ [0] console::log("Merkle root:", 33574253342686645108654170190895156736283201186524879784985818393275168234538 [3.357e76]) [staticcall]
    │   │   └─ ← ()
    │   ├─ [0] console::log("Proof length:", 4) [staticcall]
    │   │   └─ ← ()
    │   ├─ [0] console::log("Proof element", 0, ":", 84303433209692230857384970403333823748570319246869449369625637863858470744792 [8.43e76]) [staticcall]
    │   │   └─ ← ()
    │   ├─ [0] console::log("Computed hash after element", 0, ":", 4819654492366420278237764346194618123787186199882361681321774604810163462263 [4.819e75]) [staticcall]
    │   │   └─ ← ()
    │   ├─ [0] console::log("Proof element", 1, ":", 42994468410347004737970376126143620665813473361490896099477539813509562736181 [4.299e76]) [staticcall]
    │   │   └─ ← ()
    │   ├─ [0] console::log("Computed hash after element", 1, ":", 86167276729270415220365293603154116830872546334163333883227179387055231533441 [8.616e76]) [staticcall]
    │   │   └─ ← ()
    │   ├─ [0] console::log("Proof element", 2, ":", 90519645207031266945590244632322326520069529432013691057992262226385608141027 [9.051e76]) [staticcall]
    │   │   └─ ← ()
    │   ├─ [0] console::log("Computed hash after element", 2, ":", 44812029912269844639383167223451376600872748978496635971607178627452478213724 [4.481e76]) [staticcall]
    │   │   └─ ← ()
    │   ├─ [0] console::log("Proof element", 3, ":", 25239154396585630428311669684183630546387162286682989541325631011384983305470 [2.523e76]) [staticcall]
    │   │   └─ ← ()
    │   ├─ [0] console::log("Computed hash after element", 3, ":", 33574253342686645108654170190895156736283201186524879784985818393275168234538 [3.357e76]) [staticcall]
    │   │   └─ ← ()
    │   ├─ [0] console::log("Is valid:", true) [staticcall]
    │   │   └─ ← ()
    │   └─ ← true
    ├─ [0] console::log("--- End of verification details ---") [staticcall]
    │   └─ ← ()
    ├─ [0] console::log("Successfully verified leaf 1 after adding 15 leaves") [staticcall]
    │   └─ ← ()
    ├─ [29733] MerkleStorageOZ::getProof(1) [staticcall]
    │   ├─ [0] console::log("Getting proof for leaf index:", 1) [staticcall]
    │   │   └─ ← ()
    │   ├─ [0] console::log("Tree depth:", 4) [staticcall]
    │   │   └─ ← ()
    │   ├─ [0] console::log("Level", 0, "size:", 15) [staticcall]
    │   │   └─ ← ()
    │   ├─ [0] console::log("Added to proof:", 1534629507014924801801850062420965747762703560098700086918056654539096211930 [1.534e75]) [staticcall]
    │   │   └─ ← ()
    │   ├─ [0] console::log("Level", 1, "size:", 8) [staticcall]
    │   │   └─ ← ()
    │   ├─ [0] console::log("Added to proof:", 42994468410347004737970376126143620665813473361490896099477539813509562736181 [4.299e76]) [staticcall]
    │   │   └─ ← ()
    │   ├─ [0] console::log("Level", 2, "size:", 4) [staticcall]
    │   │   └─ ← ()
    │   ├─ [0] console::log("Added to proof:", 90519645207031266945590244632322326520069529432013691057992262226385608141027 [9.051e76]) [staticcall]
    │   │   └─ ← ()
    │   ├─ [0] console::log("Level", 3, "size:", 2) [staticcall]
    │   │   └─ ← ()
    │   ├─ [0] console::log("Added to proof:", 25239154396585630428311669684183630546387162286682989541325631011384983305470 [2.523e76]) [staticcall]
    │   │   └─ ← ()
    │   ├─ [0] console::log("Final proof length:", 4) [staticcall]
    │   │   └─ ← ()
    │   └─ ← [0x036491cc10808eeb0ff717314df6f19ba2e232d04d5f039f6fa382cae41641da, 0x5f0e01babb612c872c711c3804090c0fcd42d13e2ddbd99d21e73f30afa59e35, 0xc8204db79981b461dca6928459414628e9784deec1c74154434eb580b50868e3, 0x37ccdaeb42785a546dd32598f61a7859428851d16d9552f058be213e723c3cfe]
    ├─ [0] console::log("--- Verification details for leaf 2 after adding 15 leaves ---") [staticcall]
    │   └─ ← ()
    ├─ [13798] MerkleStorageOZ::verifyLeaf(0x6c65616632, [0x036491cc10808eeb0ff717314df6f19ba2e232d04d5f039f6fa382cae41641da, 0x5f0e01babb612c872c711c3804090c0fcd42d13e2ddbd99d21e73f30afa59e35, 0xc8204db79981b461dca6928459414628e9784deec1c74154434eb580b50868e3, 0x37ccdaeb42785a546dd32598f61a7859428851d16d9552f058be213e723c3cfe]) [staticcall]
    │   ├─ [0] console::log("Verifying leaf:", 84303433209692230857384970403333823748570319246869449369625637863858470744792 [8.43e76]) [staticcall]
    │   │   └─ ← ()
    │   ├─ [0] console::log("Merkle root:", 33574253342686645108654170190895156736283201186524879784985818393275168234538 [3.357e76]) [staticcall]
    │   │   └─ ← ()
    │   ├─ [0] console::log("Proof length:", 4) [staticcall]
    │   │   └─ ← ()
    │   ├─ [0] console::log("Proof element", 0, ":", 1534629507014924801801850062420965747762703560098700086918056654539096211930 [1.534e75]) [staticcall]
    │   │   └─ ← ()
    │   ├─ [0] console::log("Computed hash after element", 0, ":", 4819654492366420278237764346194618123787186199882361681321774604810163462263 [4.819e75]) [staticcall]
    │   │   └─ ← ()
    │   ├─ [0] console::log("Proof element", 1, ":", 42994468410347004737970376126143620665813473361490896099477539813509562736181 [4.299e76]) [staticcall]
    │   │   └─ ← ()
    │   ├─ [0] console::log("Computed hash after element", 1, ":", 86167276729270415220365293603154116830872546334163333883227179387055231533441 [8.616e76]) [staticcall]
    │   │   └─ ← ()
    │   ├─ [0] console::log("Proof element", 2, ":", 90519645207031266945590244632322326520069529432013691057992262226385608141027 [9.051e76]) [staticcall]
    │   │   └─ ← ()
    │   ├─ [0] console::log("Computed hash after element", 2, ":", 44812029912269844639383167223451376600872748978496635971607178627452478213724 [4.481e76]) [staticcall]
    │   │   └─ ← ()
    │   ├─ [0] console::log("Proof element", 3, ":", 25239154396585630428311669684183630546387162286682989541325631011384983305470 [2.523e76]) [staticcall]
    │   │   └─ ← ()
    │   ├─ [0] console::log("Computed hash after element", 3, ":", 33574253342686645108654170190895156736283201186524879784985818393275168234538 [3.357e76]) [staticcall]
    │   │   └─ ← ()
    │   ├─ [0] console::log("Is valid:", true) [staticcall]
    │   │   └─ ← ()
    │   └─ ← true
    ├─ [0] console::log("--- End of verification details ---") [staticcall]
    │   └─ ← ()
    ├─ [0] console::log("Successfully verified leaf 2 after adding 15 leaves") [staticcall]
    │   └─ ← ()
    ├─ [29733] MerkleStorageOZ::getProof(2) [staticcall]
    │   ├─ [0] console::log("Getting proof for leaf index:", 2) [staticcall]
    │   │   └─ ← ()
    │   ├─ [0] console::log("Tree depth:", 4) [staticcall]
    │   │   └─ ← ()
    │   ├─ [0] console::log("Level", 0, "size:", 15) [staticcall]
    │   │   └─ ← ()
    │   ├─ [0] console::log("Added to proof:", 9718660262289985226213547307049526568607798083323067650698233131271439501106 [9.718e75]) [staticcall]
    │   │   └─ ← ()
    │   ├─ [0] console::log("Level", 1, "size:", 8) [staticcall]
    │   │   └─ ← ()
    │   ├─ [0] console::log("Added to proof:", 4819654492366420278237764346194618123787186199882361681321774604810163462263 [4.819e75]) [staticcall]
    │   │   └─ ← ()
    │   ├─ [0] console::log("Level", 2, "size:", 4) [staticcall]
    │   │   └─ ← ()
    │   ├─ [0] console::log("Added to proof:", 90519645207031266945590244632322326520069529432013691057992262226385608141027 [9.051e76]) [staticcall]
    │   │   └─ ← ()
    │   ├─ [0] console::log("Level", 3, "size:", 2) [staticcall]
    │   │   └─ ← ()
    │   ├─ [0] console::log("Added to proof:", 25239154396585630428311669684183630546387162286682989541325631011384983305470 [2.523e76]) [staticcall]
    │   │   └─ ← ()
    │   ├─ [0] console::log("Final proof length:", 4) [staticcall]
    │   │   └─ ← ()
    │   └─ ← [0x157c9118369926e028fa6cf8dfe68c750c1adbd7b0e4918c2b3a23fe4017c732, 0x0aa7d3e8df6bbfe087828aef70a86fff5964660e89f14cbbbe406695bc1e2077, 0xc8204db79981b461dca6928459414628e9784deec1c74154434eb580b50868e3, 0x37ccdaeb42785a546dd32598f61a7859428851d16d9552f058be213e723c3cfe]
    ├─ [0] console::log("--- Verification details for leaf 3 after adding 15 leaves ---") [staticcall]
    │   └─ ← ()
    ├─ [13788] MerkleStorageOZ::verifyLeaf(0x6c65616633, [0x157c9118369926e028fa6cf8dfe68c750c1adbd7b0e4918c2b3a23fe4017c732, 0x0aa7d3e8df6bbfe087828aef70a86fff5964660e89f14cbbbe406695bc1e2077, 0xc8204db79981b461dca6928459414628e9784deec1c74154434eb580b50868e3, 0x37ccdaeb42785a546dd32598f61a7859428851d16d9552f058be213e723c3cfe]) [staticcall]
    │   ├─ [0] console::log("Verifying leaf:", 114806096316174656260172984043681595992173194076043313710926606652151351550195 [1.148e77]) [staticcall]
    │   │   └─ ← ()
    │   ├─ [0] console::log("Merkle root:", 33574253342686645108654170190895156736283201186524879784985818393275168234538 [3.357e76]) [staticcall]
    │   │   └─ ← ()
    │   ├─ [0] console::log("Proof length:", 4) [staticcall]
    │   │   └─ ← ()
    │   ├─ [0] console::log("Proof element", 0, ":", 9718660262289985226213547307049526568607798083323067650698233131271439501106 [9.718e75]) [staticcall]
    │   │   └─ ← ()
    │   ├─ [0] console::log("Computed hash after element", 0, ":", 42994468410347004737970376126143620665813473361490896099477539813509562736181 [4.299e76]) [staticcall]
    │   │   └─ ← ()
    │   ├─ [0] console::log("Proof element", 1, ":", 4819654492366420278237764346194618123787186199882361681321774604810163462263 [4.819e75]) [staticcall]
    │   │   └─ ← ()
    │   ├─ [0] console::log("Computed hash after element", 1, ":", 86167276729270415220365293603154116830872546334163333883227179387055231533441 [8.616e76]) [staticcall]
    │   │   └─ ← ()
    │   ├─ [0] console::log("Proof element", 2, ":", 90519645207031266945590244632322326520069529432013691057992262226385608141027 [9.051e76]) [staticcall]
    │   │   └─ ← ()
    │   ├─ [0] console::log("Computed hash after element", 2, ":", 44812029912269844639383167223451376600872748978496635971607178627452478213724 [4.481e76]) [staticcall]
    │   │   └─ ← ()
    │   ├─ [0] console::log("Proof element", 3, ":", 25239154396585630428311669684183630546387162286682989541325631011384983305470 [2.523e76]) [staticcall]
    │   │   └─ ← ()
    │   ├─ [0] console::log("Computed hash after element", 3, ":", 33574253342686645108654170190895156736283201186524879784985818393275168234538 [3.357e76]) [staticcall]
    │   │   └─ ← ()
    │   ├─ [0] console::log("Is valid:", true) [staticcall]
    │   │   └─ ← ()
    │   └─ ← true
    ├─ [0] console::log("--- End of verification details ---") [staticcall]
    │   └─ ← ()
    ├─ [0] console::log("Successfully verified leaf 3 after adding 15 leaves") [staticcall]
    │   └─ ← ()
    ├─ [29648] MerkleStorageOZ::getProof(3) [staticcall]
    │   ├─ [0] console::log("Getting proof for leaf index:", 3) [staticcall]
    │   │   └─ ← ()
    │   ├─ [0] console::log("Tree depth:", 4) [staticcall]
    │   │   └─ ← ()
    │   ├─ [0] console::log("Level", 0, "size:", 15) [staticcall]
    │   │   └─ ← ()
    │   ├─ [0] console::log("Added to proof:", 114806096316174656260172984043681595992173194076043313710926606652151351550195 [1.148e77]) [staticcall]
    │   │   └─ ← ()
    │   ├─ [0] console::log("Level", 1, "size:", 8) [staticcall]
    │   │   └─ ← ()
    │   ├─ [0] console::log("Added to proof:", 4819654492366420278237764346194618123787186199882361681321774604810163462263 [4.819e75]) [staticcall]
    │   │   └─ ← ()
    │   ├─ [0] console::log("Level", 2, "size:", 4) [staticcall]
    │   │   └─ ← ()
    │   ├─ [0] console::log("Added to proof:", 90519645207031266945590244632322326520069529432013691057992262226385608141027 [9.051e76]) [staticcall]
    │   │   └─ ← ()
    │   ├─ [0] console::log("Level", 3, "size:", 2) [staticcall]
    │   │   └─ ← ()
    │   ├─ [0] console::log("Added to proof:", 25239154396585630428311669684183630546387162286682989541325631011384983305470 [2.523e76]) [staticcall]
    │   │   └─ ← ()
    │   ├─ [0] console::log("Final proof length:", 4) [staticcall]
    │   │   └─ ← ()
    │   └─ ← [0xfdd1f2a1ec75fe968421a41d2282200de6bec6a21f81080a71b1053d9c0120f3, 0x0aa7d3e8df6bbfe087828aef70a86fff5964660e89f14cbbbe406695bc1e2077, 0xc8204db79981b461dca6928459414628e9784deec1c74154434eb580b50868e3, 0x37ccdaeb42785a546dd32598f61a7859428851d16d9552f058be213e723c3cfe]
    ├─ [0] console::log("--- Verification details for leaf 4 after adding 15 leaves ---") [staticcall]
    │   └─ ← ()
    ├─ [13798] MerkleStorageOZ::verifyLeaf(0x6c65616634, [0xfdd1f2a1ec75fe968421a41d2282200de6bec6a21f81080a71b1053d9c0120f3, 0x0aa7d3e8df6bbfe087828aef70a86fff5964660e89f14cbbbe406695bc1e2077, 0xc8204db79981b461dca6928459414628e9784deec1c74154434eb580b50868e3, 0x37ccdaeb42785a546dd32598f61a7859428851d16d9552f058be213e723c3cfe]) [staticcall]
    │   ├─ [0] console::log("Verifying leaf:", 9718660262289985226213547307049526568607798083323067650698233131271439501106 [9.718e75]) [staticcall]
    │   │   └─ ← ()
    │   ├─ [0] console::log("Merkle root:", 33574253342686645108654170190895156736283201186524879784985818393275168234538 [3.357e76]) [staticcall]
    │   │   └─ ← ()
    │   ├─ [0] console::log("Proof length:", 4) [staticcall]
    │   │   └─ ← ()
    │   ├─ [0] console::log("Proof element", 0, ":", 114806096316174656260172984043681595992173194076043313710926606652151351550195 [1.148e77]) [staticcall]
    │   │   └─ ← ()
    │   ├─ [0] console::log("Computed hash after element", 0, ":", 42994468410347004737970376126143620665813473361490896099477539813509562736181 [4.299e76]) [staticcall]
    │   │   └─ ← ()
    │   ├─ [0] console::log("Proof element", 1, ":", 4819654492366420278237764346194618123787186199882361681321774604810163462263 [4.819e75]) [staticcall]
    │   │   └─ ← ()
    │   ├─ [0] console::log("Computed hash after element", 1, ":", 86167276729270415220365293603154116830872546334163333883227179387055231533441 [8.616e76]) [staticcall]
    │   │   └─ ← ()
    │   ├─ [0] console::log("Proof element", 2, ":", 90519645207031266945590244632322326520069529432013691057992262226385608141027 [9.051e76]) [staticcall]
    │   │   └─ ← ()
    │   ├─ [0] console::log("Computed hash after element", 2, ":", 44812029912269844639383167223451376600872748978496635971607178627452478213724 [4.481e76]) [staticcall]
    │   │   └─ ← ()
    │   ├─ [0] console::log("Proof element", 3, ":", 25239154396585630428311669684183630546387162286682989541325631011384983305470 [2.523e76]) [staticcall]
    │   │   └─ ← ()
    │   ├─ [0] console::log("Computed hash after element", 3, ":", 33574253342686645108654170190895156736283201186524879784985818393275168234538 [3.357e76]) [staticcall]
    │   │   └─ ← ()
    │   ├─ [0] console::log("Is valid:", true) [staticcall]
    │   │   └─ ← ()
    │   └─ ← true
    ├─ [0] console::log("--- End of verification details ---") [staticcall]
    │   └─ ← ()
    ├─ [0] console::log("Successfully verified leaf 4 after adding 15 leaves") [staticcall]
    │   └─ ← ()
    ├─ [29733] MerkleStorageOZ::getProof(4) [staticcall]
    │   ├─ [0] console::log("Getting proof for leaf index:", 4) [staticcall]
    │   │   └─ ← ()
    │   ├─ [0] console::log("Tree depth:", 4) [staticcall]
    │   │   └─ ← ()
    │   ├─ [0] console::log("Level", 0, "size:", 15) [staticcall]
    │   │   └─ ← ()
    │   ├─ [0] console::log("Added to proof:", 42656216575733633865718546135288608701490211943531992892543518422469545049160 [4.265e76]) [staticcall]
    │   │   └─ ← ()
    │   ├─ [0] console::log("Level", 1, "size:", 8) [staticcall]
    │   │   └─ ← ()
    │   ├─ [0] console::log("Added to proof:", 89139659228322516991511902812947417818976567277539582619759529237285492222351 [8.913e76]) [staticcall]
    │   │   └─ ← ()
    │   ├─ [0] console::log("Level", 2, "size:", 4) [staticcall]
    │   │   └─ ← ()
    │   ├─ [0] console::log("Added to proof:", 86167276729270415220365293603154116830872546334163333883227179387055231533441 [8.616e76]) [staticcall]
    │   │   └─ ← ()
    │   ├─ [0] console::log("Level", 3, "size:", 2) [staticcall]
    │   │   └─ ← ()
    │   ├─ [0] console::log("Added to proof:", 25239154396585630428311669684183630546387162286682989541325631011384983305470 [2.523e76]) [staticcall]
    │   │   └─ ← ()
    │   ├─ [0] console::log("Final proof length:", 4) [staticcall]
    │   │   └─ ← ()
    │   └─ ← [0x5e4e9020e0ae47d1b353192e416c1873ec642cb2e75d68faa1be2665df6c3c48, 0xc513425acc7aa543abb5dc1ff382f69776a7ff7f57d334f6cea222ae2803e98f, 0xbe80f348526b4646bc0697bf2fe649f1835863538924cb6b91ad4eb57ced0181, 0x37ccdaeb42785a546dd32598f61a7859428851d16d9552f058be213e723c3cfe]
    ├─ [0] console::log("--- Verification details for leaf 5 after adding 15 leaves ---") [staticcall]
    │   └─ ← ()
    ├─ [13798] MerkleStorageOZ::verifyLeaf(0x6c65616635, [0x5e4e9020e0ae47d1b353192e416c1873ec642cb2e75d68faa1be2665df6c3c48, 0xc513425acc7aa543abb5dc1ff382f69776a7ff7f57d334f6cea222ae2803e98f, 0xbe80f348526b4646bc0697bf2fe649f1835863538924cb6b91ad4eb57ced0181, 0x37ccdaeb42785a546dd32598f61a7859428851d16d9552f058be213e723c3cfe]) [staticcall]
    │   ├─ [0] console::log("Verifying leaf:", 3327891084304698462684256911003812127873740397003554529128445276024109161606 [3.327e75]) [staticcall]
    │   │   └─ ← ()
    │   ├─ [0] console::log("Merkle root:", 33574253342686645108654170190895156736283201186524879784985818393275168234538 [3.357e76]) [staticcall]
    │   │   └─ ← ()
    │   ├─ [0] console::log("Proof length:", 4) [staticcall]
    │   │   └─ ← ()
    │   ├─ [0] console::log("Proof element", 0, ":", 42656216575733633865718546135288608701490211943531992892543518422469545049160 [4.265e76]) [staticcall]
    │   │   └─ ← ()
    │   ├─ [0] console::log("Computed hash after element", 0, ":", 79680312521381101304386615379526824036772258414601889669286272159596699208134 [7.968e76]) [staticcall]
    │   │   └─ ← ()
    │   ├─ [0] console::log("Proof element", 1, ":", 89139659228322516991511902812947417818976567277539582619759529237285492222351 [8.913e76]) [staticcall]
    │   │   └─ ← ()
    │   ├─ [0] console::log("Computed hash after element", 1, ":", 90519645207031266945590244632322326520069529432013691057992262226385608141027 [9.051e76]) [staticcall]
    │   │   └─ ← ()
    │   ├─ [0] console::log("Proof element", 2, ":", 86167276729270415220365293603154116830872546334163333883227179387055231533441 [8.616e76]) [staticcall]
    │   │   └─ ← ()
    │   ├─ [0] console::log("Computed hash after element", 2, ":", 44812029912269844639383167223451376600872748978496635971607178627452478213724 [4.481e76]) [staticcall]
    │   │   └─ ← ()
    │   ├─ [0] console::log("Proof element", 3, ":", 25239154396585630428311669684183630546387162286682989541325631011384983305470 [2.523e76]) [staticcall]
    │   │   └─ ← ()
    │   ├─ [0] console::log("Computed hash after element", 3, ":", 33574253342686645108654170190895156736283201186524879784985818393275168234538 [3.357e76]) [staticcall]
    │   │   └─ ← ()
    │   ├─ [0] console::log("Is valid:", true) [staticcall]
    │   │   └─ ← ()
    │   └─ ← true
    ├─ [0] console::log("--- End of verification details ---") [staticcall]
    │   └─ ← ()
    ├─ [0] console::log("Successfully verified leaf 5 after adding 15 leaves") [staticcall]
    │   └─ ← ()
    ├─ [29648] MerkleStorageOZ::getProof(5) [staticcall]
    │   ├─ [0] console::log("Getting proof for leaf index:", 5) [staticcall]
    │   │   └─ ← ()
    │   ├─ [0] console::log("Tree depth:", 4) [staticcall]
    │   │   └─ ← ()
    │   ├─ [0] console::log("Level", 0, "size:", 15) [staticcall]
    │   │   └─ ← ()
    │   ├─ [0] console::log("Added to proof:", 3327891084304698462684256911003812127873740397003554529128445276024109161606 [3.327e75]) [staticcall]
    │   │   └─ ← ()
    │   ├─ [0] console::log("Level", 1, "size:", 8) [staticcall]
    │   │   └─ ← ()
    │   ├─ [0] console::log("Added to proof:", 89139659228322516991511902812947417818976567277539582619759529237285492222351 [8.913e76]) [staticcall]
    │   │   └─ ← ()
    │   ├─ [0] console::log("Level", 2, "size:", 4) [staticcall]
    │   │   └─ ← ()
    │   ├─ [0] console::log("Added to proof:", 86167276729270415220365293603154116830872546334163333883227179387055231533441 [8.616e76]) [staticcall]
    │   │   └─ ← ()
    │   ├─ [0] console::log("Level", 3, "size:", 2) [staticcall]
    │   │   └─ ← ()
    │   ├─ [0] console::log("Added to proof:", 25239154396585630428311669684183630546387162286682989541325631011384983305470 [2.523e76]) [staticcall]
    │   │   └─ ← ()
    │   ├─ [0] console::log("Final proof length:", 4) [staticcall]
    │   │   └─ ← ()
    │   └─ ← [0x075b8504c98679ed33a097ef9b1466e8f4652142d4b19ab2c37fdf1668a65c86, 0xc513425acc7aa543abb5dc1ff382f69776a7ff7f57d334f6cea222ae2803e98f, 0xbe80f348526b4646bc0697bf2fe649f1835863538924cb6b91ad4eb57ced0181, 0x37ccdaeb42785a546dd32598f61a7859428851d16d9552f058be213e723c3cfe]
    ├─ [0] console::log("--- Verification details for leaf 6 after adding 15 leaves ---") [staticcall]
    │   └─ ← ()
    ├─ [13788] MerkleStorageOZ::verifyLeaf(0x6c65616636, [0x075b8504c98679ed33a097ef9b1466e8f4652142d4b19ab2c37fdf1668a65c86, 0xc513425acc7aa543abb5dc1ff382f69776a7ff7f57d334f6cea222ae2803e98f, 0xbe80f348526b4646bc0697bf2fe649f1835863538924cb6b91ad4eb57ced0181, 0x37ccdaeb42785a546dd32598f61a7859428851d16d9552f058be213e723c3cfe]) [staticcall]
    │   ├─ [0] console::log("Verifying leaf:", 42656216575733633865718546135288608701490211943531992892543518422469545049160 [4.265e76]) [staticcall]
    │   │   └─ ← ()
    │   ├─ [0] console::log("Merkle root:", 33574253342686645108654170190895156736283201186524879784985818393275168234538 [3.357e76]) [staticcall]
    │   │   └─ ← ()
    │   ├─ [0] console::log("Proof length:", 4) [staticcall]
    │   │   └─ ← ()
    │   ├─ [0] console::log("Proof element", 0, ":", 3327891084304698462684256911003812127873740397003554529128445276024109161606 [3.327e75]) [staticcall]
    │   │   └─ ← ()
    │   ├─ [0] console::log("Computed hash after element", 0, ":", 79680312521381101304386615379526824036772258414601889669286272159596699208134 [7.968e76]) [staticcall]
    │   │   └─ ← ()
    │   ├─ [0] console::log("Proof element", 1, ":", 89139659228322516991511902812947417818976567277539582619759529237285492222351 [8.913e76]) [staticcall]
    │   │   └─ ← ()
    │   ├─ [0] console::log("Computed hash after element", 1, ":", 90519645207031266945590244632322326520069529432013691057992262226385608141027 [9.051e76]) [staticcall]
    │   │   └─ ← ()
    │   ├─ [0] console::log("Proof element", 2, ":", 86167276729270415220365293603154116830872546334163333883227179387055231533441 [8.616e76]) [staticcall]
    │   │   └─ ← ()
    │   ├─ [0] console::log("Computed hash after element", 2, ":", 44812029912269844639383167223451376600872748978496635971607178627452478213724 [4.481e76]) [staticcall]
    │   │   └─ ← ()
    │   ├─ [0] console::log("Proof element", 3, ":", 25239154396585630428311669684183630546387162286682989541325631011384983305470 [2.523e76]) [staticcall]
    │   │   └─ ← ()
    │   ├─ [0] console::log("Computed hash after element", 3, ":", 33574253342686645108654170190895156736283201186524879784985818393275168234538 [3.357e76]) [staticcall]
    │   │   └─ ← ()
    │   ├─ [0] console::log("Is valid:", true) [staticcall]
    │   │   └─ ← ()
    │   └─ ← true
    ├─ [0] console::log("--- End of verification details ---") [staticcall]
    │   └─ ← ()
    ├─ [0] console::log("Successfully verified leaf 6 after adding 15 leaves") [staticcall]
    │   └─ ← ()
    ├─ [29648] MerkleStorageOZ::getProof(6) [staticcall]
    │   ├─ [0] console::log("Getting proof for leaf index:", 6) [staticcall]
    │   │   └─ ← ()
    │   ├─ [0] console::log("Tree depth:", 4) [staticcall]
    │   │   └─ ← ()
    │   ├─ [0] console::log("Level", 0, "size:", 15) [staticcall]
    │   │   └─ ← ()
    │   ├─ [0] console::log("Added to proof:", 41333877701255859865019379003725985110118058655845990608936096526874421775531 [4.133e76]) [staticcall]
    │   │   └─ ← ()
    │   ├─ [0] console::log("Level", 1, "size:", 8) [staticcall]
    │   │   └─ ← ()
    │   ├─ [0] console::log("Added to proof:", 79680312521381101304386615379526824036772258414601889669286272159596699208134 [7.968e76]) [staticcall]
    │   │   └─ ← ()
    │   ├─ [0] console::log("Level", 2, "size:", 4) [staticcall]
    │   │   └─ ← ()
    │   ├─ [0] console::log("Added to proof:", 86167276729270415220365293603154116830872546334163333883227179387055231533441 [8.616e76]) [staticcall]
    │   │   └─ ← ()
    │   ├─ [0] console::log("Level", 3, "size:", 2) [staticcall]
    │   │   └─ ← ()
    │   ├─ [0] console::log("Added to proof:", 25239154396585630428311669684183630546387162286682989541325631011384983305470 [2.523e76]) [staticcall]
    │   │   └─ ← ()
    │   ├─ [0] console::log("Final proof length:", 4) [staticcall]
    │   │   └─ ← ()
    │   └─ ← [0x5b62254e0339ae673a4773d31a564007f04f6ccf4934746b49ada87734d04cab, 0xb029756cee16464a69763ada5c6cf8b91c34e842abc58c709550cdda1e5049c6, 0xbe80f348526b4646bc0697bf2fe649f1835863538924cb6b91ad4eb57ced0181, 0x37ccdaeb42785a546dd32598f61a7859428851d16d9552f058be213e723c3cfe]
    ├─ [0] console::log("--- Verification details for leaf 7 after adding 15 leaves ---") [staticcall]
    │   └─ ← ()
    ├─ [13778] MerkleStorageOZ::verifyLeaf(0x6c65616637, [0x5b62254e0339ae673a4773d31a564007f04f6ccf4934746b49ada87734d04cab, 0xb029756cee16464a69763ada5c6cf8b91c34e842abc58c709550cdda1e5049c6, 0xbe80f348526b4646bc0697bf2fe649f1835863538924cb6b91ad4eb57ced0181, 0x37ccdaeb42785a546dd32598f61a7859428851d16d9552f058be213e723c3cfe]) [staticcall]
    │   ├─ [0] console::log("Verifying leaf:", 77058788664304649396218556642747909996121735590822886025965307874683454946759 [7.705e76]) [staticcall]
    │   │   └─ ← ()
    │   ├─ [0] console::log("Merkle root:", 33574253342686645108654170190895156736283201186524879784985818393275168234538 [3.357e76]) [staticcall]
    │   │   └─ ← ()
    │   ├─ [0] console::log("Proof length:", 4) [staticcall]
    │   │   └─ ← ()
    │   ├─ [0] console::log("Proof element", 0, ":", 41333877701255859865019379003725985110118058655845990608936096526874421775531 [4.133e76]) [staticcall]
    │   │   └─ ← ()
    │   ├─ [0] console::log("Computed hash after element", 0, ":", 89139659228322516991511902812947417818976567277539582619759529237285492222351 [8.913e76]) [staticcall]
    │   │   └─ ← ()
    │   ├─ [0] console::log("Proof element", 1, ":", 79680312521381101304386615379526824036772258414601889669286272159596699208134 [7.968e76]) [staticcall]
    │   │   └─ ← ()
    │   ├─ [0] console::log("Computed hash after element", 1, ":", 90519645207031266945590244632322326520069529432013691057992262226385608141027 [9.051e76]) [staticcall]
    │   │   └─ ← ()
    │   ├─ [0] console::log("Proof element", 2, ":", 86167276729270415220365293603154116830872546334163333883227179387055231533441 [8.616e76]) [staticcall]
    │   │   └─ ← ()
    │   ├─ [0] console::log("Computed hash after element", 2, ":", 44812029912269844639383167223451376600872748978496635971607178627452478213724 [4.481e76]) [staticcall]
    │   │   └─ ← ()
    │   ├─ [0] console::log("Proof element", 3, ":", 25239154396585630428311669684183630546387162286682989541325631011384983305470 [2.523e76]) [staticcall]
    │   │   └─ ← ()
    │   ├─ [0] console::log("Computed hash after element", 3, ":", 33574253342686645108654170190895156736283201186524879784985818393275168234538 [3.357e76]) [staticcall]
    │   │   └─ ← ()
    │   ├─ [0] console::log("Is valid:", true) [staticcall]
    │   │   └─ ← ()
    │   └─ ← true
    ├─ [0] console::log("--- End of verification details ---") [staticcall]
    │   └─ ← ()
    ├─ [0] console::log("Successfully verified leaf 7 after adding 15 leaves") [staticcall]
    │   └─ ← ()
    ├─ [29563] MerkleStorageOZ::getProof(7) [staticcall]
    │   ├─ [0] console::log("Getting proof for leaf index:", 7) [staticcall]
    │   │   └─ ← ()
    │   ├─ [0] console::log("Tree depth:", 4) [staticcall]
    │   │   └─ ← ()
    │   ├─ [0] console::log("Level", 0, "size:", 15) [staticcall]
    │   │   └─ ← ()
    │   ├─ [0] console::log("Added to proof:", 77058788664304649396218556642747909996121735590822886025965307874683454946759 [7.705e76]) [staticcall]
    │   │   └─ ← ()
    │   ├─ [0] console::log("Level", 1, "size:", 8) [staticcall]
    │   │   └─ ← ()
    │   ├─ [0] console::log("Added to proof:", 79680312521381101304386615379526824036772258414601889669286272159596699208134 [7.968e76]) [staticcall]
    │   │   └─ ← ()
    │   ├─ [0] console::log("Level", 2, "size:", 4) [staticcall]
    │   │   └─ ← ()
    │   ├─ [0] console::log("Added to proof:", 86167276729270415220365293603154116830872546334163333883227179387055231533441 [8.616e76]) [staticcall]
    │   │   └─ ← ()
    │   ├─ [0] console::log("Level", 3, "size:", 2) [staticcall]
    │   │   └─ ← ()
    │   ├─ [0] console::log("Added to proof:", 25239154396585630428311669684183630546387162286682989541325631011384983305470 [2.523e76]) [staticcall]
    │   │   └─ ← ()
    │   ├─ [0] console::log("Final proof length:", 4) [staticcall]
    │   │   └─ ← ()
    │   └─ ← [0xaa5dba90c8178f75a5eb7bdb098f0cec525bb61e5ba2ad6dc5fa580f163efdc7, 0xb029756cee16464a69763ada5c6cf8b91c34e842abc58c709550cdda1e5049c6, 0xbe80f348526b4646bc0697bf2fe649f1835863538924cb6b91ad4eb57ced0181, 0x37ccdaeb42785a546dd32598f61a7859428851d16d9552f058be213e723c3cfe]
    ├─ [0] console::log("--- Verification details for leaf 8 after adding 15 leaves ---") [staticcall]
    │   └─ ← ()
    ├─ [13788] MerkleStorageOZ::verifyLeaf(0x6c65616638, [0xaa5dba90c8178f75a5eb7bdb098f0cec525bb61e5ba2ad6dc5fa580f163efdc7, 0xb029756cee16464a69763ada5c6cf8b91c34e842abc58c709550cdda1e5049c6, 0xbe80f348526b4646bc0697bf2fe649f1835863538924cb6b91ad4eb57ced0181, 0x37ccdaeb42785a546dd32598f61a7859428851d16d9552f058be213e723c3cfe]) [staticcall]
    │   ├─ [0] console::log("Verifying leaf:", 41333877701255859865019379003725985110118058655845990608936096526874421775531 [4.133e76]) [staticcall]
    │   │   └─ ← ()
    │   ├─ [0] console::log("Merkle root:", 33574253342686645108654170190895156736283201186524879784985818393275168234538 [3.357e76]) [staticcall]
    │   │   └─ ← ()
    │   ├─ [0] console::log("Proof length:", 4) [staticcall]
    │   │   └─ ← ()
    │   ├─ [0] console::log("Proof element", 0, ":", 77058788664304649396218556642747909996121735590822886025965307874683454946759 [7.705e76]) [staticcall]
    │   │   └─ ← ()
    │   ├─ [0] console::log("Computed hash after element", 0, ":", 89139659228322516991511902812947417818976567277539582619759529237285492222351 [8.913e76]) [staticcall]
    │   │   └─ ← ()
    │   ├─ [0] console::log("Proof element", 1, ":", 79680312521381101304386615379526824036772258414601889669286272159596699208134 [7.968e76]) [staticcall]
    │   │   └─ ← ()
    │   ├─ [0] console::log("Computed hash after element", 1, ":", 90519645207031266945590244632322326520069529432013691057992262226385608141027 [9.051e76]) [staticcall]
    │   │   └─ ← ()
    │   ├─ [0] console::log("Proof element", 2, ":", 86167276729270415220365293603154116830872546334163333883227179387055231533441 [8.616e76]) [staticcall]
    │   │   └─ ← ()
    │   ├─ [0] console::log("Computed hash after element", 2, ":", 44812029912269844639383167223451376600872748978496635971607178627452478213724 [4.481e76]) [staticcall]
    │   │   └─ ← ()
    │   ├─ [0] console::log("Proof element", 3, ":", 25239154396585630428311669684183630546387162286682989541325631011384983305470 [2.523e76]) [staticcall]
    │   │   └─ ← ()
    │   ├─ [0] console::log("Computed hash after element", 3, ":", 33574253342686645108654170190895156736283201186524879784985818393275168234538 [3.357e76]) [staticcall]
    │   │   └─ ← ()
    │   ├─ [0] console::log("Is valid:", true) [staticcall]
    │   │   └─ ← ()
    │   └─ ← true
    ├─ [0] console::log("--- End of verification details ---") [staticcall]
    │   └─ ← ()
    ├─ [0] console::log("Successfully verified leaf 8 after adding 15 leaves") [staticcall]
    │   └─ ← ()
    ├─ [29733] MerkleStorageOZ::getProof(8) [staticcall]
    │   ├─ [0] console::log("Getting proof for leaf index:", 8) [staticcall]
    │   │   └─ ← ()
    │   ├─ [0] console::log("Tree depth:", 4) [staticcall]
    │   │   └─ ← ()
    │   ├─ [0] console::log("Level", 0, "size:", 15) [staticcall]
    │   │   └─ ← ()
    │   ├─ [0] console::log("Added to proof:", 19972288769315928479630679177845711677268766594983667860090139443496462084286 [1.997e76]) [staticcall]
    │   │   └─ ← ()
    │   ├─ [0] console::log("Level", 1, "size:", 8) [staticcall]
    │   │   └─ ← ()
    │   ├─ [0] console::log("Added to proof:", 86830204781467795827957492631466613281393886399951120238877606491319470472592 [8.683e76]) [staticcall]
    │   │   └─ ← ()
    │   ├─ [0] console::log("Level", 2, "size:", 4) [staticcall]
    │   │   └─ ← ()
    │   ├─ [0] console::log("Added to proof:", 23239062458966819874548712938219898897673440688092582576238783634056557214214 [2.323e76]) [staticcall]
    │   │   └─ ← ()
    │   ├─ [0] console::log("Level", 3, "size:", 2) [staticcall]
    │   │   └─ ← ()
    │   ├─ [0] console::log("Added to proof:", 44812029912269844639383167223451376600872748978496635971607178627452478213724 [4.481e76]) [staticcall]
    │   │   └─ ← ()
    │   ├─ [0] console::log("Final proof length:", 4) [staticcall]
    │   │   └─ ← ()
    │   └─ ← [0x2c27ea3376eac042eece8f0c78a7d7051fe8b7945d2746e7c321d2b5968468be, 0xbff82780689fb511deecdc2c0b8617120192ec77d9ea1e66d818d078c2b93d90, 0x3360d7de17100f29d30ca54e555cfd7fa03503c5682960da80749fabb3f5ba06, 0x6312b5c9c0f90c16707fa38ba42f8fe1608c5fa99a1772af08b1ea466614ce5c]
    ├─ [0] console::log("--- Verification details for leaf 9 after adding 15 leaves ---") [staticcall]
    │   └─ ← ()
    ├─ [13788] MerkleStorageOZ::verifyLeaf(0x6c65616639, [0x2c27ea3376eac042eece8f0c78a7d7051fe8b7945d2746e7c321d2b5968468be, 0xbff82780689fb511deecdc2c0b8617120192ec77d9ea1e66d818d078c2b93d90, 0x3360d7de17100f29d30ca54e555cfd7fa03503c5682960da80749fabb3f5ba06, 0x6312b5c9c0f90c16707fa38ba42f8fe1608c5fa99a1772af08b1ea466614ce5c]) [staticcall]
    │   ├─ [0] console::log("Verifying leaf:", 83097023403658896075826216087624068326805273787826444717403742070225742999267 [8.309e76]) [staticcall]
    │   │   └─ ← ()
    │   ├─ [0] console::log("Merkle root:", 33574253342686645108654170190895156736283201186524879784985818393275168234538 [3.357e76]) [staticcall]
    │   │   └─ ← ()
    │   ├─ [0] console::log("Proof length:", 4) [staticcall]
    │   │   └─ ← ()
    │   ├─ [0] console::log("Proof element", 0, ":", 19972288769315928479630679177845711677268766594983667860090139443496462084286 [1.997e76]) [staticcall]
    │   │   └─ ← ()
    │   ├─ [0] console::log("Computed hash after element", 0, ":", 110058130168134052799716071097073281996591153893535428294527808496692578065614 [1.1e77]) [staticcall]
    │   │   └─ ← ()
    │   ├─ [0] console::log("Proof element", 1, ":", 86830204781467795827957492631466613281393886399951120238877606491319470472592 [8.683e76]) [staticcall]
    │   │   └─ ← ()
    │   ├─ [0] console::log("Computed hash after element", 1, ":", 107653161125649642032491443308982527566324346567968513637810199776622513001405 [1.076e77]) [staticcall]
    │   │   └─ ← ()
    │   ├─ [0] console::log("Proof element", 2, ":", 23239062458966819874548712938219898897673440688092582576238783634056557214214 [2.323e76]) [staticcall]
    │   │   └─ ← ()
    │   ├─ [0] console::log("Computed hash after element", 2, ":", 25239154396585630428311669684183630546387162286682989541325631011384983305470 [2.523e76]) [staticcall]
    │   │   └─ ← ()
    │   ├─ [0] console::log("Proof element", 3, ":", 44812029912269844639383167223451376600872748978496635971607178627452478213724 [4.481e76]) [staticcall]
    │   │   └─ ← ()
    │   ├─ [0] console::log("Computed hash after element", 3, ":", 33574253342686645108654170190895156736283201186524879784985818393275168234538 [3.357e76]) [staticcall]
    │   │   └─ ← ()
    │   ├─ [0] console::log("Is valid:", true) [staticcall]
    │   │   └─ ← ()
    │   └─ ← true
    ├─ [0] console::log("--- End of verification details ---") [staticcall]
    │   └─ ← ()
    ├─ [0] console::log("Successfully verified leaf 9 after adding 15 leaves") [staticcall]
    │   └─ ← ()
    ├─ [29648] MerkleStorageOZ::getProof(9) [staticcall]
    │   ├─ [0] console::log("Getting proof for leaf index:", 9) [staticcall]
    │   │   └─ ← ()
    │   ├─ [0] console::log("Tree depth:", 4) [staticcall]
    │   │   └─ ← ()
    │   ├─ [0] console::log("Level", 0, "size:", 15) [staticcall]
    │   │   └─ ← ()
    │   ├─ [0] console::log("Added to proof:", 83097023403658896075826216087624068326805273787826444717403742070225742999267 [8.309e76]) [staticcall]
    │   │   └─ ← ()
    │   ├─ [0] console::log("Level", 1, "size:", 8) [staticcall]
    │   │   └─ ← ()
    │   ├─ [0] console::log("Added to proof:", 86830204781467795827957492631466613281393886399951120238877606491319470472592 [8.683e76]) [staticcall]
    │   │   └─ ← ()
    │   ├─ [0] console::log("Level", 2, "size:", 4) [staticcall]
    │   │   └─ ← ()
    │   ├─ [0] console::log("Added to proof:", 23239062458966819874548712938219898897673440688092582576238783634056557214214 [2.323e76]) [staticcall]
    │   │   └─ ← ()
    │   ├─ [0] console::log("Level", 3, "size:", 2) [staticcall]
    │   │   └─ ← ()
    │   ├─ [0] console::log("Added to proof:", 44812029912269844639383167223451376600872748978496635971607178627452478213724 [4.481e76]) [staticcall]
    │   │   └─ ← ()
    │   ├─ [0] console::log("Final proof length:", 4) [staticcall]
    │   │   └─ ← ()
    │   └─ ← [0xb7b73f9f206e380e92907f3d38c9caa544ee92ddc0a78c67c76f3eb5e05a2ee3, 0xbff82780689fb511deecdc2c0b8617120192ec77d9ea1e66d818d078c2b93d90, 0x3360d7de17100f29d30ca54e555cfd7fa03503c5682960da80749fabb3f5ba06, 0x6312b5c9c0f90c16707fa38ba42f8fe1608c5fa99a1772af08b1ea466614ce5c]
    ├─ [0] console::log("--- Verification details for leaf 10 after adding 15 leaves ---") [staticcall]
    │   └─ ← ()
    ├─ [13798] MerkleStorageOZ::verifyLeaf(0x6c6561663130, [0xb7b73f9f206e380e92907f3d38c9caa544ee92ddc0a78c67c76f3eb5e05a2ee3, 0xbff82780689fb511deecdc2c0b8617120192ec77d9ea1e66d818d078c2b93d90, 0x3360d7de17100f29d30ca54e555cfd7fa03503c5682960da80749fabb3f5ba06, 0x6312b5c9c0f90c16707fa38ba42f8fe1608c5fa99a1772af08b1ea466614ce5c]) [staticcall]
    │   ├─ [0] console::log("Verifying leaf:", 19972288769315928479630679177845711677268766594983667860090139443496462084286 [1.997e76]) [staticcall]
    │   │   └─ ← ()
    │   ├─ [0] console::log("Merkle root:", 33574253342686645108654170190895156736283201186524879784985818393275168234538 [3.357e76]) [staticcall]
    │   │   └─ ← ()
    │   ├─ [0] console::log("Proof length:", 4) [staticcall]
    │   │   └─ ← ()
    │   ├─ [0] console::log("Proof element", 0, ":", 83097023403658896075826216087624068326805273787826444717403742070225742999267 [8.309e76]) [staticcall]
    │   │   └─ ← ()
    │   ├─ [0] console::log("Computed hash after element", 0, ":", 110058130168134052799716071097073281996591153893535428294527808496692578065614 [1.1e77]) [staticcall]
    │   │   └─ ← ()
    │   ├─ [0] console::log("Proof element", 1, ":", 86830204781467795827957492631466613281393886399951120238877606491319470472592 [8.683e76]) [staticcall]
    │   │   └─ ← ()
    │   ├─ [0] console::log("Computed hash after element", 1, ":", 107653161125649642032491443308982527566324346567968513637810199776622513001405 [1.076e77]) [staticcall]
    │   │   └─ ← ()
    │   ├─ [0] console::log("Proof element", 2, ":", 23239062458966819874548712938219898897673440688092582576238783634056557214214 [2.323e76]) [staticcall]
    │   │   └─ ← ()
    │   ├─ [0] console::log("Computed hash after element", 2, ":", 25239154396585630428311669684183630546387162286682989541325631011384983305470 [2.523e76]) [staticcall]
    │   │   └─ ← ()
    │   ├─ [0] console::log("Proof element", 3, ":", 44812029912269844639383167223451376600872748978496635971607178627452478213724 [4.481e76]) [staticcall]
    │   │   └─ ← ()
    │   ├─ [0] console::log("Computed hash after element", 3, ":", 33574253342686645108654170190895156736283201186524879784985818393275168234538 [3.357e76]) [staticcall]
    │   │   └─ ← ()
    │   ├─ [0] console::log("Is valid:", true) [staticcall]
    │   │   └─ ← ()
    │   └─ ← true
    ├─ [0] console::log("--- End of verification details ---") [staticcall]
    │   └─ ← ()
    ├─ [0] console::log("Successfully verified leaf 10 after adding 15 leaves") [staticcall]
    │   └─ ← ()
    ├─ [29648] MerkleStorageOZ::getProof(10) [staticcall]
    │   ├─ [0] console::log("Getting proof for leaf index:", 10) [staticcall]
    │   │   └─ ← ()
    │   ├─ [0] console::log("Tree depth:", 4) [staticcall]
    │   │   └─ ← ()
    │   ├─ [0] console::log("Level", 0, "size:", 15) [staticcall]
    │   │   └─ ← ()
    │   ├─ [0] console::log("Added to proof:", 96593053628671560174693064981485823685325506728506954480672468072431603451342 [9.659e76]) [staticcall]
    │   │   └─ ← ()
    │   ├─ [0] console::log("Level", 1, "size:", 8) [staticcall]
    │   │   └─ ← ()
    │   ├─ [0] console::log("Added to proof:", 110058130168134052799716071097073281996591153893535428294527808496692578065614 [1.1e77]) [staticcall]
    │   │   └─ ← ()
    │   ├─ [0] console::log("Level", 2, "size:", 4) [staticcall]
    │   │   └─ ← ()
    │   ├─ [0] console::log("Added to proof:", 23239062458966819874548712938219898897673440688092582576238783634056557214214 [2.323e76]) [staticcall]
    │   │   └─ ← ()
    │   ├─ [0] console::log("Level", 3, "size:", 2) [staticcall]
    │   │   └─ ← ()
    │   ├─ [0] console::log("Added to proof:", 44812029912269844639383167223451376600872748978496635971607178627452478213724 [4.481e76]) [staticcall]
    │   │   └─ ← ()
    │   ├─ [0] console::log("Final proof length:", 4) [staticcall]
    │   │   └─ ← ()
    │   └─ ← [0xd58dbb1e54dc3320d5987448e4420e22460237351984e558e88f81a4e36085ce, 0xf352b1b5872acb8684bb694175cf18f81a134d5ff86ae93833369c25d9cd9cce, 0x3360d7de17100f29d30ca54e555cfd7fa03503c5682960da80749fabb3f5ba06, 0x6312b5c9c0f90c16707fa38ba42f8fe1608c5fa99a1772af08b1ea466614ce5c]
    ├─ [0] console::log("--- Verification details for leaf 11 after adding 15 leaves ---") [staticcall]
    │   └─ ← ()
    ├─ [13808] MerkleStorageOZ::verifyLeaf(0x6c6561663131, [0xd58dbb1e54dc3320d5987448e4420e22460237351984e558e88f81a4e36085ce, 0xf352b1b5872acb8684bb694175cf18f81a134d5ff86ae93833369c25d9cd9cce, 0x3360d7de17100f29d30ca54e555cfd7fa03503c5682960da80749fabb3f5ba06, 0x6312b5c9c0f90c16707fa38ba42f8fe1608c5fa99a1772af08b1ea466614ce5c]) [staticcall]
    │   ├─ [0] console::log("Verifying leaf:", 11059502003765752708342665740916089834825294147016530688590526355732680035651 [1.105e76]) [staticcall]
    │   │   └─ ← ()
    │   ├─ [0] console::log("Merkle root:", 33574253342686645108654170190895156736283201186524879784985818393275168234538 [3.357e76]) [staticcall]
    │   │   └─ ← ()
    │   ├─ [0] console::log("Proof length:", 4) [staticcall]
    │   │   └─ ← ()
    │   ├─ [0] console::log("Proof element", 0, ":", 96593053628671560174693064981485823685325506728506954480672468072431603451342 [9.659e76]) [staticcall]
    │   │   └─ ← ()
    │   ├─ [0] console::log("Computed hash after element", 0, ":", 86830204781467795827957492631466613281393886399951120238877606491319470472592 [8.683e76]) [staticcall]
    │   │   └─ ← ()
    │   ├─ [0] console::log("Proof element", 1, ":", 110058130168134052799716071097073281996591153893535428294527808496692578065614 [1.1e77]) [staticcall]
    │   │   └─ ← ()
    │   ├─ [0] console::log("Computed hash after element", 1, ":", 107653161125649642032491443308982527566324346567968513637810199776622513001405 [1.076e77]) [staticcall]
    │   │   └─ ← ()
    │   ├─ [0] console::log("Proof element", 2, ":", 23239062458966819874548712938219898897673440688092582576238783634056557214214 [2.323e76]) [staticcall]
    │   │   └─ ← ()
    │   ├─ [0] console::log("Computed hash after element", 2, ":", 25239154396585630428311669684183630546387162286682989541325631011384983305470 [2.523e76]) [staticcall]
    │   │   └─ ← ()
    │   ├─ [0] console::log("Proof element", 3, ":", 44812029912269844639383167223451376600872748978496635971607178627452478213724 [4.481e76]) [staticcall]
    │   │   └─ ← ()
    │   ├─ [0] console::log("Computed hash after element", 3, ":", 33574253342686645108654170190895156736283201186524879784985818393275168234538 [3.357e76]) [staticcall]
    │   │   └─ ← ()
    │   ├─ [0] console::log("Is valid:", true) [staticcall]
    │   │   └─ ← ()
    │   └─ ← true
    ├─ [0] console::log("--- End of verification details ---") [staticcall]
    │   └─ ← ()
    ├─ [0] console::log("Successfully verified leaf 11 after adding 15 leaves") [staticcall]
    │   └─ ← ()
    ├─ [29563] MerkleStorageOZ::getProof(11) [staticcall]
    │   ├─ [0] console::log("Getting proof for leaf index:", 11) [staticcall]
    │   │   └─ ← ()
    │   ├─ [0] console::log("Tree depth:", 4) [staticcall]
    │   │   └─ ← ()
    │   ├─ [0] console::log("Level", 0, "size:", 15) [staticcall]
    │   │   └─ ← ()
    │   ├─ [0] console::log("Added to proof:", 11059502003765752708342665740916089834825294147016530688590526355732680035651 [1.105e76]) [staticcall]
    │   │   └─ ← ()
    │   ├─ [0] console::log("Level", 1, "size:", 8) [staticcall]
    │   │   └─ ← ()
    │   ├─ [0] console::log("Added to proof:", 110058130168134052799716071097073281996591153893535428294527808496692578065614 [1.1e77]) [staticcall]
    │   │   └─ ← ()
    │   ├─ [0] console::log("Level", 2, "size:", 4) [staticcall]
    │   │   └─ ← ()
    │   ├─ [0] console::log("Added to proof:", 23239062458966819874548712938219898897673440688092582576238783634056557214214 [2.323e76]) [staticcall]
    │   │   └─ ← ()
    │   ├─ [0] console::log("Level", 3, "size:", 2) [staticcall]
    │   │   └─ ← ()
    │   ├─ [0] console::log("Added to proof:", 44812029912269844639383167223451376600872748978496635971607178627452478213724 [4.481e76]) [staticcall]
    │   │   └─ ← ()
    │   ├─ [0] console::log("Final proof length:", 4) [staticcall]
    │   │   └─ ← ()
    │   └─ ← [0x187374d08f1fbae82b4bfcec5f832bc78271f5d335a3860d721db1e6b05a4d43, 0xf352b1b5872acb8684bb694175cf18f81a134d5ff86ae93833369c25d9cd9cce, 0x3360d7de17100f29d30ca54e555cfd7fa03503c5682960da80749fabb3f5ba06, 0x6312b5c9c0f90c16707fa38ba42f8fe1608c5fa99a1772af08b1ea466614ce5c]
    ├─ [0] console::log("--- Verification details for leaf 12 after adding 15 leaves ---") [staticcall]
    │   └─ ← ()
    ├─ [13798] MerkleStorageOZ::verifyLeaf(0x6c6561663132, [0x187374d08f1fbae82b4bfcec5f832bc78271f5d335a3860d721db1e6b05a4d43, 0xf352b1b5872acb8684bb694175cf18f81a134d5ff86ae93833369c25d9cd9cce, 0x3360d7de17100f29d30ca54e555cfd7fa03503c5682960da80749fabb3f5ba06, 0x6312b5c9c0f90c16707fa38ba42f8fe1608c5fa99a1772af08b1ea466614ce5c]) [staticcall]
    │   ├─ [0] console::log("Verifying leaf:", 96593053628671560174693064981485823685325506728506954480672468072431603451342 [9.659e76]) [staticcall]
    │   │   └─ ← ()
    │   ├─ [0] console::log("Merkle root:", 33574253342686645108654170190895156736283201186524879784985818393275168234538 [3.357e76]) [staticcall]
    │   │   └─ ← ()
    │   ├─ [0] console::log("Proof length:", 4) [staticcall]
    │   │   └─ ← ()
    │   ├─ [0] console::log("Proof element", 0, ":", 11059502003765752708342665740916089834825294147016530688590526355732680035651 [1.105e76]) [staticcall]
    │   │   └─ ← ()
    │   ├─ [0] console::log("Computed hash after element", 0, ":", 86830204781467795827957492631466613281393886399951120238877606491319470472592 [8.683e76]) [staticcall]
    │   │   └─ ← ()
    │   ├─ [0] console::log("Proof element", 1, ":", 110058130168134052799716071097073281996591153893535428294527808496692578065614 [1.1e77]) [staticcall]
    │   │   └─ ← ()
    │   ├─ [0] console::log("Computed hash after element", 1, ":", 107653161125649642032491443308982527566324346567968513637810199776622513001405 [1.076e77]) [staticcall]
    │   │   └─ ← ()
    │   ├─ [0] console::log("Proof element", 2, ":", 23239062458966819874548712938219898897673440688092582576238783634056557214214 [2.323e76]) [staticcall]
    │   │   └─ ← ()
    │   ├─ [0] console::log("Computed hash after element", 2, ":", 25239154396585630428311669684183630546387162286682989541325631011384983305470 [2.523e76]) [staticcall]
    │   │   └─ ← ()
    │   ├─ [0] console::log("Proof element", 3, ":", 44812029912269844639383167223451376600872748978496635971607178627452478213724 [4.481e76]) [staticcall]
    │   │   └─ ← ()
    │   ├─ [0] console::log("Computed hash after element", 3, ":", 33574253342686645108654170190895156736283201186524879784985818393275168234538 [3.357e76]) [staticcall]
    │   │   └─ ← ()
    │   ├─ [0] console::log("Is valid:", true) [staticcall]
    │   │   └─ ← ()
    │   └─ ← true
    ├─ [0] console::log("--- End of verification details ---") [staticcall]
    │   └─ ← ()
    ├─ [0] console::log("Successfully verified leaf 12 after adding 15 leaves") [staticcall]
    │   └─ ← ()
    ├─ [29648] MerkleStorageOZ::getProof(12) [staticcall]
    │   ├─ [0] console::log("Getting proof for leaf index:", 12) [staticcall]
    │   │   └─ ← ()
    │   ├─ [0] console::log("Tree depth:", 4) [staticcall]
    │   │   └─ ← ()
    │   ├─ [0] console::log("Level", 0, "size:", 15) [staticcall]
    │   │   └─ ← ()
    │   ├─ [0] console::log("Added to proof:", 33672592122163231522297444352452316230401835406380993219594760926723533962405 [3.367e76]) [staticcall]
    │   │   └─ ← ()
    │   ├─ [0] console::log("Level", 1, "size:", 8) [staticcall]
    │   │   └─ ← ()
    │   ├─ [0] console::log("Added to proof:", 49376861721947691573602341854337835825465271023485523889471862409499079557266 [4.937e76]) [staticcall]
    │   │   └─ ← ()
    │   ├─ [0] console::log("Level", 2, "size:", 4) [staticcall]
    │   │   └─ ← ()
    │   ├─ [0] console::log("Added to proof:", 107653161125649642032491443308982527566324346567968513637810199776622513001405 [1.076e77]) [staticcall]
    │   │   └─ ← ()
    │   ├─ [0] console::log("Level", 3, "size:", 2) [staticcall]
    │   │   └─ ← ()
    │   ├─ [0] console::log("Added to proof:", 44812029912269844639383167223451376600872748978496635971607178627452478213724 [4.481e76]) [staticcall]
    │   │   └─ ← ()
    │   ├─ [0] console::log("Final proof length:", 4) [staticcall]
    │   │   └─ ← ()
    │   └─ ← [0x4a7203021756b359fbd744929fcb5fee1a5c9a156dcfc02424db42480a3ffca5, 0x6d2a503801c4a495dd34ec63d048cc1c56cd4e99ed480da77c09d497092b4092, 0xee0187a9e1cd26963ee5f1e99031a2da9d737039b6c237adc84770a6d2d893bd, 0x6312b5c9c0f90c16707fa38ba42f8fe1608c5fa99a1772af08b1ea466614ce5c]
    ├─ [0] console::log("--- Verification details for leaf 13 after adding 15 leaves ---") [staticcall]
    │   └─ ← ()
    ├─ [13808] MerkleStorageOZ::verifyLeaf(0x6c6561663133, [0x4a7203021756b359fbd744929fcb5fee1a5c9a156dcfc02424db42480a3ffca5, 0x6d2a503801c4a495dd34ec63d048cc1c56cd4e99ed480da77c09d497092b4092, 0xee0187a9e1cd26963ee5f1e99031a2da9d737039b6c237adc84770a6d2d893bd, 0x6312b5c9c0f90c16707fa38ba42f8fe1608c5fa99a1772af08b1ea466614ce5c]) [staticcall]
    │   ├─ [0] console::log("Verifying leaf:", 92619562252365677669901163699204566607949558994432207550606556910840817279335 [9.261e76]) [staticcall]
    │   │   └─ ← ()
    │   ├─ [0] console::log("Merkle root:", 33574253342686645108654170190895156736283201186524879784985818393275168234538 [3.357e76]) [staticcall]
    │   │   └─ ← ()
    │   ├─ [0] console::log("Proof length:", 4) [staticcall]
    │   │   └─ ← ()
    │   ├─ [0] console::log("Proof element", 0, ":", 33672592122163231522297444352452316230401835406380993219594760926723533962405 [3.367e76]) [staticcall]
    │   │   └─ ← ()
    │   ├─ [0] console::log("Computed hash after element", 0, ":", 27450459817178025726961910999305864805083219849135273456119843313523604327146 [2.745e76]) [staticcall]
    │   │   └─ ← ()
    │   ├─ [0] console::log("Proof element", 1, ":", 49376861721947691573602341854337835825465271023485523889471862409499079557266 [4.937e76]) [staticcall]
    │   │   └─ ← ()
    │   ├─ [0] console::log("Computed hash after element", 1, ":", 23239062458966819874548712938219898897673440688092582576238783634056557214214 [2.323e76]) [staticcall]
    │   │   └─ ← ()
    │   ├─ [0] console::log("Proof element", 2, ":", 107653161125649642032491443308982527566324346567968513637810199776622513001405 [1.076e77]) [staticcall]
    │   │   └─ ← ()
    │   ├─ [0] console::log("Computed hash after element", 2, ":", 25239154396585630428311669684183630546387162286682989541325631011384983305470 [2.523e76]) [staticcall]
    │   │   └─ ← ()
    │   ├─ [0] console::log("Proof element", 3, ":", 44812029912269844639383167223451376600872748978496635971607178627452478213724 [4.481e76]) [staticcall]
    │   │   └─ ← ()
    │   ├─ [0] console::log("Computed hash after element", 3, ":", 33574253342686645108654170190895156736283201186524879784985818393275168234538 [3.357e76]) [staticcall]
    │   │   └─ ← ()
    │   ├─ [0] console::log("Is valid:", true) [staticcall]
    │   │   └─ ← ()
    │   └─ ← true
    ├─ [0] console::log("--- End of verification details ---") [staticcall]
    │   └─ ← ()
    ├─ [0] console::log("Successfully verified leaf 13 after adding 15 leaves") [staticcall]
    │   └─ ← ()
    ├─ [29563] MerkleStorageOZ::getProof(13) [staticcall]
    │   ├─ [0] console::log("Getting proof for leaf index:", 13) [staticcall]
    │   │   └─ ← ()
    │   ├─ [0] console::log("Tree depth:", 4) [staticcall]
    │   │   └─ ← ()
    │   ├─ [0] console::log("Level", 0, "size:", 15) [staticcall]
    │   │   └─ ← ()
    │   ├─ [0] console::log("Added to proof:", 92619562252365677669901163699204566607949558994432207550606556910840817279335 [9.261e76]) [staticcall]
    │   │   └─ ← ()
    │   ├─ [0] console::log("Level", 1, "size:", 8) [staticcall]
    │   │   └─ ← ()
    │   ├─ [0] console::log("Added to proof:", 49376861721947691573602341854337835825465271023485523889471862409499079557266 [4.937e76]) [staticcall]
    │   │   └─ ← ()
    │   ├─ [0] console::log("Level", 2, "size:", 4) [staticcall]
    │   │   └─ ← ()
    │   ├─ [0] console::log("Added to proof:", 107653161125649642032491443308982527566324346567968513637810199776622513001405 [1.076e77]) [staticcall]
    │   │   └─ ← ()
    │   ├─ [0] console::log("Level", 3, "size:", 2) [staticcall]
    │   │   └─ ← ()
    │   ├─ [0] console::log("Added to proof:", 44812029912269844639383167223451376600872748978496635971607178627452478213724 [4.481e76]) [staticcall]
    │   │   └─ ← ()
    │   ├─ [0] console::log("Final proof length:", 4) [staticcall]
    │   │   └─ ← ()
    │   └─ ← [0xccc4d083cdf48ef2c50a0a45b13aae2642eda593dfb5894236e409ed3ff26167, 0x6d2a503801c4a495dd34ec63d048cc1c56cd4e99ed480da77c09d497092b4092, 0xee0187a9e1cd26963ee5f1e99031a2da9d737039b6c237adc84770a6d2d893bd, 0x6312b5c9c0f90c16707fa38ba42f8fe1608c5fa99a1772af08b1ea466614ce5c]
    ├─ [0] console::log("--- Verification details for leaf 14 after adding 15 leaves ---") [staticcall]
    │   └─ ← ()
    ├─ [13818] MerkleStorageOZ::verifyLeaf(0x6c6561663134, [0xccc4d083cdf48ef2c50a0a45b13aae2642eda593dfb5894236e409ed3ff26167, 0x6d2a503801c4a495dd34ec63d048cc1c56cd4e99ed480da77c09d497092b4092, 0xee0187a9e1cd26963ee5f1e99031a2da9d737039b6c237adc84770a6d2d893bd, 0x6312b5c9c0f90c16707fa38ba42f8fe1608c5fa99a1772af08b1ea466614ce5c]) [staticcall]
    │   ├─ [0] console::log("Verifying leaf:", 33672592122163231522297444352452316230401835406380993219594760926723533962405 [3.367e76]) [staticcall]
    │   │   └─ ← ()
    │   ├─ [0] console::log("Merkle root:", 33574253342686645108654170190895156736283201186524879784985818393275168234538 [3.357e76]) [staticcall]
    │   │   └─ ← ()
    │   ├─ [0] console::log("Proof length:", 4) [staticcall]
    │   │   └─ ← ()
    │   ├─ [0] console::log("Proof element", 0, ":", 92619562252365677669901163699204566607949558994432207550606556910840817279335 [9.261e76]) [staticcall]
    │   │   └─ ← ()
    │   ├─ [0] console::log("Computed hash after element", 0, ":", 27450459817178025726961910999305864805083219849135273456119843313523604327146 [2.745e76]) [staticcall]
    │   │   └─ ← ()
    │   ├─ [0] console::log("Proof element", 1, ":", 49376861721947691573602341854337835825465271023485523889471862409499079557266 [4.937e76]) [staticcall]
    │   │   └─ ← ()
    │   ├─ [0] console::log("Computed hash after element", 1, ":", 23239062458966819874548712938219898897673440688092582576238783634056557214214 [2.323e76]) [staticcall]
    │   │   └─ ← ()
    │   ├─ [0] console::log("Proof element", 2, ":", 107653161125649642032491443308982527566324346567968513637810199776622513001405 [1.076e77]) [staticcall]
    │   │   └─ ← ()
    │   ├─ [0] console::log("Computed hash after element", 2, ":", 25239154396585630428311669684183630546387162286682989541325631011384983305470 [2.523e76]) [staticcall]
    │   │   └─ ← ()
    │   ├─ [0] console::log("Proof element", 3, ":", 44812029912269844639383167223451376600872748978496635971607178627452478213724 [4.481e76]) [staticcall]
    │   │   └─ ← ()
    │   ├─ [0] console::log("Computed hash after element", 3, ":", 33574253342686645108654170190895156736283201186524879784985818393275168234538 [3.357e76]) [staticcall]
    │   │   └─ ← ()
    │   ├─ [0] console::log("Is valid:", true) [staticcall]
    │   │   └─ ← ()
    │   └─ ← true
    ├─ [0] console::log("--- End of verification details ---") [staticcall]
    │   └─ ← ()
    ├─ [0] console::log("Successfully verified leaf 14 after adding 15 leaves") [staticcall]
    │   └─ ← ()
    ├─ [29565] MerkleStorageOZ::getProof(14) [staticcall]
    │   ├─ [0] console::log("Getting proof for leaf index:", 14) [staticcall]
    │   │   └─ ← ()
    │   ├─ [0] console::log("Tree depth:", 4) [staticcall]
    │   │   └─ ← ()
    │   ├─ [0] console::log("Level", 0, "size:", 15) [staticcall]
    │   │   └─ ← ()
    │   ├─ [0] console::log("Added to proof (odd level):", 49376861721947691573602341854337835825465271023485523889471862409499079557266 [4.937e76]) [staticcall]
    │   │   └─ ← ()
    │   ├─ [0] console::log("Level", 1, "size:", 8) [staticcall]
    │   │   └─ ← ()
    │   ├─ [0] console::log("Added to proof:", 27450459817178025726961910999305864805083219849135273456119843313523604327146 [2.745e76]) [staticcall]
    │   │   └─ ← ()
    │   ├─ [0] console::log("Level", 2, "size:", 4) [staticcall]
    │   │   └─ ← ()
    │   ├─ [0] console::log("Added to proof:", 107653161125649642032491443308982527566324346567968513637810199776622513001405 [1.076e77]) [staticcall]
    │   │   └─ ← ()
    │   ├─ [0] console::log("Level", 3, "size:", 2) [staticcall]
    │   │   └─ ← ()
    │   ├─ [0] console::log("Added to proof:", 44812029912269844639383167223451376600872748978496635971607178627452478213724 [4.481e76]) [staticcall]
    │   │   └─ ← ()
    │   ├─ [0] console::log("Final proof length:", 4) [staticcall]
    │   │   └─ ← ()
    │   └─ ← [0x6d2a503801c4a495dd34ec63d048cc1c56cd4e99ed480da77c09d497092b4092, 0x3cb068dfee4565b215b4fbdb3cdb15bce0a9c6c2e3b7b093b67b46c926340aea, 0xee0187a9e1cd26963ee5f1e99031a2da9d737039b6c237adc84770a6d2d893bd, 0x6312b5c9c0f90c16707fa38ba42f8fe1608c5fa99a1772af08b1ea466614ce5c]
    ├─ [0] console::log("--- Verification details for leaf 15 after adding 15 leaves ---") [staticcall]
    │   └─ ← ()
    ├─ [13798] MerkleStorageOZ::verifyLeaf(0x6c6561663135, [0x6d2a503801c4a495dd34ec63d048cc1c56cd4e99ed480da77c09d497092b4092, 0x3cb068dfee4565b215b4fbdb3cdb15bce0a9c6c2e3b7b093b67b46c926340aea, 0xee0187a9e1cd26963ee5f1e99031a2da9d737039b6c237adc84770a6d2d893bd, 0x6312b5c9c0f90c16707fa38ba42f8fe1608c5fa99a1772af08b1ea466614ce5c]) [staticcall]
    │   ├─ [0] console::log("Verifying leaf:", 49376861721947691573602341854337835825465271023485523889471862409499079557266 [4.937e76]) [staticcall]
    │   │   └─ ← ()
    │   ├─ [0] console::log("Merkle root:", 33574253342686645108654170190895156736283201186524879784985818393275168234538 [3.357e76]) [staticcall]
    │   │   └─ ← ()
    │   ├─ [0] console::log("Proof length:", 4) [staticcall]
    │   │   └─ ← ()
    │   ├─ [0] console::log("Proof element", 0, ":", 49376861721947691573602341854337835825465271023485523889471862409499079557266 [4.937e76]) [staticcall]
    │   │   └─ ← ()
    │   ├─ [0] console::log("Computed hash after element", 0, ":", 115776411996022325707413176221843311901422087536345793908507610418507622667186 [1.157e77]) [staticcall]
    │   │   └─ ← ()
    │   ├─ [0] console::log("Proof element", 1, ":", 27450459817178025726961910999305864805083219849135273456119843313523604327146 [2.745e76]) [staticcall]
    │   │   └─ ← ()
    │   ├─ [0] console::log("Computed hash after element", 1, ":", 74536859856509846499626833618578549051418087428938268494286150558250996929822 [7.453e76]) [staticcall]
    │   │   └─ ← ()
    │   ├─ [0] console::log("Proof element", 2, ":", 107653161125649642032491443308982527566324346567968513637810199776622513001405 [1.076e77]) [staticcall]
    │   │   └─ ← ()
    │   ├─ [0] console::log("Computed hash after element", 2, ":", 112451718829193224643183819639712440301923507946028016523813904005721784070275 [1.124e77]) [staticcall]
    │   │   └─ ← ()
    │   ├─ [0] console::log("Proof element", 3, ":", 44812029912269844639383167223451376600872748978496635971607178627452478213724 [4.481e76]) [staticcall]
    │   │   └─ ← ()
    │   ├─ [0] console::log("Computed hash after element", 3, ":", 100682359704454095333317906369137083497866899633867232143717602271717633051656 [1.006e77]) [staticcall]
    │   │   └─ ← ()
    │   ├─ [0] console::log("Is valid:", false) [staticcall]
    │   │   └─ ← ()
    │   └─ ← false
    ├─ [0] console::log("--- End of verification details ---") [staticcall]
    │   └─ ← ()
    ├─ [0] console::log("Failed to verify leaf 15 after adding 15 leaves") [staticcall]
    │   └─ ← ()
    ├─ [40456] MerkleStorageOZ::addLeaf(0x6c6561663136)
    │   ├─ emit LeafAdded(leaf: 0x40bd463b06adac3d3f4d9f69acf274bf72617327c94407540c58a969aa4df76a, index: 15)
    │   ├─ emit MerkleRootUpdated(newRoot: 0xbe6aef332f76fab2501328e00212a75716fd7cf5be4cd3c68a372010ccc3beea)
    │   └─ ← ()
    ├─ [0] console::log("Added leaf 16") [staticcall]
    │   └─ ← ()
    ├─ [30241] MerkleStorageOZ::getProof(0) [staticcall]
    │   ├─ [0] console::log("Getting proof for leaf index:", 0) [staticcall]
    │   │   └─ ← ()
    │   ├─ [0] console::log("Tree depth:", 4) [staticcall]
    │   │   └─ ← ()
    │   ├─ [0] console::log("Level", 0, "size:", 16) [staticcall]
    │   │   └─ ← ()
    │   ├─ [0] console::log("Added to proof:", 84303433209692230857384970403333823748570319246869449369625637863858470744792 [8.43e76]) [staticcall]
    │   │   └─ ← ()
    │   ├─ [0] console::log("Level", 1, "size:", 8) [staticcall]
    │   │   └─ ← ()
    │   ├─ [0] console::log("Added to proof:", 42994468410347004737970376126143620665813473361490896099477539813509562736181 [4.299e76]) [staticcall]
    │   │   └─ ← ()
    │   ├─ [0] console::log("Level", 2, "size:", 4) [staticcall]
    │   │   └─ ← ()
    │   ├─ [0] console::log("Added to proof:", 90519645207031266945590244632322326520069529432013691057992262226385608141027 [9.051e76]) [staticcall]
    │   │   └─ ← ()
    │   ├─ [0] console::log("Level", 3, "size:", 2) [staticcall]
    │   │   └─ ← ()
    │   ├─ [0] console::log("Added to proof:", 58589837049834144583211226689647012306316922949101456466201253300155303082111 [5.858e76]) [staticcall]
    │   │   └─ ← ()
    │   ├─ [0] console::log("Final proof length:", 4) [staticcall]
    │   │   └─ ← ()
    │   └─ ← [0xba620d61dac4ddf2d7905722b259b0bd34ec4d37c5796d9a22537c54b3f972d8, 0x5f0e01babb612c872c711c3804090c0fcd42d13e2ddbd99d21e73f30afa59e35, 0xc8204db79981b461dca6928459414628e9784deec1c74154434eb580b50868e3, 0x8188ac2f87ba406f83118b08d992d3fa8d32cc600972164a103cefd56f28387f]
    ├─ [0] console::log("--- Verification details for leaf 1 after adding 16 leaves ---") [staticcall]
    │   └─ ← ()
    ├─ [13818] MerkleStorageOZ::verifyLeaf(0x6c65616631, [0xba620d61dac4ddf2d7905722b259b0bd34ec4d37c5796d9a22537c54b3f972d8, 0x5f0e01babb612c872c711c3804090c0fcd42d13e2ddbd99d21e73f30afa59e35, 0xc8204db79981b461dca6928459414628e9784deec1c74154434eb580b50868e3, 0x8188ac2f87ba406f83118b08d992d3fa8d32cc600972164a103cefd56f28387f]) [staticcall]
    │   ├─ [0] console::log("Verifying leaf:", 1534629507014924801801850062420965747762703560098700086918056654539096211930 [1.534e75]) [staticcall]
    │   │   └─ ← ()
    │   ├─ [0] console::log("Merkle root:", 86128377917019908445957012829255022949550602761192088501649658527506321620714 [8.612e76]) [staticcall]
    │   │   └─ ← ()
    │   ├─ [0] console::log("Proof length:", 4) [staticcall]
    │   │   └─ ← ()
    │   ├─ [0] console::log("Proof element", 0, ":", 84303433209692230857384970403333823748570319246869449369625637863858470744792 [8.43e76]) [staticcall]
    │   │   └─ ← ()
    │   ├─ [0] console::log("Computed hash after element", 0, ":", 4819654492366420278237764346194618123787186199882361681321774604810163462263 [4.819e75]) [staticcall]
    │   │   └─ ← ()
    │   ├─ [0] console::log("Proof element", 1, ":", 42994468410347004737970376126143620665813473361490896099477539813509562736181 [4.299e76]) [staticcall]
    │   │   └─ ← ()
    │   ├─ [0] console::log("Computed hash after element", 1, ":", 86167276729270415220365293603154116830872546334163333883227179387055231533441 [8.616e76]) [staticcall]
    │   │   └─ ← ()
    │   ├─ [0] console::log("Proof element", 2, ":", 90519645207031266945590244632322326520069529432013691057992262226385608141027 [9.051e76]) [staticcall]
    │   │   └─ ← ()
    │   ├─ [0] console::log("Computed hash after element", 2, ":", 44812029912269844639383167223451376600872748978496635971607178627452478213724 [4.481e76]) [staticcall]
    │   │   └─ ← ()
    │   ├─ [0] console::log("Proof element", 3, ":", 58589837049834144583211226689647012306316922949101456466201253300155303082111 [5.858e76]) [staticcall]
    │   │   └─ ← ()
    │   ├─ [0] console::log("Computed hash after element", 3, ":", 86128377917019908445957012829255022949550602761192088501649658527506321620714 [8.612e76]) [staticcall]
    │   │   └─ ← ()
    │   ├─ [0] console::log("Is valid:", true) [staticcall]
    │   │   └─ ← ()
    │   └─ ← true
    ├─ [0] console::log("--- End of verification details ---") [staticcall]
    │   └─ ← ()
    ├─ [0] console::log("Successfully verified leaf 1 after adding 16 leaves") [staticcall]
    │   └─ ← ()
    ├─ [30156] MerkleStorageOZ::getProof(1) [staticcall]
    │   ├─ [0] console::log("Getting proof for leaf index:", 1) [staticcall]
    │   │   └─ ← ()
    │   ├─ [0] console::log("Tree depth:", 4) [staticcall]
    │   │   └─ ← ()
    │   ├─ [0] console::log("Level", 0, "size:", 16) [staticcall]
    │   │   └─ ← ()
    │   ├─ [0] console::log("Added to proof:", 1534629507014924801801850062420965747762703560098700086918056654539096211930 [1.534e75]) [staticcall]
    │   │   └─ ← ()
    │   ├─ [0] console::log("Level", 1, "size:", 8) [staticcall]
    │   │   └─ ← ()
    │   ├─ [0] console::log("Added to proof:", 42994468410347004737970376126143620665813473361490896099477539813509562736181 [4.299e76]) [staticcall]
    │   │   └─ ← ()
    │   ├─ [0] console::log("Level", 2, "size:", 4) [staticcall]
    │   │   └─ ← ()
    │   ├─ [0] console::log("Added to proof:", 90519645207031266945590244632322326520069529432013691057992262226385608141027 [9.051e76]) [staticcall]
    │   │   └─ ← ()
    │   ├─ [0] console::log("Level", 3, "size:", 2) [staticcall]
    │   │   └─ ← ()
    │   ├─ [0] console::log("Added to proof:", 58589837049834144583211226689647012306316922949101456466201253300155303082111 [5.858e76]) [staticcall]
    │   │   └─ ← ()
    │   ├─ [0] console::log("Final proof length:", 4) [staticcall]
    │   │   └─ ← ()
    │   └─ ← [0x036491cc10808eeb0ff717314df6f19ba2e232d04d5f039f6fa382cae41641da, 0x5f0e01babb612c872c711c3804090c0fcd42d13e2ddbd99d21e73f30afa59e35, 0xc8204db79981b461dca6928459414628e9784deec1c74154434eb580b50868e3, 0x8188ac2f87ba406f83118b08d992d3fa8d32cc600972164a103cefd56f28387f]
    ├─ [0] console::log("--- Verification details for leaf 2 after adding 16 leaves ---") [staticcall]
    │   └─ ← ()
    ├─ [13808] MerkleStorageOZ::verifyLeaf(0x6c65616632, [0x036491cc10808eeb0ff717314df6f19ba2e232d04d5f039f6fa382cae41641da, 0x5f0e01babb612c872c711c3804090c0fcd42d13e2ddbd99d21e73f30afa59e35, 0xc8204db79981b461dca6928459414628e9784deec1c74154434eb580b50868e3, 0x8188ac2f87ba406f83118b08d992d3fa8d32cc600972164a103cefd56f28387f]) [staticcall]
    │   ├─ [0] console::log("Verifying leaf:", 84303433209692230857384970403333823748570319246869449369625637863858470744792 [8.43e76]) [staticcall]
    │   │   └─ ← ()
    │   ├─ [0] console::log("Merkle root:", 86128377917019908445957012829255022949550602761192088501649658527506321620714 [8.612e76]) [staticcall]
    │   │   └─ ← ()
    │   ├─ [0] console::log("Proof length:", 4) [staticcall]
    │   │   └─ ← ()
    │   ├─ [0] console::log("Proof element", 0, ":", 1534629507014924801801850062420965747762703560098700086918056654539096211930 [1.534e75]) [staticcall]
    │   │   └─ ← ()
    │   ├─ [0] console::log("Computed hash after element", 0, ":", 4819654492366420278237764346194618123787186199882361681321774604810163462263 [4.819e75]) [staticcall]
    │   │   └─ ← ()
    │   ├─ [0] console::log("Proof element", 1, ":", 42994468410347004737970376126143620665813473361490896099477539813509562736181 [4.299e76]) [staticcall]
    │   │   └─ ← ()
    │   ├─ [0] console::log("Computed hash after element", 1, ":", 86167276729270415220365293603154116830872546334163333883227179387055231533441 [8.616e76]) [staticcall]
    │   │   └─ ← ()
    │   ├─ [0] console::log("Proof element", 2, ":", 90519645207031266945590244632322326520069529432013691057992262226385608141027 [9.051e76]) [staticcall]
    │   │   └─ ← ()
    │   ├─ [0] console::log("Computed hash after element", 2, ":", 44812029912269844639383167223451376600872748978496635971607178627452478213724 [4.481e76]) [staticcall]
    │   │   └─ ← ()
    │   ├─ [0] console::log("Proof element", 3, ":", 58589837049834144583211226689647012306316922949101456466201253300155303082111 [5.858e76]) [staticcall]
    │   │   └─ ← ()
    │   ├─ [0] console::log("Computed hash after element", 3, ":", 86128377917019908445957012829255022949550602761192088501649658527506321620714 [8.612e76]) [staticcall]
    │   │   └─ ← ()
    │   ├─ [0] console::log("Is valid:", true) [staticcall]
    │   │   └─ ← ()
    │   └─ ← true
    ├─ [0] console::log("--- End of verification details ---") [staticcall]
    │   └─ ← ()
    ├─ [0] console::log("Successfully verified leaf 2 after adding 16 leaves") [staticcall]
    │   └─ ← ()
    ├─ [30156] MerkleStorageOZ::getProof(2) [staticcall]
    │   ├─ [0] console::log("Getting proof for leaf index:", 2) [staticcall]
    │   │   └─ ← ()
    │   ├─ [0] console::log("Tree depth:", 4) [staticcall]
    │   │   └─ ← ()
    │   ├─ [0] console::log("Level", 0, "size:", 16) [staticcall]
    │   │   └─ ← ()
    │   ├─ [0] console::log("Added to proof:", 9718660262289985226213547307049526568607798083323067650698233131271439501106 [9.718e75]) [staticcall]
    │   │   └─ ← ()
    │   ├─ [0] console::log("Level", 1, "size:", 8) [staticcall]
    │   │   └─ ← ()
    │   ├─ [0] console::log("Added to proof:", 4819654492366420278237764346194618123787186199882361681321774604810163462263 [4.819e75]) [staticcall]
    │   │   └─ ← ()
    │   ├─ [0] console::log("Level", 2, "size:", 4) [staticcall]
    │   │   └─ ← ()
    │   ├─ [0] console::log("Added to proof:", 90519645207031266945590244632322326520069529432013691057992262226385608141027 [9.051e76]) [staticcall]
    │   │   └─ ← ()
    │   ├─ [0] console::log("Level", 3, "size:", 2) [staticcall]
    │   │   └─ ← ()
    │   ├─ [0] console::log("Added to proof:", 58589837049834144583211226689647012306316922949101456466201253300155303082111 [5.858e76]) [staticcall]
    │   │   └─ ← ()
    │   ├─ [0] console::log("Final proof length:", 4) [staticcall]
    │   │   └─ ← ()
    │   └─ ← [0x157c9118369926e028fa6cf8dfe68c750c1adbd7b0e4918c2b3a23fe4017c732, 0x0aa7d3e8df6bbfe087828aef70a86fff5964660e89f14cbbbe406695bc1e2077, 0xc8204db79981b461dca6928459414628e9784deec1c74154434eb580b50868e3, 0x8188ac2f87ba406f83118b08d992d3fa8d32cc600972164a103cefd56f28387f]
    ├─ [0] console::log("--- Verification details for leaf 3 after adding 16 leaves ---") [staticcall]
    │   └─ ← ()
    ├─ [13798] MerkleStorageOZ::verifyLeaf(0x6c65616633, [0x157c9118369926e028fa6cf8dfe68c750c1adbd7b0e4918c2b3a23fe4017c732, 0x0aa7d3e8df6bbfe087828aef70a86fff5964660e89f14cbbbe406695bc1e2077, 0xc8204db79981b461dca6928459414628e9784deec1c74154434eb580b50868e3, 0x8188ac2f87ba406f83118b08d992d3fa8d32cc600972164a103cefd56f28387f]) [staticcall]
    │   ├─ [0] console::log("Verifying leaf:", 114806096316174656260172984043681595992173194076043313710926606652151351550195 [1.148e77]) [staticcall]
    │   │   └─ ← ()
    │   ├─ [0] console::log("Merkle root:", 86128377917019908445957012829255022949550602761192088501649658527506321620714 [8.612e76]) [staticcall]
    │   │   └─ ← ()
    │   ├─ [0] console::log("Proof length:", 4) [staticcall]
    │   │   └─ ← ()
    │   ├─ [0] console::log("Proof element", 0, ":", 9718660262289985226213547307049526568607798083323067650698233131271439501106 [9.718e75]) [staticcall]
    │   │   └─ ← ()
    │   ├─ [0] console::log("Computed hash after element", 0, ":", 42994468410347004737970376126143620665813473361490896099477539813509562736181 [4.299e76]) [staticcall]
    │   │   └─ ← ()
    │   ├─ [0] console::log("Proof element", 1, ":", 4819654492366420278237764346194618123787186199882361681321774604810163462263 [4.819e75]) [staticcall]
    │   │   └─ ← ()
    │   ├─ [0] console::log("Computed hash after element", 1, ":", 86167276729270415220365293603154116830872546334163333883227179387055231533441 [8.616e76]) [staticcall]
    │   │   └─ ← ()
    │   ├─ [0] console::log("Proof element", 2, ":", 90519645207031266945590244632322326520069529432013691057992262226385608141027 [9.051e76]) [staticcall]
    │   │   └─ ← ()
    │   ├─ [0] console::log("Computed hash after element", 2, ":", 44812029912269844639383167223451376600872748978496635971607178627452478213724 [4.481e76]) [staticcall]
    │   │   └─ ← ()
    │   ├─ [0] console::log("Proof element", 3, ":", 58589837049834144583211226689647012306316922949101456466201253300155303082111 [5.858e76]) [staticcall]
    │   │   └─ ← ()
    │   ├─ [0] console::log("Computed hash after element", 3, ":", 86128377917019908445957012829255022949550602761192088501649658527506321620714 [8.612e76]) [staticcall]
    │   │   └─ ← ()
    │   ├─ [0] console::log("Is valid:", true) [staticcall]
    │   │   └─ ← ()
    │   └─ ← true
    ├─ [0] console::log("--- End of verification details ---") [staticcall]
    │   └─ ← ()
    ├─ [0] console::log("Successfully verified leaf 3 after adding 16 leaves") [staticcall]
    │   └─ ← ()
    ├─ [30071] MerkleStorageOZ::getProof(3) [staticcall]
    │   ├─ [0] console::log("Getting proof for leaf index:", 3) [staticcall]
    │   │   └─ ← ()
    │   ├─ [0] console::log("Tree depth:", 4) [staticcall]
    │   │   └─ ← ()
    │   ├─ [0] console::log("Level", 0, "size:", 16) [staticcall]
    │   │   └─ ← ()
    │   ├─ [0] console::log("Added to proof:", 114806096316174656260172984043681595992173194076043313710926606652151351550195 [1.148e77]) [staticcall]
    │   │   └─ ← ()
    │   ├─ [0] console::log("Level", 1, "size:", 8) [staticcall]
    │   │   └─ ← ()
    │   ├─ [0] console::log("Added to proof:", 4819654492366420278237764346194618123787186199882361681321774604810163462263 [4.819e75]) [staticcall]
    │   │   └─ ← ()
    │   ├─ [0] console::log("Level", 2, "size:", 4) [staticcall]
    │   │   └─ ← ()
    │   ├─ [0] console::log("Added to proof:", 90519645207031266945590244632322326520069529432013691057992262226385608141027 [9.051e76]) [staticcall]
    │   │   └─ ← ()
    │   ├─ [0] console::log("Level", 3, "size:", 2) [staticcall]
    │   │   └─ ← ()
    │   ├─ [0] console::log("Added to proof:", 58589837049834144583211226689647012306316922949101456466201253300155303082111 [5.858e76]) [staticcall]
    │   │   └─ ← ()
    │   ├─ [0] console::log("Final proof length:", 4) [staticcall]
    │   │   └─ ← ()
    │   └─ ← [0xfdd1f2a1ec75fe968421a41d2282200de6bec6a21f81080a71b1053d9c0120f3, 0x0aa7d3e8df6bbfe087828aef70a86fff5964660e89f14cbbbe406695bc1e2077, 0xc8204db79981b461dca6928459414628e9784deec1c74154434eb580b50868e3, 0x8188ac2f87ba406f83118b08d992d3fa8d32cc600972164a103cefd56f28387f]
    ├─ [0] console::log("--- Verification details for leaf 4 after adding 16 leaves ---") [staticcall]
    │   └─ ← ()
    ├─ [13808] MerkleStorageOZ::verifyLeaf(0x6c65616634, [0xfdd1f2a1ec75fe968421a41d2282200de6bec6a21f81080a71b1053d9c0120f3, 0x0aa7d3e8df6bbfe087828aef70a86fff5964660e89f14cbbbe406695bc1e2077, 0xc8204db79981b461dca6928459414628e9784deec1c74154434eb580b50868e3, 0x8188ac2f87ba406f83118b08d992d3fa8d32cc600972164a103cefd56f28387f]) [staticcall]
    │   ├─ [0] console::log("Verifying leaf:", 9718660262289985226213547307049526568607798083323067650698233131271439501106 [9.718e75]) [staticcall]
    │   │   └─ ← ()
    │   ├─ [0] console::log("Merkle root:", 86128377917019908445957012829255022949550602761192088501649658527506321620714 [8.612e76]) [staticcall]
    │   │   └─ ← ()
    │   ├─ [0] console::log("Proof length:", 4) [staticcall]
    │   │   └─ ← ()
    │   ├─ [0] console::log("Proof element", 0, ":", 114806096316174656260172984043681595992173194076043313710926606652151351550195 [1.148e77]) [staticcall]
    │   │   └─ ← ()
    │   ├─ [0] console::log("Computed hash after element", 0, ":", 42994468410347004737970376126143620665813473361490896099477539813509562736181 [4.299e76]) [staticcall]
    │   │   └─ ← ()
    │   ├─ [0] console::log("Proof element", 1, ":", 4819654492366420278237764346194618123787186199882361681321774604810163462263 [4.819e75]) [staticcall]
    │   │   └─ ← ()
    │   ├─ [0] console::log("Computed hash after element", 1, ":", 86167276729270415220365293603154116830872546334163333883227179387055231533441 [8.616e76]) [staticcall]
    │   │   └─ ← ()
    │   ├─ [0] console::log("Proof element", 2, ":", 90519645207031266945590244632322326520069529432013691057992262226385608141027 [9.051e76]) [staticcall]
    │   │   └─ ← ()
    │   ├─ [0] console::log("Computed hash after element", 2, ":", 44812029912269844639383167223451376600872748978496635971607178627452478213724 [4.481e76]) [staticcall]
    │   │   └─ ← ()
    │   ├─ [0] console::log("Proof element", 3, ":", 58589837049834144583211226689647012306316922949101456466201253300155303082111 [5.858e76]) [staticcall]
    │   │   └─ ← ()
    │   ├─ [0] console::log("Computed hash after element", 3, ":", 86128377917019908445957012829255022949550602761192088501649658527506321620714 [8.612e76]) [staticcall]
    │   │   └─ ← ()
    │   ├─ [0] console::log("Is valid:", true) [staticcall]
    │   │   └─ ← ()
    │   └─ ← true
    ├─ [0] console::log("--- End of verification details ---") [staticcall]
    │   └─ ← ()
    ├─ [0] console::log("Successfully verified leaf 4 after adding 16 leaves") [staticcall]
    │   └─ ← ()
    ├─ [30156] MerkleStorageOZ::getProof(4) [staticcall]
    │   ├─ [0] console::log("Getting proof for leaf index:", 4) [staticcall]
    │   │   └─ ← ()
    │   ├─ [0] console::log("Tree depth:", 4) [staticcall]
    │   │   └─ ← ()
    │   ├─ [0] console::log("Level", 0, "size:", 16) [staticcall]
    │   │   └─ ← ()
    │   ├─ [0] console::log("Added to proof:", 42656216575733633865718546135288608701490211943531992892543518422469545049160 [4.265e76]) [staticcall]
    │   │   └─ ← ()
    │   ├─ [0] console::log("Level", 1, "size:", 8) [staticcall]
    │   │   └─ ← ()
    │   ├─ [0] console::log("Added to proof:", 89139659228322516991511902812947417818976567277539582619759529237285492222351 [8.913e76]) [staticcall]
    │   │   └─ ← ()
    │   ├─ [0] console::log("Level", 2, "size:", 4) [staticcall]
    │   │   └─ ← ()
    │   ├─ [0] console::log("Added to proof:", 86167276729270415220365293603154116830872546334163333883227179387055231533441 [8.616e76]) [staticcall]
    │   │   └─ ← ()
    │   ├─ [0] console::log("Level", 3, "size:", 2) [staticcall]
    │   │   └─ ← ()
    │   ├─ [0] console::log("Added to proof:", 58589837049834144583211226689647012306316922949101456466201253300155303082111 [5.858e76]) [staticcall]
    │   │   └─ ← ()
    │   ├─ [0] console::log("Final proof length:", 4) [staticcall]
    │   │   └─ ← ()
    │   └─ ← [0x5e4e9020e0ae47d1b353192e416c1873ec642cb2e75d68faa1be2665df6c3c48, 0xc513425acc7aa543abb5dc1ff382f69776a7ff7f57d334f6cea222ae2803e98f, 0xbe80f348526b4646bc0697bf2fe649f1835863538924cb6b91ad4eb57ced0181, 0x8188ac2f87ba406f83118b08d992d3fa8d32cc600972164a103cefd56f28387f]
    ├─ [0] console::log("--- Verification details for leaf 5 after adding 16 leaves ---") [staticcall]
    │   └─ ← ()
    ├─ [13808] MerkleStorageOZ::verifyLeaf(0x6c65616635, [0x5e4e9020e0ae47d1b353192e416c1873ec642cb2e75d68faa1be2665df6c3c48, 0xc513425acc7aa543abb5dc1ff382f69776a7ff7f57d334f6cea222ae2803e98f, 0xbe80f348526b4646bc0697bf2fe649f1835863538924cb6b91ad4eb57ced0181, 0x8188ac2f87ba406f83118b08d992d3fa8d32cc600972164a103cefd56f28387f]) [staticcall]
    │   ├─ [0] console::log("Verifying leaf:", 3327891084304698462684256911003812127873740397003554529128445276024109161606 [3.327e75]) [staticcall]
    │   │   └─ ← ()
    │   ├─ [0] console::log("Merkle root:", 86128377917019908445957012829255022949550602761192088501649658527506321620714 [8.612e76]) [staticcall]
    │   │   └─ ← ()
    │   ├─ [0] console::log("Proof length:", 4) [staticcall]
    │   │   └─ ← ()
    │   ├─ [0] console::log("Proof element", 0, ":", 42656216575733633865718546135288608701490211943531992892543518422469545049160 [4.265e76]) [staticcall]
    │   │   └─ ← ()
    │   ├─ [0] console::log("Computed hash after element", 0, ":", 79680312521381101304386615379526824036772258414601889669286272159596699208134 [7.968e76]) [staticcall]
    │   │   └─ ← ()
    │   ├─ [0] console::log("Proof element", 1, ":", 89139659228322516991511902812947417818976567277539582619759529237285492222351 [8.913e76]) [staticcall]
    │   │   └─ ← ()
    │   ├─ [0] console::log("Computed hash after element", 1, ":", 90519645207031266945590244632322326520069529432013691057992262226385608141027 [9.051e76]) [staticcall]
    │   │   └─ ← ()
    │   ├─ [0] console::log("Proof element", 2, ":", 86167276729270415220365293603154116830872546334163333883227179387055231533441 [8.616e76]) [staticcall]
    │   │   └─ ← ()
    │   ├─ [0] console::log("Computed hash after element", 2, ":", 44812029912269844639383167223451376600872748978496635971607178627452478213724 [4.481e76]) [staticcall]
    │   │   └─ ← ()
    │   ├─ [0] console::log("Proof element", 3, ":", 58589837049834144583211226689647012306316922949101456466201253300155303082111 [5.858e76]) [staticcall]
    │   │   └─ ← ()
    │   ├─ [0] console::log("Computed hash after element", 3, ":", 86128377917019908445957012829255022949550602761192088501649658527506321620714 [8.612e76]) [staticcall]
    │   │   └─ ← ()
    │   ├─ [0] console::log("Is valid:", true) [staticcall]
    │   │   └─ ← ()
    │   └─ ← true
    ├─ [0] console::log("--- End of verification details ---") [staticcall]
    │   └─ ← ()
    ├─ [0] console::log("Successfully verified leaf 5 after adding 16 leaves") [staticcall]
    │   └─ ← ()
    ├─ [30071] MerkleStorageOZ::getProof(5) [staticcall]
    │   ├─ [0] console::log("Getting proof for leaf index:", 5) [staticcall]
    │   │   └─ ← ()
    │   ├─ [0] console::log("Tree depth:", 4) [staticcall]
    │   │   └─ ← ()
    │   ├─ [0] console::log("Level", 0, "size:", 16) [staticcall]
    │   │   └─ ← ()
    │   ├─ [0] console::log("Added to proof:", 3327891084304698462684256911003812127873740397003554529128445276024109161606 [3.327e75]) [staticcall]
    │   │   └─ ← ()
    │   ├─ [0] console::log("Level", 1, "size:", 8) [staticcall]
    │   │   └─ ← ()
    │   ├─ [0] console::log("Added to proof:", 89139659228322516991511902812947417818976567277539582619759529237285492222351 [8.913e76]) [staticcall]
    │   │   └─ ← ()
    │   ├─ [0] console::log("Level", 2, "size:", 4) [staticcall]
    │   │   └─ ← ()
    │   ├─ [0] console::log("Added to proof:", 86167276729270415220365293603154116830872546334163333883227179387055231533441 [8.616e76]) [staticcall]
    │   │   └─ ← ()
    │   ├─ [0] console::log("Level", 3, "size:", 2) [staticcall]
    │   │   └─ ← ()
    │   ├─ [0] console::log("Added to proof:", 58589837049834144583211226689647012306316922949101456466201253300155303082111 [5.858e76]) [staticcall]
    │   │   └─ ← ()
    │   ├─ [0] console::log("Final proof length:", 4) [staticcall]
    │   │   └─ ← ()
    │   └─ ← [0x075b8504c98679ed33a097ef9b1466e8f4652142d4b19ab2c37fdf1668a65c86, 0xc513425acc7aa543abb5dc1ff382f69776a7ff7f57d334f6cea222ae2803e98f, 0xbe80f348526b4646bc0697bf2fe649f1835863538924cb6b91ad4eb57ced0181, 0x8188ac2f87ba406f83118b08d992d3fa8d32cc600972164a103cefd56f28387f]
    ├─ [0] console::log("--- Verification details for leaf 6 after adding 16 leaves ---") [staticcall]
    │   └─ ← ()
    ├─ [13798] MerkleStorageOZ::verifyLeaf(0x6c65616636, [0x075b8504c98679ed33a097ef9b1466e8f4652142d4b19ab2c37fdf1668a65c86, 0xc513425acc7aa543abb5dc1ff382f69776a7ff7f57d334f6cea222ae2803e98f, 0xbe80f348526b4646bc0697bf2fe649f1835863538924cb6b91ad4eb57ced0181, 0x8188ac2f87ba406f83118b08d992d3fa8d32cc600972164a103cefd56f28387f]) [staticcall]
    │   ├─ [0] console::log("Verifying leaf:", 42656216575733633865718546135288608701490211943531992892543518422469545049160 [4.265e76]) [staticcall]
    │   │   └─ ← ()
    │   ├─ [0] console::log("Merkle root:", 86128377917019908445957012829255022949550602761192088501649658527506321620714 [8.612e76]) [staticcall]
    │   │   └─ ← ()
    │   ├─ [0] console::log("Proof length:", 4) [staticcall]
    │   │   └─ ← ()
    │   ├─ [0] console::log("Proof element", 0, ":", 3327891084304698462684256911003812127873740397003554529128445276024109161606 [3.327e75]) [staticcall]
    │   │   └─ ← ()
    │   ├─ [0] console::log("Computed hash after element", 0, ":", 79680312521381101304386615379526824036772258414601889669286272159596699208134 [7.968e76]) [staticcall]
    │   │   └─ ← ()
    │   ├─ [0] console::log("Proof element", 1, ":", 89139659228322516991511902812947417818976567277539582619759529237285492222351 [8.913e76]) [staticcall]
    │   │   └─ ← ()
    │   ├─ [0] console::log("Computed hash after element", 1, ":", 90519645207031266945590244632322326520069529432013691057992262226385608141027 [9.051e76]) [staticcall]
    │   │   └─ ← ()
    │   ├─ [0] console::log("Proof element", 2, ":", 86167276729270415220365293603154116830872546334163333883227179387055231533441 [8.616e76]) [staticcall]
    │   │   └─ ← ()
    │   ├─ [0] console::log("Computed hash after element", 2, ":", 44812029912269844639383167223451376600872748978496635971607178627452478213724 [4.481e76]) [staticcall]
    │   │   └─ ← ()
    │   ├─ [0] console::log("Proof element", 3, ":", 58589837049834144583211226689647012306316922949101456466201253300155303082111 [5.858e76]) [staticcall]
    │   │   └─ ← ()
    │   ├─ [0] console::log("Computed hash after element", 3, ":", 86128377917019908445957012829255022949550602761192088501649658527506321620714 [8.612e76]) [staticcall]
    │   │   └─ ← ()
    │   ├─ [0] console::log("Is valid:", true) [staticcall]
    │   │   └─ ← ()
    │   └─ ← true
    ├─ [0] console::log("--- End of verification details ---") [staticcall]
    │   └─ ← ()
    ├─ [0] console::log("Successfully verified leaf 6 after adding 16 leaves") [staticcall]
    │   └─ ← ()
    ├─ [30071] MerkleStorageOZ::getProof(6) [staticcall]
    │   ├─ [0] console::log("Getting proof for leaf index:", 6) [staticcall]
    │   │   └─ ← ()
    │   ├─ [0] console::log("Tree depth:", 4) [staticcall]
    │   │   └─ ← ()
    │   ├─ [0] console::log("Level", 0, "size:", 16) [staticcall]
    │   │   └─ ← ()
    │   ├─ [0] console::log("Added to proof:", 41333877701255859865019379003725985110118058655845990608936096526874421775531 [4.133e76]) [staticcall]
    │   │   └─ ← ()
    │   ├─ [0] console::log("Level", 1, "size:", 8) [staticcall]
    │   │   └─ ← ()
    │   ├─ [0] console::log("Added to proof:", 79680312521381101304386615379526824036772258414601889669286272159596699208134 [7.968e76]) [staticcall]
    │   │   └─ ← ()
    │   ├─ [0] console::log("Level", 2, "size:", 4) [staticcall]
    │   │   └─ ← ()
    │   ├─ [0] console::log("Added to proof:", 86167276729270415220365293603154116830872546334163333883227179387055231533441 [8.616e76]) [staticcall]
    │   │   └─ ← ()
    │   ├─ [0] console::log("Level", 3, "size:", 2) [staticcall]
    │   │   └─ ← ()
    │   ├─ [0] console::log("Added to proof:", 58589837049834144583211226689647012306316922949101456466201253300155303082111 [5.858e76]) [staticcall]
    │   │   └─ ← ()
    │   ├─ [0] console::log("Final proof length:", 4) [staticcall]
    │   │   └─ ← ()
    │   └─ ← [0x5b62254e0339ae673a4773d31a564007f04f6ccf4934746b49ada87734d04cab, 0xb029756cee16464a69763ada5c6cf8b91c34e842abc58c709550cdda1e5049c6, 0xbe80f348526b4646bc0697bf2fe649f1835863538924cb6b91ad4eb57ced0181, 0x8188ac2f87ba406f83118b08d992d3fa8d32cc600972164a103cefd56f28387f]
    ├─ [0] console::log("--- Verification details for leaf 7 after adding 16 leaves ---") [staticcall]
    │   └─ ← ()
    ├─ [13788] MerkleStorageOZ::verifyLeaf(0x6c65616637, [0x5b62254e0339ae673a4773d31a564007f04f6ccf4934746b49ada87734d04cab, 0xb029756cee16464a69763ada5c6cf8b91c34e842abc58c709550cdda1e5049c6, 0xbe80f348526b4646bc0697bf2fe649f1835863538924cb6b91ad4eb57ced0181, 0x8188ac2f87ba406f83118b08d992d3fa8d32cc600972164a103cefd56f28387f]) [staticcall]
    │   ├─ [0] console::log("Verifying leaf:", 77058788664304649396218556642747909996121735590822886025965307874683454946759 [7.705e76]) [staticcall]
    │   │   └─ ← ()
    │   ├─ [0] console::log("Merkle root:", 86128377917019908445957012829255022949550602761192088501649658527506321620714 [8.612e76]) [staticcall]
    │   │   └─ ← ()
    │   ├─ [0] console::log("Proof length:", 4) [staticcall]
    │   │   └─ ← ()
    │   ├─ [0] console::log("Proof element", 0, ":", 41333877701255859865019379003725985110118058655845990608936096526874421775531 [4.133e76]) [staticcall]
    │   │   └─ ← ()
    │   ├─ [0] console::log("Computed hash after element", 0, ":", 89139659228322516991511902812947417818976567277539582619759529237285492222351 [8.913e76]) [staticcall]
    │   │   └─ ← ()
    │   ├─ [0] console::log("Proof element", 1, ":", 79680312521381101304386615379526824036772258414601889669286272159596699208134 [7.968e76]) [staticcall]
    │   │   └─ ← ()
    │   ├─ [0] console::log("Computed hash after element", 1, ":", 90519645207031266945590244632322326520069529432013691057992262226385608141027 [9.051e76]) [staticcall]
    │   │   └─ ← ()
    │   ├─ [0] console::log("Proof element", 2, ":", 86167276729270415220365293603154116830872546334163333883227179387055231533441 [8.616e76]) [staticcall]
    │   │   └─ ← ()
    │   ├─ [0] console::log("Computed hash after element", 2, ":", 44812029912269844639383167223451376600872748978496635971607178627452478213724 [4.481e76]) [staticcall]
    │   │   └─ ← ()
    │   ├─ [0] console::log("Proof element", 3, ":", 58589837049834144583211226689647012306316922949101456466201253300155303082111 [5.858e76]) [staticcall]
    │   │   └─ ← ()
    │   ├─ [0] console::log("Computed hash after element", 3, ":", 86128377917019908445957012829255022949550602761192088501649658527506321620714 [8.612e76]) [staticcall]
    │   │   └─ ← ()
    │   ├─ [0] console::log("Is valid:", true) [staticcall]
    │   │   └─ ← ()
    │   └─ ← true
    ├─ [0] console::log("--- End of verification details ---") [staticcall]
    │   └─ ← ()
    ├─ [0] console::log("Successfully verified leaf 7 after adding 16 leaves") [staticcall]
    │   └─ ← ()
    ├─ [29986] MerkleStorageOZ::getProof(7) [staticcall]
    │   ├─ [0] console::log("Getting proof for leaf index:", 7) [staticcall]
    │   │   └─ ← ()
    │   ├─ [0] console::log("Tree depth:", 4) [staticcall]
    │   │   └─ ← ()
    │   ├─ [0] console::log("Level", 0, "size:", 16) [staticcall]
    │   │   └─ ← ()
    │   ├─ [0] console::log("Added to proof:", 77058788664304649396218556642747909996121735590822886025965307874683454946759 [7.705e76]) [staticcall]
    │   │   └─ ← ()
    │   ├─ [0] console::log("Level", 1, "size:", 8) [staticcall]
    │   │   └─ ← ()
    │   ├─ [0] console::log("Added to proof:", 79680312521381101304386615379526824036772258414601889669286272159596699208134 [7.968e76]) [staticcall]
    │   │   └─ ← ()
    │   ├─ [0] console::log("Level", 2, "size:", 4) [staticcall]
    │   │   └─ ← ()
    │   ├─ [0] console::log("Added to proof:", 86167276729270415220365293603154116830872546334163333883227179387055231533441 [8.616e76]) [staticcall]
    │   │   └─ ← ()
    │   ├─ [0] console::log("Level", 3, "size:", 2) [staticcall]
    │   │   └─ ← ()
    │   ├─ [0] console::log("Added to proof:", 58589837049834144583211226689647012306316922949101456466201253300155303082111 [5.858e76]) [staticcall]
    │   │   └─ ← ()
    │   ├─ [0] console::log("Final proof length:", 4) [staticcall]
    │   │   └─ ← ()
    │   └─ ← [0xaa5dba90c8178f75a5eb7bdb098f0cec525bb61e5ba2ad6dc5fa580f163efdc7, 0xb029756cee16464a69763ada5c6cf8b91c34e842abc58c709550cdda1e5049c6, 0xbe80f348526b4646bc0697bf2fe649f1835863538924cb6b91ad4eb57ced0181, 0x8188ac2f87ba406f83118b08d992d3fa8d32cc600972164a103cefd56f28387f]
    ├─ [0] console::log("--- Verification details for leaf 8 after adding 16 leaves ---") [staticcall]
    │   └─ ← ()
    ├─ [13798] MerkleStorageOZ::verifyLeaf(0x6c65616638, [0xaa5dba90c8178f75a5eb7bdb098f0cec525bb61e5ba2ad6dc5fa580f163efdc7, 0xb029756cee16464a69763ada5c6cf8b91c34e842abc58c709550cdda1e5049c6, 0xbe80f348526b4646bc0697bf2fe649f1835863538924cb6b91ad4eb57ced0181, 0x8188ac2f87ba406f83118b08d992d3fa8d32cc600972164a103cefd56f28387f]) [staticcall]
    │   ├─ [0] console::log("Verifying leaf:", 41333877701255859865019379003725985110118058655845990608936096526874421775531 [4.133e76]) [staticcall]
    │   │   └─ ← ()
    │   ├─ [0] console::log("Merkle root:", 86128377917019908445957012829255022949550602761192088501649658527506321620714 [8.612e76]) [staticcall]
    │   │   └─ ← ()
    │   ├─ [0] console::log("Proof length:", 4) [staticcall]
    │   │   └─ ← ()
    │   ├─ [0] console::log("Proof element", 0, ":", 77058788664304649396218556642747909996121735590822886025965307874683454946759 [7.705e76]) [staticcall]
    │   │   └─ ← ()
    │   ├─ [0] console::log("Computed hash after element", 0, ":", 89139659228322516991511902812947417818976567277539582619759529237285492222351 [8.913e76]) [staticcall]
    │   │   └─ ← ()
    │   ├─ [0] console::log("Proof element", 1, ":", 79680312521381101304386615379526824036772258414601889669286272159596699208134 [7.968e76]) [staticcall]
    │   │   └─ ← ()
    │   ├─ [0] console::log("Computed hash after element", 1, ":", 90519645207031266945590244632322326520069529432013691057992262226385608141027 [9.051e76]) [staticcall]
    │   │   └─ ← ()
    │   ├─ [0] console::log("Proof element", 2, ":", 86167276729270415220365293603154116830872546334163333883227179387055231533441 [8.616e76]) [staticcall]
    │   │   └─ ← ()
    │   ├─ [0] console::log("Computed hash after element", 2, ":", 44812029912269844639383167223451376600872748978496635971607178627452478213724 [4.481e76]) [staticcall]
    │   │   └─ ← ()
    │   ├─ [0] console::log("Proof element", 3, ":", 58589837049834144583211226689647012306316922949101456466201253300155303082111 [5.858e76]) [staticcall]
    │   │   └─ ← ()
    │   ├─ [0] console::log("Computed hash after element", 3, ":", 86128377917019908445957012829255022949550602761192088501649658527506321620714 [8.612e76]) [staticcall]
    │   │   └─ ← ()
    │   ├─ [0] console::log("Is valid:", true) [staticcall]
    │   │   └─ ← ()
    │   └─ ← true
    ├─ [0] console::log("--- End of verification details ---") [staticcall]
    │   └─ ← ()
    ├─ [0] console::log("Successfully verified leaf 8 after adding 16 leaves") [staticcall]
    │   └─ ← ()
    ├─ [30156] MerkleStorageOZ::getProof(8) [staticcall]
    │   ├─ [0] console::log("Getting proof for leaf index:", 8) [staticcall]
    │   │   └─ ← ()
    │   ├─ [0] console::log("Tree depth:", 4) [staticcall]
    │   │   └─ ← ()
    │   ├─ [0] console::log("Level", 0, "size:", 16) [staticcall]
    │   │   └─ ← ()
    │   ├─ [0] console::log("Added to proof:", 19972288769315928479630679177845711677268766594983667860090139443496462084286 [1.997e76]) [staticcall]
    │   │   └─ ← ()
    │   ├─ [0] console::log("Level", 1, "size:", 8) [staticcall]
    │   │   └─ ← ()
    │   ├─ [0] console::log("Added to proof:", 86830204781467795827957492631466613281393886399951120238877606491319470472592 [8.683e76]) [staticcall]
    │   │   └─ ← ()
    │   ├─ [0] console::log("Level", 2, "size:", 4) [staticcall]
    │   │   └─ ← ()
    │   ├─ [0] console::log("Added to proof:", 71129321183645985042233441554048622660549772896301430670938088189986418104761 [7.112e76]) [staticcall]
    │   │   └─ ← ()
    │   ├─ [0] console::log("Level", 3, "size:", 2) [staticcall]
    │   │   └─ ← ()
    │   ├─ [0] console::log("Added to proof:", 44812029912269844639383167223451376600872748978496635971607178627452478213724 [4.481e76]) [staticcall]
    │   │   └─ ← ()
    │   ├─ [0] console::log("Final proof length:", 4) [staticcall]
    │   │   └─ ← ()
    │   └─ ← [0x2c27ea3376eac042eece8f0c78a7d7051fe8b7945d2746e7c321d2b5968468be, 0xbff82780689fb511deecdc2c0b8617120192ec77d9ea1e66d818d078c2b93d90, 0x9d41c4e44937cf4145290fe7608388df300aac1673c26cd3122cde8c7e5a99b9, 0x6312b5c9c0f90c16707fa38ba42f8fe1608c5fa99a1772af08b1ea466614ce5c]
    ├─ [0] console::log("--- Verification details for leaf 9 after adding 16 leaves ---") [staticcall]
    │   └─ ← ()
    ├─ [13778] MerkleStorageOZ::verifyLeaf(0x6c65616639, [0x2c27ea3376eac042eece8f0c78a7d7051fe8b7945d2746e7c321d2b5968468be, 0xbff82780689fb511deecdc2c0b8617120192ec77d9ea1e66d818d078c2b93d90, 0x9d41c4e44937cf4145290fe7608388df300aac1673c26cd3122cde8c7e5a99b9, 0x6312b5c9c0f90c16707fa38ba42f8fe1608c5fa99a1772af08b1ea466614ce5c]) [staticcall]
    │   ├─ [0] console::log("Verifying leaf:", 83097023403658896075826216087624068326805273787826444717403742070225742999267 [8.309e76]) [staticcall]
    │   │   └─ ← ()
    │   ├─ [0] console::log("Merkle root:", 86128377917019908445957012829255022949550602761192088501649658527506321620714 [8.612e76]) [staticcall]
    │   │   └─ ← ()
    │   ├─ [0] console::log("Proof length:", 4) [staticcall]
    │   │   └─ ← ()
    │   ├─ [0] console::log("Proof element", 0, ":", 19972288769315928479630679177845711677268766594983667860090139443496462084286 [1.997e76]) [staticcall]
    │   │   └─ ← ()
    │   ├─ [0] console::log("Computed hash after element", 0, ":", 110058130168134052799716071097073281996591153893535428294527808496692578065614 [1.1e77]) [staticcall]
    │   │   └─ ← ()
    │   ├─ [0] console::log("Proof element", 1, ":", 86830204781467795827957492631466613281393886399951120238877606491319470472592 [8.683e76]) [staticcall]
    │   │   └─ ← ()
    │   ├─ [0] console::log("Computed hash after element", 1, ":", 107653161125649642032491443308982527566324346567968513637810199776622513001405 [1.076e77]) [staticcall]
    │   │   └─ ← ()
    │   ├─ [0] console::log("Proof element", 2, ":", 71129321183645985042233441554048622660549772896301430670938088189986418104761 [7.112e76]) [staticcall]
    │   │   └─ ← ()
    │   ├─ [0] console::log("Computed hash after element", 2, ":", 58589837049834144583211226689647012306316922949101456466201253300155303082111 [5.858e76]) [staticcall]
    │   │   └─ ← ()
    │   ├─ [0] console::log("Proof element", 3, ":", 44812029912269844639383167223451376600872748978496635971607178627452478213724 [4.481e76]) [staticcall]
    │   │   └─ ← ()
    │   ├─ [0] console::log("Computed hash after element", 3, ":", 86128377917019908445957012829255022949550602761192088501649658527506321620714 [8.612e76]) [staticcall]
    │   │   └─ ← ()
    │   ├─ [0] console::log("Is valid:", true) [staticcall]
    │   │   └─ ← ()
    │   └─ ← true
    ├─ [0] console::log("--- End of verification details ---") [staticcall]
    │   └─ ← ()
    ├─ [0] console::log("Successfully verified leaf 9 after adding 16 leaves") [staticcall]
    │   └─ ← ()
    ├─ [30071] MerkleStorageOZ::getProof(9) [staticcall]
    │   ├─ [0] console::log("Getting proof for leaf index:", 9) [staticcall]
    │   │   └─ ← ()
    │   ├─ [0] console::log("Tree depth:", 4) [staticcall]
    │   │   └─ ← ()
    │   ├─ [0] console::log("Level", 0, "size:", 16) [staticcall]
    │   │   └─ ← ()
    │   ├─ [0] console::log("Added to proof:", 83097023403658896075826216087624068326805273787826444717403742070225742999267 [8.309e76]) [staticcall]
    │   │   └─ ← ()
    │   ├─ [0] console::log("Level", 1, "size:", 8) [staticcall]
    │   │   └─ ← ()
    │   ├─ [0] console::log("Added to proof:", 86830204781467795827957492631466613281393886399951120238877606491319470472592 [8.683e76]) [staticcall]
    │   │   └─ ← ()
    │   ├─ [0] console::log("Level", 2, "size:", 4) [staticcall]
    │   │   └─ ← ()
    │   ├─ [0] console::log("Added to proof:", 71129321183645985042233441554048622660549772896301430670938088189986418104761 [7.112e76]) [staticcall]
    │   │   └─ ← ()
    │   ├─ [0] console::log("Level", 3, "size:", 2) [staticcall]
    │   │   └─ ← ()
    │   ├─ [0] console::log("Added to proof:", 44812029912269844639383167223451376600872748978496635971607178627452478213724 [4.481e76]) [staticcall]
    │   │   └─ ← ()
    │   ├─ [0] console::log("Final proof length:", 4) [staticcall]
    │   │   └─ ← ()
    │   └─ ← [0xb7b73f9f206e380e92907f3d38c9caa544ee92ddc0a78c67c76f3eb5e05a2ee3, 0xbff82780689fb511deecdc2c0b8617120192ec77d9ea1e66d818d078c2b93d90, 0x9d41c4e44937cf4145290fe7608388df300aac1673c26cd3122cde8c7e5a99b9, 0x6312b5c9c0f90c16707fa38ba42f8fe1608c5fa99a1772af08b1ea466614ce5c]
    ├─ [0] console::log("--- Verification details for leaf 10 after adding 16 leaves ---") [staticcall]
    │   └─ ← ()
    ├─ [13788] MerkleStorageOZ::verifyLeaf(0x6c6561663130, [0xb7b73f9f206e380e92907f3d38c9caa544ee92ddc0a78c67c76f3eb5e05a2ee3, 0xbff82780689fb511deecdc2c0b8617120192ec77d9ea1e66d818d078c2b93d90, 0x9d41c4e44937cf4145290fe7608388df300aac1673c26cd3122cde8c7e5a99b9, 0x6312b5c9c0f90c16707fa38ba42f8fe1608c5fa99a1772af08b1ea466614ce5c]) [staticcall]
    │   ├─ [0] console::log("Verifying leaf:", 19972288769315928479630679177845711677268766594983667860090139443496462084286 [1.997e76]) [staticcall]
    │   │   └─ ← ()
    │   ├─ [0] console::log("Merkle root:", 86128377917019908445957012829255022949550602761192088501649658527506321620714 [8.612e76]) [staticcall]
    │   │   └─ ← ()
    │   ├─ [0] console::log("Proof length:", 4) [staticcall]
    │   │   └─ ← ()
    │   ├─ [0] console::log("Proof element", 0, ":", 83097023403658896075826216087624068326805273787826444717403742070225742999267 [8.309e76]) [staticcall]
    │   │   └─ ← ()
    │   ├─ [0] console::log("Computed hash after element", 0, ":", 110058130168134052799716071097073281996591153893535428294527808496692578065614 [1.1e77]) [staticcall]
    │   │   └─ ← ()
    │   ├─ [0] console::log("Proof element", 1, ":", 86830204781467795827957492631466613281393886399951120238877606491319470472592 [8.683e76]) [staticcall]
    │   │   └─ ← ()
    │   ├─ [0] console::log("Computed hash after element", 1, ":", 107653161125649642032491443308982527566324346567968513637810199776622513001405 [1.076e77]) [staticcall]
    │   │   └─ ← ()
    │   ├─ [0] console::log("Proof element", 2, ":", 71129321183645985042233441554048622660549772896301430670938088189986418104761 [7.112e76]) [staticcall]
    │   │   └─ ← ()
    │   ├─ [0] console::log("Computed hash after element", 2, ":", 58589837049834144583211226689647012306316922949101456466201253300155303082111 [5.858e76]) [staticcall]
    │   │   └─ ← ()
    │   ├─ [0] console::log("Proof element", 3, ":", 44812029912269844639383167223451376600872748978496635971607178627452478213724 [4.481e76]) [staticcall]
    │   │   └─ ← ()
    │   ├─ [0] console::log("Computed hash after element", 3, ":", 86128377917019908445957012829255022949550602761192088501649658527506321620714 [8.612e76]) [staticcall]
    │   │   └─ ← ()
    │   ├─ [0] console::log("Is valid:", true) [staticcall]
    │   │   └─ ← ()
    │   └─ ← true
    ├─ [0] console::log("--- End of verification details ---") [staticcall]
    │   └─ ← ()
    ├─ [0] console::log("Successfully verified leaf 10 after adding 16 leaves") [staticcall]
    │   └─ ← ()
    ├─ [30071] MerkleStorageOZ::getProof(10) [staticcall]
    │   ├─ [0] console::log("Getting proof for leaf index:", 10) [staticcall]
    │   │   └─ ← ()
    │   ├─ [0] console::log("Tree depth:", 4) [staticcall]
    │   │   └─ ← ()
    │   ├─ [0] console::log("Level", 0, "size:", 16) [staticcall]
    │   │   └─ ← ()
    │   ├─ [0] console::log("Added to proof:", 96593053628671560174693064981485823685325506728506954480672468072431603451342 [9.659e76]) [staticcall]
    │   │   └─ ← ()
    │   ├─ [0] console::log("Level", 1, "size:", 8) [staticcall]
    │   │   └─ ← ()
    │   ├─ [0] console::log("Added to proof:", 110058130168134052799716071097073281996591153893535428294527808496692578065614 [1.1e77]) [staticcall]
    │   │   └─ ← ()
    │   ├─ [0] console::log("Level", 2, "size:", 4) [staticcall]
    │   │   └─ ← ()
    │   ├─ [0] console::log("Added to proof:", 71129321183645985042233441554048622660549772896301430670938088189986418104761 [7.112e76]) [staticcall]
    │   │   └─ ← ()
    │   ├─ [0] console::log("Level", 3, "size:", 2) [staticcall]
    │   │   └─ ← ()
    │   ├─ [0] console::log("Added to proof:", 44812029912269844639383167223451376600872748978496635971607178627452478213724 [4.481e76]) [staticcall]
    │   │   └─ ← ()
    │   ├─ [0] console::log("Final proof length:", 4) [staticcall]
    │   │   └─ ← ()
    │   └─ ← [0xd58dbb1e54dc3320d5987448e4420e22460237351984e558e88f81a4e36085ce, 0xf352b1b5872acb8684bb694175cf18f81a134d5ff86ae93833369c25d9cd9cce, 0x9d41c4e44937cf4145290fe7608388df300aac1673c26cd3122cde8c7e5a99b9, 0x6312b5c9c0f90c16707fa38ba42f8fe1608c5fa99a1772af08b1ea466614ce5c]
    ├─ [0] console::log("--- Verification details for leaf 11 after adding 16 leaves ---") [staticcall]
    │   └─ ← ()
    ├─ [13798] MerkleStorageOZ::verifyLeaf(0x6c6561663131, [0xd58dbb1e54dc3320d5987448e4420e22460237351984e558e88f81a4e36085ce, 0xf352b1b5872acb8684bb694175cf18f81a134d5ff86ae93833369c25d9cd9cce, 0x9d41c4e44937cf4145290fe7608388df300aac1673c26cd3122cde8c7e5a99b9, 0x6312b5c9c0f90c16707fa38ba42f8fe1608c5fa99a1772af08b1ea466614ce5c]) [staticcall]
    │   ├─ [0] console::log("Verifying leaf:", 11059502003765752708342665740916089834825294147016530688590526355732680035651 [1.105e76]) [staticcall]
    │   │   └─ ← ()
    │   ├─ [0] console::log("Merkle root:", 86128377917019908445957012829255022949550602761192088501649658527506321620714 [8.612e76]) [staticcall]
    │   │   └─ ← ()
    │   ├─ [0] console::log("Proof length:", 4) [staticcall]
    │   │   └─ ← ()
    │   ├─ [0] console::log("Proof element", 0, ":", 96593053628671560174693064981485823685325506728506954480672468072431603451342 [9.659e76]) [staticcall]
    │   │   └─ ← ()
    │   ├─ [0] console::log("Computed hash after element", 0, ":", 86830204781467795827957492631466613281393886399951120238877606491319470472592 [8.683e76]) [staticcall]
    │   │   └─ ← ()
    │   ├─ [0] console::log("Proof element", 1, ":", 110058130168134052799716071097073281996591153893535428294527808496692578065614 [1.1e77]) [staticcall]
    │   │   └─ ← ()
    │   ├─ [0] console::log("Computed hash after element", 1, ":", 107653161125649642032491443308982527566324346567968513637810199776622513001405 [1.076e77]) [staticcall]
    │   │   └─ ← ()
    │   ├─ [0] console::log("Proof element", 2, ":", 71129321183645985042233441554048622660549772896301430670938088189986418104761 [7.112e76]) [staticcall]
    │   │   └─ ← ()
    │   ├─ [0] console::log("Computed hash after element", 2, ":", 58589837049834144583211226689647012306316922949101456466201253300155303082111 [5.858e76]) [staticcall]
    │   │   └─ ← ()
    │   ├─ [0] console::log("Proof element", 3, ":", 44812029912269844639383167223451376600872748978496635971607178627452478213724 [4.481e76]) [staticcall]
    │   │   └─ ← ()
    │   ├─ [0] console::log("Computed hash after element", 3, ":", 86128377917019908445957012829255022949550602761192088501649658527506321620714 [8.612e76]) [staticcall]
    │   │   └─ ← ()
    │   ├─ [0] console::log("Is valid:", true) [staticcall]
    │   │   └─ ← ()
    │   └─ ← true
    ├─ [0] console::log("--- End of verification details ---") [staticcall]
    │   └─ ← ()
    ├─ [0] console::log("Successfully verified leaf 11 after adding 16 leaves") [staticcall]
    │   └─ ← ()
    ├─ [29986] MerkleStorageOZ::getProof(11) [staticcall]
    │   ├─ [0] console::log("Getting proof for leaf index:", 11) [staticcall]
    │   │   └─ ← ()
    │   ├─ [0] console::log("Tree depth:", 4) [staticcall]
    │   │   └─ ← ()
    │   ├─ [0] console::log("Level", 0, "size:", 16) [staticcall]
    │   │   └─ ← ()
    │   ├─ [0] console::log("Added to proof:", 11059502003765752708342665740916089834825294147016530688590526355732680035651 [1.105e76]) [staticcall]
    │   │   └─ ← ()
    │   ├─ [0] console::log("Level", 1, "size:", 8) [staticcall]
    │   │   └─ ← ()
    │   ├─ [0] console::log("Added to proof:", 110058130168134052799716071097073281996591153893535428294527808496692578065614 [1.1e77]) [staticcall]
    │   │   └─ ← ()
    │   ├─ [0] console::log("Level", 2, "size:", 4) [staticcall]
    │   │   └─ ← ()
    │   ├─ [0] console::log("Added to proof:", 71129321183645985042233441554048622660549772896301430670938088189986418104761 [7.112e76]) [staticcall]
    │   │   └─ ← ()
    │   ├─ [0] console::log("Level", 3, "size:", 2) [staticcall]
    │   │   └─ ← ()
    │   ├─ [0] console::log("Added to proof:", 44812029912269844639383167223451376600872748978496635971607178627452478213724 [4.481e76]) [staticcall]
    │   │   └─ ← ()
    │   ├─ [0] console::log("Final proof length:", 4) [staticcall]
    │   │   └─ ← ()
    │   └─ ← [0x187374d08f1fbae82b4bfcec5f832bc78271f5d335a3860d721db1e6b05a4d43, 0xf352b1b5872acb8684bb694175cf18f81a134d5ff86ae93833369c25d9cd9cce, 0x9d41c4e44937cf4145290fe7608388df300aac1673c26cd3122cde8c7e5a99b9, 0x6312b5c9c0f90c16707fa38ba42f8fe1608c5fa99a1772af08b1ea466614ce5c]
    ├─ [0] console::log("--- Verification details for leaf 12 after adding 16 leaves ---") [staticcall]
    │   └─ ← ()
    ├─ [13788] MerkleStorageOZ::verifyLeaf(0x6c6561663132, [0x187374d08f1fbae82b4bfcec5f832bc78271f5d335a3860d721db1e6b05a4d43, 0xf352b1b5872acb8684bb694175cf18f81a134d5ff86ae93833369c25d9cd9cce, 0x9d41c4e44937cf4145290fe7608388df300aac1673c26cd3122cde8c7e5a99b9, 0x6312b5c9c0f90c16707fa38ba42f8fe1608c5fa99a1772af08b1ea466614ce5c]) [staticcall]
    │   ├─ [0] console::log("Verifying leaf:", 96593053628671560174693064981485823685325506728506954480672468072431603451342 [9.659e76]) [staticcall]
    │   │   └─ ← ()
    │   ├─ [0] console::log("Merkle root:", 86128377917019908445957012829255022949550602761192088501649658527506321620714 [8.612e76]) [staticcall]
    │   │   └─ ← ()
    │   ├─ [0] console::log("Proof length:", 4) [staticcall]
    │   │   └─ ← ()
    │   ├─ [0] console::log("Proof element", 0, ":", 11059502003765752708342665740916089834825294147016530688590526355732680035651 [1.105e76]) [staticcall]
    │   │   └─ ← ()
    │   ├─ [0] console::log("Computed hash after element", 0, ":", 86830204781467795827957492631466613281393886399951120238877606491319470472592 [8.683e76]) [staticcall]
    │   │   └─ ← ()
    │   ├─ [0] console::log("Proof element", 1, ":", 110058130168134052799716071097073281996591153893535428294527808496692578065614 [1.1e77]) [staticcall]
    │   │   └─ ← ()
    │   ├─ [0] console::log("Computed hash after element", 1, ":", 107653161125649642032491443308982527566324346567968513637810199776622513001405 [1.076e77]) [staticcall]
    │   │   └─ ← ()
    │   ├─ [0] console::log("Proof element", 2, ":", 71129321183645985042233441554048622660549772896301430670938088189986418104761 [7.112e76]) [staticcall]
    │   │   └─ ← ()
    │   ├─ [0] console::log("Computed hash after element", 2, ":", 58589837049834144583211226689647012306316922949101456466201253300155303082111 [5.858e76]) [staticcall]
    │   │   └─ ← ()
    │   ├─ [0] console::log("Proof element", 3, ":", 44812029912269844639383167223451376600872748978496635971607178627452478213724 [4.481e76]) [staticcall]
    │   │   └─ ← ()
    │   ├─ [0] console::log("Computed hash after element", 3, ":", 86128377917019908445957012829255022949550602761192088501649658527506321620714 [8.612e76]) [staticcall]
    │   │   └─ ← ()
    │   ├─ [0] console::log("Is valid:", true) [staticcall]
    │   │   └─ ← ()
    │   └─ ← true
    ├─ [0] console::log("--- End of verification details ---") [staticcall]
    │   └─ ← ()
    ├─ [0] console::log("Successfully verified leaf 12 after adding 16 leaves") [staticcall]
    │   └─ ← ()
    ├─ [30071] MerkleStorageOZ::getProof(12) [staticcall]
    │   ├─ [0] console::log("Getting proof for leaf index:", 12) [staticcall]
    │   │   └─ ← ()
    │   ├─ [0] console::log("Tree depth:", 4) [staticcall]
    │   │   └─ ← ()
    │   ├─ [0] console::log("Level", 0, "size:", 16) [staticcall]
    │   │   └─ ← ()
    │   ├─ [0] console::log("Added to proof:", 33672592122163231522297444352452316230401835406380993219594760926723533962405 [3.367e76]) [staticcall]
    │   │   └─ ← ()
    │   ├─ [0] console::log("Level", 1, "size:", 8) [staticcall]
    │   │   └─ ← ()
    │   ├─ [0] console::log("Added to proof:", 68222527226755524790505848492501156006903177263714150024810130256539423849504 [6.822e76]) [staticcall]
    │   │   └─ ← ()
    │   ├─ [0] console::log("Level", 2, "size:", 4) [staticcall]
    │   │   └─ ← ()
    │   ├─ [0] console::log("Added to proof:", 107653161125649642032491443308982527566324346567968513637810199776622513001405 [1.076e77]) [staticcall]
    │   │   └─ ← ()
    │   ├─ [0] console::log("Level", 3, "size:", 2) [staticcall]
    │   │   └─ ← ()
    │   ├─ [0] console::log("Added to proof:", 44812029912269844639383167223451376600872748978496635971607178627452478213724 [4.481e76]) [staticcall]
    │   │   └─ ← ()
    │   ├─ [0] console::log("Final proof length:", 4) [staticcall]
    │   │   └─ ← ()
    │   └─ ← [0x4a7203021756b359fbd744929fcb5fee1a5c9a156dcfc02424db42480a3ffca5, 0x96d495000c9975bf6a9539f2b5dcb819f776e3a1a0645c12298f65bb916fbc20, 0xee0187a9e1cd26963ee5f1e99031a2da9d737039b6c237adc84770a6d2d893bd, 0x6312b5c9c0f90c16707fa38ba42f8fe1608c5fa99a1772af08b1ea466614ce5c]
    ├─ [0] console::log("--- Verification details for leaf 13 after adding 16 leaves ---") [staticcall]
    │   └─ ← ()
    ├─ [13798] MerkleStorageOZ::verifyLeaf(0x6c6561663133, [0x4a7203021756b359fbd744929fcb5fee1a5c9a156dcfc02424db42480a3ffca5, 0x96d495000c9975bf6a9539f2b5dcb819f776e3a1a0645c12298f65bb916fbc20, 0xee0187a9e1cd26963ee5f1e99031a2da9d737039b6c237adc84770a6d2d893bd, 0x6312b5c9c0f90c16707fa38ba42f8fe1608c5fa99a1772af08b1ea466614ce5c]) [staticcall]
    │   ├─ [0] console::log("Verifying leaf:", 92619562252365677669901163699204566607949558994432207550606556910840817279335 [9.261e76]) [staticcall]
    │   │   └─ ← ()
    │   ├─ [0] console::log("Merkle root:", 86128377917019908445957012829255022949550602761192088501649658527506321620714 [8.612e76]) [staticcall]
    │   │   └─ ← ()
    │   ├─ [0] console::log("Proof length:", 4) [staticcall]
    │   │   └─ ← ()
    │   ├─ [0] console::log("Proof element", 0, ":", 33672592122163231522297444352452316230401835406380993219594760926723533962405 [3.367e76]) [staticcall]
    │   │   └─ ← ()
    │   ├─ [0] console::log("Computed hash after element", 0, ":", 27450459817178025726961910999305864805083219849135273456119843313523604327146 [2.745e76]) [staticcall]
    │   │   └─ ← ()
    │   ├─ [0] console::log("Proof element", 1, ":", 68222527226755524790505848492501156006903177263714150024810130256539423849504 [6.822e76]) [staticcall]
    │   │   └─ ← ()
    │   ├─ [0] console::log("Computed hash after element", 1, ":", 71129321183645985042233441554048622660549772896301430670938088189986418104761 [7.112e76]) [staticcall]
    │   │   └─ ← ()
    │   ├─ [0] console::log("Proof element", 2, ":", 107653161125649642032491443308982527566324346567968513637810199776622513001405 [1.076e77]) [staticcall]
    │   │   └─ ← ()
    │   ├─ [0] console::log("Computed hash after element", 2, ":", 58589837049834144583211226689647012306316922949101456466201253300155303082111 [5.858e76]) [staticcall]
    │   │   └─ ← ()
    │   ├─ [0] console::log("Proof element", 3, ":", 44812029912269844639383167223451376600872748978496635971607178627452478213724 [4.481e76]) [staticcall]
    │   │   └─ ← ()
    │   ├─ [0] console::log("Computed hash after element", 3, ":", 86128377917019908445957012829255022949550602761192088501649658527506321620714 [8.612e76]) [staticcall]
    │   │   └─ ← ()
    │   ├─ [0] console::log("Is valid:", true) [staticcall]
    │   │   └─ ← ()
    │   └─ ← true
    ├─ [0] console::log("--- End of verification details ---") [staticcall]
    │   └─ ← ()
    ├─ [0] console::log("Successfully verified leaf 13 after adding 16 leaves") [staticcall]
    │   └─ ← ()
    ├─ [29986] MerkleStorageOZ::getProof(13) [staticcall]
    │   ├─ [0] console::log("Getting proof for leaf index:", 13) [staticcall]
    │   │   └─ ← ()
    │   ├─ [0] console::log("Tree depth:", 4) [staticcall]
    │   │   └─ ← ()
    │   ├─ [0] console::log("Level", 0, "size:", 16) [staticcall]
    │   │   └─ ← ()
    │   ├─ [0] console::log("Added to proof:", 92619562252365677669901163699204566607949558994432207550606556910840817279335 [9.261e76]) [staticcall]
    │   │   └─ ← ()
    │   ├─ [0] console::log("Level", 1, "size:", 8) [staticcall]
    │   │   └─ ← ()
    │   ├─ [0] console::log("Added to proof:", 68222527226755524790505848492501156006903177263714150024810130256539423849504 [6.822e76]) [staticcall]
    │   │   └─ ← ()
    │   ├─ [0] console::log("Level", 2, "size:", 4) [staticcall]
    │   │   └─ ← ()
    │   ├─ [0] console::log("Added to proof:", 107653161125649642032491443308982527566324346567968513637810199776622513001405 [1.076e77]) [staticcall]
    │   │   └─ ← ()
    │   ├─ [0] console::log("Level", 3, "size:", 2) [staticcall]
    │   │   └─ ← ()
    │   ├─ [0] console::log("Added to proof:", 44812029912269844639383167223451376600872748978496635971607178627452478213724 [4.481e76]) [staticcall]
    │   │   └─ ← ()
    │   ├─ [0] console::log("Final proof length:", 4) [staticcall]
    │   │   └─ ← ()
    │   └─ ← [0xccc4d083cdf48ef2c50a0a45b13aae2642eda593dfb5894236e409ed3ff26167, 0x96d495000c9975bf6a9539f2b5dcb819f776e3a1a0645c12298f65bb916fbc20, 0xee0187a9e1cd26963ee5f1e99031a2da9d737039b6c237adc84770a6d2d893bd, 0x6312b5c9c0f90c16707fa38ba42f8fe1608c5fa99a1772af08b1ea466614ce5c]
    ├─ [0] console::log("--- Verification details for leaf 14 after adding 16 leaves ---") [staticcall]
    │   └─ ← ()
    ├─ [13808] MerkleStorageOZ::verifyLeaf(0x6c6561663134, [0xccc4d083cdf48ef2c50a0a45b13aae2642eda593dfb5894236e409ed3ff26167, 0x96d495000c9975bf6a9539f2b5dcb819f776e3a1a0645c12298f65bb916fbc20, 0xee0187a9e1cd26963ee5f1e99031a2da9d737039b6c237adc84770a6d2d893bd, 0x6312b5c9c0f90c16707fa38ba42f8fe1608c5fa99a1772af08b1ea466614ce5c]) [staticcall]
    │   ├─ [0] console::log("Verifying leaf:", 33672592122163231522297444352452316230401835406380993219594760926723533962405 [3.367e76]) [staticcall]
    │   │   └─ ← ()
    │   ├─ [0] console::log("Merkle root:", 86128377917019908445957012829255022949550602761192088501649658527506321620714 [8.612e76]) [staticcall]
    │   │   └─ ← ()
    │   ├─ [0] console::log("Proof length:", 4) [staticcall]
    │   │   └─ ← ()
    │   ├─ [0] console::log("Proof element", 0, ":", 92619562252365677669901163699204566607949558994432207550606556910840817279335 [9.261e76]) [staticcall]
    │   │   └─ ← ()
    │   ├─ [0] console::log("Computed hash after element", 0, ":", 27450459817178025726961910999305864805083219849135273456119843313523604327146 [2.745e76]) [staticcall]
    │   │   └─ ← ()
    │   ├─ [0] console::log("Proof element", 1, ":", 68222527226755524790505848492501156006903177263714150024810130256539423849504 [6.822e76]) [staticcall]
    │   │   └─ ← ()
    │   ├─ [0] console::log("Computed hash after element", 1, ":", 71129321183645985042233441554048622660549772896301430670938088189986418104761 [7.112e76]) [staticcall]
    │   │   └─ ← ()
    │   ├─ [0] console::log("Proof element", 2, ":", 107653161125649642032491443308982527566324346567968513637810199776622513001405 [1.076e77]) [staticcall]
    │   │   └─ ← ()
    │   ├─ [0] console::log("Computed hash after element", 2, ":", 58589837049834144583211226689647012306316922949101456466201253300155303082111 [5.858e76]) [staticcall]
    │   │   └─ ← ()
    │   ├─ [0] console::log("Proof element", 3, ":", 44812029912269844639383167223451376600872748978496635971607178627452478213724 [4.481e76]) [staticcall]
    │   │   └─ ← ()
    │   ├─ [0] console::log("Computed hash after element", 3, ":", 86128377917019908445957012829255022949550602761192088501649658527506321620714 [8.612e76]) [staticcall]
    │   │   └─ ← ()
    │   ├─ [0] console::log("Is valid:", true) [staticcall]
    │   │   └─ ← ()
    │   └─ ← true
    ├─ [0] console::log("--- End of verification details ---") [staticcall]
    │   └─ ← ()
    ├─ [0] console::log("Successfully verified leaf 14 after adding 16 leaves") [staticcall]
    │   └─ ← ()
    ├─ [29986] MerkleStorageOZ::getProof(14) [staticcall]
    │   ├─ [0] console::log("Getting proof for leaf index:", 14) [staticcall]
    │   │   └─ ← ()
    │   ├─ [0] console::log("Tree depth:", 4) [staticcall]
    │   │   └─ ← ()
    │   ├─ [0] console::log("Level", 0, "size:", 16) [staticcall]
    │   │   └─ ← ()
    │   ├─ [0] console::log("Added to proof:", 29282441118156610795451351767893172742723572721638635483486521378003152140138 [2.928e76]) [staticcall]
    │   │   └─ ← ()
    │   ├─ [0] console::log("Level", 1, "size:", 8) [staticcall]
    │   │   └─ ← ()
    │   ├─ [0] console::log("Added to proof:", 27450459817178025726961910999305864805083219849135273456119843313523604327146 [2.745e76]) [staticcall]
    │   │   └─ ← ()
    │   ├─ [0] console::log("Level", 2, "size:", 4) [staticcall]
    │   │   └─ ← ()
    │   ├─ [0] console::log("Added to proof:", 107653161125649642032491443308982527566324346567968513637810199776622513001405 [1.076e77]) [staticcall]
    │   │   └─ ← ()
    │   ├─ [0] console::log("Level", 3, "size:", 2) [staticcall]
    │   │   └─ ← ()
    │   ├─ [0] console::log("Added to proof:", 44812029912269844639383167223451376600872748978496635971607178627452478213724 [4.481e76]) [staticcall]
    │   │   └─ ← ()
    │   ├─ [0] console::log("Final proof length:", 4) [staticcall]
    │   │   └─ ← ()
    │   └─ ← [0x40bd463b06adac3d3f4d9f69acf274bf72617327c94407540c58a969aa4df76a, 0x3cb068dfee4565b215b4fbdb3cdb15bce0a9c6c2e3b7b093b67b46c926340aea, 0xee0187a9e1cd26963ee5f1e99031a2da9d737039b6c237adc84770a6d2d893bd, 0x6312b5c9c0f90c16707fa38ba42f8fe1608c5fa99a1772af08b1ea466614ce5c]
    ├─ [0] console::log("--- Verification details for leaf 15 after adding 16 leaves ---") [staticcall]
    │   └─ ← ()
    ├─ [13788] MerkleStorageOZ::verifyLeaf(0x6c6561663135, [0x40bd463b06adac3d3f4d9f69acf274bf72617327c94407540c58a969aa4df76a, 0x3cb068dfee4565b215b4fbdb3cdb15bce0a9c6c2e3b7b093b67b46c926340aea, 0xee0187a9e1cd26963ee5f1e99031a2da9d737039b6c237adc84770a6d2d893bd, 0x6312b5c9c0f90c16707fa38ba42f8fe1608c5fa99a1772af08b1ea466614ce5c]) [staticcall]
    │   ├─ [0] console::log("Verifying leaf:", 49376861721947691573602341854337835825465271023485523889471862409499079557266 [4.937e76]) [staticcall]
    │   │   └─ ← ()
    │   ├─ [0] console::log("Merkle root:", 86128377917019908445957012829255022949550602761192088501649658527506321620714 [8.612e76]) [staticcall]
    │   │   └─ ← ()
    │   ├─ [0] console::log("Proof length:", 4) [staticcall]
    │   │   └─ ← ()
    │   ├─ [0] console::log("Proof element", 0, ":", 29282441118156610795451351767893172742723572721638635483486521378003152140138 [2.928e76]) [staticcall]
    │   │   └─ ← ()
    │   ├─ [0] console::log("Computed hash after element", 0, ":", 68222527226755524790505848492501156006903177263714150024810130256539423849504 [6.822e76]) [staticcall]
    │   │   └─ ← ()
    │   ├─ [0] console::log("Proof element", 1, ":", 27450459817178025726961910999305864805083219849135273456119843313523604327146 [2.745e76]) [staticcall]
    │   │   └─ ← ()
    │   ├─ [0] console::log("Computed hash after element", 1, ":", 71129321183645985042233441554048622660549772896301430670938088189986418104761 [7.112e76]) [staticcall]
    │   │   └─ ← ()
    │   ├─ [0] console::log("Proof element", 2, ":", 107653161125649642032491443308982527566324346567968513637810199776622513001405 [1.076e77]) [staticcall]
    │   │   └─ ← ()
    │   ├─ [0] console::log("Computed hash after element", 2, ":", 58589837049834144583211226689647012306316922949101456466201253300155303082111 [5.858e76]) [staticcall]
    │   │   └─ ← ()
    │   ├─ [0] console::log("Proof element", 3, ":", 44812029912269844639383167223451376600872748978496635971607178627452478213724 [4.481e76]) [staticcall]
    │   │   └─ ← ()
    │   ├─ [0] console::log("Computed hash after element", 3, ":", 86128377917019908445957012829255022949550602761192088501649658527506321620714 [8.612e76]) [staticcall]
    │   │   └─ ← ()
    │   ├─ [0] console::log("Is valid:", true) [staticcall]
    │   │   └─ ← ()
    │   └─ ← true
    ├─ [0] console::log("--- End of verification details ---") [staticcall]
    │   └─ ← ()
    ├─ [0] console::log("Successfully verified leaf 15 after adding 16 leaves") [staticcall]
    │   └─ ← ()
    ├─ [29901] MerkleStorageOZ::getProof(15) [staticcall]
    │   ├─ [0] console::log("Getting proof for leaf index:", 15) [staticcall]
    │   │   └─ ← ()
    │   ├─ [0] console::log("Tree depth:", 4) [staticcall]
    │   │   └─ ← ()
    │   ├─ [0] console::log("Level", 0, "size:", 16) [staticcall]
    │   │   └─ ← ()
    │   ├─ [0] console::log("Added to proof:", 49376861721947691573602341854337835825465271023485523889471862409499079557266 [4.937e76]) [staticcall]
    │   │   └─ ← ()
    │   ├─ [0] console::log("Level", 1, "size:", 8) [staticcall]
    │   │   └─ ← ()
    │   ├─ [0] console::log("Added to proof:", 27450459817178025726961910999305864805083219849135273456119843313523604327146 [2.745e76]) [staticcall]
    │   │   └─ ← ()
    │   ├─ [0] console::log("Level", 2, "size:", 4) [staticcall]
    │   │   └─ ← ()
    │   ├─ [0] console::log("Added to proof:", 107653161125649642032491443308982527566324346567968513637810199776622513001405 [1.076e77]) [staticcall]
    │   │   └─ ← ()
    │   ├─ [0] console::log("Level", 3, "size:", 2) [staticcall]
    │   │   └─ ← ()
    │   ├─ [0] console::log("Added to proof:", 44812029912269844639383167223451376600872748978496635971607178627452478213724 [4.481e76]) [staticcall]
    │   │   └─ ← ()
    │   ├─ [0] console::log("Final proof length:", 4) [staticcall]
    │   │   └─ ← ()
    │   └─ ← [0x6d2a503801c4a495dd34ec63d048cc1c56cd4e99ed480da77c09d497092b4092, 0x3cb068dfee4565b215b4fbdb3cdb15bce0a9c6c2e3b7b093b67b46c926340aea, 0xee0187a9e1cd26963ee5f1e99031a2da9d737039b6c237adc84770a6d2d893bd, 0x6312b5c9c0f90c16707fa38ba42f8fe1608c5fa99a1772af08b1ea466614ce5c]
    ├─ [0] console::log("--- Verification details for leaf 16 after adding 16 leaves ---") [staticcall]
    │   └─ ← ()
    ├─ [13798] MerkleStorageOZ::verifyLeaf(0x6c6561663136, [0x6d2a503801c4a495dd34ec63d048cc1c56cd4e99ed480da77c09d497092b4092, 0x3cb068dfee4565b215b4fbdb3cdb15bce0a9c6c2e3b7b093b67b46c926340aea, 0xee0187a9e1cd26963ee5f1e99031a2da9d737039b6c237adc84770a6d2d893bd, 0x6312b5c9c0f90c16707fa38ba42f8fe1608c5fa99a1772af08b1ea466614ce5c]) [staticcall]
    │   ├─ [0] console::log("Verifying leaf:", 29282441118156610795451351767893172742723572721638635483486521378003152140138 [2.928e76]) [staticcall]
    │   │   └─ ← ()
    │   ├─ [0] console::log("Merkle root:", 86128377917019908445957012829255022949550602761192088501649658527506321620714 [8.612e76]) [staticcall]
    │   │   └─ ← ()
    │   ├─ [0] console::log("Proof length:", 4) [staticcall]
    │   │   └─ ← ()
    │   ├─ [0] console::log("Proof element", 0, ":", 49376861721947691573602341854337835825465271023485523889471862409499079557266 [4.937e76]) [staticcall]
    │   │   └─ ← ()
    │   ├─ [0] console::log("Computed hash after element", 0, ":", 68222527226755524790505848492501156006903177263714150024810130256539423849504 [6.822e76]) [staticcall]
    │   │   └─ ← ()
    │   ├─ [0] console::log("Proof element", 1, ":", 27450459817178025726961910999305864805083219849135273456119843313523604327146 [2.745e76]) [staticcall]
    │   │   └─ ← ()
    │   ├─ [0] console::log("Computed hash after element", 1, ":", 71129321183645985042233441554048622660549772896301430670938088189986418104761 [7.112e76]) [staticcall]
    │   │   └─ ← ()
    │   ├─ [0] console::log("Proof element", 2, ":", 107653161125649642032491443308982527566324346567968513637810199776622513001405 [1.076e77]) [staticcall]
    │   │   └─ ← ()
    │   ├─ [0] console::log("Computed hash after element", 2, ":", 58589837049834144583211226689647012306316922949101456466201253300155303082111 [5.858e76]) [staticcall]
    │   │   └─ ← ()
    │   ├─ [0] console::log("Proof element", 3, ":", 44812029912269844639383167223451376600872748978496635971607178627452478213724 [4.481e76]) [staticcall]
    │   │   └─ ← ()
    │   ├─ [0] console::log("Computed hash after element", 3, ":", 86128377917019908445957012829255022949550602761192088501649658527506321620714 [8.612e76]) [staticcall]
    │   │   └─ ← ()
    │   ├─ [0] console::log("Is valid:", true) [staticcall]
    │   │   └─ ← ()
    │   └─ ← true
    ├─ [0] console::log("--- End of verification details ---") [staticcall]
    │   └─ ← ()
    ├─ [0] console::log("Successfully verified leaf 16 after adding 16 leaves") [staticcall]
    │   └─ ← ()
    ├─ [43260] MerkleStorageOZ::addLeaf(0x6c6561663137)
    │   ├─ emit LeafAdded(leaf: 0x30980adf44ec5892ff4ea3c608050515b01f7dd94be63b1753067cb9601445dd, index: 16)
    │   ├─ emit MerkleRootUpdated(newRoot: 0xe6c8f0d0c56def5acabf7a34cebf034ce0ecbd4545db1061e51dc2d757f5e530)
    │   └─ ← ()
    ├─ [0] console::log("Added leaf 17") [staticcall]
    │   └─ ← ()
    ├─ [36351] MerkleStorageOZ::getProof(0) [staticcall]
    │   ├─ [0] console::log("Getting proof for leaf index:", 0) [staticcall]
    │   │   └─ ← ()
    │   ├─ [0] console::log("Tree depth:", 5) [staticcall]
    │   │   └─ ← ()
    │   ├─ [0] console::log("Level", 0, "size:", 17) [staticcall]
    │   │   └─ ← ()
    │   ├─ [0] console::log("Added to proof:", 84303433209692230857384970403333823748570319246869449369625637863858470744792 [8.43e76]) [staticcall]
    │   │   └─ ← ()
    │   ├─ [0] console::log("Level", 1, "size:", 9) [staticcall]
    │   │   └─ ← ()
    │   ├─ [0] console::log("Added to proof:", 42994468410347004737970376126143620665813473361490896099477539813509562736181 [4.299e76]) [staticcall]
    │   │   └─ ← ()
    │   ├─ [0] console::log("Level", 2, "size:", 5) [staticcall]
    │   │   └─ ← ()
    │   ├─ [0] console::log("Added to proof:", 90519645207031266945590244632322326520069529432013691057992262226385608141027 [9.051e76]) [staticcall]
    │   │   └─ ← ()
    │   ├─ [0] console::log("Level", 3, "size:", 3) [staticcall]
    │   │   └─ ← ()
    │   ├─ [0] console::log("Added to proof:", 58589837049834144583211226689647012306316922949101456466201253300155303082111 [5.858e76]) [staticcall]
    │   │   └─ ← ()
    │   ├─ [0] console::log("Level", 4, "size:", 2) [staticcall]
    │   │   └─ ← ()
    │   ├─ [0] console::log("Added to proof:", 21979652522633138675855471474548080148032271092062185065410366224797086795229 [2.197e76]) [staticcall]
    │   │   └─ ← ()
    │   ├─ [0] console::log("Final proof length:", 5) [staticcall]
    │   │   └─ ← ()
    │   └─ ← [0xba620d61dac4ddf2d7905722b259b0bd34ec4d37c5796d9a22537c54b3f972d8, 0x5f0e01babb612c872c711c3804090c0fcd42d13e2ddbd99d21e73f30afa59e35, 0xc8204db79981b461dca6928459414628e9784deec1c74154434eb580b50868e3, 0x8188ac2f87ba406f83118b08d992d3fa8d32cc600972164a103cefd56f28387f, 0x30980adf44ec5892ff4ea3c608050515b01f7dd94be63b1753067cb9601445dd]
    ├─ [0] console::log("--- Verification details for leaf 1 after adding 17 leaves ---") [staticcall]
    │   └─ ← ()
    ├─ [16219] MerkleStorageOZ::verifyLeaf(0x6c65616631, [0xba620d61dac4ddf2d7905722b259b0bd34ec4d37c5796d9a22537c54b3f972d8, 0x5f0e01babb612c872c711c3804090c0fcd42d13e2ddbd99d21e73f30afa59e35, 0xc8204db79981b461dca6928459414628e9784deec1c74154434eb580b50868e3, 0x8188ac2f87ba406f83118b08d992d3fa8d32cc600972164a103cefd56f28387f, 0x30980adf44ec5892ff4ea3c608050515b01f7dd94be63b1753067cb9601445dd]) [staticcall]
    │   ├─ [0] console::log("Verifying leaf:", 1534629507014924801801850062420965747762703560098700086918056654539096211930 [1.534e75]) [staticcall]
    │   │   └─ ← ()
    │   ├─ [0] console::log("Merkle root:", 104386986634690828780419146180048581566396045312451072322945443743816513611056 [1.043e77]) [staticcall]
    │   │   └─ ← ()
    │   ├─ [0] console::log("Proof length:", 5) [staticcall]
    │   │   └─ ← ()
    │   ├─ [0] console::log("Proof element", 0, ":", 84303433209692230857384970403333823748570319246869449369625637863858470744792 [8.43e76]) [staticcall]
    │   │   └─ ← ()
    │   ├─ [0] console::log("Computed hash after element", 0, ":", 4819654492366420278237764346194618123787186199882361681321774604810163462263 [4.819e75]) [staticcall]
    │   │   └─ ← ()
    │   ├─ [0] console::log("Proof element", 1, ":", 42994468410347004737970376126143620665813473361490896099477539813509562736181 [4.299e76]) [staticcall]
    │   │   └─ ← ()
    │   ├─ [0] console::log("Computed hash after element", 1, ":", 86167276729270415220365293603154116830872546334163333883227179387055231533441 [8.616e76]) [staticcall]
    │   │   └─ ← ()
    │   ├─ [0] console::log("Proof element", 2, ":", 90519645207031266945590244632322326520069529432013691057992262226385608141027 [9.051e76]) [staticcall]
    │   │   └─ ← ()
    │   ├─ [0] console::log("Computed hash after element", 2, ":", 44812029912269844639383167223451376600872748978496635971607178627452478213724 [4.481e76]) [staticcall]
    │   │   └─ ← ()
    │   ├─ [0] console::log("Proof element", 3, ":", 58589837049834144583211226689647012306316922949101456466201253300155303082111 [5.858e76]) [staticcall]
    │   │   └─ ← ()
    │   ├─ [0] console::log("Computed hash after element", 3, ":", 86128377917019908445957012829255022949550602761192088501649658527506321620714 [8.612e76]) [staticcall]
    │   │   └─ ← ()
    │   ├─ [0] console::log("Proof element", 4, ":", 21979652522633138675855471474548080148032271092062185065410366224797086795229 [2.197e76]) [staticcall]
    │   │   └─ ← ()
    │   ├─ [0] console::log("Computed hash after element", 4, ":", 104386986634690828780419146180048581566396045312451072322945443743816513611056 [1.043e77]) [staticcall]
    │   │   └─ ← ()
    │   ├─ [0] console::log("Is valid:", true) [staticcall]
    │   │   └─ ← ()
    │   └─ ← true
    ├─ [0] console::log("--- End of verification details ---") [staticcall]
    │   └─ ← ()
    ├─ [0] console::log("Successfully verified leaf 1 after adding 17 leaves") [staticcall]
    │   └─ ← ()
    ├─ [36266] MerkleStorageOZ::getProof(1) [staticcall]
    │   ├─ [0] console::log("Getting proof for leaf index:", 1) [staticcall]
    │   │   └─ ← ()
    │   ├─ [0] console::log("Tree depth:", 5) [staticcall]
    │   │   └─ ← ()
    │   ├─ [0] console::log("Level", 0, "size:", 17) [staticcall]
    │   │   └─ ← ()
    │   ├─ [0] console::log("Added to proof:", 1534629507014924801801850062420965747762703560098700086918056654539096211930 [1.534e75]) [staticcall]
    │   │   └─ ← ()
    │   ├─ [0] console::log("Level", 1, "size:", 9) [staticcall]
    │   │   └─ ← ()
    │   ├─ [0] console::log("Added to proof:", 42994468410347004737970376126143620665813473361490896099477539813509562736181 [4.299e76]) [staticcall]
    │   │   └─ ← ()
    │   ├─ [0] console::log("Level", 2, "size:", 5) [staticcall]
    │   │   └─ ← ()
    │   ├─ [0] console::log("Added to proof:", 90519645207031266945590244632322326520069529432013691057992262226385608141027 [9.051e76]) [staticcall]
    │   │   └─ ← ()
    │   ├─ [0] console::log("Level", 3, "size:", 3) [staticcall]
    │   │   └─ ← ()
    │   ├─ [0] console::log("Added to proof:", 58589837049834144583211226689647012306316922949101456466201253300155303082111 [5.858e76]) [staticcall]
    │   │   └─ ← ()
    │   ├─ [0] console::log("Level", 4, "size:", 2) [staticcall]
    │   │   └─ ← ()
    │   ├─ [0] console::log("Added to proof:", 21979652522633138675855471474548080148032271092062185065410366224797086795229 [2.197e76]) [staticcall]
    │   │   └─ ← ()
    │   ├─ [0] console::log("Final proof length:", 5) [staticcall]
    │   │   └─ ← ()
    │   └─ ← [0x036491cc10808eeb0ff717314df6f19ba2e232d04d5f039f6fa382cae41641da, 0x5f0e01babb612c872c711c3804090c0fcd42d13e2ddbd99d21e73f30afa59e35, 0xc8204db79981b461dca6928459414628e9784deec1c74154434eb580b50868e3, 0x8188ac2f87ba406f83118b08d992d3fa8d32cc600972164a103cefd56f28387f, 0x30980adf44ec5892ff4ea3c608050515b01f7dd94be63b1753067cb9601445dd]
    ├─ [0] console::log("--- Verification details for leaf 2 after adding 17 leaves ---") [staticcall]
    │   └─ ← ()
    ├─ [16209] MerkleStorageOZ::verifyLeaf(0x6c65616632, [0x036491cc10808eeb0ff717314df6f19ba2e232d04d5f039f6fa382cae41641da, 0x5f0e01babb612c872c711c3804090c0fcd42d13e2ddbd99d21e73f30afa59e35, 0xc8204db79981b461dca6928459414628e9784deec1c74154434eb580b50868e3, 0x8188ac2f87ba406f83118b08d992d3fa8d32cc600972164a103cefd56f28387f, 0x30980adf44ec5892ff4ea3c608050515b01f7dd94be63b1753067cb9601445dd]) [staticcall]
    │   ├─ [0] console::log("Verifying leaf:", 84303433209692230857384970403333823748570319246869449369625637863858470744792 [8.43e76]) [staticcall]
    │   │   └─ ← ()
    │   ├─ [0] console::log("Merkle root:", 104386986634690828780419146180048581566396045312451072322945443743816513611056 [1.043e77]) [staticcall]
    │   │   └─ ← ()
    │   ├─ [0] console::log("Proof length:", 5) [staticcall]
    │   │   └─ ← ()
    │   ├─ [0] console::log("Proof element", 0, ":", 1534629507014924801801850062420965747762703560098700086918056654539096211930 [1.534e75]) [staticcall]
    │   │   └─ ← ()
    │   ├─ [0] console::log("Computed hash after element", 0, ":", 4819654492366420278237764346194618123787186199882361681321774604810163462263 [4.819e75]) [staticcall]
    │   │   └─ ← ()
    │   ├─ [0] console::log("Proof element", 1, ":", 42994468410347004737970376126143620665813473361490896099477539813509562736181 [4.299e76]) [staticcall]
    │   │   └─ ← ()
    │   ├─ [0] console::log("Computed hash after element", 1, ":", 86167276729270415220365293603154116830872546334163333883227179387055231533441 [8.616e76]) [staticcall]
    │   │   └─ ← ()
    │   ├─ [0] console::log("Proof element", 2, ":", 90519645207031266945590244632322326520069529432013691057992262226385608141027 [9.051e76]) [staticcall]
    │   │   └─ ← ()
    │   ├─ [0] console::log("Computed hash after element", 2, ":", 44812029912269844639383167223451376600872748978496635971607178627452478213724 [4.481e76]) [staticcall]
    │   │   └─ ← ()
    │   ├─ [0] console::log("Proof element", 3, ":", 58589837049834144583211226689647012306316922949101456466201253300155303082111 [5.858e76]) [staticcall]
    │   │   └─ ← ()
    │   ├─ [0] console::log("Computed hash after element", 3, ":", 86128377917019908445957012829255022949550602761192088501649658527506321620714 [8.612e76]) [staticcall]
    │   │   └─ ← ()
    │   ├─ [0] console::log("Proof element", 4, ":", 21979652522633138675855471474548080148032271092062185065410366224797086795229 [2.197e76]) [staticcall]
    │   │   └─ ← ()
    │   ├─ [0] console::log("Computed hash after element", 4, ":", 104386986634690828780419146180048581566396045312451072322945443743816513611056 [1.043e77]) [staticcall]
    │   │   └─ ← ()
    │   ├─ [0] console::log("Is valid:", true) [staticcall]
    │   │   └─ ← ()
    │   └─ ← true
    ├─ [0] console::log("--- End of verification details ---") [staticcall]
    │   └─ ← ()
    ├─ [0] console::log("Successfully verified leaf 2 after adding 17 leaves") [staticcall]
    │   └─ ← ()
    ├─ [36266] MerkleStorageOZ::getProof(2) [staticcall]
    │   ├─ [0] console::log("Getting proof for leaf index:", 2) [staticcall]
    │   │   └─ ← ()
    │   ├─ [0] console::log("Tree depth:", 5) [staticcall]
    │   │   └─ ← ()
    │   ├─ [0] console::log("Level", 0, "size:", 17) [staticcall]
    │   │   └─ ← ()
    │   ├─ [0] console::log("Added to proof:", 9718660262289985226213547307049526568607798083323067650698233131271439501106 [9.718e75]) [staticcall]
    │   │   └─ ← ()
    │   ├─ [0] console::log("Level", 1, "size:", 9) [staticcall]
    │   │   └─ ← ()
    │   ├─ [0] console::log("Added to proof:", 4819654492366420278237764346194618123787186199882361681321774604810163462263 [4.819e75]) [staticcall]
    │   │   └─ ← ()
    │   ├─ [0] console::log("Level", 2, "size:", 5) [staticcall]
    │   │   └─ ← ()
    │   ├─ [0] console::log("Added to proof:", 90519645207031266945590244632322326520069529432013691057992262226385608141027 [9.051e76]) [staticcall]
    │   │   └─ ← ()
    │   ├─ [0] console::log("Level", 3, "size:", 3) [staticcall]
    │   │   └─ ← ()
    │   ├─ [0] console::log("Added to proof:", 58589837049834144583211226689647012306316922949101456466201253300155303082111 [5.858e76]) [staticcall]
    │   │   └─ ← ()
    │   ├─ [0] console::log("Level", 4, "size:", 2) [staticcall]
    │   │   └─ ← ()
    │   ├─ [0] console::log("Added to proof:", 21979652522633138675855471474548080148032271092062185065410366224797086795229 [2.197e76]) [staticcall]
    │   │   └─ ← ()
    │   ├─ [0] console::log("Final proof length:", 5) [staticcall]
    │   │   └─ ← ()
    │   └─ ← [0x157c9118369926e028fa6cf8dfe68c750c1adbd7b0e4918c2b3a23fe4017c732, 0x0aa7d3e8df6bbfe087828aef70a86fff5964660e89f14cbbbe406695bc1e2077, 0xc8204db79981b461dca6928459414628e9784deec1c74154434eb580b50868e3, 0x8188ac2f87ba406f83118b08d992d3fa8d32cc600972164a103cefd56f28387f, 0x30980adf44ec5892ff4ea3c608050515b01f7dd94be63b1753067cb9601445dd]
    ├─ [0] console::log("--- Verification details for leaf 3 after adding 17 leaves ---") [staticcall]
    │   └─ ← ()
    ├─ [16199] MerkleStorageOZ::verifyLeaf(0x6c65616633, [0x157c9118369926e028fa6cf8dfe68c750c1adbd7b0e4918c2b3a23fe4017c732, 0x0aa7d3e8df6bbfe087828aef70a86fff5964660e89f14cbbbe406695bc1e2077, 0xc8204db79981b461dca6928459414628e9784deec1c74154434eb580b50868e3, 0x8188ac2f87ba406f83118b08d992d3fa8d32cc600972164a103cefd56f28387f, 0x30980adf44ec5892ff4ea3c608050515b01f7dd94be63b1753067cb9601445dd]) [staticcall]
    │   ├─ [0] console::log("Verifying leaf:", 114806096316174656260172984043681595992173194076043313710926606652151351550195 [1.148e77]) [staticcall]
    │   │   └─ ← ()
    │   ├─ [0] console::log("Merkle root:", 104386986634690828780419146180048581566396045312451072322945443743816513611056 [1.043e77]) [staticcall]
    │   │   └─ ← ()
    │   ├─ [0] console::log("Proof length:", 5) [staticcall]
    │   │   └─ ← ()
    │   ├─ [0] console::log("Proof element", 0, ":", 9718660262289985226213547307049526568607798083323067650698233131271439501106 [9.718e75]) [staticcall]
    │   │   └─ ← ()
    │   ├─ [0] console::log("Computed hash after element", 0, ":", 42994468410347004737970376126143620665813473361490896099477539813509562736181 [4.299e76]) [staticcall]
    │   │   └─ ← ()
    │   ├─ [0] console::log("Proof element", 1, ":", 4819654492366420278237764346194618123787186199882361681321774604810163462263 [4.819e75]) [staticcall]
    │   │   └─ ← ()
    │   ├─ [0] console::log("Computed hash after element", 1, ":", 86167276729270415220365293603154116830872546334163333883227179387055231533441 [8.616e76]) [staticcall]
    │   │   └─ ← ()
    │   ├─ [0] console::log("Proof element", 2, ":", 90519645207031266945590244632322326520069529432013691057992262226385608141027 [9.051e76]) [staticcall]
    │   │   └─ ← ()
    │   ├─ [0] console::log("Computed hash after element", 2, ":", 44812029912269844639383167223451376600872748978496635971607178627452478213724 [4.481e76]) [staticcall]
    │   │   └─ ← ()
    │   ├─ [0] console::log("Proof element", 3, ":", 58589837049834144583211226689647012306316922949101456466201253300155303082111 [5.858e76]) [staticcall]
    │   │   └─ ← ()
    │   ├─ [0] console::log("Computed hash after element", 3, ":", 86128377917019908445957012829255022949550602761192088501649658527506321620714 [8.612e76]) [staticcall]
    │   │   └─ ← ()
    │   ├─ [0] console::log("Proof element", 4, ":", 21979652522633138675855471474548080148032271092062185065410366224797086795229 [2.197e76]) [staticcall]
    │   │   └─ ← ()
    │   ├─ [0] console::log("Computed hash after element", 4, ":", 104386986634690828780419146180048581566396045312451072322945443743816513611056 [1.043e77]) [staticcall]
    │   │   └─ ← ()
    │   ├─ [0] console::log("Is valid:", true) [staticcall]
    │   │   └─ ← ()
    │   └─ ← true
    ├─ [0] console::log("--- End of verification details ---") [staticcall]
    │   └─ ← ()
    ├─ [0] console::log("Successfully verified leaf 3 after adding 17 leaves") [staticcall]
    │   └─ ← ()
    ├─ [36181] MerkleStorageOZ::getProof(3) [staticcall]
    │   ├─ [0] console::log("Getting proof for leaf index:", 3) [staticcall]
    │   │   └─ ← ()
    │   ├─ [0] console::log("Tree depth:", 5) [staticcall]
    │   │   └─ ← ()
    │   ├─ [0] console::log("Level", 0, "size:", 17) [staticcall]
    │   │   └─ ← ()
    │   ├─ [0] console::log("Added to proof:", 114806096316174656260172984043681595992173194076043313710926606652151351550195 [1.148e77]) [staticcall]
    │   │   └─ ← ()
    │   ├─ [0] console::log("Level", 1, "size:", 9) [staticcall]
    │   │   └─ ← ()
    │   ├─ [0] console::log("Added to proof:", 4819654492366420278237764346194618123787186199882361681321774604810163462263 [4.819e75]) [staticcall]
    │   │   └─ ← ()
    │   ├─ [0] console::log("Level", 2, "size:", 5) [staticcall]
    │   │   └─ ← ()
    │   ├─ [0] console::log("Added to proof:", 90519645207031266945590244632322326520069529432013691057992262226385608141027 [9.051e76]) [staticcall]
    │   │   └─ ← ()
    │   ├─ [0] console::log("Level", 3, "size:", 3) [staticcall]
    │   │   └─ ← ()
    │   ├─ [0] console::log("Added to proof:", 58589837049834144583211226689647012306316922949101456466201253300155303082111 [5.858e76]) [staticcall]
    │   │   └─ ← ()
    │   ├─ [0] console::log("Level", 4, "size:", 2) [staticcall]
    │   │   └─ ← ()
    │   ├─ [0] console::log("Added to proof:", 21979652522633138675855471474548080148032271092062185065410366224797086795229 [2.197e76]) [staticcall]
    │   │   └─ ← ()
    │   ├─ [0] console::log("Final proof length:", 5) [staticcall]
    │   │   └─ ← ()
    │   └─ ← [0xfdd1f2a1ec75fe968421a41d2282200de6bec6a21f81080a71b1053d9c0120f3, 0x0aa7d3e8df6bbfe087828aef70a86fff5964660e89f14cbbbe406695bc1e2077, 0xc8204db79981b461dca6928459414628e9784deec1c74154434eb580b50868e3, 0x8188ac2f87ba406f83118b08d992d3fa8d32cc600972164a103cefd56f28387f, 0x30980adf44ec5892ff4ea3c608050515b01f7dd94be63b1753067cb9601445dd]
    ├─ [0] console::log("--- Verification details for leaf 4 after adding 17 leaves ---") [staticcall]
    │   └─ ← ()
    ├─ [16209] MerkleStorageOZ::verifyLeaf(0x6c65616634, [0xfdd1f2a1ec75fe968421a41d2282200de6bec6a21f81080a71b1053d9c0120f3, 0x0aa7d3e8df6bbfe087828aef70a86fff5964660e89f14cbbbe406695bc1e2077, 0xc8204db79981b461dca6928459414628e9784deec1c74154434eb580b50868e3, 0x8188ac2f87ba406f83118b08d992d3fa8d32cc600972164a103cefd56f28387f, 0x30980adf44ec5892ff4ea3c608050515b01f7dd94be63b1753067cb9601445dd]) [staticcall]
    │   ├─ [0] console::log("Verifying leaf:", 9718660262289985226213547307049526568607798083323067650698233131271439501106 [9.718e75]) [staticcall]
    │   │   └─ ← ()
    │   ├─ [0] console::log("Merkle root:", 104386986634690828780419146180048581566396045312451072322945443743816513611056 [1.043e77]) [staticcall]
    │   │   └─ ← ()
    │   ├─ [0] console::log("Proof length:", 5) [staticcall]
    │   │   └─ ← ()
    │   ├─ [0] console::log("Proof element", 0, ":", 114806096316174656260172984043681595992173194076043313710926606652151351550195 [1.148e77]) [staticcall]
    │   │   └─ ← ()
    │   ├─ [0] console::log("Computed hash after element", 0, ":", 42994468410347004737970376126143620665813473361490896099477539813509562736181 [4.299e76]) [staticcall]
    │   │   └─ ← ()
    │   ├─ [0] console::log("Proof element", 1, ":", 4819654492366420278237764346194618123787186199882361681321774604810163462263 [4.819e75]) [staticcall]
    │   │   └─ ← ()
    │   ├─ [0] console::log("Computed hash after element", 1, ":", 86167276729270415220365293603154116830872546334163333883227179387055231533441 [8.616e76]) [staticcall]
    │   │   └─ ← ()
    │   ├─ [0] console::log("Proof element", 2, ":", 90519645207031266945590244632322326520069529432013691057992262226385608141027 [9.051e76]) [staticcall]
    │   │   └─ ← ()
    │   ├─ [0] console::log("Computed hash after element", 2, ":", 44812029912269844639383167223451376600872748978496635971607178627452478213724 [4.481e76]) [staticcall]
    │   │   └─ ← ()
    │   ├─ [0] console::log("Proof element", 3, ":", 58589837049834144583211226689647012306316922949101456466201253300155303082111 [5.858e76]) [staticcall]
    │   │   └─ ← ()
    │   ├─ [0] console::log("Computed hash after element", 3, ":", 86128377917019908445957012829255022949550602761192088501649658527506321620714 [8.612e76]) [staticcall]
    │   │   └─ ← ()
    │   ├─ [0] console::log("Proof element", 4, ":", 21979652522633138675855471474548080148032271092062185065410366224797086795229 [2.197e76]) [staticcall]
    │   │   └─ ← ()
    │   ├─ [0] console::log("Computed hash after element", 4, ":", 104386986634690828780419146180048581566396045312451072322945443743816513611056 [1.043e77]) [staticcall]
    │   │   └─ ← ()
    │   ├─ [0] console::log("Is valid:", true) [staticcall]
    │   │   └─ ← ()
    │   └─ ← true
    ├─ [0] console::log("--- End of verification details ---") [staticcall]
    │   └─ ← ()
    ├─ [0] console::log("Successfully verified leaf 4 after adding 17 leaves") [staticcall]
    │   └─ ← ()
    ├─ [36266] MerkleStorageOZ::getProof(4) [staticcall]
    │   ├─ [0] console::log("Getting proof for leaf index:", 4) [staticcall]
    │   │   └─ ← ()
    │   ├─ [0] console::log("Tree depth:", 5) [staticcall]
    │   │   └─ ← ()
    │   ├─ [0] console::log("Level", 0, "size:", 17) [staticcall]
    │   │   └─ ← ()
    │   ├─ [0] console::log("Added to proof:", 42656216575733633865718546135288608701490211943531992892543518422469545049160 [4.265e76]) [staticcall]
    │   │   └─ ← ()
    │   ├─ [0] console::log("Level", 1, "size:", 9) [staticcall]
    │   │   └─ ← ()
    │   ├─ [0] console::log("Added to proof:", 89139659228322516991511902812947417818976567277539582619759529237285492222351 [8.913e76]) [staticcall]
    │   │   └─ ← ()
    │   ├─ [0] console::log("Level", 2, "size:", 5) [staticcall]
    │   │   └─ ← ()
    │   ├─ [0] console::log("Added to proof:", 86167276729270415220365293603154116830872546334163333883227179387055231533441 [8.616e76]) [staticcall]
    │   │   └─ ← ()
    │   ├─ [0] console::log("Level", 3, "size:", 3) [staticcall]
    │   │   └─ ← ()
    │   ├─ [0] console::log("Added to proof:", 58589837049834144583211226689647012306316922949101456466201253300155303082111 [5.858e76]) [staticcall]
    │   │   └─ ← ()
    │   ├─ [0] console::log("Level", 4, "size:", 2) [staticcall]
    │   │   └─ ← ()
    │   ├─ [0] console::log("Added to proof:", 21979652522633138675855471474548080148032271092062185065410366224797086795229 [2.197e76]) [staticcall]
    │   │   └─ ← ()
    │   ├─ [0] console::log("Final proof length:", 5) [staticcall]
    │   │   └─ ← ()
    │   └─ ← [0x5e4e9020e0ae47d1b353192e416c1873ec642cb2e75d68faa1be2665df6c3c48, 0xc513425acc7aa543abb5dc1ff382f69776a7ff7f57d334f6cea222ae2803e98f, 0xbe80f348526b4646bc0697bf2fe649f1835863538924cb6b91ad4eb57ced0181, 0x8188ac2f87ba406f83118b08d992d3fa8d32cc600972164a103cefd56f28387f, 0x30980adf44ec5892ff4ea3c608050515b01f7dd94be63b1753067cb9601445dd]
    ├─ [0] console::log("--- Verification details for leaf 5 after adding 17 leaves ---") [staticcall]
    │   └─ ← ()
    ├─ [16209] MerkleStorageOZ::verifyLeaf(0x6c65616635, [0x5e4e9020e0ae47d1b353192e416c1873ec642cb2e75d68faa1be2665df6c3c48, 0xc513425acc7aa543abb5dc1ff382f69776a7ff7f57d334f6cea222ae2803e98f, 0xbe80f348526b4646bc0697bf2fe649f1835863538924cb6b91ad4eb57ced0181, 0x8188ac2f87ba406f83118b08d992d3fa8d32cc600972164a103cefd56f28387f, 0x30980adf44ec5892ff4ea3c608050515b01f7dd94be63b1753067cb9601445dd]) [staticcall]
    │   ├─ [0] console::log("Verifying leaf:", 3327891084304698462684256911003812127873740397003554529128445276024109161606 [3.327e75]) [staticcall]
    │   │   └─ ← ()
    │   ├─ [0] console::log("Merkle root:", 104386986634690828780419146180048581566396045312451072322945443743816513611056 [1.043e77]) [staticcall]
    │   │   └─ ← ()
    │   ├─ [0] console::log("Proof length:", 5) [staticcall]
    │   │   └─ ← ()
    │   ├─ [0] console::log("Proof element", 0, ":", 42656216575733633865718546135288608701490211943531992892543518422469545049160 [4.265e76]) [staticcall]
    │   │   └─ ← ()
    │   ├─ [0] console::log("Computed hash after element", 0, ":", 79680312521381101304386615379526824036772258414601889669286272159596699208134 [7.968e76]) [staticcall]
    │   │   └─ ← ()
    │   ├─ [0] console::log("Proof element", 1, ":", 89139659228322516991511902812947417818976567277539582619759529237285492222351 [8.913e76]) [staticcall]
    │   │   └─ ← ()
    │   ├─ [0] console::log("Computed hash after element", 1, ":", 90519645207031266945590244632322326520069529432013691057992262226385608141027 [9.051e76]) [staticcall]
    │   │   └─ ← ()
    │   ├─ [0] console::log("Proof element", 2, ":", 86167276729270415220365293603154116830872546334163333883227179387055231533441 [8.616e76]) [staticcall]
    │   │   └─ ← ()
    │   ├─ [0] console::log("Computed hash after element", 2, ":", 44812029912269844639383167223451376600872748978496635971607178627452478213724 [4.481e76]) [staticcall]
    │   │   └─ ← ()
    │   ├─ [0] console::log("Proof element", 3, ":", 58589837049834144583211226689647012306316922949101456466201253300155303082111 [5.858e76]) [staticcall]
    │   │   └─ ← ()
    │   ├─ [0] console::log("Computed hash after element", 3, ":", 86128377917019908445957012829255022949550602761192088501649658527506321620714 [8.612e76]) [staticcall]
    │   │   └─ ← ()
    │   ├─ [0] console::log("Proof element", 4, ":", 21979652522633138675855471474548080148032271092062185065410366224797086795229 [2.197e76]) [staticcall]
    │   │   └─ ← ()
    │   ├─ [0] console::log("Computed hash after element", 4, ":", 104386986634690828780419146180048581566396045312451072322945443743816513611056 [1.043e77]) [staticcall]
    │   │   └─ ← ()
    │   ├─ [0] console::log("Is valid:", true) [staticcall]
    │   │   └─ ← ()
    │   └─ ← true
    ├─ [0] console::log("--- End of verification details ---") [staticcall]
    │   └─ ← ()
    ├─ [0] console::log("Successfully verified leaf 5 after adding 17 leaves") [staticcall]
    │   └─ ← ()
    ├─ [36181] MerkleStorageOZ::getProof(5) [staticcall]
    │   ├─ [0] console::log("Getting proof for leaf index:", 5) [staticcall]
    │   │   └─ ← ()
    │   ├─ [0] console::log("Tree depth:", 5) [staticcall]
    │   │   └─ ← ()
    │   ├─ [0] console::log("Level", 0, "size:", 17) [staticcall]
    │   │   └─ ← ()
    │   ├─ [0] console::log("Added to proof:", 3327891084304698462684256911003812127873740397003554529128445276024109161606 [3.327e75]) [staticcall]
    │   │   └─ ← ()
    │   ├─ [0] console::log("Level", 1, "size:", 9) [staticcall]
    │   │   └─ ← ()
    │   ├─ [0] console::log("Added to proof:", 89139659228322516991511902812947417818976567277539582619759529237285492222351 [8.913e76]) [staticcall]
    │   │   └─ ← ()
    │   ├─ [0] console::log("Level", 2, "size:", 5) [staticcall]
    │   │   └─ ← ()
    │   ├─ [0] console::log("Added to proof:", 86167276729270415220365293603154116830872546334163333883227179387055231533441 [8.616e76]) [staticcall]
    │   │   └─ ← ()
    │   ├─ [0] console::log("Level", 3, "size:", 3) [staticcall]
    │   │   └─ ← ()
    │   ├─ [0] console::log("Added to proof:", 58589837049834144583211226689647012306316922949101456466201253300155303082111 [5.858e76]) [staticcall]
    │   │   └─ ← ()
    │   ├─ [0] console::log("Level", 4, "size:", 2) [staticcall]
    │   │   └─ ← ()
    │   ├─ [0] console::log("Added to proof:", 21979652522633138675855471474548080148032271092062185065410366224797086795229 [2.197e76]) [staticcall]
    │   │   └─ ← ()
    │   ├─ [0] console::log("Final proof length:", 5) [staticcall]
    │   │   └─ ← ()
    │   └─ ← [0x075b8504c98679ed33a097ef9b1466e8f4652142d4b19ab2c37fdf1668a65c86, 0xc513425acc7aa543abb5dc1ff382f69776a7ff7f57d334f6cea222ae2803e98f, 0xbe80f348526b4646bc0697bf2fe649f1835863538924cb6b91ad4eb57ced0181, 0x8188ac2f87ba406f83118b08d992d3fa8d32cc600972164a103cefd56f28387f, 0x30980adf44ec5892ff4ea3c608050515b01f7dd94be63b1753067cb9601445dd]
    ├─ [0] console::log("--- Verification details for leaf 6 after adding 17 leaves ---") [staticcall]
    │   └─ ← ()
    ├─ [16199] MerkleStorageOZ::verifyLeaf(0x6c65616636, [0x075b8504c98679ed33a097ef9b1466e8f4652142d4b19ab2c37fdf1668a65c86, 0xc513425acc7aa543abb5dc1ff382f69776a7ff7f57d334f6cea222ae2803e98f, 0xbe80f348526b4646bc0697bf2fe649f1835863538924cb6b91ad4eb57ced0181, 0x8188ac2f87ba406f83118b08d992d3fa8d32cc600972164a103cefd56f28387f, 0x30980adf44ec5892ff4ea3c608050515b01f7dd94be63b1753067cb9601445dd]) [staticcall]
    │   ├─ [0] console::log("Verifying leaf:", 42656216575733633865718546135288608701490211943531992892543518422469545049160 [4.265e76]) [staticcall]
    │   │   └─ ← ()
    │   ├─ [0] console::log("Merkle root:", 104386986634690828780419146180048581566396045312451072322945443743816513611056 [1.043e77]) [staticcall]
    │   │   └─ ← ()
    │   ├─ [0] console::log("Proof length:", 5) [staticcall]
    │   │   └─ ← ()
    │   ├─ [0] console::log("Proof element", 0, ":", 3327891084304698462684256911003812127873740397003554529128445276024109161606 [3.327e75]) [staticcall]
    │   │   └─ ← ()
    │   ├─ [0] console::log("Computed hash after element", 0, ":", 79680312521381101304386615379526824036772258414601889669286272159596699208134 [7.968e76]) [staticcall]
    │   │   └─ ← ()
    │   ├─ [0] console::log("Proof element", 1, ":", 89139659228322516991511902812947417818976567277539582619759529237285492222351 [8.913e76]) [staticcall]
    │   │   └─ ← ()
    │   ├─ [0] console::log("Computed hash after element", 1, ":", 90519645207031266945590244632322326520069529432013691057992262226385608141027 [9.051e76]) [staticcall]
    │   │   └─ ← ()
    │   ├─ [0] console::log("Proof element", 2, ":", 86167276729270415220365293603154116830872546334163333883227179387055231533441 [8.616e76]) [staticcall]
    │   │   └─ ← ()
    │   ├─ [0] console::log("Computed hash after element", 2, ":", 44812029912269844639383167223451376600872748978496635971607178627452478213724 [4.481e76]) [staticcall]
    │   │   └─ ← ()
    │   ├─ [0] console::log("Proof element", 3, ":", 58589837049834144583211226689647012306316922949101456466201253300155303082111 [5.858e76]) [staticcall]
    │   │   └─ ← ()
    │   ├─ [0] console::log("Computed hash after element", 3, ":", 86128377917019908445957012829255022949550602761192088501649658527506321620714 [8.612e76]) [staticcall]
    │   │   └─ ← ()
    │   ├─ [0] console::log("Proof element", 4, ":", 21979652522633138675855471474548080148032271092062185065410366224797086795229 [2.197e76]) [staticcall]
    │   │   └─ ← ()
    │   ├─ [0] console::log("Computed hash after element", 4, ":", 104386986634690828780419146180048581566396045312451072322945443743816513611056 [1.043e77]) [staticcall]
    │   │   └─ ← ()
    │   ├─ [0] console::log("Is valid:", true) [staticcall]
    │   │   └─ ← ()
    │   └─ ← true
    ├─ [0] console::log("--- End of verification details ---") [staticcall]
    │   └─ ← ()
    ├─ [0] console::log("Successfully verified leaf 6 after adding 17 leaves") [staticcall]
    │   └─ ← ()
    ├─ [36181] MerkleStorageOZ::getProof(6) [staticcall]
    │   ├─ [0] console::log("Getting proof for leaf index:", 6) [staticcall]
    │   │   └─ ← ()
    │   ├─ [0] console::log("Tree depth:", 5) [staticcall]
    │   │   └─ ← ()
    │   ├─ [0] console::log("Level", 0, "size:", 17) [staticcall]
    │   │   └─ ← ()
    │   ├─ [0] console::log("Added to proof:", 41333877701255859865019379003725985110118058655845990608936096526874421775531 [4.133e76]) [staticcall]
    │   │   └─ ← ()
    │   ├─ [0] console::log("Level", 1, "size:", 9) [staticcall]
    │   │   └─ ← ()
    │   ├─ [0] console::log("Added to proof:", 79680312521381101304386615379526824036772258414601889669286272159596699208134 [7.968e76]) [staticcall]
    │   │   └─ ← ()
    │   ├─ [0] console::log("Level", 2, "size:", 5) [staticcall]
    │   │   └─ ← ()
    │   ├─ [0] console::log("Added to proof:", 86167276729270415220365293603154116830872546334163333883227179387055231533441 [8.616e76]) [staticcall]
    │   │   └─ ← ()
    │   ├─ [0] console::log("Level", 3, "size:", 3) [staticcall]
    │   │   └─ ← ()
    │   ├─ [0] console::log("Added to proof:", 58589837049834144583211226689647012306316922949101456466201253300155303082111 [5.858e76]) [staticcall]
    │   │   └─ ← ()
    │   ├─ [0] console::log("Level", 4, "size:", 2) [staticcall]
    │   │   └─ ← ()
    │   ├─ [0] console::log("Added to proof:", 21979652522633138675855471474548080148032271092062185065410366224797086795229 [2.197e76]) [staticcall]
    │   │   └─ ← ()
    │   ├─ [0] console::log("Final proof length:", 5) [staticcall]
    │   │   └─ ← ()
    │   └─ ← [0x5b62254e0339ae673a4773d31a564007f04f6ccf4934746b49ada87734d04cab, 0xb029756cee16464a69763ada5c6cf8b91c34e842abc58c709550cdda1e5049c6, 0xbe80f348526b4646bc0697bf2fe649f1835863538924cb6b91ad4eb57ced0181, 0x8188ac2f87ba406f83118b08d992d3fa8d32cc600972164a103cefd56f28387f, 0x30980adf44ec5892ff4ea3c608050515b01f7dd94be63b1753067cb9601445dd]
    ├─ [0] console::log("--- Verification details for leaf 7 after adding 17 leaves ---") [staticcall]
    │   └─ ← ()
    ├─ [16189] MerkleStorageOZ::verifyLeaf(0x6c65616637, [0x5b62254e0339ae673a4773d31a564007f04f6ccf4934746b49ada87734d04cab, 0xb029756cee16464a69763ada5c6cf8b91c34e842abc58c709550cdda1e5049c6, 0xbe80f348526b4646bc0697bf2fe649f1835863538924cb6b91ad4eb57ced0181, 0x8188ac2f87ba406f83118b08d992d3fa8d32cc600972164a103cefd56f28387f, 0x30980adf44ec5892ff4ea3c608050515b01f7dd94be63b1753067cb9601445dd]) [staticcall]
    │   ├─ [0] console::log("Verifying leaf:", 77058788664304649396218556642747909996121735590822886025965307874683454946759 [7.705e76]) [staticcall]
    │   │   └─ ← ()
    │   ├─ [0] console::log("Merkle root:", 104386986634690828780419146180048581566396045312451072322945443743816513611056 [1.043e77]) [staticcall]
    │   │   └─ ← ()
    │   ├─ [0] console::log("Proof length:", 5) [staticcall]
    │   │   └─ ← ()
    │   ├─ [0] console::log("Proof element", 0, ":", 41333877701255859865019379003725985110118058655845990608936096526874421775531 [4.133e76]) [staticcall]
    │   │   └─ ← ()
    │   ├─ [0] console::log("Computed hash after element", 0, ":", 89139659228322516991511902812947417818976567277539582619759529237285492222351 [8.913e76]) [staticcall]
    │   │   └─ ← ()
    │   ├─ [0] console::log("Proof element", 1, ":", 79680312521381101304386615379526824036772258414601889669286272159596699208134 [7.968e76]) [staticcall]
    │   │   └─ ← ()
    │   ├─ [0] console::log("Computed hash after element", 1, ":", 90519645207031266945590244632322326520069529432013691057992262226385608141027 [9.051e76]) [staticcall]
    │   │   └─ ← ()
    │   ├─ [0] console::log("Proof element", 2, ":", 86167276729270415220365293603154116830872546334163333883227179387055231533441 [8.616e76]) [staticcall]
    │   │   └─ ← ()
    │   ├─ [0] console::log("Computed hash after element", 2, ":", 44812029912269844639383167223451376600872748978496635971607178627452478213724 [4.481e76]) [staticcall]
    │   │   └─ ← ()
    │   ├─ [0] console::log("Proof element", 3, ":", 58589837049834144583211226689647012306316922949101456466201253300155303082111 [5.858e76]) [staticcall]
    │   │   └─ ← ()
    │   ├─ [0] console::log("Computed hash after element", 3, ":", 86128377917019908445957012829255022949550602761192088501649658527506321620714 [8.612e76]) [staticcall]
    │   │   └─ ← ()
    │   ├─ [0] console::log("Proof element", 4, ":", 21979652522633138675855471474548080148032271092062185065410366224797086795229 [2.197e76]) [staticcall]
    │   │   └─ ← ()
    │   ├─ [0] console::log("Computed hash after element", 4, ":", 104386986634690828780419146180048581566396045312451072322945443743816513611056 [1.043e77]) [staticcall]
    │   │   └─ ← ()
    │   ├─ [0] console::log("Is valid:", true) [staticcall]
    │   │   └─ ← ()
    │   └─ ← true
    ├─ [0] console::log("--- End of verification details ---") [staticcall]
    │   └─ ← ()
    ├─ [0] console::log("Successfully verified leaf 7 after adding 17 leaves") [staticcall]
    │   └─ ← ()
    ├─ [36096] MerkleStorageOZ::getProof(7) [staticcall]
    │   ├─ [0] console::log("Getting proof for leaf index:", 7) [staticcall]
    │   │   └─ ← ()
    │   ├─ [0] console::log("Tree depth:", 5) [staticcall]
    │   │   └─ ← ()
    │   ├─ [0] console::log("Level", 0, "size:", 17) [staticcall]
    │   │   └─ ← ()
    │   ├─ [0] console::log("Added to proof:", 77058788664304649396218556642747909996121735590822886025965307874683454946759 [7.705e76]) [staticcall]
    │   │   └─ ← ()
    │   ├─ [0] console::log("Level", 1, "size:", 9) [staticcall]
    │   │   └─ ← ()
    │   ├─ [0] console::log("Added to proof:", 79680312521381101304386615379526824036772258414601889669286272159596699208134 [7.968e76]) [staticcall]
    │   │   └─ ← ()
    │   ├─ [0] console::log("Level", 2, "size:", 5) [staticcall]
    │   │   └─ ← ()
    │   ├─ [0] console::log("Added to proof:", 86167276729270415220365293603154116830872546334163333883227179387055231533441 [8.616e76]) [staticcall]
    │   │   └─ ← ()
    │   ├─ [0] console::log("Level", 3, "size:", 3) [staticcall]
    │   │   └─ ← ()
    │   ├─ [0] console::log("Added to proof:", 58589837049834144583211226689647012306316922949101456466201253300155303082111 [5.858e76]) [staticcall]
    │   │   └─ ← ()
    │   ├─ [0] console::log("Level", 4, "size:", 2) [staticcall]
    │   │   └─ ← ()
    │   ├─ [0] console::log("Added to proof:", 21979652522633138675855471474548080148032271092062185065410366224797086795229 [2.197e76]) [staticcall]
    │   │   └─ ← ()
    │   ├─ [0] console::log("Final proof length:", 5) [staticcall]
    │   │   └─ ← ()
    │   └─ ← [0xaa5dba90c8178f75a5eb7bdb098f0cec525bb61e5ba2ad6dc5fa580f163efdc7, 0xb029756cee16464a69763ada5c6cf8b91c34e842abc58c709550cdda1e5049c6, 0xbe80f348526b4646bc0697bf2fe649f1835863538924cb6b91ad4eb57ced0181, 0x8188ac2f87ba406f83118b08d992d3fa8d32cc600972164a103cefd56f28387f, 0x30980adf44ec5892ff4ea3c608050515b01f7dd94be63b1753067cb9601445dd]
    ├─ [0] console::log("--- Verification details for leaf 8 after adding 17 leaves ---") [staticcall]
    │   └─ ← ()
    ├─ [16199] MerkleStorageOZ::verifyLeaf(0x6c65616638, [0xaa5dba90c8178f75a5eb7bdb098f0cec525bb61e5ba2ad6dc5fa580f163efdc7, 0xb029756cee16464a69763ada5c6cf8b91c34e842abc58c709550cdda1e5049c6, 0xbe80f348526b4646bc0697bf2fe649f1835863538924cb6b91ad4eb57ced0181, 0x8188ac2f87ba406f83118b08d992d3fa8d32cc600972164a103cefd56f28387f, 0x30980adf44ec5892ff4ea3c608050515b01f7dd94be63b1753067cb9601445dd]) [staticcall]
    │   ├─ [0] console::log("Verifying leaf:", 41333877701255859865019379003725985110118058655845990608936096526874421775531 [4.133e76]) [staticcall]
    │   │   └─ ← ()
    │   ├─ [0] console::log("Merkle root:", 104386986634690828780419146180048581566396045312451072322945443743816513611056 [1.043e77]) [staticcall]
    │   │   └─ ← ()
    │   ├─ [0] console::log("Proof length:", 5) [staticcall]
    │   │   └─ ← ()
    │   ├─ [0] console::log("Proof element", 0, ":", 77058788664304649396218556642747909996121735590822886025965307874683454946759 [7.705e76]) [staticcall]
    │   │   └─ ← ()
    │   ├─ [0] console::log("Computed hash after element", 0, ":", 89139659228322516991511902812947417818976567277539582619759529237285492222351 [8.913e76]) [staticcall]
    │   │   └─ ← ()
    │   ├─ [0] console::log("Proof element", 1, ":", 79680312521381101304386615379526824036772258414601889669286272159596699208134 [7.968e76]) [staticcall]
    │   │   └─ ← ()
    │   ├─ [0] console::log("Computed hash after element", 1, ":", 90519645207031266945590244632322326520069529432013691057992262226385608141027 [9.051e76]) [staticcall]
    │   │   └─ ← ()
    │   ├─ [0] console::log("Proof element", 2, ":", 86167276729270415220365293603154116830872546334163333883227179387055231533441 [8.616e76]) [staticcall]
    │   │   └─ ← ()
    │   ├─ [0] console::log("Computed hash after element", 2, ":", 44812029912269844639383167223451376600872748978496635971607178627452478213724 [4.481e76]) [staticcall]
    │   │   └─ ← ()
    │   ├─ [0] console::log("Proof element", 3, ":", 58589837049834144583211226689647012306316922949101456466201253300155303082111 [5.858e76]) [staticcall]
    │   │   └─ ← ()
    │   ├─ [0] console::log("Computed hash after element", 3, ":", 86128377917019908445957012829255022949550602761192088501649658527506321620714 [8.612e76]) [staticcall]
    │   │   └─ ← ()
    │   ├─ [0] console::log("Proof element", 4, ":", 21979652522633138675855471474548080148032271092062185065410366224797086795229 [2.197e76]) [staticcall]
    │   │   └─ ← ()
    │   ├─ [0] console::log("Computed hash after element", 4, ":", 104386986634690828780419146180048581566396045312451072322945443743816513611056 [1.043e77]) [staticcall]
    │   │   └─ ← ()
    │   ├─ [0] console::log("Is valid:", true) [staticcall]
    │   │   └─ ← ()
    │   └─ ← true
    ├─ [0] console::log("--- End of verification details ---") [staticcall]
    │   └─ ← ()
    ├─ [0] console::log("Successfully verified leaf 8 after adding 17 leaves") [staticcall]
    │   └─ ← ()
    ├─ [36266] MerkleStorageOZ::getProof(8) [staticcall]
    │   ├─ [0] console::log("Getting proof for leaf index:", 8) [staticcall]
    │   │   └─ ← ()
    │   ├─ [0] console::log("Tree depth:", 5) [staticcall]
    │   │   └─ ← ()
    │   ├─ [0] console::log("Level", 0, "size:", 17) [staticcall]
    │   │   └─ ← ()
    │   ├─ [0] console::log("Added to proof:", 19972288769315928479630679177845711677268766594983667860090139443496462084286 [1.997e76]) [staticcall]
    │   │   └─ ← ()
    │   ├─ [0] console::log("Level", 1, "size:", 9) [staticcall]
    │   │   └─ ← ()
    │   ├─ [0] console::log("Added to proof:", 86830204781467795827957492631466613281393886399951120238877606491319470472592 [8.683e76]) [staticcall]
    │   │   └─ ← ()
    │   ├─ [0] console::log("Level", 2, "size:", 5) [staticcall]
    │   │   └─ ← ()
    │   ├─ [0] console::log("Added to proof:", 71129321183645985042233441554048622660549772896301430670938088189986418104761 [7.112e76]) [staticcall]
    │   │   └─ ← ()
    │   ├─ [0] console::log("Level", 3, "size:", 3) [staticcall]
    │   │   └─ ← ()
    │   ├─ [0] console::log("Added to proof:", 44812029912269844639383167223451376600872748978496635971607178627452478213724 [4.481e76]) [staticcall]
    │   │   └─ ← ()
    │   ├─ [0] console::log("Level", 4, "size:", 2) [staticcall]
    │   │   └─ ← ()
    │   ├─ [0] console::log("Added to proof:", 21979652522633138675855471474548080148032271092062185065410366224797086795229 [2.197e76]) [staticcall]
    │   │   └─ ← ()
    │   ├─ [0] console::log("Final proof length:", 5) [staticcall]
    │   │   └─ ← ()
    │   └─ ← [0x2c27ea3376eac042eece8f0c78a7d7051fe8b7945d2746e7c321d2b5968468be, 0xbff82780689fb511deecdc2c0b8617120192ec77d9ea1e66d818d078c2b93d90, 0x9d41c4e44937cf4145290fe7608388df300aac1673c26cd3122cde8c7e5a99b9, 0x6312b5c9c0f90c16707fa38ba42f8fe1608c5fa99a1772af08b1ea466614ce5c, 0x30980adf44ec5892ff4ea3c608050515b01f7dd94be63b1753067cb9601445dd]
    ├─ [0] console::log("--- Verification details for leaf 9 after adding 17 leaves ---") [staticcall]
    │   └─ ← ()
    ├─ [16179] MerkleStorageOZ::verifyLeaf(0x6c65616639, [0x2c27ea3376eac042eece8f0c78a7d7051fe8b7945d2746e7c321d2b5968468be, 0xbff82780689fb511deecdc2c0b8617120192ec77d9ea1e66d818d078c2b93d90, 0x9d41c4e44937cf4145290fe7608388df300aac1673c26cd3122cde8c7e5a99b9, 0x6312b5c9c0f90c16707fa38ba42f8fe1608c5fa99a1772af08b1ea466614ce5c, 0x30980adf44ec5892ff4ea3c608050515b01f7dd94be63b1753067cb9601445dd]) [staticcall]
    │   ├─ [0] console::log("Verifying leaf:", 83097023403658896075826216087624068326805273787826444717403742070225742999267 [8.309e76]) [staticcall]
    │   │   └─ ← ()
    │   ├─ [0] console::log("Merkle root:", 104386986634690828780419146180048581566396045312451072322945443743816513611056 [1.043e77]) [staticcall]
    │   │   └─ ← ()
    │   ├─ [0] console::log("Proof length:", 5) [staticcall]
    │   │   └─ ← ()
    │   ├─ [0] console::log("Proof element", 0, ":", 19972288769315928479630679177845711677268766594983667860090139443496462084286 [1.997e76]) [staticcall]
    │   │   └─ ← ()
    │   ├─ [0] console::log("Computed hash after element", 0, ":", 110058130168134052799716071097073281996591153893535428294527808496692578065614 [1.1e77]) [staticcall]
    │   │   └─ ← ()
    │   ├─ [0] console::log("Proof element", 1, ":", 86830204781467795827957492631466613281393886399951120238877606491319470472592 [8.683e76]) [staticcall]
    │   │   └─ ← ()
    │   ├─ [0] console::log("Computed hash after element", 1, ":", 107653161125649642032491443308982527566324346567968513637810199776622513001405 [1.076e77]) [staticcall]
    │   │   └─ ← ()
    │   ├─ [0] console::log("Proof element", 2, ":", 71129321183645985042233441554048622660549772896301430670938088189986418104761 [7.112e76]) [staticcall]
    │   │   └─ ← ()
    │   ├─ [0] console::log("Computed hash after element", 2, ":", 58589837049834144583211226689647012306316922949101456466201253300155303082111 [5.858e76]) [staticcall]
    │   │   └─ ← ()
    │   ├─ [0] console::log("Proof element", 3, ":", 44812029912269844639383167223451376600872748978496635971607178627452478213724 [4.481e76]) [staticcall]
    │   │   └─ ← ()
    │   ├─ [0] console::log("Computed hash after element", 3, ":", 86128377917019908445957012829255022949550602761192088501649658527506321620714 [8.612e76]) [staticcall]
    │   │   └─ ← ()
    │   ├─ [0] console::log("Proof element", 4, ":", 21979652522633138675855471474548080148032271092062185065410366224797086795229 [2.197e76]) [staticcall]
    │   │   └─ ← ()
    │   ├─ [0] console::log("Computed hash after element", 4, ":", 104386986634690828780419146180048581566396045312451072322945443743816513611056 [1.043e77]) [staticcall]
    │   │   └─ ← ()
    │   ├─ [0] console::log("Is valid:", true) [staticcall]
    │   │   └─ ← ()
    │   └─ ← true
    ├─ [0] console::log("--- End of verification details ---") [staticcall]
    │   └─ ← ()
    ├─ [0] console::log("Successfully verified leaf 9 after adding 17 leaves") [staticcall]
    │   └─ ← ()
    ├─ [36181] MerkleStorageOZ::getProof(9) [staticcall]
    │   ├─ [0] console::log("Getting proof for leaf index:", 9) [staticcall]
    │   │   └─ ← ()
    │   ├─ [0] console::log("Tree depth:", 5) [staticcall]
    │   │   └─ ← ()
    │   ├─ [0] console::log("Level", 0, "size:", 17) [staticcall]
    │   │   └─ ← ()
    │   ├─ [0] console::log("Added to proof:", 83097023403658896075826216087624068326805273787826444717403742070225742999267 [8.309e76]) [staticcall]
    │   │   └─ ← ()
    │   ├─ [0] console::log("Level", 1, "size:", 9) [staticcall]
    │   │   └─ ← ()
    │   ├─ [0] console::log("Added to proof:", 86830204781467795827957492631466613281393886399951120238877606491319470472592 [8.683e76]) [staticcall]
    │   │   └─ ← ()
    │   ├─ [0] console::log("Level", 2, "size:", 5) [staticcall]
    │   │   └─ ← ()
    │   ├─ [0] console::log("Added to proof:", 71129321183645985042233441554048622660549772896301430670938088189986418104761 [7.112e76]) [staticcall]
    │   │   └─ ← ()
    │   ├─ [0] console::log("Level", 3, "size:", 3) [staticcall]
    │   │   └─ ← ()
    │   ├─ [0] console::log("Added to proof:", 44812029912269844639383167223451376600872748978496635971607178627452478213724 [4.481e76]) [staticcall]
    │   │   └─ ← ()
    │   ├─ [0] console::log("Level", 4, "size:", 2) [staticcall]
    │   │   └─ ← ()
    │   ├─ [0] console::log("Added to proof:", 21979652522633138675855471474548080148032271092062185065410366224797086795229 [2.197e76]) [staticcall]
    │   │   └─ ← ()
    │   ├─ [0] console::log("Final proof length:", 5) [staticcall]
    │   │   └─ ← ()
    │   └─ ← [0xb7b73f9f206e380e92907f3d38c9caa544ee92ddc0a78c67c76f3eb5e05a2ee3, 0xbff82780689fb511deecdc2c0b8617120192ec77d9ea1e66d818d078c2b93d90, 0x9d41c4e44937cf4145290fe7608388df300aac1673c26cd3122cde8c7e5a99b9, 0x6312b5c9c0f90c16707fa38ba42f8fe1608c5fa99a1772af08b1ea466614ce5c, 0x30980adf44ec5892ff4ea3c608050515b01f7dd94be63b1753067cb9601445dd]
    ├─ [0] console::log("--- Verification details for leaf 10 after adding 17 leaves ---") [staticcall]
    │   └─ ← ()
    ├─ [16189] MerkleStorageOZ::verifyLeaf(0x6c6561663130, [0xb7b73f9f206e380e92907f3d38c9caa544ee92ddc0a78c67c76f3eb5e05a2ee3, 0xbff82780689fb511deecdc2c0b8617120192ec77d9ea1e66d818d078c2b93d90, 0x9d41c4e44937cf4145290fe7608388df300aac1673c26cd3122cde8c7e5a99b9, 0x6312b5c9c0f90c16707fa38ba42f8fe1608c5fa99a1772af08b1ea466614ce5c, 0x30980adf44ec5892ff4ea3c608050515b01f7dd94be63b1753067cb9601445dd]) [staticcall]
    │   ├─ [0] console::log("Verifying leaf:", 19972288769315928479630679177845711677268766594983667860090139443496462084286 [1.997e76]) [staticcall]
    │   │   └─ ← ()
    │   ├─ [0] console::log("Merkle root:", 104386986634690828780419146180048581566396045312451072322945443743816513611056 [1.043e77]) [staticcall]
    │   │   └─ ← ()
    │   ├─ [0] console::log("Proof length:", 5) [staticcall]
    │   │   └─ ← ()
    │   ├─ [0] console::log("Proof element", 0, ":", 83097023403658896075826216087624068326805273787826444717403742070225742999267 [8.309e76]) [staticcall]
    │   │   └─ ← ()
    │   ├─ [0] console::log("Computed hash after element", 0, ":", 110058130168134052799716071097073281996591153893535428294527808496692578065614 [1.1e77]) [staticcall]
    │   │   └─ ← ()
    │   ├─ [0] console::log("Proof element", 1, ":", 86830204781467795827957492631466613281393886399951120238877606491319470472592 [8.683e76]) [staticcall]
    │   │   └─ ← ()
    │   ├─ [0] console::log("Computed hash after element", 1, ":", 107653161125649642032491443308982527566324346567968513637810199776622513001405 [1.076e77]) [staticcall]
    │   │   └─ ← ()
    │   ├─ [0] console::log("Proof element", 2, ":", 71129321183645985042233441554048622660549772896301430670938088189986418104761 [7.112e76]) [staticcall]
    │   │   └─ ← ()
    │   ├─ [0] console::log("Computed hash after element", 2, ":", 58589837049834144583211226689647012306316922949101456466201253300155303082111 [5.858e76]) [staticcall]
    │   │   └─ ← ()
    │   ├─ [0] console::log("Proof element", 3, ":", 44812029912269844639383167223451376600872748978496635971607178627452478213724 [4.481e76]) [staticcall]
    │   │   └─ ← ()
    │   ├─ [0] console::log("Computed hash after element", 3, ":", 86128377917019908445957012829255022949550602761192088501649658527506321620714 [8.612e76]) [staticcall]
    │   │   └─ ← ()
    │   ├─ [0] console::log("Proof element", 4, ":", 21979652522633138675855471474548080148032271092062185065410366224797086795229 [2.197e76]) [staticcall]
    │   │   └─ ← ()
    │   ├─ [0] console::log("Computed hash after element", 4, ":", 104386986634690828780419146180048581566396045312451072322945443743816513611056 [1.043e77]) [staticcall]
    │   │   └─ ← ()
    │   ├─ [0] console::log("Is valid:", true) [staticcall]
    │   │   └─ ← ()
    │   └─ ← true
    ├─ [0] console::log("--- End of verification details ---") [staticcall]
    │   └─ ← ()
    ├─ [0] console::log("Successfully verified leaf 10 after adding 17 leaves") [staticcall]
    │   └─ ← ()
    ├─ [36181] MerkleStorageOZ::getProof(10) [staticcall]
    │   ├─ [0] console::log("Getting proof for leaf index:", 10) [staticcall]
    │   │   └─ ← ()
    │   ├─ [0] console::log("Tree depth:", 5) [staticcall]
    │   │   └─ ← ()
    │   ├─ [0] console::log("Level", 0, "size:", 17) [staticcall]
    │   │   └─ ← ()
    │   ├─ [0] console::log("Added to proof:", 96593053628671560174693064981485823685325506728506954480672468072431603451342 [9.659e76]) [staticcall]
    │   │   └─ ← ()
    │   ├─ [0] console::log("Level", 1, "size:", 9) [staticcall]
    │   │   └─ ← ()
    │   ├─ [0] console::log("Added to proof:", 110058130168134052799716071097073281996591153893535428294527808496692578065614 [1.1e77]) [staticcall]
    │   │   └─ ← ()
    │   ├─ [0] console::log("Level", 2, "size:", 5) [staticcall]
    │   │   └─ ← ()
    │   ├─ [0] console::log("Added to proof:", 71129321183645985042233441554048622660549772896301430670938088189986418104761 [7.112e76]) [staticcall]
    │   │   └─ ← ()
    │   ├─ [0] console::log("Level", 3, "size:", 3) [staticcall]
    │   │   └─ ← ()
    │   ├─ [0] console::log("Added to proof:", 44812029912269844639383167223451376600872748978496635971607178627452478213724 [4.481e76]) [staticcall]
    │   │   └─ ← ()
    │   ├─ [0] console::log("Level", 4, "size:", 2) [staticcall]
    │   │   └─ ← ()
    │   ├─ [0] console::log("Added to proof:", 21979652522633138675855471474548080148032271092062185065410366224797086795229 [2.197e76]) [staticcall]
    │   │   └─ ← ()
    │   ├─ [0] console::log("Final proof length:", 5) [staticcall]
    │   │   └─ ← ()
    │   └─ ← [0xd58dbb1e54dc3320d5987448e4420e22460237351984e558e88f81a4e36085ce, 0xf352b1b5872acb8684bb694175cf18f81a134d5ff86ae93833369c25d9cd9cce, 0x9d41c4e44937cf4145290fe7608388df300aac1673c26cd3122cde8c7e5a99b9, 0x6312b5c9c0f90c16707fa38ba42f8fe1608c5fa99a1772af08b1ea466614ce5c, 0x30980adf44ec5892ff4ea3c608050515b01f7dd94be63b1753067cb9601445dd]
    ├─ [0] console::log("--- Verification details for leaf 11 after adding 17 leaves ---") [staticcall]
    │   └─ ← ()
    ├─ [16199] MerkleStorageOZ::verifyLeaf(0x6c6561663131, [0xd58dbb1e54dc3320d5987448e4420e22460237351984e558e88f81a4e36085ce, 0xf352b1b5872acb8684bb694175cf18f81a134d5ff86ae93833369c25d9cd9cce, 0x9d41c4e44937cf4145290fe7608388df300aac1673c26cd3122cde8c7e5a99b9, 0x6312b5c9c0f90c16707fa38ba42f8fe1608c5fa99a1772af08b1ea466614ce5c, 0x30980adf44ec5892ff4ea3c608050515b01f7dd94be63b1753067cb9601445dd]) [staticcall]
    │   ├─ [0] console::log("Verifying leaf:", 11059502003765752708342665740916089834825294147016530688590526355732680035651 [1.105e76]) [staticcall]
    │   │   └─ ← ()
    │   ├─ [0] console::log("Merkle root:", 104386986634690828780419146180048581566396045312451072322945443743816513611056 [1.043e77]) [staticcall]
    │   │   └─ ← ()
    │   ├─ [0] console::log("Proof length:", 5) [staticcall]
    │   │   └─ ← ()
    │   ├─ [0] console::log("Proof element", 0, ":", 96593053628671560174693064981485823685325506728506954480672468072431603451342 [9.659e76]) [staticcall]
    │   │   └─ ← ()
    │   ├─ [0] console::log("Computed hash after element", 0, ":", 86830204781467795827957492631466613281393886399951120238877606491319470472592 [8.683e76]) [staticcall]
    │   │   └─ ← ()
    │   ├─ [0] console::log("Proof element", 1, ":", 110058130168134052799716071097073281996591153893535428294527808496692578065614 [1.1e77]) [staticcall]
    │   │   └─ ← ()
    │   ├─ [0] console::log("Computed hash after element", 1, ":", 107653161125649642032491443308982527566324346567968513637810199776622513001405 [1.076e77]) [staticcall]
    │   │   └─ ← ()
    │   ├─ [0] console::log("Proof element", 2, ":", 71129321183645985042233441554048622660549772896301430670938088189986418104761 [7.112e76]) [staticcall]
    │   │   └─ ← ()
    │   ├─ [0] console::log("Computed hash after element", 2, ":", 58589837049834144583211226689647012306316922949101456466201253300155303082111 [5.858e76]) [staticcall]
    │   │   └─ ← ()
    │   ├─ [0] console::log("Proof element", 3, ":", 44812029912269844639383167223451376600872748978496635971607178627452478213724 [4.481e76]) [staticcall]
    │   │   └─ ← ()
    │   ├─ [0] console::log("Computed hash after element", 3, ":", 86128377917019908445957012829255022949550602761192088501649658527506321620714 [8.612e76]) [staticcall]
    │   │   └─ ← ()
    │   ├─ [0] console::log("Proof element", 4, ":", 21979652522633138675855471474548080148032271092062185065410366224797086795229 [2.197e76]) [staticcall]
    │   │   └─ ← ()
    │   ├─ [0] console::log("Computed hash after element", 4, ":", 104386986634690828780419146180048581566396045312451072322945443743816513611056 [1.043e77]) [staticcall]
    │   │   └─ ← ()
    │   ├─ [0] console::log("Is valid:", true) [staticcall]
    │   │   └─ ← ()
    │   └─ ← true
    ├─ [0] console::log("--- End of verification details ---") [staticcall]
    │   └─ ← ()
    ├─ [0] console::log("Successfully verified leaf 11 after adding 17 leaves") [staticcall]
    │   └─ ← ()
    ├─ [36096] MerkleStorageOZ::getProof(11) [staticcall]
    │   ├─ [0] console::log("Getting proof for leaf index:", 11) [staticcall]
    │   │   └─ ← ()
    │   ├─ [0] console::log("Tree depth:", 5) [staticcall]
    │   │   └─ ← ()
    │   ├─ [0] console::log("Level", 0, "size:", 17) [staticcall]
    │   │   └─ ← ()
    │   ├─ [0] console::log("Added to proof:", 11059502003765752708342665740916089834825294147016530688590526355732680035651 [1.105e76]) [staticcall]
    │   │   └─ ← ()
    │   ├─ [0] console::log("Level", 1, "size:", 9) [staticcall]
    │   │   └─ ← ()
    │   ├─ [0] console::log("Added to proof:", 110058130168134052799716071097073281996591153893535428294527808496692578065614 [1.1e77]) [staticcall]
    │   │   └─ ← ()
    │   ├─ [0] console::log("Level", 2, "size:", 5) [staticcall]
    │   │   └─ ← ()
    │   ├─ [0] console::log("Added to proof:", 71129321183645985042233441554048622660549772896301430670938088189986418104761 [7.112e76]) [staticcall]
    │   │   └─ ← ()
    │   ├─ [0] console::log("Level", 3, "size:", 3) [staticcall]
    │   │   └─ ← ()
    │   ├─ [0] console::log("Added to proof:", 44812029912269844639383167223451376600872748978496635971607178627452478213724 [4.481e76]) [staticcall]
    │   │   └─ ← ()
    │   ├─ [0] console::log("Level", 4, "size:", 2) [staticcall]
    │   │   └─ ← ()
    │   ├─ [0] console::log("Added to proof:", 21979652522633138675855471474548080148032271092062185065410366224797086795229 [2.197e76]) [staticcall]
    │   │   └─ ← ()
    │   ├─ [0] console::log("Final proof length:", 5) [staticcall]
    │   │   └─ ← ()
    │   └─ ← [0x187374d08f1fbae82b4bfcec5f832bc78271f5d335a3860d721db1e6b05a4d43, 0xf352b1b5872acb8684bb694175cf18f81a134d5ff86ae93833369c25d9cd9cce, 0x9d41c4e44937cf4145290fe7608388df300aac1673c26cd3122cde8c7e5a99b9, 0x6312b5c9c0f90c16707fa38ba42f8fe1608c5fa99a1772af08b1ea466614ce5c, 0x30980adf44ec5892ff4ea3c608050515b01f7dd94be63b1753067cb9601445dd]
    ├─ [0] console::log("--- Verification details for leaf 12 after adding 17 leaves ---") [staticcall]
    │   └─ ← ()
    ├─ [16189] MerkleStorageOZ::verifyLeaf(0x6c6561663132, [0x187374d08f1fbae82b4bfcec5f832bc78271f5d335a3860d721db1e6b05a4d43, 0xf352b1b5872acb8684bb694175cf18f81a134d5ff86ae93833369c25d9cd9cce, 0x9d41c4e44937cf4145290fe7608388df300aac1673c26cd3122cde8c7e5a99b9, 0x6312b5c9c0f90c16707fa38ba42f8fe1608c5fa99a1772af08b1ea466614ce5c, 0x30980adf44ec5892ff4ea3c608050515b01f7dd94be63b1753067cb9601445dd]) [staticcall]
    │   ├─ [0] console::log("Verifying leaf:", 96593053628671560174693064981485823685325506728506954480672468072431603451342 [9.659e76]) [staticcall]
    │   │   └─ ← ()
    │   ├─ [0] console::log("Merkle root:", 104386986634690828780419146180048581566396045312451072322945443743816513611056 [1.043e77]) [staticcall]
    │   │   └─ ← ()
    │   ├─ [0] console::log("Proof length:", 5) [staticcall]
    │   │   └─ ← ()
    │   ├─ [0] console::log("Proof element", 0, ":", 11059502003765752708342665740916089834825294147016530688590526355732680035651 [1.105e76]) [staticcall]
    │   │   └─ ← ()
    │   ├─ [0] console::log("Computed hash after element", 0, ":", 86830204781467795827957492631466613281393886399951120238877606491319470472592 [8.683e76]) [staticcall]
    │   │   └─ ← ()
    │   ├─ [0] console::log("Proof element", 1, ":", 110058130168134052799716071097073281996591153893535428294527808496692578065614 [1.1e77]) [staticcall]
    │   │   └─ ← ()
    │   ├─ [0] console::log("Computed hash after element", 1, ":", 107653161125649642032491443308982527566324346567968513637810199776622513001405 [1.076e77]) [staticcall]
    │   │   └─ ← ()
    │   ├─ [0] console::log("Proof element", 2, ":", 71129321183645985042233441554048622660549772896301430670938088189986418104761 [7.112e76]) [staticcall]
    │   │   └─ ← ()
    │   ├─ [0] console::log("Computed hash after element", 2, ":", 58589837049834144583211226689647012306316922949101456466201253300155303082111 [5.858e76]) [staticcall]
    │   │   └─ ← ()
    │   ├─ [0] console::log("Proof element", 3, ":", 44812029912269844639383167223451376600872748978496635971607178627452478213724 [4.481e76]) [staticcall]
    │   │   └─ ← ()
    │   ├─ [0] console::log("Computed hash after element", 3, ":", 86128377917019908445957012829255022949550602761192088501649658527506321620714 [8.612e76]) [staticcall]
    │   │   └─ ← ()
    │   ├─ [0] console::log("Proof element", 4, ":", 21979652522633138675855471474548080148032271092062185065410366224797086795229 [2.197e76]) [staticcall]
    │   │   └─ ← ()
    │   ├─ [0] console::log("Computed hash after element", 4, ":", 104386986634690828780419146180048581566396045312451072322945443743816513611056 [1.043e77]) [staticcall]
    │   │   └─ ← ()
    │   ├─ [0] console::log("Is valid:", true) [staticcall]
    │   │   └─ ← ()
    │   └─ ← true
    ├─ [0] console::log("--- End of verification details ---") [staticcall]
    │   └─ ← ()
    ├─ [0] console::log("Successfully verified leaf 12 after adding 17 leaves") [staticcall]
    │   └─ ← ()
    ├─ [36181] MerkleStorageOZ::getProof(12) [staticcall]
    │   ├─ [0] console::log("Getting proof for leaf index:", 12) [staticcall]
    │   │   └─ ← ()
    │   ├─ [0] console::log("Tree depth:", 5) [staticcall]
    │   │   └─ ← ()
    │   ├─ [0] console::log("Level", 0, "size:", 17) [staticcall]
    │   │   └─ ← ()
    │   ├─ [0] console::log("Added to proof:", 33672592122163231522297444352452316230401835406380993219594760926723533962405 [3.367e76]) [staticcall]
    │   │   └─ ← ()
    │   ├─ [0] console::log("Level", 1, "size:", 9) [staticcall]
    │   │   └─ ← ()
    │   ├─ [0] console::log("Added to proof:", 68222527226755524790505848492501156006903177263714150024810130256539423849504 [6.822e76]) [staticcall]
    │   │   └─ ← ()
    │   ├─ [0] console::log("Level", 2, "size:", 5) [staticcall]
    │   │   └─ ← ()
    │   ├─ [0] console::log("Added to proof:", 107653161125649642032491443308982527566324346567968513637810199776622513001405 [1.076e77]) [staticcall]
    │   │   └─ ← ()
    │   ├─ [0] console::log("Level", 3, "size:", 3) [staticcall]
    │   │   └─ ← ()
    │   ├─ [0] console::log("Added to proof:", 44812029912269844639383167223451376600872748978496635971607178627452478213724 [4.481e76]) [staticcall]
    │   │   └─ ← ()
    │   ├─ [0] console::log("Level", 4, "size:", 2) [staticcall]
    │   │   └─ ← ()
    │   ├─ [0] console::log("Added to proof:", 21979652522633138675855471474548080148032271092062185065410366224797086795229 [2.197e76]) [staticcall]
    │   │   └─ ← ()
    │   ├─ [0] console::log("Final proof length:", 5) [staticcall]
    │   │   └─ ← ()
    │   └─ ← [0x4a7203021756b359fbd744929fcb5fee1a5c9a156dcfc02424db42480a3ffca5, 0x96d495000c9975bf6a9539f2b5dcb819f776e3a1a0645c12298f65bb916fbc20, 0xee0187a9e1cd26963ee5f1e99031a2da9d737039b6c237adc84770a6d2d893bd, 0x6312b5c9c0f90c16707fa38ba42f8fe1608c5fa99a1772af08b1ea466614ce5c, 0x30980adf44ec5892ff4ea3c608050515b01f7dd94be63b1753067cb9601445dd]
    ├─ [0] console::log("--- Verification details for leaf 13 after adding 17 leaves ---") [staticcall]
    │   └─ ← ()
    ├─ [16199] MerkleStorageOZ::verifyLeaf(0x6c6561663133, [0x4a7203021756b359fbd744929fcb5fee1a5c9a156dcfc02424db42480a3ffca5, 0x96d495000c9975bf6a9539f2b5dcb819f776e3a1a0645c12298f65bb916fbc20, 0xee0187a9e1cd26963ee5f1e99031a2da9d737039b6c237adc84770a6d2d893bd, 0x6312b5c9c0f90c16707fa38ba42f8fe1608c5fa99a1772af08b1ea466614ce5c, 0x30980adf44ec5892ff4ea3c608050515b01f7dd94be63b1753067cb9601445dd]) [staticcall]
    │   ├─ [0] console::log("Verifying leaf:", 92619562252365677669901163699204566607949558994432207550606556910840817279335 [9.261e76]) [staticcall]
    │   │   └─ ← ()
    │   ├─ [0] console::log("Merkle root:", 104386986634690828780419146180048581566396045312451072322945443743816513611056 [1.043e77]) [staticcall]
    │   │   └─ ← ()
    │   ├─ [0] console::log("Proof length:", 5) [staticcall]
    │   │   └─ ← ()
    │   ├─ [0] console::log("Proof element", 0, ":", 33672592122163231522297444352452316230401835406380993219594760926723533962405 [3.367e76]) [staticcall]
    │   │   └─ ← ()
    │   ├─ [0] console::log("Computed hash after element", 0, ":", 27450459817178025726961910999305864805083219849135273456119843313523604327146 [2.745e76]) [staticcall]
    │   │   └─ ← ()
    │   ├─ [0] console::log("Proof element", 1, ":", 68222527226755524790505848492501156006903177263714150024810130256539423849504 [6.822e76]) [staticcall]
    │   │   └─ ← ()
    │   ├─ [0] console::log("Computed hash after element", 1, ":", 71129321183645985042233441554048622660549772896301430670938088189986418104761 [7.112e76]) [staticcall]
    │   │   └─ ← ()
    │   ├─ [0] console::log("Proof element", 2, ":", 107653161125649642032491443308982527566324346567968513637810199776622513001405 [1.076e77]) [staticcall]
    │   │   └─ ← ()
    │   ├─ [0] console::log("Computed hash after element", 2, ":", 58589837049834144583211226689647012306316922949101456466201253300155303082111 [5.858e76]) [staticcall]
    │   │   └─ ← ()
    │   ├─ [0] console::log("Proof element", 3, ":", 44812029912269844639383167223451376600872748978496635971607178627452478213724 [4.481e76]) [staticcall]
    │   │   └─ ← ()
    │   ├─ [0] console::log("Computed hash after element", 3, ":", 86128377917019908445957012829255022949550602761192088501649658527506321620714 [8.612e76]) [staticcall]
    │   │   └─ ← ()
    │   ├─ [0] console::log("Proof element", 4, ":", 21979652522633138675855471474548080148032271092062185065410366224797086795229 [2.197e76]) [staticcall]
    │   │   └─ ← ()
    │   ├─ [0] console::log("Computed hash after element", 4, ":", 104386986634690828780419146180048581566396045312451072322945443743816513611056 [1.043e77]) [staticcall]
    │   │   └─ ← ()
    │   ├─ [0] console::log("Is valid:", true) [staticcall]
    │   │   └─ ← ()
    │   └─ ← true
    ├─ [0] console::log("--- End of verification details ---") [staticcall]
    │   └─ ← ()
    ├─ [0] console::log("Successfully verified leaf 13 after adding 17 leaves") [staticcall]
    │   └─ ← ()
    ├─ [36096] MerkleStorageOZ::getProof(13) [staticcall]
    │   ├─ [0] console::log("Getting proof for leaf index:", 13) [staticcall]
    │   │   └─ ← ()
    │   ├─ [0] console::log("Tree depth:", 5) [staticcall]
    │   │   └─ ← ()
    │   ├─ [0] console::log("Level", 0, "size:", 17) [staticcall]
    │   │   └─ ← ()
    │   ├─ [0] console::log("Added to proof:", 92619562252365677669901163699204566607949558994432207550606556910840817279335 [9.261e76]) [staticcall]
    │   │   └─ ← ()
    │   ├─ [0] console::log("Level", 1, "size:", 9) [staticcall]
    │   │   └─ ← ()
    │   ├─ [0] console::log("Added to proof:", 68222527226755524790505848492501156006903177263714150024810130256539423849504 [6.822e76]) [staticcall]
    │   │   └─ ← ()
    │   ├─ [0] console::log("Level", 2, "size:", 5) [staticcall]
    │   │   └─ ← ()
    │   ├─ [0] console::log("Added to proof:", 107653161125649642032491443308982527566324346567968513637810199776622513001405 [1.076e77]) [staticcall]
    │   │   └─ ← ()
    │   ├─ [0] console::log("Level", 3, "size:", 3) [staticcall]
    │   │   └─ ← ()
    │   ├─ [0] console::log("Added to proof:", 44812029912269844639383167223451376600872748978496635971607178627452478213724 [4.481e76]) [staticcall]
    │   │   └─ ← ()
    │   ├─ [0] console::log("Level", 4, "size:", 2) [staticcall]
    │   │   └─ ← ()
    │   ├─ [0] console::log("Added to proof:", 21979652522633138675855471474548080148032271092062185065410366224797086795229 [2.197e76]) [staticcall]
    │   │   └─ ← ()
    │   ├─ [0] console::log("Final proof length:", 5) [staticcall]
    │   │   └─ ← ()
    │   └─ ← [0xccc4d083cdf48ef2c50a0a45b13aae2642eda593dfb5894236e409ed3ff26167, 0x96d495000c9975bf6a9539f2b5dcb819f776e3a1a0645c12298f65bb916fbc20, 0xee0187a9e1cd26963ee5f1e99031a2da9d737039b6c237adc84770a6d2d893bd, 0x6312b5c9c0f90c16707fa38ba42f8fe1608c5fa99a1772af08b1ea466614ce5c, 0x30980adf44ec5892ff4ea3c608050515b01f7dd94be63b1753067cb9601445dd]
    ├─ [0] console::log("--- Verification details for leaf 14 after adding 17 leaves ---") [staticcall]
    │   └─ ← ()
    ├─ [16209] MerkleStorageOZ::verifyLeaf(0x6c6561663134, [0xccc4d083cdf48ef2c50a0a45b13aae2642eda593dfb5894236e409ed3ff26167, 0x96d495000c9975bf6a9539f2b5dcb819f776e3a1a0645c12298f65bb916fbc20, 0xee0187a9e1cd26963ee5f1e99031a2da9d737039b6c237adc84770a6d2d893bd, 0x6312b5c9c0f90c16707fa38ba42f8fe1608c5fa99a1772af08b1ea466614ce5c, 0x30980adf44ec5892ff4ea3c608050515b01f7dd94be63b1753067cb9601445dd]) [staticcall]
    │   ├─ [0] console::log("Verifying leaf:", 33672592122163231522297444352452316230401835406380993219594760926723533962405 [3.367e76]) [staticcall]
    │   │   └─ ← ()
    │   ├─ [0] console::log("Merkle root:", 104386986634690828780419146180048581566396045312451072322945443743816513611056 [1.043e77]) [staticcall]
    │   │   └─ ← ()
    │   ├─ [0] console::log("Proof length:", 5) [staticcall]
    │   │   └─ ← ()
    │   ├─ [0] console::log("Proof element", 0, ":", 92619562252365677669901163699204566607949558994432207550606556910840817279335 [9.261e76]) [staticcall]
    │   │   └─ ← ()
    │   ├─ [0] console::log("Computed hash after element", 0, ":", 27450459817178025726961910999305864805083219849135273456119843313523604327146 [2.745e76]) [staticcall]
    │   │   └─ ← ()
    │   ├─ [0] console::log("Proof element", 1, ":", 68222527226755524790505848492501156006903177263714150024810130256539423849504 [6.822e76]) [staticcall]
    │   │   └─ ← ()
    │   ├─ [0] console::log("Computed hash after element", 1, ":", 71129321183645985042233441554048622660549772896301430670938088189986418104761 [7.112e76]) [staticcall]
    │   │   └─ ← ()
    │   ├─ [0] console::log("Proof element", 2, ":", 107653161125649642032491443308982527566324346567968513637810199776622513001405 [1.076e77]) [staticcall]
    │   │   └─ ← ()
    │   ├─ [0] console::log("Computed hash after element", 2, ":", 58589837049834144583211226689647012306316922949101456466201253300155303082111 [5.858e76]) [staticcall]
    │   │   └─ ← ()
    │   ├─ [0] console::log("Proof element", 3, ":", 44812029912269844639383167223451376600872748978496635971607178627452478213724 [4.481e76]) [staticcall]
    │   │   └─ ← ()
    │   ├─ [0] console::log("Computed hash after element", 3, ":", 86128377917019908445957012829255022949550602761192088501649658527506321620714 [8.612e76]) [staticcall]
    │   │   └─ ← ()
    │   ├─ [0] console::log("Proof element", 4, ":", 21979652522633138675855471474548080148032271092062185065410366224797086795229 [2.197e76]) [staticcall]
    │   │   └─ ← ()
    │   ├─ [0] console::log("Computed hash after element", 4, ":", 104386986634690828780419146180048581566396045312451072322945443743816513611056 [1.043e77]) [staticcall]
    │   │   └─ ← ()
    │   ├─ [0] console::log("Is valid:", true) [staticcall]
    │   │   └─ ← ()
    │   └─ ← true
    ├─ [0] console::log("--- End of verification details ---") [staticcall]
    │   └─ ← ()
    ├─ [0] console::log("Successfully verified leaf 14 after adding 17 leaves") [staticcall]
    │   └─ ← ()
    ├─ [36096] MerkleStorageOZ::getProof(14) [staticcall]
    │   ├─ [0] console::log("Getting proof for leaf index:", 14) [staticcall]
    │   │   └─ ← ()
    │   ├─ [0] console::log("Tree depth:", 5) [staticcall]
    │   │   └─ ← ()
    │   ├─ [0] console::log("Level", 0, "size:", 17) [staticcall]
    │   │   └─ ← ()
    │   ├─ [0] console::log("Added to proof:", 29282441118156610795451351767893172742723572721638635483486521378003152140138 [2.928e76]) [staticcall]
    │   │   └─ ← ()
    │   ├─ [0] console::log("Level", 1, "size:", 9) [staticcall]
    │   │   └─ ← ()
    │   ├─ [0] console::log("Added to proof:", 27450459817178025726961910999305864805083219849135273456119843313523604327146 [2.745e76]) [staticcall]
    │   │   └─ ← ()
    │   ├─ [0] console::log("Level", 2, "size:", 5) [staticcall]
    │   │   └─ ← ()
    │   ├─ [0] console::log("Added to proof:", 107653161125649642032491443308982527566324346567968513637810199776622513001405 [1.076e77]) [staticcall]
    │   │   └─ ← ()
    │   ├─ [0] console::log("Level", 3, "size:", 3) [staticcall]
    │   │   └─ ← ()
    │   ├─ [0] console::log("Added to proof:", 44812029912269844639383167223451376600872748978496635971607178627452478213724 [4.481e76]) [staticcall]
    │   │   └─ ← ()
    │   ├─ [0] console::log("Level", 4, "size:", 2) [staticcall]
    │   │   └─ ← ()
    │   ├─ [0] console::log("Added to proof:", 21979652522633138675855471474548080148032271092062185065410366224797086795229 [2.197e76]) [staticcall]
    │   │   └─ ← ()
    │   ├─ [0] console::log("Final proof length:", 5) [staticcall]
    │   │   └─ ← ()
    │   └─ ← [0x40bd463b06adac3d3f4d9f69acf274bf72617327c94407540c58a969aa4df76a, 0x3cb068dfee4565b215b4fbdb3cdb15bce0a9c6c2e3b7b093b67b46c926340aea, 0xee0187a9e1cd26963ee5f1e99031a2da9d737039b6c237adc84770a6d2d893bd, 0x6312b5c9c0f90c16707fa38ba42f8fe1608c5fa99a1772af08b1ea466614ce5c, 0x30980adf44ec5892ff4ea3c608050515b01f7dd94be63b1753067cb9601445dd]
    ├─ [0] console::log("--- Verification details for leaf 15 after adding 17 leaves ---") [staticcall]
    │   └─ ← ()
    ├─ [16189] MerkleStorageOZ::verifyLeaf(0x6c6561663135, [0x40bd463b06adac3d3f4d9f69acf274bf72617327c94407540c58a969aa4df76a, 0x3cb068dfee4565b215b4fbdb3cdb15bce0a9c6c2e3b7b093b67b46c926340aea, 0xee0187a9e1cd26963ee5f1e99031a2da9d737039b6c237adc84770a6d2d893bd, 0x6312b5c9c0f90c16707fa38ba42f8fe1608c5fa99a1772af08b1ea466614ce5c, 0x30980adf44ec5892ff4ea3c608050515b01f7dd94be63b1753067cb9601445dd]) [staticcall]
    │   ├─ [0] console::log("Verifying leaf:", 49376861721947691573602341854337835825465271023485523889471862409499079557266 [4.937e76]) [staticcall]
    │   │   └─ ← ()
    │   ├─ [0] console::log("Merkle root:", 104386986634690828780419146180048581566396045312451072322945443743816513611056 [1.043e77]) [staticcall]
    │   │   └─ ← ()
    │   ├─ [0] console::log("Proof length:", 5) [staticcall]
    │   │   └─ ← ()
    │   ├─ [0] console::log("Proof element", 0, ":", 29282441118156610795451351767893172742723572721638635483486521378003152140138 [2.928e76]) [staticcall]
    │   │   └─ ← ()
    │   ├─ [0] console::log("Computed hash after element", 0, ":", 68222527226755524790505848492501156006903177263714150024810130256539423849504 [6.822e76]) [staticcall]
    │   │   └─ ← ()
    │   ├─ [0] console::log("Proof element", 1, ":", 27450459817178025726961910999305864805083219849135273456119843313523604327146 [2.745e76]) [staticcall]
    │   │   └─ ← ()
    │   ├─ [0] console::log("Computed hash after element", 1, ":", 71129321183645985042233441554048622660549772896301430670938088189986418104761 [7.112e76]) [staticcall]
    │   │   └─ ← ()
    │   ├─ [0] console::log("Proof element", 2, ":", 107653161125649642032491443308982527566324346567968513637810199776622513001405 [1.076e77]) [staticcall]
    │   │   └─ ← ()
    │   ├─ [0] console::log("Computed hash after element", 2, ":", 58589837049834144583211226689647012306316922949101456466201253300155303082111 [5.858e76]) [staticcall]
    │   │   └─ ← ()
    │   ├─ [0] console::log("Proof element", 3, ":", 44812029912269844639383167223451376600872748978496635971607178627452478213724 [4.481e76]) [staticcall]
    │   │   └─ ← ()
    │   ├─ [0] console::log("Computed hash after element", 3, ":", 86128377917019908445957012829255022949550602761192088501649658527506321620714 [8.612e76]) [staticcall]
    │   │   └─ ← ()
    │   ├─ [0] console::log("Proof element", 4, ":", 21979652522633138675855471474548080148032271092062185065410366224797086795229 [2.197e76]) [staticcall]
    │   │   └─ ← ()
    │   ├─ [0] console::log("Computed hash after element", 4, ":", 104386986634690828780419146180048581566396045312451072322945443743816513611056 [1.043e77]) [staticcall]
    │   │   └─ ← ()
    │   ├─ [0] console::log("Is valid:", true) [staticcall]
    │   │   └─ ← ()
    │   └─ ← true
    ├─ [0] console::log("--- End of verification details ---") [staticcall]
    │   └─ ← ()
    ├─ [0] console::log("Successfully verified leaf 15 after adding 17 leaves") [staticcall]
    │   └─ ← ()
    ├─ [36011] MerkleStorageOZ::getProof(15) [staticcall]
    │   ├─ [0] console::log("Getting proof for leaf index:", 15) [staticcall]
    │   │   └─ ← ()
    │   ├─ [0] console::log("Tree depth:", 5) [staticcall]
    │   │   └─ ← ()
    │   ├─ [0] console::log("Level", 0, "size:", 17) [staticcall]
    │   │   └─ ← ()
    │   ├─ [0] console::log("Added to proof:", 49376861721947691573602341854337835825465271023485523889471862409499079557266 [4.937e76]) [staticcall]
    │   │   └─ ← ()
    │   ├─ [0] console::log("Level", 1, "size:", 9) [staticcall]
    │   │   └─ ← ()
    │   ├─ [0] console::log("Added to proof:", 27450459817178025726961910999305864805083219849135273456119843313523604327146 [2.745e76]) [staticcall]
    │   │   └─ ← ()
    │   ├─ [0] console::log("Level", 2, "size:", 5) [staticcall]
    │   │   └─ ← ()
    │   ├─ [0] console::log("Added to proof:", 107653161125649642032491443308982527566324346567968513637810199776622513001405 [1.076e77]) [staticcall]
    │   │   └─ ← ()
    │   ├─ [0] console::log("Level", 3, "size:", 3) [staticcall]
    │   │   └─ ← ()
    │   ├─ [0] console::log("Added to proof:", 44812029912269844639383167223451376600872748978496635971607178627452478213724 [4.481e76]) [staticcall]
    │   │   └─ ← ()
    │   ├─ [0] console::log("Level", 4, "size:", 2) [staticcall]
    │   │   └─ ← ()
    │   ├─ [0] console::log("Added to proof:", 21979652522633138675855471474548080148032271092062185065410366224797086795229 [2.197e76]) [staticcall]
    │   │   └─ ← ()
    │   ├─ [0] console::log("Final proof length:", 5) [staticcall]
    │   │   └─ ← ()
    │   └─ ← [0x6d2a503801c4a495dd34ec63d048cc1c56cd4e99ed480da77c09d497092b4092, 0x3cb068dfee4565b215b4fbdb3cdb15bce0a9c6c2e3b7b093b67b46c926340aea, 0xee0187a9e1cd26963ee5f1e99031a2da9d737039b6c237adc84770a6d2d893bd, 0x6312b5c9c0f90c16707fa38ba42f8fe1608c5fa99a1772af08b1ea466614ce5c, 0x30980adf44ec5892ff4ea3c608050515b01f7dd94be63b1753067cb9601445dd]
    ├─ [0] console::log("--- Verification details for leaf 16 after adding 17 leaves ---") [staticcall]
    │   └─ ← ()
    ├─ [16199] MerkleStorageOZ::verifyLeaf(0x6c6561663136, [0x6d2a503801c4a495dd34ec63d048cc1c56cd4e99ed480da77c09d497092b4092, 0x3cb068dfee4565b215b4fbdb3cdb15bce0a9c6c2e3b7b093b67b46c926340aea, 0xee0187a9e1cd26963ee5f1e99031a2da9d737039b6c237adc84770a6d2d893bd, 0x6312b5c9c0f90c16707fa38ba42f8fe1608c5fa99a1772af08b1ea466614ce5c, 0x30980adf44ec5892ff4ea3c608050515b01f7dd94be63b1753067cb9601445dd]) [staticcall]
    │   ├─ [0] console::log("Verifying leaf:", 29282441118156610795451351767893172742723572721638635483486521378003152140138 [2.928e76]) [staticcall]
    │   │   └─ ← ()
    │   ├─ [0] console::log("Merkle root:", 104386986634690828780419146180048581566396045312451072322945443743816513611056 [1.043e77]) [staticcall]
    │   │   └─ ← ()
    │   ├─ [0] console::log("Proof length:", 5) [staticcall]
    │   │   └─ ← ()
    │   ├─ [0] console::log("Proof element", 0, ":", 49376861721947691573602341854337835825465271023485523889471862409499079557266 [4.937e76]) [staticcall]
    │   │   └─ ← ()
    │   ├─ [0] console::log("Computed hash after element", 0, ":", 68222527226755524790505848492501156006903177263714150024810130256539423849504 [6.822e76]) [staticcall]
    │   │   └─ ← ()
    │   ├─ [0] console::log("Proof element", 1, ":", 27450459817178025726961910999305864805083219849135273456119843313523604327146 [2.745e76]) [staticcall]
    │   │   └─ ← ()
    │   ├─ [0] console::log("Computed hash after element", 1, ":", 71129321183645985042233441554048622660549772896301430670938088189986418104761 [7.112e76]) [staticcall]
    │   │   └─ ← ()
    │   ├─ [0] console::log("Proof element", 2, ":", 107653161125649642032491443308982527566324346567968513637810199776622513001405 [1.076e77]) [staticcall]
    │   │   └─ ← ()
    │   ├─ [0] console::log("Computed hash after element", 2, ":", 58589837049834144583211226689647012306316922949101456466201253300155303082111 [5.858e76]) [staticcall]
    │   │   └─ ← ()
    │   ├─ [0] console::log("Proof element", 3, ":", 44812029912269844639383167223451376600872748978496635971607178627452478213724 [4.481e76]) [staticcall]
    │   │   └─ ← ()
    │   ├─ [0] console::log("Computed hash after element", 3, ":", 86128377917019908445957012829255022949550602761192088501649658527506321620714 [8.612e76]) [staticcall]
    │   │   └─ ← ()
    │   ├─ [0] console::log("Proof element", 4, ":", 21979652522633138675855471474548080148032271092062185065410366224797086795229 [2.197e76]) [staticcall]
    │   │   └─ ← ()
    │   ├─ [0] console::log("Computed hash after element", 4, ":", 104386986634690828780419146180048581566396045312451072322945443743816513611056 [1.043e77]) [staticcall]
    │   │   └─ ← ()
    │   ├─ [0] console::log("Is valid:", true) [staticcall]
    │   │   └─ ← ()
    │   └─ ← true
    ├─ [0] console::log("--- End of verification details ---") [staticcall]
    │   └─ ← ()
    ├─ [0] console::log("Successfully verified leaf 16 after adding 17 leaves") [staticcall]
    │   └─ ← ()
    ├─ [36274] MerkleStorageOZ::getProof(16) [staticcall]
    │   ├─ [0] console::log("Getting proof for leaf index:", 16) [staticcall]
    │   │   └─ ← ()
    │   ├─ [0] console::log("Tree depth:", 5) [staticcall]
    │   │   └─ ← ()
    │   ├─ [0] console::log("Level", 0, "size:", 17) [staticcall]
    │   │   └─ ← ()
    │   ├─ [0] console::log("Added to proof (odd level):", 21979652522633138675855471474548080148032271092062185065410366224797086795229 [2.197e76]) [staticcall]
    │   │   └─ ← ()
    │   ├─ [0] console::log("Level", 1, "size:", 9) [staticcall]
    │   │   └─ ← ()
    │   ├─ [0] console::log("Added to proof (odd level):", 21979652522633138675855471474548080148032271092062185065410366224797086795229 [2.197e76]) [staticcall]
    │   │   └─ ← ()
    │   ├─ [0] console::log("Level", 2, "size:", 5) [staticcall]
    │   │   └─ ← ()
    │   ├─ [0] console::log("Added to proof (odd level):", 21979652522633138675855471474548080148032271092062185065410366224797086795229 [2.197e76]) [staticcall]
    │   │   └─ ← ()
    │   ├─ [0] console::log("Level", 3, "size:", 3) [staticcall]
    │   │   └─ ← ()
    │   ├─ [0] console::log("Added to proof (odd level):", 21979652522633138675855471474548080148032271092062185065410366224797086795229 [2.197e76]) [staticcall]
    │   │   └─ ← ()
    │   ├─ [0] console::log("Level", 4, "size:", 2) [staticcall]
    │   │   └─ ← ()
    │   ├─ [0] console::log("Added to proof:", 86128377917019908445957012829255022949550602761192088501649658527506321620714 [8.612e76]) [staticcall]
    │   │   └─ ← ()
    │   ├─ [0] console::log("Final proof length:", 5) [staticcall]
    │   │   └─ ← ()
    │   └─ ← [0x30980adf44ec5892ff4ea3c608050515b01f7dd94be63b1753067cb9601445dd, 0x30980adf44ec5892ff4ea3c608050515b01f7dd94be63b1753067cb9601445dd, 0x30980adf44ec5892ff4ea3c608050515b01f7dd94be63b1753067cb9601445dd, 0x30980adf44ec5892ff4ea3c608050515b01f7dd94be63b1753067cb9601445dd, 0xbe6aef332f76fab2501328e00212a75716fd7cf5be4cd3c68a372010ccc3beea]
    ├─ [0] console::log("--- Verification details for leaf 17 after adding 17 leaves ---") [staticcall]
    │   └─ ← ()
    ├─ [16199] MerkleStorageOZ::verifyLeaf(0x6c6561663137, [0x30980adf44ec5892ff4ea3c608050515b01f7dd94be63b1753067cb9601445dd, 0x30980adf44ec5892ff4ea3c608050515b01f7dd94be63b1753067cb9601445dd, 0x30980adf44ec5892ff4ea3c608050515b01f7dd94be63b1753067cb9601445dd, 0x30980adf44ec5892ff4ea3c608050515b01f7dd94be63b1753067cb9601445dd, 0xbe6aef332f76fab2501328e00212a75716fd7cf5be4cd3c68a372010ccc3beea]) [staticcall]
    │   ├─ [0] console::log("Verifying leaf:", 21979652522633138675855471474548080148032271092062185065410366224797086795229 [2.197e76]) [staticcall]
    │   │   └─ ← ()
    │   ├─ [0] console::log("Merkle root:", 104386986634690828780419146180048581566396045312451072322945443743816513611056 [1.043e77]) [staticcall]
    │   │   └─ ← ()
    │   ├─ [0] console::log("Proof length:", 5) [staticcall]
    │   │   └─ ← ()
    │   ├─ [0] console::log("Proof element", 0, ":", 21979652522633138675855471474548080148032271092062185065410366224797086795229 [2.197e76]) [staticcall]
    │   │   └─ ← ()
    │   ├─ [0] console::log("Computed hash after element", 0, ":", 94397194392626854319455620393189152607315973462916105880077623110740151821928 [9.439e76]) [staticcall]
    │   │   └─ ← ()
    │   ├─ [0] console::log("Proof element", 1, ":", 21979652522633138675855471474548080148032271092062185065410366224797086795229 [2.197e76]) [staticcall]
    │   │   └─ ← ()
    │   ├─ [0] console::log("Computed hash after element", 1, ":", 102711103811170720683213399047412489264216299101379005213312835791568676633107 [1.027e77]) [staticcall]
    │   │   └─ ← ()
    │   ├─ [0] console::log("Proof element", 2, ":", 21979652522633138675855471474548080148032271092062185065410366224797086795229 [2.197e76]) [staticcall]
    │   │   └─ ← ()
    │   ├─ [0] console::log("Computed hash after element", 2, ":", 82845211137177774677826841375205976678752492725309332763197799711951606835674 [8.284e76]) [staticcall]
    │   │   └─ ← ()
    │   ├─ [0] console::log("Proof element", 3, ":", 21979652522633138675855471474548080148032271092062185065410366224797086795229 [2.197e76]) [staticcall]
    │   │   └─ ← ()
    │   ├─ [0] console::log("Computed hash after element", 3, ":", 62419744114679305218813281893083457667586336189112874488693483813169331800166 [6.241e76]) [staticcall]
    │   │   └─ ← ()
    │   ├─ [0] console::log("Proof element", 4, ":", 86128377917019908445957012829255022949550602761192088501649658527506321620714 [8.612e76]) [staticcall]
    │   │   └─ ← ()
    │   ├─ [0] console::log("Computed hash after element", 4, ":", 88251820906897961420139708730539930691908120685242289007019505508578611457427 [8.825e76]) [staticcall]
    │   │   └─ ← ()
    │   ├─ [0] console::log("Is valid:", false) [staticcall]
    │   │   └─ ← ()
    │   └─ ← false
    ├─ [0] console::log("--- End of verification details ---") [staticcall]
    │   └─ ← ()
    ├─ [0] console::log("Failed to verify leaf 17 after adding 17 leaves") [staticcall]
    │   └─ ← ()
    ├─ [43682] MerkleStorageOZ::addLeaf(0x6c6561663138)
    │   ├─ emit LeafAdded(leaf: 0xba992a2886849d2ee7d1a5d829bc0808a4fdf5efefb777966a072ead27f69d44, index: 17)
    │   ├─ emit MerkleRootUpdated(newRoot: 0xa22663e4d29d5e9cda169c1faffaa4ee586aa1f159d8715beb25b532a2e151f0)
    │   └─ ← ()
    ├─ [0] console::log("Added leaf 18") [staticcall]
    │   └─ ← ()
    ├─ [36774] MerkleStorageOZ::getProof(0) [staticcall]
    │   ├─ [0] console::log("Getting proof for leaf index:", 0) [staticcall]
    │   │   └─ ← ()
    │   ├─ [0] console::log("Tree depth:", 5) [staticcall]
    │   │   └─ ← ()
    │   ├─ [0] console::log("Level", 0, "size:", 18) [staticcall]
    │   │   └─ ← ()
    │   ├─ [0] console::log("Added to proof:", 84303433209692230857384970403333823748570319246869449369625637863858470744792 [8.43e76]) [staticcall]
    │   │   └─ ← ()
    │   ├─ [0] console::log("Level", 1, "size:", 9) [staticcall]
    │   │   └─ ← ()
    │   ├─ [0] console::log("Added to proof:", 42994468410347004737970376126143620665813473361490896099477539813509562736181 [4.299e76]) [staticcall]
    │   │   └─ ← ()
    │   ├─ [0] console::log("Level", 2, "size:", 5) [staticcall]
    │   │   └─ ← ()
    │   ├─ [0] console::log("Added to proof:", 90519645207031266945590244632322326520069529432013691057992262226385608141027 [9.051e76]) [staticcall]
    │   │   └─ ← ()
    │   ├─ [0] console::log("Level", 3, "size:", 3) [staticcall]
    │   │   └─ ← ()
    │   ├─ [0] console::log("Added to proof:", 58589837049834144583211226689647012306316922949101456466201253300155303082111 [5.858e76]) [staticcall]
    │   │   └─ ← ()
    │   ├─ [0] console::log("Level", 4, "size:", 2) [staticcall]
    │   │   └─ ← ()
    │   ├─ [0] console::log("Added to proof:", 68707805291125709217780897399343780900556216299315256742021570282172139855342 [6.87e76]) [staticcall]
    │   │   └─ ← ()
    │   ├─ [0] console::log("Final proof length:", 5) [staticcall]
    │   │   └─ ← ()
    │   └─ ← [0xba620d61dac4ddf2d7905722b259b0bd34ec4d37c5796d9a22537c54b3f972d8, 0x5f0e01babb612c872c711c3804090c0fcd42d13e2ddbd99d21e73f30afa59e35, 0xc8204db79981b461dca6928459414628e9784deec1c74154434eb580b50868e3, 0x8188ac2f87ba406f83118b08d992d3fa8d32cc600972164a103cefd56f28387f, 0x97e73d5bdc5b93c5f1f4f821883ba4b1948b2ff1ac00d508e0f7bf386b165dee]
    ├─ [0] console::log("--- Verification details for leaf 1 after adding 18 leaves ---") [staticcall]
    │   └─ ← ()
    ├─ [16219] MerkleStorageOZ::verifyLeaf(0x6c65616631, [0xba620d61dac4ddf2d7905722b259b0bd34ec4d37c5796d9a22537c54b3f972d8, 0x5f0e01babb612c872c711c3804090c0fcd42d13e2ddbd99d21e73f30afa59e35, 0xc8204db79981b461dca6928459414628e9784deec1c74154434eb580b50868e3, 0x8188ac2f87ba406f83118b08d992d3fa8d32cc600972164a103cefd56f28387f, 0x97e73d5bdc5b93c5f1f4f821883ba4b1948b2ff1ac00d508e0f7bf386b165dee]) [staticcall]
    │   ├─ [0] console::log("Verifying leaf:", 1534629507014924801801850062420965747762703560098700086918056654539096211930 [1.534e75]) [staticcall]
    │   │   └─ ← ()
    │   ├─ [0] console::log("Merkle root:", 73342511100887225238186916130623334392844955136943380784671174336087748334064 [7.334e76]) [staticcall]
    │   │   └─ ← ()
    │   ├─ [0] console::log("Proof length:", 5) [staticcall]
    │   │   └─ ← ()
    │   ├─ [0] console::log("Proof element", 0, ":", 84303433209692230857384970403333823748570319246869449369625637863858470744792 [8.43e76]) [staticcall]
    │   │   └─ ← ()
    │   ├─ [0] console::log("Computed hash after element", 0, ":", 4819654492366420278237764346194618123787186199882361681321774604810163462263 [4.819e75]) [staticcall]
    │   │   └─ ← ()
    │   ├─ [0] console::log("Proof element", 1, ":", 42994468410347004737970376126143620665813473361490896099477539813509562736181 [4.299e76]) [staticcall]
    │   │   └─ ← ()
    │   ├─ [0] console::log("Computed hash after element", 1, ":", 86167276729270415220365293603154116830872546334163333883227179387055231533441 [8.616e76]) [staticcall]
    │   │   └─ ← ()
    │   ├─ [0] console::log("Proof element", 2, ":", 90519645207031266945590244632322326520069529432013691057992262226385608141027 [9.051e76]) [staticcall]
    │   │   └─ ← ()
    │   ├─ [0] console::log("Computed hash after element", 2, ":", 44812029912269844639383167223451376600872748978496635971607178627452478213724 [4.481e76]) [staticcall]
    │   │   └─ ← ()
    │   ├─ [0] console::log("Proof element", 3, ":", 58589837049834144583211226689647012306316922949101456466201253300155303082111 [5.858e76]) [staticcall]
    │   │   └─ ← ()
    │   ├─ [0] console::log("Computed hash after element", 3, ":", 86128377917019908445957012829255022949550602761192088501649658527506321620714 [8.612e76]) [staticcall]
    │   │   └─ ← ()
    │   ├─ [0] console::log("Proof element", 4, ":", 68707805291125709217780897399343780900556216299315256742021570282172139855342 [6.87e76]) [staticcall]
    │   │   └─ ← ()
    │   ├─ [0] console::log("Computed hash after element", 4, ":", 73342511100887225238186916130623334392844955136943380784671174336087748334064 [7.334e76]) [staticcall]
    │   │   └─ ← ()
    │   ├─ [0] console::log("Is valid:", true) [staticcall]
    │   │   └─ ← ()
    │   └─ ← true
    ├─ [0] console::log("--- End of verification details ---") [staticcall]
    │   └─ ← ()
    ├─ [0] console::log("Successfully verified leaf 1 after adding 18 leaves") [staticcall]
    │   └─ ← ()
    ├─ [36689] MerkleStorageOZ::getProof(1) [staticcall]
    │   ├─ [0] console::log("Getting proof for leaf index:", 1) [staticcall]
    │   │   └─ ← ()
    │   ├─ [0] console::log("Tree depth:", 5) [staticcall]
    │   │   └─ ← ()
    │   ├─ [0] console::log("Level", 0, "size:", 18) [staticcall]
    │   │   └─ ← ()
    │   ├─ [0] console::log("Added to proof:", 1534629507014924801801850062420965747762703560098700086918056654539096211930 [1.534e75]) [staticcall]
    │   │   └─ ← ()
    │   ├─ [0] console::log("Level", 1, "size:", 9) [staticcall]
    │   │   └─ ← ()
    │   ├─ [0] console::log("Added to proof:", 42994468410347004737970376126143620665813473361490896099477539813509562736181 [4.299e76]) [staticcall]
    │   │   └─ ← ()
    │   ├─ [0] console::log("Level", 2, "size:", 5) [staticcall]
    │   │   └─ ← ()
    │   ├─ [0] console::log("Added to proof:", 90519645207031266945590244632322326520069529432013691057992262226385608141027 [9.051e76]) [staticcall]
    │   │   └─ ← ()
    │   ├─ [0] console::log("Level", 3, "size:", 3) [staticcall]
    │   │   └─ ← ()
    │   ├─ [0] console::log("Added to proof:", 58589837049834144583211226689647012306316922949101456466201253300155303082111 [5.858e76]) [staticcall]
    │   │   └─ ← ()
    │   ├─ [0] console::log("Level", 4, "size:", 2) [staticcall]
    │   │   └─ ← ()
    │   ├─ [0] console::log("Added to proof:", 68707805291125709217780897399343780900556216299315256742021570282172139855342 [6.87e76]) [staticcall]
    │   │   └─ ← ()
    │   ├─ [0] console::log("Final proof length:", 5) [staticcall]
    │   │   └─ ← ()
    │   └─ ← [0x036491cc10808eeb0ff717314df6f19ba2e232d04d5f039f6fa382cae41641da, 0x5f0e01babb612c872c711c3804090c0fcd42d13e2ddbd99d21e73f30afa59e35, 0xc8204db79981b461dca6928459414628e9784deec1c74154434eb580b50868e3, 0x8188ac2f87ba406f83118b08d992d3fa8d32cc600972164a103cefd56f28387f, 0x97e73d5bdc5b93c5f1f4f821883ba4b1948b2ff1ac00d508e0f7bf386b165dee]
    ├─ [0] console::log("--- Verification details for leaf 2 after adding 18 leaves ---") [staticcall]
    │   └─ ← ()
    ├─ [16209] MerkleStorageOZ::verifyLeaf(0x6c65616632, [0x036491cc10808eeb0ff717314df6f19ba2e232d04d5f039f6fa382cae41641da, 0x5f0e01babb612c872c711c3804090c0fcd42d13e2ddbd99d21e73f30afa59e35, 0xc8204db79981b461dca6928459414628e9784deec1c74154434eb580b50868e3, 0x8188ac2f87ba406f83118b08d992d3fa8d32cc600972164a103cefd56f28387f, 0x97e73d5bdc5b93c5f1f4f821883ba4b1948b2ff1ac00d508e0f7bf386b165dee]) [staticcall]
    │   ├─ [0] console::log("Verifying leaf:", 84303433209692230857384970403333823748570319246869449369625637863858470744792 [8.43e76]) [staticcall]
    │   │   └─ ← ()
    │   ├─ [0] console::log("Merkle root:", 73342511100887225238186916130623334392844955136943380784671174336087748334064 [7.334e76]) [staticcall]
    │   │   └─ ← ()
    │   ├─ [0] console::log("Proof length:", 5) [staticcall]
    │   │   └─ ← ()
    │   ├─ [0] console::log("Proof element", 0, ":", 1534629507014924801801850062420965747762703560098700086918056654539096211930 [1.534e75]) [staticcall]
    │   │   └─ ← ()
    │   ├─ [0] console::log("Computed hash after element", 0, ":", 4819654492366420278237764346194618123787186199882361681321774604810163462263 [4.819e75]) [staticcall]
    │   │   └─ ← ()
    │   ├─ [0] console::log("Proof element", 1, ":", 42994468410347004737970376126143620665813473361490896099477539813509562736181 [4.299e76]) [staticcall]
    │   │   └─ ← ()
    │   ├─ [0] console::log("Computed hash after element", 1, ":", 86167276729270415220365293603154116830872546334163333883227179387055231533441 [8.616e76]) [staticcall]
    │   │   └─ ← ()
    │   ├─ [0] console::log("Proof element", 2, ":", 90519645207031266945590244632322326520069529432013691057992262226385608141027 [9.051e76]) [staticcall]
    │   │   └─ ← ()
    │   ├─ [0] console::log("Computed hash after element", 2, ":", 44812029912269844639383167223451376600872748978496635971607178627452478213724 [4.481e76]) [staticcall]
    │   │   └─ ← ()
    │   ├─ [0] console::log("Proof element", 3, ":", 58589837049834144583211226689647012306316922949101456466201253300155303082111 [5.858e76]) [staticcall]
    │   │   └─ ← ()
    │   ├─ [0] console::log("Computed hash after element", 3, ":", 86128377917019908445957012829255022949550602761192088501649658527506321620714 [8.612e76]) [staticcall]
    │   │   └─ ← ()
    │   ├─ [0] console::log("Proof element", 4, ":", 68707805291125709217780897399343780900556216299315256742021570282172139855342 [6.87e76]) [staticcall]
    │   │   └─ ← ()
    │   ├─ [0] console::log("Computed hash after element", 4, ":", 73342511100887225238186916130623334392844955136943380784671174336087748334064 [7.334e76]) [staticcall]
    │   │   └─ ← ()
    │   ├─ [0] console::log("Is valid:", true) [staticcall]
    │   │   └─ ← ()
    │   └─ ← true
    ├─ [0] console::log("--- End of verification details ---") [staticcall]
    │   └─ ← ()
    ├─ [0] console::log("Successfully verified leaf 2 after adding 18 leaves") [staticcall]
    │   └─ ← ()
    ├─ [36689] MerkleStorageOZ::getProof(2) [staticcall]
    │   ├─ [0] console::log("Getting proof for leaf index:", 2) [staticcall]
    │   │   └─ ← ()
    │   ├─ [0] console::log("Tree depth:", 5) [staticcall]
    │   │   └─ ← ()
    │   ├─ [0] console::log("Level", 0, "size:", 18) [staticcall]
    │   │   └─ ← ()
    │   ├─ [0] console::log("Added to proof:", 9718660262289985226213547307049526568607798083323067650698233131271439501106 [9.718e75]) [staticcall]
    │   │   └─ ← ()
    │   ├─ [0] console::log("Level", 1, "size:", 9) [staticcall]
    │   │   └─ ← ()
    │   ├─ [0] console::log("Added to proof:", 4819654492366420278237764346194618123787186199882361681321774604810163462263 [4.819e75]) [staticcall]
    │   │   └─ ← ()
    │   ├─ [0] console::log("Level", 2, "size:", 5) [staticcall]
    │   │   └─ ← ()
    │   ├─ [0] console::log("Added to proof:", 90519645207031266945590244632322326520069529432013691057992262226385608141027 [9.051e76]) [staticcall]
    │   │   └─ ← ()
    │   ├─ [0] console::log("Level", 3, "size:", 3) [staticcall]
    │   │   └─ ← ()
    │   ├─ [0] console::log("Added to proof:", 58589837049834144583211226689647012306316922949101456466201253300155303082111 [5.858e76]) [staticcall]
    │   │   └─ ← ()
    │   ├─ [0] console::log("Level", 4, "size:", 2) [staticcall]
    │   │   └─ ← ()
    │   ├─ [0] console::log("Added to proof:", 68707805291125709217780897399343780900556216299315256742021570282172139855342 [6.87e76]) [staticcall]
    │   │   └─ ← ()
    │   ├─ [0] console::log("Final proof length:", 5) [staticcall]
    │   │   └─ ← ()
    │   └─ ← [0x157c9118369926e028fa6cf8dfe68c750c1adbd7b0e4918c2b3a23fe4017c732, 0x0aa7d3e8df6bbfe087828aef70a86fff5964660e89f14cbbbe406695bc1e2077, 0xc8204db79981b461dca6928459414628e9784deec1c74154434eb580b50868e3, 0x8188ac2f87ba406f83118b08d992d3fa8d32cc600972164a103cefd56f28387f, 0x97e73d5bdc5b93c5f1f4f821883ba4b1948b2ff1ac00d508e0f7bf386b165dee]
    ├─ [0] console::log("--- Verification details for leaf 3 after adding 18 leaves ---") [staticcall]
    │   └─ ← ()
    ├─ [16199] MerkleStorageOZ::verifyLeaf(0x6c65616633, [0x157c9118369926e028fa6cf8dfe68c750c1adbd7b0e4918c2b3a23fe4017c732, 0x0aa7d3e8df6bbfe087828aef70a86fff5964660e89f14cbbbe406695bc1e2077, 0xc8204db79981b461dca6928459414628e9784deec1c74154434eb580b50868e3, 0x8188ac2f87ba406f83118b08d992d3fa8d32cc600972164a103cefd56f28387f, 0x97e73d5bdc5b93c5f1f4f821883ba4b1948b2ff1ac00d508e0f7bf386b165dee]) [staticcall]
    │   ├─ [0] console::log("Verifying leaf:", 114806096316174656260172984043681595992173194076043313710926606652151351550195 [1.148e77]) [staticcall]
    │   │   └─ ← ()
    │   ├─ [0] console::log("Merkle root:", 73342511100887225238186916130623334392844955136943380784671174336087748334064 [7.334e76]) [staticcall]
    │   │   └─ ← ()
    │   ├─ [0] console::log("Proof length:", 5) [staticcall]
    │   │   └─ ← ()
    │   ├─ [0] console::log("Proof element", 0, ":", 9718660262289985226213547307049526568607798083323067650698233131271439501106 [9.718e75]) [staticcall]
    │   │   └─ ← ()
    │   ├─ [0] console::log("Computed hash after element", 0, ":", 42994468410347004737970376126143620665813473361490896099477539813509562736181 [4.299e76]) [staticcall]
    │   │   └─ ← ()
    │   ├─ [0] console::log("Proof element", 1, ":", 4819654492366420278237764346194618123787186199882361681321774604810163462263 [4.819e75]) [staticcall]
    │   │   └─ ← ()
    │   ├─ [0] console::log("Computed hash after element", 1, ":", 86167276729270415220365293603154116830872546334163333883227179387055231533441 [8.616e76]) [staticcall]
    │   │   └─ ← ()
    │   ├─ [0] console::log("Proof element", 2, ":", 90519645207031266945590244632322326520069529432013691057992262226385608141027 [9.051e76]) [staticcall]
    │   │   └─ ← ()
    │   ├─ [0] console::log("Computed hash after element", 2, ":", 44812029912269844639383167223451376600872748978496635971607178627452478213724 [4.481e76]) [staticcall]
    │   │   └─ ← ()
    │   ├─ [0] console::log("Proof element", 3, ":", 58589837049834144583211226689647012306316922949101456466201253300155303082111 [5.858e76]) [staticcall]
    │   │   └─ ← ()
    │   ├─ [0] console::log("Computed hash after element", 3, ":", 86128377917019908445957012829255022949550602761192088501649658527506321620714 [8.612e76]) [staticcall]
    │   │   └─ ← ()
    │   ├─ [0] console::log("Proof element", 4, ":", 68707805291125709217780897399343780900556216299315256742021570282172139855342 [6.87e76]) [staticcall]
    │   │   └─ ← ()
    │   ├─ [0] console::log("Computed hash after element", 4, ":", 73342511100887225238186916130623334392844955136943380784671174336087748334064 [7.334e76]) [staticcall]
    │   │   └─ ← ()
    │   ├─ [0] console::log("Is valid:", true) [staticcall]
    │   │   └─ ← ()
    │   └─ ← true
    ├─ [0] console::log("--- End of verification details ---") [staticcall]
    │   └─ ← ()
    ├─ [0] console::log("Successfully verified leaf 3 after adding 18 leaves") [staticcall]
    │   └─ ← ()
    ├─ [36604] MerkleStorageOZ::getProof(3) [staticcall]
    │   ├─ [0] console::log("Getting proof for leaf index:", 3) [staticcall]
    │   │   └─ ← ()
    │   ├─ [0] console::log("Tree depth:", 5) [staticcall]
    │   │   └─ ← ()
    │   ├─ [0] console::log("Level", 0, "size:", 18) [staticcall]
    │   │   └─ ← ()
    │   ├─ [0] console::log("Added to proof:", 114806096316174656260172984043681595992173194076043313710926606652151351550195 [1.148e77]) [staticcall]
    │   │   └─ ← ()
    │   ├─ [0] console::log("Level", 1, "size:", 9) [staticcall]
    │   │   └─ ← ()
    │   ├─ [0] console::log("Added to proof:", 4819654492366420278237764346194618123787186199882361681321774604810163462263 [4.819e75]) [staticcall]
    │   │   └─ ← ()
    │   ├─ [0] console::log("Level", 2, "size:", 5) [staticcall]
    │   │   └─ ← ()
    │   ├─ [0] console::log("Added to proof:", 90519645207031266945590244632322326520069529432013691057992262226385608141027 [9.051e76]) [staticcall]
    │   │   └─ ← ()
    │   ├─ [0] console::log("Level", 3, "size:", 3) [staticcall]
    │   │   └─ ← ()
    │   ├─ [0] console::log("Added to proof:", 58589837049834144583211226689647012306316922949101456466201253300155303082111 [5.858e76]) [staticcall]
    │   │   └─ ← ()
    │   ├─ [0] console::log("Level", 4, "size:", 2) [staticcall]
    │   │   └─ ← ()
    │   ├─ [0] console::log("Added to proof:", 68707805291125709217780897399343780900556216299315256742021570282172139855342 [6.87e76]) [staticcall]
    │   │   └─ ← ()
    │   ├─ [0] console::log("Final proof length:", 5) [staticcall]
    │   │   └─ ← ()
    │   └─ ← [0xfdd1f2a1ec75fe968421a41d2282200de6bec6a21f81080a71b1053d9c0120f3, 0x0aa7d3e8df6bbfe087828aef70a86fff5964660e89f14cbbbe406695bc1e2077, 0xc8204db79981b461dca6928459414628e9784deec1c74154434eb580b50868e3, 0x8188ac2f87ba406f83118b08d992d3fa8d32cc600972164a103cefd56f28387f, 0x97e73d5bdc5b93c5f1f4f821883ba4b1948b2ff1ac00d508e0f7bf386b165dee]
    ├─ [0] console::log("--- Verification details for leaf 4 after adding 18 leaves ---") [staticcall]
    │   └─ ← ()
    ├─ [16209] MerkleStorageOZ::verifyLeaf(0x6c65616634, [0xfdd1f2a1ec75fe968421a41d2282200de6bec6a21f81080a71b1053d9c0120f3, 0x0aa7d3e8df6bbfe087828aef70a86fff5964660e89f14cbbbe406695bc1e2077, 0xc8204db79981b461dca6928459414628e9784deec1c74154434eb580b50868e3, 0x8188ac2f87ba406f83118b08d992d3fa8d32cc600972164a103cefd56f28387f, 0x97e73d5bdc5b93c5f1f4f821883ba4b1948b2ff1ac00d508e0f7bf386b165dee]) [staticcall]
    │   ├─ [0] console::log("Verifying leaf:", 9718660262289985226213547307049526568607798083323067650698233131271439501106 [9.718e75]) [staticcall]
    │   │   └─ ← ()
    │   ├─ [0] console::log("Merkle root:", 73342511100887225238186916130623334392844955136943380784671174336087748334064 [7.334e76]) [staticcall]
    │   │   └─ ← ()
    │   ├─ [0] console::log("Proof length:", 5) [staticcall]
    │   │   └─ ← ()
    │   ├─ [0] console::log("Proof element", 0, ":", 114806096316174656260172984043681595992173194076043313710926606652151351550195 [1.148e77]) [staticcall]
    │   │   └─ ← ()
    │   ├─ [0] console::log("Computed hash after element", 0, ":", 42994468410347004737970376126143620665813473361490896099477539813509562736181 [4.299e76]) [staticcall]
    │   │   └─ ← ()
    │   ├─ [0] console::log("Proof element", 1, ":", 4819654492366420278237764346194618123787186199882361681321774604810163462263 [4.819e75]) [staticcall]
    │   │   └─ ← ()
    │   ├─ [0] console::log("Computed hash after element", 1, ":", 86167276729270415220365293603154116830872546334163333883227179387055231533441 [8.616e76]) [staticcall]
    │   │   └─ ← ()
    │   ├─ [0] console::log("Proof element", 2, ":", 90519645207031266945590244632322326520069529432013691057992262226385608141027 [9.051e76]) [staticcall]
    │   │   └─ ← ()
    │   ├─ [0] console::log("Computed hash after element", 2, ":", 44812029912269844639383167223451376600872748978496635971607178627452478213724 [4.481e76]) [staticcall]
    │   │   └─ ← ()
    │   ├─ [0] console::log("Proof element", 3, ":", 58589837049834144583211226689647012306316922949101456466201253300155303082111 [5.858e76]) [staticcall]
    │   │   └─ ← ()
    │   ├─ [0] console::log("Computed hash after element", 3, ":", 86128377917019908445957012829255022949550602761192088501649658527506321620714 [8.612e76]) [staticcall]
    │   │   └─ ← ()
    │   ├─ [0] console::log("Proof element", 4, ":", 68707805291125709217780897399343780900556216299315256742021570282172139855342 [6.87e76]) [staticcall]
    │   │   └─ ← ()
    │   ├─ [0] console::log("Computed hash after element", 4, ":", 73342511100887225238186916130623334392844955136943380784671174336087748334064 [7.334e76]) [staticcall]
    │   │   └─ ← ()
    │   ├─ [0] console::log("Is valid:", true) [staticcall]
    │   │   └─ ← ()
    │   └─ ← true
    ├─ [0] console::log("--- End of verification details ---") [staticcall]
    │   └─ ← ()
    ├─ [0] console::log("Successfully verified leaf 4 after adding 18 leaves") [staticcall]
    │   └─ ← ()
    ├─ [36689] MerkleStorageOZ::getProof(4) [staticcall]
    │   ├─ [0] console::log("Getting proof for leaf index:", 4) [staticcall]
    │   │   └─ ← ()
    │   ├─ [0] console::log("Tree depth:", 5) [staticcall]
    │   │   └─ ← ()
    │   ├─ [0] console::log("Level", 0, "size:", 18) [staticcall]
    │   │   └─ ← ()
    │   ├─ [0] console::log("Added to proof:", 42656216575733633865718546135288608701490211943531992892543518422469545049160 [4.265e76]) [staticcall]
    │   │   └─ ← ()
    │   ├─ [0] console::log("Level", 1, "size:", 9) [staticcall]
    │   │   └─ ← ()
    │   ├─ [0] console::log("Added to proof:", 89139659228322516991511902812947417818976567277539582619759529237285492222351 [8.913e76]) [staticcall]
    │   │   └─ ← ()
    │   ├─ [0] console::log("Level", 2, "size:", 5) [staticcall]
    │   │   └─ ← ()
    │   ├─ [0] console::log("Added to proof:", 86167276729270415220365293603154116830872546334163333883227179387055231533441 [8.616e76]) [staticcall]
    │   │   └─ ← ()
    │   ├─ [0] console::log("Level", 3, "size:", 3) [staticcall]
    │   │   └─ ← ()
    │   ├─ [0] console::log("Added to proof:", 58589837049834144583211226689647012306316922949101456466201253300155303082111 [5.858e76]) [staticcall]
    │   │   └─ ← ()
    │   ├─ [0] console::log("Level", 4, "size:", 2) [staticcall]
    │   │   └─ ← ()
    │   ├─ [0] console::log("Added to proof:", 68707805291125709217780897399343780900556216299315256742021570282172139855342 [6.87e76]) [staticcall]
    │   │   └─ ← ()
    │   ├─ [0] console::log("Final proof length:", 5) [staticcall]
    │   │   └─ ← ()
    │   └─ ← [0x5e4e9020e0ae47d1b353192e416c1873ec642cb2e75d68faa1be2665df6c3c48, 0xc513425acc7aa543abb5dc1ff382f69776a7ff7f57d334f6cea222ae2803e98f, 0xbe80f348526b4646bc0697bf2fe649f1835863538924cb6b91ad4eb57ced0181, 0x8188ac2f87ba406f83118b08d992d3fa8d32cc600972164a103cefd56f28387f, 0x97e73d5bdc5b93c5f1f4f821883ba4b1948b2ff1ac00d508e0f7bf386b165dee]
    ├─ [0] console::log("--- Verification details for leaf 5 after adding 18 leaves ---") [staticcall]
    │   └─ ← ()
    ├─ [16209] MerkleStorageOZ::verifyLeaf(0x6c65616635, [0x5e4e9020e0ae47d1b353192e416c1873ec642cb2e75d68faa1be2665df6c3c48, 0xc513425acc7aa543abb5dc1ff382f69776a7ff7f57d334f6cea222ae2803e98f, 0xbe80f348526b4646bc0697bf2fe649f1835863538924cb6b91ad4eb57ced0181, 0x8188ac2f87ba406f83118b08d992d3fa8d32cc600972164a103cefd56f28387f, 0x97e73d5bdc5b93c5f1f4f821883ba4b1948b2ff1ac00d508e0f7bf386b165dee]) [staticcall]
    │   ├─ [0] console::log("Verifying leaf:", 3327891084304698462684256911003812127873740397003554529128445276024109161606 [3.327e75]) [staticcall]
    │   │   └─ ← ()
    │   ├─ [0] console::log("Merkle root:", 73342511100887225238186916130623334392844955136943380784671174336087748334064 [7.334e76]) [staticcall]
    │   │   └─ ← ()
    │   ├─ [0] console::log("Proof length:", 5) [staticcall]
    │   │   └─ ← ()
    │   ├─ [0] console::log("Proof element", 0, ":", 42656216575733633865718546135288608701490211943531992892543518422469545049160 [4.265e76]) [staticcall]
    │   │   └─ ← ()
    │   ├─ [0] console::log("Computed hash after element", 0, ":", 79680312521381101304386615379526824036772258414601889669286272159596699208134 [7.968e76]) [staticcall]
    │   │   └─ ← ()
    │   ├─ [0] console::log("Proof element", 1, ":", 89139659228322516991511902812947417818976567277539582619759529237285492222351 [8.913e76]) [staticcall]
    │   │   └─ ← ()
    │   ├─ [0] console::log("Computed hash after element", 1, ":", 90519645207031266945590244632322326520069529432013691057992262226385608141027 [9.051e76]) [staticcall]
    │   │   └─ ← ()
    │   ├─ [0] console::log("Proof element", 2, ":", 86167276729270415220365293603154116830872546334163333883227179387055231533441 [8.616e76]) [staticcall]
    │   │   └─ ← ()
    │   ├─ [0] console::log("Computed hash after element", 2, ":", 44812029912269844639383167223451376600872748978496635971607178627452478213724 [4.481e76]) [staticcall]
    │   │   └─ ← ()
    │   ├─ [0] console::log("Proof element", 3, ":", 58589837049834144583211226689647012306316922949101456466201253300155303082111 [5.858e76]) [staticcall]
    │   │   └─ ← ()
    │   ├─ [0] console::log("Computed hash after element", 3, ":", 86128377917019908445957012829255022949550602761192088501649658527506321620714 [8.612e76]) [staticcall]
    │   │   └─ ← ()
    │   ├─ [0] console::log("Proof element", 4, ":", 68707805291125709217780897399343780900556216299315256742021570282172139855342 [6.87e76]) [staticcall]
    │   │   └─ ← ()
    │   ├─ [0] console::log("Computed hash after element", 4, ":", 73342511100887225238186916130623334392844955136943380784671174336087748334064 [7.334e76]) [staticcall]
    │   │   └─ ← ()
    │   ├─ [0] console::log("Is valid:", true) [staticcall]
    │   │   └─ ← ()
    │   └─ ← true
    ├─ [0] console::log("--- End of verification details ---") [staticcall]
    │   └─ ← ()
    ├─ [0] console::log("Successfully verified leaf 5 after adding 18 leaves") [staticcall]
    │   └─ ← ()
    ├─ [36604] MerkleStorageOZ::getProof(5) [staticcall]
    │   ├─ [0] console::log("Getting proof for leaf index:", 5) [staticcall]
    │   │   └─ ← ()
    │   ├─ [0] console::log("Tree depth:", 5) [staticcall]
    │   │   └─ ← ()
    │   ├─ [0] console::log("Level", 0, "size:", 18) [staticcall]
    │   │   └─ ← ()
    │   ├─ [0] console::log("Added to proof:", 3327891084304698462684256911003812127873740397003554529128445276024109161606 [3.327e75]) [staticcall]
    │   │   └─ ← ()
    │   ├─ [0] console::log("Level", 1, "size:", 9) [staticcall]
    │   │   └─ ← ()
    │   ├─ [0] console::log("Added to proof:", 89139659228322516991511902812947417818976567277539582619759529237285492222351 [8.913e76]) [staticcall]
    │   │   └─ ← ()
    │   ├─ [0] console::log("Level", 2, "size:", 5) [staticcall]
    │   │   └─ ← ()
    │   ├─ [0] console::log("Added to proof:", 86167276729270415220365293603154116830872546334163333883227179387055231533441 [8.616e76]) [staticcall]
    │   │   └─ ← ()
    │   ├─ [0] console::log("Level", 3, "size:", 3) [staticcall]
    │   │   └─ ← ()
    │   ├─ [0] console::log("Added to proof:", 58589837049834144583211226689647012306316922949101456466201253300155303082111 [5.858e76]) [staticcall]
    │   │   └─ ← ()
    │   ├─ [0] console::log("Level", 4, "size:", 2) [staticcall]
    │   │   └─ ← ()
    │   ├─ [0] console::log("Added to proof:", 68707805291125709217780897399343780900556216299315256742021570282172139855342 [6.87e76]) [staticcall]
    │   │   └─ ← ()
    │   ├─ [0] console::log("Final proof length:", 5) [staticcall]
    │   │   └─ ← ()
    │   └─ ← [0x075b8504c98679ed33a097ef9b1466e8f4652142d4b19ab2c37fdf1668a65c86, 0xc513425acc7aa543abb5dc1ff382f69776a7ff7f57d334f6cea222ae2803e98f, 0xbe80f348526b4646bc0697bf2fe649f1835863538924cb6b91ad4eb57ced0181, 0x8188ac2f87ba406f83118b08d992d3fa8d32cc600972164a103cefd56f28387f, 0x97e73d5bdc5b93c5f1f4f821883ba4b1948b2ff1ac00d508e0f7bf386b165dee]
    ├─ [0] console::log("--- Verification details for leaf 6 after adding 18 leaves ---") [staticcall]
    │   └─ ← ()
    ├─ [16199] MerkleStorageOZ::verifyLeaf(0x6c65616636, [0x075b8504c98679ed33a097ef9b1466e8f4652142d4b19ab2c37fdf1668a65c86, 0xc513425acc7aa543abb5dc1ff382f69776a7ff7f57d334f6cea222ae2803e98f, 0xbe80f348526b4646bc0697bf2fe649f1835863538924cb6b91ad4eb57ced0181, 0x8188ac2f87ba406f83118b08d992d3fa8d32cc600972164a103cefd56f28387f, 0x97e73d5bdc5b93c5f1f4f821883ba4b1948b2ff1ac00d508e0f7bf386b165dee]) [staticcall]
    │   ├─ [0] console::log("Verifying leaf:", 42656216575733633865718546135288608701490211943531992892543518422469545049160 [4.265e76]) [staticcall]
    │   │   └─ ← ()
    │   ├─ [0] console::log("Merkle root:", 73342511100887225238186916130623334392844955136943380784671174336087748334064 [7.334e76]) [staticcall]
    │   │   └─ ← ()
    │   ├─ [0] console::log("Proof length:", 5) [staticcall]
    │   │   └─ ← ()
    │   ├─ [0] console::log("Proof element", 0, ":", 3327891084304698462684256911003812127873740397003554529128445276024109161606 [3.327e75]) [staticcall]
    │   │   └─ ← ()
    │   ├─ [0] console::log("Computed hash after element", 0, ":", 79680312521381101304386615379526824036772258414601889669286272159596699208134 [7.968e76]) [staticcall]
    │   │   └─ ← ()
    │   ├─ [0] console::log("Proof element", 1, ":", 89139659228322516991511902812947417818976567277539582619759529237285492222351 [8.913e76]) [staticcall]
    │   │   └─ ← ()
    │   ├─ [0] console::log("Computed hash after element", 1, ":", 90519645207031266945590244632322326520069529432013691057992262226385608141027 [9.051e76]) [staticcall]
    │   │   └─ ← ()
    │   ├─ [0] console::log("Proof element", 2, ":", 86167276729270415220365293603154116830872546334163333883227179387055231533441 [8.616e76]) [staticcall]
    │   │   └─ ← ()
    │   ├─ [0] console::log("Computed hash after element", 2, ":", 44812029912269844639383167223451376600872748978496635971607178627452478213724 [4.481e76]) [staticcall]
    │   │   └─ ← ()
    │   ├─ [0] console::log("Proof element", 3, ":", 58589837049834144583211226689647012306316922949101456466201253300155303082111 [5.858e76]) [staticcall]
    │   │   └─ ← ()
    │   ├─ [0] console::log("Computed hash after element", 3, ":", 86128377917019908445957012829255022949550602761192088501649658527506321620714 [8.612e76]) [staticcall]
    │   │   └─ ← ()
    │   ├─ [0] console::log("Proof element", 4, ":", 68707805291125709217780897399343780900556216299315256742021570282172139855342 [6.87e76]) [staticcall]
    │   │   └─ ← ()
    │   ├─ [0] console::log("Computed hash after element", 4, ":", 73342511100887225238186916130623334392844955136943380784671174336087748334064 [7.334e76]) [staticcall]
    │   │   └─ ← ()
    │   ├─ [0] console::log("Is valid:", true) [staticcall]
    │   │   └─ ← ()
    │   └─ ← true
    ├─ [0] console::log("--- End of verification details ---") [staticcall]
    │   └─ ← ()
    ├─ [0] console::log("Successfully verified leaf 6 after adding 18 leaves") [staticcall]
    │   └─ ← ()
    ├─ [36604] MerkleStorageOZ::getProof(6) [staticcall]
    │   ├─ [0] console::log("Getting proof for leaf index:", 6) [staticcall]
    │   │   └─ ← ()
    │   ├─ [0] console::log("Tree depth:", 5) [staticcall]
    │   │   └─ ← ()
    │   ├─ [0] console::log("Level", 0, "size:", 18) [staticcall]
    │   │   └─ ← ()
    │   ├─ [0] console::log("Added to proof:", 41333877701255859865019379003725985110118058655845990608936096526874421775531 [4.133e76]) [staticcall]
    │   │   └─ ← ()
    │   ├─ [0] console::log("Level", 1, "size:", 9) [staticcall]
    │   │   └─ ← ()
    │   ├─ [0] console::log("Added to proof:", 79680312521381101304386615379526824036772258414601889669286272159596699208134 [7.968e76]) [staticcall]
    │   │   └─ ← ()
    │   ├─ [0] console::log("Level", 2, "size:", 5) [staticcall]
    │   │   └─ ← ()
    │   ├─ [0] console::log("Added to proof:", 86167276729270415220365293603154116830872546334163333883227179387055231533441 [8.616e76]) [staticcall]
    │   │   └─ ← ()
    │   ├─ [0] console::log("Level", 3, "size:", 3) [staticcall]
    │   │   └─ ← ()
    │   ├─ [0] console::log("Added to proof:", 58589837049834144583211226689647012306316922949101456466201253300155303082111 [5.858e76]) [staticcall]
    │   │   └─ ← ()
    │   ├─ [0] console::log("Level", 4, "size:", 2) [staticcall]
    │   │   └─ ← ()
    │   ├─ [0] console::log("Added to proof:", 68707805291125709217780897399343780900556216299315256742021570282172139855342 [6.87e76]) [staticcall]
    │   │   └─ ← ()
    │   ├─ [0] console::log("Final proof length:", 5) [staticcall]
    │   │   └─ ← ()
    │   └─ ← [0x5b62254e0339ae673a4773d31a564007f04f6ccf4934746b49ada87734d04cab, 0xb029756cee16464a69763ada5c6cf8b91c34e842abc58c709550cdda1e5049c6, 0xbe80f348526b4646bc0697bf2fe649f1835863538924cb6b91ad4eb57ced0181, 0x8188ac2f87ba406f83118b08d992d3fa8d32cc600972164a103cefd56f28387f, 0x97e73d5bdc5b93c5f1f4f821883ba4b1948b2ff1ac00d508e0f7bf386b165dee]
    ├─ [0] console::log("--- Verification details for leaf 7 after adding 18 leaves ---") [staticcall]
    │   └─ ← ()
    ├─ [16189] MerkleStorageOZ::verifyLeaf(0x6c65616637, [0x5b62254e0339ae673a4773d31a564007f04f6ccf4934746b49ada87734d04cab, 0xb029756cee16464a69763ada5c6cf8b91c34e842abc58c709550cdda1e5049c6, 0xbe80f348526b4646bc0697bf2fe649f1835863538924cb6b91ad4eb57ced0181, 0x8188ac2f87ba406f83118b08d992d3fa8d32cc600972164a103cefd56f28387f, 0x97e73d5bdc5b93c5f1f4f821883ba4b1948b2ff1ac00d508e0f7bf386b165dee]) [staticcall]
    │   ├─ [0] console::log("Verifying leaf:", 77058788664304649396218556642747909996121735590822886025965307874683454946759 [7.705e76]) [staticcall]
    │   │   └─ ← ()
    │   ├─ [0] console::log("Merkle root:", 73342511100887225238186916130623334392844955136943380784671174336087748334064 [7.334e76]) [staticcall]
    │   │   └─ ← ()
    │   ├─ [0] console::log("Proof length:", 5) [staticcall]
    │   │   └─ ← ()
    │   ├─ [0] console::log("Proof element", 0, ":", 41333877701255859865019379003725985110118058655845990608936096526874421775531 [4.133e76]) [staticcall]
    │   │   └─ ← ()
    │   ├─ [0] console::log("Computed hash after element", 0, ":", 89139659228322516991511902812947417818976567277539582619759529237285492222351 [8.913e76]) [staticcall]
    │   │   └─ ← ()
    │   ├─ [0] console::log("Proof element", 1, ":", 79680312521381101304386615379526824036772258414601889669286272159596699208134 [7.968e76]) [staticcall]
    │   │   └─ ← ()
    │   ├─ [0] console::log("Computed hash after element", 1, ":", 90519645207031266945590244632322326520069529432013691057992262226385608141027 [9.051e76]) [staticcall]
    │   │   └─ ← ()
    │   ├─ [0] console::log("Proof element", 2, ":", 86167276729270415220365293603154116830872546334163333883227179387055231533441 [8.616e76]) [staticcall]
    │   │   └─ ← ()
    │   ├─ [0] console::log("Computed hash after element", 2, ":", 44812029912269844639383167223451376600872748978496635971607178627452478213724 [4.481e76]) [staticcall]
    │   │   └─ ← ()
    │   ├─ [0] console::log("Proof element", 3, ":", 58589837049834144583211226689647012306316922949101456466201253300155303082111 [5.858e76]) [staticcall]
    │   │   └─ ← ()
    │   ├─ [0] console::log("Computed hash after element", 3, ":", 86128377917019908445957012829255022949550602761192088501649658527506321620714 [8.612e76]) [staticcall]
    │   │   └─ ← ()
    │   ├─ [0] console::log("Proof element", 4, ":", 68707805291125709217780897399343780900556216299315256742021570282172139855342 [6.87e76]) [staticcall]
    │   │   └─ ← ()
    │   ├─ [0] console::log("Computed hash after element", 4, ":", 73342511100887225238186916130623334392844955136943380784671174336087748334064 [7.334e76]) [staticcall]
    │   │   └─ ← ()
    │   ├─ [0] console::log("Is valid:", true) [staticcall]
    │   │   └─ ← ()
    │   └─ ← true
    ├─ [0] console::log("--- End of verification details ---") [staticcall]
    │   └─ ← ()
    ├─ [0] console::log("Successfully verified leaf 7 after adding 18 leaves") [staticcall]
    │   └─ ← ()
    ├─ [36519] MerkleStorageOZ::getProof(7) [staticcall]
    │   ├─ [0] console::log("Getting proof for leaf index:", 7) [staticcall]
    │   │   └─ ← ()
    │   ├─ [0] console::log("Tree depth:", 5) [staticcall]
    │   │   └─ ← ()
    │   ├─ [0] console::log("Level", 0, "size:", 18) [staticcall]
    │   │   └─ ← ()
    │   ├─ [0] console::log("Added to proof:", 77058788664304649396218556642747909996121735590822886025965307874683454946759 [7.705e76]) [staticcall]
    │   │   └─ ← ()
    │   ├─ [0] console::log("Level", 1, "size:", 9) [staticcall]
    │   │   └─ ← ()
    │   ├─ [0] console::log("Added to proof:", 79680312521381101304386615379526824036772258414601889669286272159596699208134 [7.968e76]) [staticcall]
    │   │   └─ ← ()
    │   ├─ [0] console::log("Level", 2, "size:", 5) [staticcall]
    │   │   └─ ← ()
    │   ├─ [0] console::log("Added to proof:", 86167276729270415220365293603154116830872546334163333883227179387055231533441 [8.616e76]) [staticcall]
    │   │   └─ ← ()
    │   ├─ [0] console::log("Level", 3, "size:", 3) [staticcall]
    │   │   └─ ← ()
    │   ├─ [0] console::log("Added to proof:", 58589837049834144583211226689647012306316922949101456466201253300155303082111 [5.858e76]) [staticcall]
    │   │   └─ ← ()
    │   ├─ [0] console::log("Level", 4, "size:", 2) [staticcall]
    │   │   └─ ← ()
    │   ├─ [0] console::log("Added to proof:", 68707805291125709217780897399343780900556216299315256742021570282172139855342 [6.87e76]) [staticcall]
    │   │   └─ ← ()
    │   ├─ [0] console::log("Final proof length:", 5) [staticcall]
    │   │   └─ ← ()
    │   └─ ← [0xaa5dba90c8178f75a5eb7bdb098f0cec525bb61e5ba2ad6dc5fa580f163efdc7, 0xb029756cee16464a69763ada5c6cf8b91c34e842abc58c709550cdda1e5049c6, 0xbe80f348526b4646bc0697bf2fe649f1835863538924cb6b91ad4eb57ced0181, 0x8188ac2f87ba406f83118b08d992d3fa8d32cc600972164a103cefd56f28387f, 0x97e73d5bdc5b93c5f1f4f821883ba4b1948b2ff1ac00d508e0f7bf386b165dee]
    ├─ [0] console::log("--- Verification details for leaf 8 after adding 18 leaves ---") [staticcall]
    │   └─ ← ()
    ├─ [16199] MerkleStorageOZ::verifyLeaf(0x6c65616638, [0xaa5dba90c8178f75a5eb7bdb098f0cec525bb61e5ba2ad6dc5fa580f163efdc7, 0xb029756cee16464a69763ada5c6cf8b91c34e842abc58c709550cdda1e5049c6, 0xbe80f348526b4646bc0697bf2fe649f1835863538924cb6b91ad4eb57ced0181, 0x8188ac2f87ba406f83118b08d992d3fa8d32cc600972164a103cefd56f28387f, 0x97e73d5bdc5b93c5f1f4f821883ba4b1948b2ff1ac00d508e0f7bf386b165dee]) [staticcall]
    │   ├─ [0] console::log("Verifying leaf:", 41333877701255859865019379003725985110118058655845990608936096526874421775531 [4.133e76]) [staticcall]
    │   │   └─ ← ()
    │   ├─ [0] console::log("Merkle root:", 73342511100887225238186916130623334392844955136943380784671174336087748334064 [7.334e76]) [staticcall]
    │   │   └─ ← ()
    │   ├─ [0] console::log("Proof length:", 5) [staticcall]
    │   │   └─ ← ()
    │   ├─ [0] console::log("Proof element", 0, ":", 77058788664304649396218556642747909996121735590822886025965307874683454946759 [7.705e76]) [staticcall]
    │   │   └─ ← ()
    │   ├─ [0] console::log("Computed hash after element", 0, ":", 89139659228322516991511902812947417818976567277539582619759529237285492222351 [8.913e76]) [staticcall]
    │   │   └─ ← ()
    │   ├─ [0] console::log("Proof element", 1, ":", 79680312521381101304386615379526824036772258414601889669286272159596699208134 [7.968e76]) [staticcall]
    │   │   └─ ← ()
    │   ├─ [0] console::log("Computed hash after element", 1, ":", 90519645207031266945590244632322326520069529432013691057992262226385608141027 [9.051e76]) [staticcall]
    │   │   └─ ← ()
    │   ├─ [0] console::log("Proof element", 2, ":", 86167276729270415220365293603154116830872546334163333883227179387055231533441 [8.616e76]) [staticcall]
    │   │   └─ ← ()
    │   ├─ [0] console::log("Computed hash after element", 2, ":", 44812029912269844639383167223451376600872748978496635971607178627452478213724 [4.481e76]) [staticcall]
    │   │   └─ ← ()
    │   ├─ [0] console::log("Proof element", 3, ":", 58589837049834144583211226689647012306316922949101456466201253300155303082111 [5.858e76]) [staticcall]
    │   │   └─ ← ()
    │   ├─ [0] console::log("Computed hash after element", 3, ":", 86128377917019908445957012829255022949550602761192088501649658527506321620714 [8.612e76]) [staticcall]
    │   │   └─ ← ()
    │   ├─ [0] console::log("Proof element", 4, ":", 68707805291125709217780897399343780900556216299315256742021570282172139855342 [6.87e76]) [staticcall]
    │   │   └─ ← ()
    │   ├─ [0] console::log("Computed hash after element", 4, ":", 73342511100887225238186916130623334392844955136943380784671174336087748334064 [7.334e76]) [staticcall]
    │   │   └─ ← ()
    │   ├─ [0] console::log("Is valid:", true) [staticcall]
    │   │   └─ ← ()
    │   └─ ← true
    ├─ [0] console::log("--- End of verification details ---") [staticcall]
    │   └─ ← ()
    ├─ [0] console::log("Successfully verified leaf 8 after adding 18 leaves") [staticcall]
    │   └─ ← ()
    ├─ [36689] MerkleStorageOZ::getProof(8) [staticcall]
    │   ├─ [0] console::log("Getting proof for leaf index:", 8) [staticcall]
    │   │   └─ ← ()
    │   ├─ [0] console::log("Tree depth:", 5) [staticcall]
    │   │   └─ ← ()
    │   ├─ [0] console::log("Level", 0, "size:", 18) [staticcall]
    │   │   └─ ← ()
    │   ├─ [0] console::log("Added to proof:", 19972288769315928479630679177845711677268766594983667860090139443496462084286 [1.997e76]) [staticcall]
    │   │   └─ ← ()
    │   ├─ [0] console::log("Level", 1, "size:", 9) [staticcall]
    │   │   └─ ← ()
    │   ├─ [0] console::log("Added to proof:", 86830204781467795827957492631466613281393886399951120238877606491319470472592 [8.683e76]) [staticcall]
    │   │   └─ ← ()
    │   ├─ [0] console::log("Level", 2, "size:", 5) [staticcall]
    │   │   └─ ← ()
    │   ├─ [0] console::log("Added to proof:", 71129321183645985042233441554048622660549772896301430670938088189986418104761 [7.112e76]) [staticcall]
    │   │   └─ ← ()
    │   ├─ [0] console::log("Level", 3, "size:", 3) [staticcall]
    │   │   └─ ← ()
    │   ├─ [0] console::log("Added to proof:", 44812029912269844639383167223451376600872748978496635971607178627452478213724 [4.481e76]) [staticcall]
    │   │   └─ ← ()
    │   ├─ [0] console::log("Level", 4, "size:", 2) [staticcall]
    │   │   └─ ← ()
    │   ├─ [0] console::log("Added to proof:", 68707805291125709217780897399343780900556216299315256742021570282172139855342 [6.87e76]) [staticcall]
    │   │   └─ ← ()
    │   ├─ [0] console::log("Final proof length:", 5) [staticcall]
    │   │   └─ ← ()
    │   └─ ← [0x2c27ea3376eac042eece8f0c78a7d7051fe8b7945d2746e7c321d2b5968468be, 0xbff82780689fb511deecdc2c0b8617120192ec77d9ea1e66d818d078c2b93d90, 0x9d41c4e44937cf4145290fe7608388df300aac1673c26cd3122cde8c7e5a99b9, 0x6312b5c9c0f90c16707fa38ba42f8fe1608c5fa99a1772af08b1ea466614ce5c, 0x97e73d5bdc5b93c5f1f4f821883ba4b1948b2ff1ac00d508e0f7bf386b165dee]
    ├─ [0] console::log("--- Verification details for leaf 9 after adding 18 leaves ---") [staticcall]
    │   └─ ← ()
    ├─ [16179] MerkleStorageOZ::verifyLeaf(0x6c65616639, [0x2c27ea3376eac042eece8f0c78a7d7051fe8b7945d2746e7c321d2b5968468be, 0xbff82780689fb511deecdc2c0b8617120192ec77d9ea1e66d818d078c2b93d90, 0x9d41c4e44937cf4145290fe7608388df300aac1673c26cd3122cde8c7e5a99b9, 0x6312b5c9c0f90c16707fa38ba42f8fe1608c5fa99a1772af08b1ea466614ce5c, 0x97e73d5bdc5b93c5f1f4f821883ba4b1948b2ff1ac00d508e0f7bf386b165dee]) [staticcall]
    │   ├─ [0] console::log("Verifying leaf:", 83097023403658896075826216087624068326805273787826444717403742070225742999267 [8.309e76]) [staticcall]
    │   │   └─ ← ()
    │   ├─ [0] console::log("Merkle root:", 73342511100887225238186916130623334392844955136943380784671174336087748334064 [7.334e76]) [staticcall]
    │   │   └─ ← ()
    │   ├─ [0] console::log("Proof length:", 5) [staticcall]
    │   │   └─ ← ()
    │   ├─ [0] console::log("Proof element", 0, ":", 19972288769315928479630679177845711677268766594983667860090139443496462084286 [1.997e76]) [staticcall]
    │   │   └─ ← ()
    │   ├─ [0] console::log("Computed hash after element", 0, ":", 110058130168134052799716071097073281996591153893535428294527808496692578065614 [1.1e77]) [staticcall]
    │   │   └─ ← ()
    │   ├─ [0] console::log("Proof element", 1, ":", 86830204781467795827957492631466613281393886399951120238877606491319470472592 [8.683e76]) [staticcall]
    │   │   └─ ← ()
    │   ├─ [0] console::log("Computed hash after element", 1, ":", 107653161125649642032491443308982527566324346567968513637810199776622513001405 [1.076e77]) [staticcall]
    │   │   └─ ← ()
    │   ├─ [0] console::log("Proof element", 2, ":", 71129321183645985042233441554048622660549772896301430670938088189986418104761 [7.112e76]) [staticcall]
    │   │   └─ ← ()
    │   ├─ [0] console::log("Computed hash after element", 2, ":", 58589837049834144583211226689647012306316922949101456466201253300155303082111 [5.858e76]) [staticcall]
    │   │   └─ ← ()
    │   ├─ [0] console::log("Proof element", 3, ":", 44812029912269844639383167223451376600872748978496635971607178627452478213724 [4.481e76]) [staticcall]
    │   │   └─ ← ()
    │   ├─ [0] console::log("Computed hash after element", 3, ":", 86128377917019908445957012829255022949550602761192088501649658527506321620714 [8.612e76]) [staticcall]
    │   │   └─ ← ()
    │   ├─ [0] console::log("Proof element", 4, ":", 68707805291125709217780897399343780900556216299315256742021570282172139855342 [6.87e76]) [staticcall]
    │   │   └─ ← ()
    │   ├─ [0] console::log("Computed hash after element", 4, ":", 73342511100887225238186916130623334392844955136943380784671174336087748334064 [7.334e76]) [staticcall]
    │   │   └─ ← ()
    │   ├─ [0] console::log("Is valid:", true) [staticcall]
    │   │   └─ ← ()
    │   └─ ← true
    ├─ [0] console::log("--- End of verification details ---") [staticcall]
    │   └─ ← ()
    ├─ [0] console::log("Successfully verified leaf 9 after adding 18 leaves") [staticcall]
    │   └─ ← ()
    ├─ [36604] MerkleStorageOZ::getProof(9) [staticcall]
    │   ├─ [0] console::log("Getting proof for leaf index:", 9) [staticcall]
    │   │   └─ ← ()
    │   ├─ [0] console::log("Tree depth:", 5) [staticcall]
    │   │   └─ ← ()
    │   ├─ [0] console::log("Level", 0, "size:", 18) [staticcall]
    │   │   └─ ← ()
    │   ├─ [0] console::log("Added to proof:", 83097023403658896075826216087624068326805273787826444717403742070225742999267 [8.309e76]) [staticcall]
    │   │   └─ ← ()
    │   ├─ [0] console::log("Level", 1, "size:", 9) [staticcall]
    │   │   └─ ← ()
    │   ├─ [0] console::log("Added to proof:", 86830204781467795827957492631466613281393886399951120238877606491319470472592 [8.683e76]) [staticcall]
    │   │   └─ ← ()
    │   ├─ [0] console::log("Level", 2, "size:", 5) [staticcall]
    │   │   └─ ← ()
    │   ├─ [0] console::log("Added to proof:", 71129321183645985042233441554048622660549772896301430670938088189986418104761 [7.112e76]) [staticcall]
    │   │   └─ ← ()
    │   ├─ [0] console::log("Level", 3, "size:", 3) [staticcall]
    │   │   └─ ← ()
    │   ├─ [0] console::log("Added to proof:", 44812029912269844639383167223451376600872748978496635971607178627452478213724 [4.481e76]) [staticcall]
    │   │   └─ ← ()
    │   ├─ [0] console::log("Level", 4, "size:", 2) [staticcall]
    │   │   └─ ← ()
    │   ├─ [0] console::log("Added to proof:", 68707805291125709217780897399343780900556216299315256742021570282172139855342 [6.87e76]) [staticcall]
    │   │   └─ ← ()
    │   ├─ [0] console::log("Final proof length:", 5) [staticcall]
    │   │   └─ ← ()
    │   └─ ← [0xb7b73f9f206e380e92907f3d38c9caa544ee92ddc0a78c67c76f3eb5e05a2ee3, 0xbff82780689fb511deecdc2c0b8617120192ec77d9ea1e66d818d078c2b93d90, 0x9d41c4e44937cf4145290fe7608388df300aac1673c26cd3122cde8c7e5a99b9, 0x6312b5c9c0f90c16707fa38ba42f8fe1608c5fa99a1772af08b1ea466614ce5c, 0x97e73d5bdc5b93c5f1f4f821883ba4b1948b2ff1ac00d508e0f7bf386b165dee]
    ├─ [0] console::log("--- Verification details for leaf 10 after adding 18 leaves ---") [staticcall]
    │   └─ ← ()
    ├─ [16189] MerkleStorageOZ::verifyLeaf(0x6c6561663130, [0xb7b73f9f206e380e92907f3d38c9caa544ee92ddc0a78c67c76f3eb5e05a2ee3, 0xbff82780689fb511deecdc2c0b8617120192ec77d9ea1e66d818d078c2b93d90, 0x9d41c4e44937cf4145290fe7608388df300aac1673c26cd3122cde8c7e5a99b9, 0x6312b5c9c0f90c16707fa38ba42f8fe1608c5fa99a1772af08b1ea466614ce5c, 0x97e73d5bdc5b93c5f1f4f821883ba4b1948b2ff1ac00d508e0f7bf386b165dee]) [staticcall]
    │   ├─ [0] console::log("Verifying leaf:", 19972288769315928479630679177845711677268766594983667860090139443496462084286 [1.997e76]) [staticcall]
    │   │   └─ ← ()
    │   ├─ [0] console::log("Merkle root:", 73342511100887225238186916130623334392844955136943380784671174336087748334064 [7.334e76]) [staticcall]
    │   │   └─ ← ()
    │   ├─ [0] console::log("Proof length:", 5) [staticcall]
    │   │   └─ ← ()
    │   ├─ [0] console::log("Proof element", 0, ":", 83097023403658896075826216087624068326805273787826444717403742070225742999267 [8.309e76]) [staticcall]
    │   │   └─ ← ()
    │   ├─ [0] console::log("Computed hash after element", 0, ":", 110058130168134052799716071097073281996591153893535428294527808496692578065614 [1.1e77]) [staticcall]
    │   │   └─ ← ()
    │   ├─ [0] console::log("Proof element", 1, ":", 86830204781467795827957492631466613281393886399951120238877606491319470472592 [8.683e76]) [staticcall]
    │   │   └─ ← ()
    │   ├─ [0] console::log("Computed hash after element", 1, ":", 107653161125649642032491443308982527566324346567968513637810199776622513001405 [1.076e77]) [staticcall]
    │   │   └─ ← ()
    │   ├─ [0] console::log("Proof element", 2, ":", 71129321183645985042233441554048622660549772896301430670938088189986418104761 [7.112e76]) [staticcall]
    │   │   └─ ← ()
    │   ├─ [0] console::log("Computed hash after element", 2, ":", 58589837049834144583211226689647012306316922949101456466201253300155303082111 [5.858e76]) [staticcall]
    │   │   └─ ← ()
    │   ├─ [0] console::log("Proof element", 3, ":", 44812029912269844639383167223451376600872748978496635971607178627452478213724 [4.481e76]) [staticcall]
    │   │   └─ ← ()
    │   ├─ [0] console::log("Computed hash after element", 3, ":", 86128377917019908445957012829255022949550602761192088501649658527506321620714 [8.612e76]) [staticcall]
    │   │   └─ ← ()
    │   ├─ [0] console::log("Proof element", 4, ":", 68707805291125709217780897399343780900556216299315256742021570282172139855342 [6.87e76]) [staticcall]
    │   │   └─ ← ()
    │   ├─ [0] console::log("Computed hash after element", 4, ":", 73342511100887225238186916130623334392844955136943380784671174336087748334064 [7.334e76]) [staticcall]
    │   │   └─ ← ()
    │   ├─ [0] console::log("Is valid:", true) [staticcall]
    │   │   └─ ← ()
    │   └─ ← true
    ├─ [0] console::log("--- End of verification details ---") [staticcall]
    │   └─ ← ()
    ├─ [0] console::log("Successfully verified leaf 10 after adding 18 leaves") [staticcall]
    │   └─ ← ()
    ├─ [36604] MerkleStorageOZ::getProof(10) [staticcall]
    │   ├─ [0] console::log("Getting proof for leaf index:", 10) [staticcall]
    │   │   └─ ← ()
    │   ├─ [0] console::log("Tree depth:", 5) [staticcall]
    │   │   └─ ← ()
    │   ├─ [0] console::log("Level", 0, "size:", 18) [staticcall]
    │   │   └─ ← ()
    │   ├─ [0] console::log("Added to proof:", 96593053628671560174693064981485823685325506728506954480672468072431603451342 [9.659e76]) [staticcall]
    │   │   └─ ← ()
    │   ├─ [0] console::log("Level", 1, "size:", 9) [staticcall]
    │   │   └─ ← ()
    │   ├─ [0] console::log("Added to proof:", 110058130168134052799716071097073281996591153893535428294527808496692578065614 [1.1e77]) [staticcall]
    │   │   └─ ← ()
    │   ├─ [0] console::log("Level", 2, "size:", 5) [staticcall]
    │   │   └─ ← ()
    │   ├─ [0] console::log("Added to proof:", 71129321183645985042233441554048622660549772896301430670938088189986418104761 [7.112e76]) [staticcall]
    │   │   └─ ← ()
    │   ├─ [0] console::log("Level", 3, "size:", 3) [staticcall]
    │   │   └─ ← ()
    │   ├─ [0] console::log("Added to proof:", 44812029912269844639383167223451376600872748978496635971607178627452478213724 [4.481e76]) [staticcall]
    │   │   └─ ← ()
    │   ├─ [0] console::log("Level", 4, "size:", 2) [staticcall]
    │   │   └─ ← ()
    │   ├─ [0] console::log("Added to proof:", 68707805291125709217780897399343780900556216299315256742021570282172139855342 [6.87e76]) [staticcall]
    │   │   └─ ← ()
    │   ├─ [0] console::log("Final proof length:", 5) [staticcall]
    │   │   └─ ← ()
    │   └─ ← [0xd58dbb1e54dc3320d5987448e4420e22460237351984e558e88f81a4e36085ce, 0xf352b1b5872acb8684bb694175cf18f81a134d5ff86ae93833369c25d9cd9cce, 0x9d41c4e44937cf4145290fe7608388df300aac1673c26cd3122cde8c7e5a99b9, 0x6312b5c9c0f90c16707fa38ba42f8fe1608c5fa99a1772af08b1ea466614ce5c, 0x97e73d5bdc5b93c5f1f4f821883ba4b1948b2ff1ac00d508e0f7bf386b165dee]
    ├─ [0] console::log("--- Verification details for leaf 11 after adding 18 leaves ---") [staticcall]
    │   └─ ← ()
    ├─ [16199] MerkleStorageOZ::verifyLeaf(0x6c6561663131, [0xd58dbb1e54dc3320d5987448e4420e22460237351984e558e88f81a4e36085ce, 0xf352b1b5872acb8684bb694175cf18f81a134d5ff86ae93833369c25d9cd9cce, 0x9d41c4e44937cf4145290fe7608388df300aac1673c26cd3122cde8c7e5a99b9, 0x6312b5c9c0f90c16707fa38ba42f8fe1608c5fa99a1772af08b1ea466614ce5c, 0x97e73d5bdc5b93c5f1f4f821883ba4b1948b2ff1ac00d508e0f7bf386b165dee]) [staticcall]
    │   ├─ [0] console::log("Verifying leaf:", 11059502003765752708342665740916089834825294147016530688590526355732680035651 [1.105e76]) [staticcall]
    │   │   └─ ← ()
    │   ├─ [0] console::log("Merkle root:", 73342511100887225238186916130623334392844955136943380784671174336087748334064 [7.334e76]) [staticcall]
    │   │   └─ ← ()
    │   ├─ [0] console::log("Proof length:", 5) [staticcall]
    │   │   └─ ← ()
    │   ├─ [0] console::log("Proof element", 0, ":", 96593053628671560174693064981485823685325506728506954480672468072431603451342 [9.659e76]) [staticcall]
    │   │   └─ ← ()
    │   ├─ [0] console::log("Computed hash after element", 0, ":", 86830204781467795827957492631466613281393886399951120238877606491319470472592 [8.683e76]) [staticcall]
    │   │   └─ ← ()
    │   ├─ [0] console::log("Proof element", 1, ":", 110058130168134052799716071097073281996591153893535428294527808496692578065614 [1.1e77]) [staticcall]
    │   │   └─ ← ()
    │   ├─ [0] console::log("Computed hash after element", 1, ":", 107653161125649642032491443308982527566324346567968513637810199776622513001405 [1.076e77]) [staticcall]
    │   │   └─ ← ()
    │   ├─ [0] console::log("Proof element", 2, ":", 71129321183645985042233441554048622660549772896301430670938088189986418104761 [7.112e76]) [staticcall]
    │   │   └─ ← ()
    │   ├─ [0] console::log("Computed hash after element", 2, ":", 58589837049834144583211226689647012306316922949101456466201253300155303082111 [5.858e76]) [staticcall]
    │   │   └─ ← ()
    │   ├─ [0] console::log("Proof element", 3, ":", 44812029912269844639383167223451376600872748978496635971607178627452478213724 [4.481e76]) [staticcall]
    │   │   └─ ← ()
    │   ├─ [0] console::log("Computed hash after element", 3, ":", 86128377917019908445957012829255022949550602761192088501649658527506321620714 [8.612e76]) [staticcall]
    │   │   └─ ← ()
    │   ├─ [0] console::log("Proof element", 4, ":", 68707805291125709217780897399343780900556216299315256742021570282172139855342 [6.87e76]) [staticcall]
    │   │   └─ ← ()
    │   ├─ [0] console::log("Computed hash after element", 4, ":", 73342511100887225238186916130623334392844955136943380784671174336087748334064 [7.334e76]) [staticcall]
    │   │   └─ ← ()
    │   ├─ [0] console::log("Is valid:", true) [staticcall]
    │   │   └─ ← ()
    │   └─ ← true
    ├─ [0] console::log("--- End of verification details ---") [staticcall]
    │   └─ ← ()
    ├─ [0] console::log("Successfully verified leaf 11 after adding 18 leaves") [staticcall]
    │   └─ ← ()
    ├─ [36519] MerkleStorageOZ::getProof(11) [staticcall]
    │   ├─ [0] console::log("Getting proof for leaf index:", 11) [staticcall]
    │   │   └─ ← ()
    │   ├─ [0] console::log("Tree depth:", 5) [staticcall]
    │   │   └─ ← ()
    │   ├─ [0] console::log("Level", 0, "size:", 18) [staticcall]
    │   │   └─ ← ()
    │   ├─ [0] console::log("Added to proof:", 11059502003765752708342665740916089834825294147016530688590526355732680035651 [1.105e76]) [staticcall]
    │   │   └─ ← ()
    │   ├─ [0] console::log("Level", 1, "size:", 9) [staticcall]
    │   │   └─ ← ()
    │   ├─ [0] console::log("Added to proof:", 110058130168134052799716071097073281996591153893535428294527808496692578065614 [1.1e77]) [staticcall]
    │   │   └─ ← ()
    │   ├─ [0] console::log("Level", 2, "size:", 5) [staticcall]
    │   │   └─ ← ()
    │   ├─ [0] console::log("Added to proof:", 71129321183645985042233441554048622660549772896301430670938088189986418104761 [7.112e76]) [staticcall]
    │   │   └─ ← ()
    │   ├─ [0] console::log("Level", 3, "size:", 3) [staticcall]
    │   │   └─ ← ()
    │   ├─ [0] console::log("Added to proof:", 44812029912269844639383167223451376600872748978496635971607178627452478213724 [4.481e76]) [staticcall]
    │   │   └─ ← ()
    │   ├─ [0] console::log("Level", 4, "size:", 2) [staticcall]
    │   │   └─ ← ()
    │   ├─ [0] console::log("Added to proof:", 68707805291125709217780897399343780900556216299315256742021570282172139855342 [6.87e76]) [staticcall]
    │   │   └─ ← ()
    │   ├─ [0] console::log("Final proof length:", 5) [staticcall]
    │   │   └─ ← ()
    │   └─ ← [0x187374d08f1fbae82b4bfcec5f832bc78271f5d335a3860d721db1e6b05a4d43, 0xf352b1b5872acb8684bb694175cf18f81a134d5ff86ae93833369c25d9cd9cce, 0x9d41c4e44937cf4145290fe7608388df300aac1673c26cd3122cde8c7e5a99b9, 0x6312b5c9c0f90c16707fa38ba42f8fe1608c5fa99a1772af08b1ea466614ce5c, 0x97e73d5bdc5b93c5f1f4f821883ba4b1948b2ff1ac00d508e0f7bf386b165dee]
    ├─ [0] console::log("--- Verification details for leaf 12 after adding 18 leaves ---") [staticcall]
    │   └─ ← ()
    ├─ [16189] MerkleStorageOZ::verifyLeaf(0x6c6561663132, [0x187374d08f1fbae82b4bfcec5f832bc78271f5d335a3860d721db1e6b05a4d43, 0xf352b1b5872acb8684bb694175cf18f81a134d5ff86ae93833369c25d9cd9cce, 0x9d41c4e44937cf4145290fe7608388df300aac1673c26cd3122cde8c7e5a99b9, 0x6312b5c9c0f90c16707fa38ba42f8fe1608c5fa99a1772af08b1ea466614ce5c, 0x97e73d5bdc5b93c5f1f4f821883ba4b1948b2ff1ac00d508e0f7bf386b165dee]) [staticcall]
    │   ├─ [0] console::log("Verifying leaf:", 96593053628671560174693064981485823685325506728506954480672468072431603451342 [9.659e76]) [staticcall]
    │   │   └─ ← ()
    │   ├─ [0] console::log("Merkle root:", 73342511100887225238186916130623334392844955136943380784671174336087748334064 [7.334e76]) [staticcall]
    │   │   └─ ← ()
    │   ├─ [0] console::log("Proof length:", 5) [staticcall]
    │   │   └─ ← ()
    │   ├─ [0] console::log("Proof element", 0, ":", 11059502003765752708342665740916089834825294147016530688590526355732680035651 [1.105e76]) [staticcall]
    │   │   └─ ← ()
    │   ├─ [0] console::log("Computed hash after element", 0, ":", 86830204781467795827957492631466613281393886399951120238877606491319470472592 [8.683e76]) [staticcall]
    │   │   └─ ← ()
    │   ├─ [0] console::log("Proof element", 1, ":", 110058130168134052799716071097073281996591153893535428294527808496692578065614 [1.1e77]) [staticcall]
    │   │   └─ ← ()
    │   ├─ [0] console::log("Computed hash after element", 1, ":", 107653161125649642032491443308982527566324346567968513637810199776622513001405 [1.076e77]) [staticcall]
    │   │   └─ ← ()
    │   ├─ [0] console::log("Proof element", 2, ":", 71129321183645985042233441554048622660549772896301430670938088189986418104761 [7.112e76]) [staticcall]
    │   │   └─ ← ()
    │   ├─ [0] console::log("Computed hash after element", 2, ":", 58589837049834144583211226689647012306316922949101456466201253300155303082111 [5.858e76]) [staticcall]
    │   │   └─ ← ()
    │   ├─ [0] console::log("Proof element", 3, ":", 44812029912269844639383167223451376600872748978496635971607178627452478213724 [4.481e76]) [staticcall]
    │   │   └─ ← ()
    │   ├─ [0] console::log("Computed hash after element", 3, ":", 86128377917019908445957012829255022949550602761192088501649658527506321620714 [8.612e76]) [staticcall]
    │   │   └─ ← ()
    │   ├─ [0] console::log("Proof element", 4, ":", 68707805291125709217780897399343780900556216299315256742021570282172139855342 [6.87e76]) [staticcall]
    │   │   └─ ← ()
    │   ├─ [0] console::log("Computed hash after element", 4, ":", 73342511100887225238186916130623334392844955136943380784671174336087748334064 [7.334e76]) [staticcall]
    │   │   └─ ← ()
    │   ├─ [0] console::log("Is valid:", true) [staticcall]
    │   │   └─ ← ()
    │   └─ ← true
    ├─ [0] console::log("--- End of verification details ---") [staticcall]
    │   └─ ← ()
    ├─ [0] console::log("Successfully verified leaf 12 after adding 18 leaves") [staticcall]
    │   └─ ← ()
    ├─ [36604] MerkleStorageOZ::getProof(12) [staticcall]
    │   ├─ [0] console::log("Getting proof for leaf index:", 12) [staticcall]
    │   │   └─ ← ()
    │   ├─ [0] console::log("Tree depth:", 5) [staticcall]
    │   │   └─ ← ()
    │   ├─ [0] console::log("Level", 0, "size:", 18) [staticcall]
    │   │   └─ ← ()
    │   ├─ [0] console::log("Added to proof:", 33672592122163231522297444352452316230401835406380993219594760926723533962405 [3.367e76]) [staticcall]
    │   │   └─ ← ()
    │   ├─ [0] console::log("Level", 1, "size:", 9) [staticcall]
    │   │   └─ ← ()
    │   ├─ [0] console::log("Added to proof:", 68222527226755524790505848492501156006903177263714150024810130256539423849504 [6.822e76]) [staticcall]
    │   │   └─ ← ()
    │   ├─ [0] console::log("Level", 2, "size:", 5) [staticcall]
    │   │   └─ ← ()
    │   ├─ [0] console::log("Added to proof:", 107653161125649642032491443308982527566324346567968513637810199776622513001405 [1.076e77]) [staticcall]
    │   │   └─ ← ()
    │   ├─ [0] console::log("Level", 3, "size:", 3) [staticcall]
    │   │   └─ ← ()
    │   ├─ [0] console::log("Added to proof:", 44812029912269844639383167223451376600872748978496635971607178627452478213724 [4.481e76]) [staticcall]
    │   │   └─ ← ()
    │   ├─ [0] console::log("Level", 4, "size:", 2) [staticcall]
    │   │   └─ ← ()
    │   ├─ [0] console::log("Added to proof:", 68707805291125709217780897399343780900556216299315256742021570282172139855342 [6.87e76]) [staticcall]
    │   │   └─ ← ()
    │   ├─ [0] console::log("Final proof length:", 5) [staticcall]
    │   │   └─ ← ()
    │   └─ ← [0x4a7203021756b359fbd744929fcb5fee1a5c9a156dcfc02424db42480a3ffca5, 0x96d495000c9975bf6a9539f2b5dcb819f776e3a1a0645c12298f65bb916fbc20, 0xee0187a9e1cd26963ee5f1e99031a2da9d737039b6c237adc84770a6d2d893bd, 0x6312b5c9c0f90c16707fa38ba42f8fe1608c5fa99a1772af08b1ea466614ce5c, 0x97e73d5bdc5b93c5f1f4f821883ba4b1948b2ff1ac00d508e0f7bf386b165dee]
    ├─ [0] console::log("--- Verification details for leaf 13 after adding 18 leaves ---") [staticcall]
    │   └─ ← ()
    ├─ [16199] MerkleStorageOZ::verifyLeaf(0x6c6561663133, [0x4a7203021756b359fbd744929fcb5fee1a5c9a156dcfc02424db42480a3ffca5, 0x96d495000c9975bf6a9539f2b5dcb819f776e3a1a0645c12298f65bb916fbc20, 0xee0187a9e1cd26963ee5f1e99031a2da9d737039b6c237adc84770a6d2d893bd, 0x6312b5c9c0f90c16707fa38ba42f8fe1608c5fa99a1772af08b1ea466614ce5c, 0x97e73d5bdc5b93c5f1f4f821883ba4b1948b2ff1ac00d508e0f7bf386b165dee]) [staticcall]
    │   ├─ [0] console::log("Verifying leaf:", 92619562252365677669901163699204566607949558994432207550606556910840817279335 [9.261e76]) [staticcall]
    │   │   └─ ← ()
    │   ├─ [0] console::log("Merkle root:", 73342511100887225238186916130623334392844955136943380784671174336087748334064 [7.334e76]) [staticcall]
    │   │   └─ ← ()
    │   ├─ [0] console::log("Proof length:", 5) [staticcall]
    │   │   └─ ← ()
    │   ├─ [0] console::log("Proof element", 0, ":", 33672592122163231522297444352452316230401835406380993219594760926723533962405 [3.367e76]) [staticcall]
    │   │   └─ ← ()
    │   ├─ [0] console::log("Computed hash after element", 0, ":", 27450459817178025726961910999305864805083219849135273456119843313523604327146 [2.745e76]) [staticcall]
    │   │   └─ ← ()
    │   ├─ [0] console::log("Proof element", 1, ":", 68222527226755524790505848492501156006903177263714150024810130256539423849504 [6.822e76]) [staticcall]
    │   │   └─ ← ()
    │   ├─ [0] console::log("Computed hash after element", 1, ":", 71129321183645985042233441554048622660549772896301430670938088189986418104761 [7.112e76]) [staticcall]
    │   │   └─ ← ()
    │   ├─ [0] console::log("Proof element", 2, ":", 107653161125649642032491443308982527566324346567968513637810199776622513001405 [1.076e77]) [staticcall]
    │   │   └─ ← ()
    │   ├─ [0] console::log("Computed hash after element", 2, ":", 58589837049834144583211226689647012306316922949101456466201253300155303082111 [5.858e76]) [staticcall]
    │   │   └─ ← ()
    │   ├─ [0] console::log("Proof element", 3, ":", 44812029912269844639383167223451376600872748978496635971607178627452478213724 [4.481e76]) [staticcall]
    │   │   └─ ← ()
    │   ├─ [0] console::log("Computed hash after element", 3, ":", 86128377917019908445957012829255022949550602761192088501649658527506321620714 [8.612e76]) [staticcall]
    │   │   └─ ← ()
    │   ├─ [0] console::log("Proof element", 4, ":", 68707805291125709217780897399343780900556216299315256742021570282172139855342 [6.87e76]) [staticcall]
    │   │   └─ ← ()
    │   ├─ [0] console::log("Computed hash after element", 4, ":", 73342511100887225238186916130623334392844955136943380784671174336087748334064 [7.334e76]) [staticcall]
    │   │   └─ ← ()
    │   ├─ [0] console::log("Is valid:", true) [staticcall]
    │   │   └─ ← ()
    │   └─ ← true
    ├─ [0] console::log("--- End of verification details ---") [staticcall]
    │   └─ ← ()
    ├─ [0] console::log("Successfully verified leaf 13 after adding 18 leaves") [staticcall]
    │   └─ ← ()
    ├─ [36519] MerkleStorageOZ::getProof(13) [staticcall]
    │   ├─ [0] console::log("Getting proof for leaf index:", 13) [staticcall]
    │   │   └─ ← ()
    │   ├─ [0] console::log("Tree depth:", 5) [staticcall]
    │   │   └─ ← ()
    │   ├─ [0] console::log("Level", 0, "size:", 18) [staticcall]
    │   │   └─ ← ()
    │   ├─ [0] console::log("Added to proof:", 92619562252365677669901163699204566607949558994432207550606556910840817279335 [9.261e76]) [staticcall]
    │   │   └─ ← ()
    │   ├─ [0] console::log("Level", 1, "size:", 9) [staticcall]
    │   │   └─ ← ()
    │   ├─ [0] console::log("Added to proof:", 68222527226755524790505848492501156006903177263714150024810130256539423849504 [6.822e76]) [staticcall]
    │   │   └─ ← ()
    │   ├─ [0] console::log("Level", 2, "size:", 5) [staticcall]
    │   │   └─ ← ()
    │   ├─ [0] console::log("Added to proof:", 107653161125649642032491443308982527566324346567968513637810199776622513001405 [1.076e77]) [staticcall]
    │   │   └─ ← ()
    │   ├─ [0] console::log("Level", 3, "size:", 3) [staticcall]
    │   │   └─ ← ()
    │   ├─ [0] console::log("Added to proof:", 44812029912269844639383167223451376600872748978496635971607178627452478213724 [4.481e76]) [staticcall]
    │   │   └─ ← ()
    │   ├─ [0] console::log("Level", 4, "size:", 2) [staticcall]
    │   │   └─ ← ()
    │   ├─ [0] console::log("Added to proof:", 68707805291125709217780897399343780900556216299315256742021570282172139855342 [6.87e76]) [staticcall]
    │   │   └─ ← ()
    │   ├─ [0] console::log("Final proof length:", 5) [staticcall]
    │   │   └─ ← ()
    │   └─ ← [0xccc4d083cdf48ef2c50a0a45b13aae2642eda593dfb5894236e409ed3ff26167, 0x96d495000c9975bf6a9539f2b5dcb819f776e3a1a0645c12298f65bb916fbc20, 0xee0187a9e1cd26963ee5f1e99031a2da9d737039b6c237adc84770a6d2d893bd, 0x6312b5c9c0f90c16707fa38ba42f8fe1608c5fa99a1772af08b1ea466614ce5c, 0x97e73d5bdc5b93c5f1f4f821883ba4b1948b2ff1ac00d508e0f7bf386b165dee]
    ├─ [0] console::log("--- Verification details for leaf 14 after adding 18 leaves ---") [staticcall]
    │   └─ ← ()
    ├─ [16209] MerkleStorageOZ::verifyLeaf(0x6c6561663134, [0xccc4d083cdf48ef2c50a0a45b13aae2642eda593dfb5894236e409ed3ff26167, 0x96d495000c9975bf6a9539f2b5dcb819f776e3a1a0645c12298f65bb916fbc20, 0xee0187a9e1cd26963ee5f1e99031a2da9d737039b6c237adc84770a6d2d893bd, 0x6312b5c9c0f90c16707fa38ba42f8fe1608c5fa99a1772af08b1ea466614ce5c, 0x97e73d5bdc5b93c5f1f4f821883ba4b1948b2ff1ac00d508e0f7bf386b165dee]) [staticcall]
    │   ├─ [0] console::log("Verifying leaf:", 33672592122163231522297444352452316230401835406380993219594760926723533962405 [3.367e76]) [staticcall]
    │   │   └─ ← ()
    │   ├─ [0] console::log("Merkle root:", 73342511100887225238186916130623334392844955136943380784671174336087748334064 [7.334e76]) [staticcall]
    │   │   └─ ← ()
    │   ├─ [0] console::log("Proof length:", 5) [staticcall]
    │   │   └─ ← ()
    │   ├─ [0] console::log("Proof element", 0, ":", 92619562252365677669901163699204566607949558994432207550606556910840817279335 [9.261e76]) [staticcall]
    │   │   └─ ← ()
    │   ├─ [0] console::log("Computed hash after element", 0, ":", 27450459817178025726961910999305864805083219849135273456119843313523604327146 [2.745e76]) [staticcall]
    │   │   └─ ← ()
    │   ├─ [0] console::log("Proof element", 1, ":", 68222527226755524790505848492501156006903177263714150024810130256539423849504 [6.822e76]) [staticcall]
    │   │   └─ ← ()
    │   ├─ [0] console::log("Computed hash after element", 1, ":", 71129321183645985042233441554048622660549772896301430670938088189986418104761 [7.112e76]) [staticcall]
    │   │   └─ ← ()
    │   ├─ [0] console::log("Proof element", 2, ":", 107653161125649642032491443308982527566324346567968513637810199776622513001405 [1.076e77]) [staticcall]
    │   │   └─ ← ()
    │   ├─ [0] console::log("Computed hash after element", 2, ":", 58589837049834144583211226689647012306316922949101456466201253300155303082111 [5.858e76]) [staticcall]
    │   │   └─ ← ()
    │   ├─ [0] console::log("Proof element", 3, ":", 44812029912269844639383167223451376600872748978496635971607178627452478213724 [4.481e76]) [staticcall]
    │   │   └─ ← ()
    │   ├─ [0] console::log("Computed hash after element", 3, ":", 86128377917019908445957012829255022949550602761192088501649658527506321620714 [8.612e76]) [staticcall]
    │   │   └─ ← ()
    │   ├─ [0] console::log("Proof element", 4, ":", 68707805291125709217780897399343780900556216299315256742021570282172139855342 [6.87e76]) [staticcall]
    │   │   └─ ← ()
    │   ├─ [0] console::log("Computed hash after element", 4, ":", 73342511100887225238186916130623334392844955136943380784671174336087748334064 [7.334e76]) [staticcall]
    │   │   └─ ← ()
    │   ├─ [0] console::log("Is valid:", true) [staticcall]
    │   │   └─ ← ()
    │   └─ ← true
    ├─ [0] console::log("--- End of verification details ---") [staticcall]
    │   └─ ← ()
    ├─ [0] console::log("Successfully verified leaf 14 after adding 18 leaves") [staticcall]
    │   └─ ← ()
    ├─ [36519] MerkleStorageOZ::getProof(14) [staticcall]
    │   ├─ [0] console::log("Getting proof for leaf index:", 14) [staticcall]
    │   │   └─ ← ()
    │   ├─ [0] console::log("Tree depth:", 5) [staticcall]
    │   │   └─ ← ()
    │   ├─ [0] console::log("Level", 0, "size:", 18) [staticcall]
    │   │   └─ ← ()
    │   ├─ [0] console::log("Added to proof:", 29282441118156610795451351767893172742723572721638635483486521378003152140138 [2.928e76]) [staticcall]
    │   │   └─ ← ()
    │   ├─ [0] console::log("Level", 1, "size:", 9) [staticcall]
    │   │   └─ ← ()
    │   ├─ [0] console::log("Added to proof:", 27450459817178025726961910999305864805083219849135273456119843313523604327146 [2.745e76]) [staticcall]
    │   │   └─ ← ()
    │   ├─ [0] console::log("Level", 2, "size:", 5) [staticcall]
    │   │   └─ ← ()
    │   ├─ [0] console::log("Added to proof:", 107653161125649642032491443308982527566324346567968513637810199776622513001405 [1.076e77]) [staticcall]
    │   │   └─ ← ()
    │   ├─ [0] console::log("Level", 3, "size:", 3) [staticcall]
    │   │   └─ ← ()
    │   ├─ [0] console::log("Added to proof:", 44812029912269844639383167223451376600872748978496635971607178627452478213724 [4.481e76]) [staticcall]
    │   │   └─ ← ()
    │   ├─ [0] console::log("Level", 4, "size:", 2) [staticcall]
    │   │   └─ ← ()
    │   ├─ [0] console::log("Added to proof:", 68707805291125709217780897399343780900556216299315256742021570282172139855342 [6.87e76]) [staticcall]
    │   │   └─ ← ()
    │   ├─ [0] console::log("Final proof length:", 5) [staticcall]
    │   │   └─ ← ()
    │   └─ ← [0x40bd463b06adac3d3f4d9f69acf274bf72617327c94407540c58a969aa4df76a, 0x3cb068dfee4565b215b4fbdb3cdb15bce0a9c6c2e3b7b093b67b46c926340aea, 0xee0187a9e1cd26963ee5f1e99031a2da9d737039b6c237adc84770a6d2d893bd, 0x6312b5c9c0f90c16707fa38ba42f8fe1608c5fa99a1772af08b1ea466614ce5c, 0x97e73d5bdc5b93c5f1f4f821883ba4b1948b2ff1ac00d508e0f7bf386b165dee]
    ├─ [0] console::log("--- Verification details for leaf 15 after adding 18 leaves ---") [staticcall]
    │   └─ ← ()
    ├─ [16189] MerkleStorageOZ::verifyLeaf(0x6c6561663135, [0x40bd463b06adac3d3f4d9f69acf274bf72617327c94407540c58a969aa4df76a, 0x3cb068dfee4565b215b4fbdb3cdb15bce0a9c6c2e3b7b093b67b46c926340aea, 0xee0187a9e1cd26963ee5f1e99031a2da9d737039b6c237adc84770a6d2d893bd, 0x6312b5c9c0f90c16707fa38ba42f8fe1608c5fa99a1772af08b1ea466614ce5c, 0x97e73d5bdc5b93c5f1f4f821883ba4b1948b2ff1ac00d508e0f7bf386b165dee]) [staticcall]
    │   ├─ [0] console::log("Verifying leaf:", 49376861721947691573602341854337835825465271023485523889471862409499079557266 [4.937e76]) [staticcall]
    │   │   └─ ← ()
    │   ├─ [0] console::log("Merkle root:", 73342511100887225238186916130623334392844955136943380784671174336087748334064 [7.334e76]) [staticcall]
    │   │   └─ ← ()
    │   ├─ [0] console::log("Proof length:", 5) [staticcall]
    │   │   └─ ← ()
    │   ├─ [0] console::log("Proof element", 0, ":", 29282441118156610795451351767893172742723572721638635483486521378003152140138 [2.928e76]) [staticcall]
    │   │   └─ ← ()
    │   ├─ [0] console::log("Computed hash after element", 0, ":", 68222527226755524790505848492501156006903177263714150024810130256539423849504 [6.822e76]) [staticcall]
    │   │   └─ ← ()
    │   ├─ [0] console::log("Proof element", 1, ":", 27450459817178025726961910999305864805083219849135273456119843313523604327146 [2.745e76]) [staticcall]
    │   │   └─ ← ()
    │   ├─ [0] console::log("Computed hash after element", 1, ":", 71129321183645985042233441554048622660549772896301430670938088189986418104761 [7.112e76]) [staticcall]
    │   │   └─ ← ()
    │   ├─ [0] console::log("Proof element", 2, ":", 107653161125649642032491443308982527566324346567968513637810199776622513001405 [1.076e77]) [staticcall]
    │   │   └─ ← ()
    │   ├─ [0] console::log("Computed hash after element", 2, ":", 58589837049834144583211226689647012306316922949101456466201253300155303082111 [5.858e76]) [staticcall]
    │   │   └─ ← ()
    │   ├─ [0] console::log("Proof element", 3, ":", 44812029912269844639383167223451376600872748978496635971607178627452478213724 [4.481e76]) [staticcall]
    │   │   └─ ← ()
    │   ├─ [0] console::log("Computed hash after element", 3, ":", 86128377917019908445957012829255022949550602761192088501649658527506321620714 [8.612e76]) [staticcall]
    │   │   └─ ← ()
    │   ├─ [0] console::log("Proof element", 4, ":", 68707805291125709217780897399343780900556216299315256742021570282172139855342 [6.87e76]) [staticcall]
    │   │   └─ ← ()
    │   ├─ [0] console::log("Computed hash after element", 4, ":", 73342511100887225238186916130623334392844955136943380784671174336087748334064 [7.334e76]) [staticcall]
    │   │   └─ ← ()
    │   ├─ [0] console::log("Is valid:", true) [staticcall]
    │   │   └─ ← ()
    │   └─ ← true
    ├─ [0] console::log("--- End of verification details ---") [staticcall]
    │   └─ ← ()
    ├─ [0] console::log("Successfully verified leaf 15 after adding 18 leaves") [staticcall]
    │   └─ ← ()
    ├─ [36434] MerkleStorageOZ::getProof(15) [staticcall]
    │   ├─ [0] console::log("Getting proof for leaf index:", 15) [staticcall]
    │   │   └─ ← ()
    │   ├─ [0] console::log("Tree depth:", 5) [staticcall]
    │   │   └─ ← ()
    │   ├─ [0] console::log("Level", 0, "size:", 18) [staticcall]
    │   │   └─ ← ()
    │   ├─ [0] console::log("Added to proof:", 49376861721947691573602341854337835825465271023485523889471862409499079557266 [4.937e76]) [staticcall]
    │   │   └─ ← ()
    │   ├─ [0] console::log("Level", 1, "size:", 9) [staticcall]
    │   │   └─ ← ()
    │   ├─ [0] console::log("Added to proof:", 27450459817178025726961910999305864805083219849135273456119843313523604327146 [2.745e76]) [staticcall]
    │   │   └─ ← ()
    │   ├─ [0] console::log("Level", 2, "size:", 5) [staticcall]
    │   │   └─ ← ()
    │   ├─ [0] console::log("Added to proof:", 107653161125649642032491443308982527566324346567968513637810199776622513001405 [1.076e77]) [staticcall]
    │   │   └─ ← ()
    │   ├─ [0] console::log("Level", 3, "size:", 3) [staticcall]
    │   │   └─ ← ()
    │   ├─ [0] console::log("Added to proof:", 44812029912269844639383167223451376600872748978496635971607178627452478213724 [4.481e76]) [staticcall]
    │   │   └─ ← ()
    │   ├─ [0] console::log("Level", 4, "size:", 2) [staticcall]
    │   │   └─ ← ()
    │   ├─ [0] console::log("Added to proof:", 68707805291125709217780897399343780900556216299315256742021570282172139855342 [6.87e76]) [staticcall]
    │   │   └─ ← ()
    │   ├─ [0] console::log("Final proof length:", 5) [staticcall]
    │   │   └─ ← ()
    │   └─ ← [0x6d2a503801c4a495dd34ec63d048cc1c56cd4e99ed480da77c09d497092b4092, 0x3cb068dfee4565b215b4fbdb3cdb15bce0a9c6c2e3b7b093b67b46c926340aea, 0xee0187a9e1cd26963ee5f1e99031a2da9d737039b6c237adc84770a6d2d893bd, 0x6312b5c9c0f90c16707fa38ba42f8fe1608c5fa99a1772af08b1ea466614ce5c, 0x97e73d5bdc5b93c5f1f4f821883ba4b1948b2ff1ac00d508e0f7bf386b165dee]
    ├─ [0] console::log("--- Verification details for leaf 16 after adding 18 leaves ---") [staticcall]
    │   └─ ← ()
    ├─ [16199] MerkleStorageOZ::verifyLeaf(0x6c6561663136, [0x6d2a503801c4a495dd34ec63d048cc1c56cd4e99ed480da77c09d497092b4092, 0x3cb068dfee4565b215b4fbdb3cdb15bce0a9c6c2e3b7b093b67b46c926340aea, 0xee0187a9e1cd26963ee5f1e99031a2da9d737039b6c237adc84770a6d2d893bd, 0x6312b5c9c0f90c16707fa38ba42f8fe1608c5fa99a1772af08b1ea466614ce5c, 0x97e73d5bdc5b93c5f1f4f821883ba4b1948b2ff1ac00d508e0f7bf386b165dee]) [staticcall]
    │   ├─ [0] console::log("Verifying leaf:", 29282441118156610795451351767893172742723572721638635483486521378003152140138 [2.928e76]) [staticcall]
    │   │   └─ ← ()
    │   ├─ [0] console::log("Merkle root:", 73342511100887225238186916130623334392844955136943380784671174336087748334064 [7.334e76]) [staticcall]
    │   │   └─ ← ()
    │   ├─ [0] console::log("Proof length:", 5) [staticcall]
    │   │   └─ ← ()
    │   ├─ [0] console::log("Proof element", 0, ":", 49376861721947691573602341854337835825465271023485523889471862409499079557266 [4.937e76]) [staticcall]
    │   │   └─ ← ()
    │   ├─ [0] console::log("Computed hash after element", 0, ":", 68222527226755524790505848492501156006903177263714150024810130256539423849504 [6.822e76]) [staticcall]
    │   │   └─ ← ()
    │   ├─ [0] console::log("Proof element", 1, ":", 27450459817178025726961910999305864805083219849135273456119843313523604327146 [2.745e76]) [staticcall]
    │   │   └─ ← ()
    │   ├─ [0] console::log("Computed hash after element", 1, ":", 71129321183645985042233441554048622660549772896301430670938088189986418104761 [7.112e76]) [staticcall]
    │   │   └─ ← ()
    │   ├─ [0] console::log("Proof element", 2, ":", 107653161125649642032491443308982527566324346567968513637810199776622513001405 [1.076e77]) [staticcall]
    │   │   └─ ← ()
    │   ├─ [0] console::log("Computed hash after element", 2, ":", 58589837049834144583211226689647012306316922949101456466201253300155303082111 [5.858e76]) [staticcall]
    │   │   └─ ← ()
    │   ├─ [0] console::log("Proof element", 3, ":", 44812029912269844639383167223451376600872748978496635971607178627452478213724 [4.481e76]) [staticcall]
    │   │   └─ ← ()
    │   ├─ [0] console::log("Computed hash after element", 3, ":", 86128377917019908445957012829255022949550602761192088501649658527506321620714 [8.612e76]) [staticcall]
    │   │   └─ ← ()
    │   ├─ [0] console::log("Proof element", 4, ":", 68707805291125709217780897399343780900556216299315256742021570282172139855342 [6.87e76]) [staticcall]
    │   │   └─ ← ()
    │   ├─ [0] console::log("Computed hash after element", 4, ":", 73342511100887225238186916130623334392844955136943380784671174336087748334064 [7.334e76]) [staticcall]
    │   │   └─ ← ()
    │   ├─ [0] console::log("Is valid:", true) [staticcall]
    │   │   └─ ← ()
    │   └─ ← true
    ├─ [0] console::log("--- End of verification details ---") [staticcall]
    │   └─ ← ()
    ├─ [0] console::log("Successfully verified leaf 16 after adding 18 leaves") [staticcall]
    │   └─ ← ()
    ├─ [36695] MerkleStorageOZ::getProof(16) [staticcall]
    │   ├─ [0] console::log("Getting proof for leaf index:", 16) [staticcall]
    │   │   └─ ← ()
    │   ├─ [0] console::log("Tree depth:", 5) [staticcall]
    │   │   └─ ← ()
    │   ├─ [0] console::log("Level", 0, "size:", 18) [staticcall]
    │   │   └─ ← ()
    │   ├─ [0] console::log("Added to proof:", 84400808403309474247251277457382660891608361063132282181411243421902705171780 [8.44e76]) [staticcall]
    │   │   └─ ← ()
    │   ├─ [0] console::log("Level", 1, "size:", 9) [staticcall]
    │   │   └─ ← ()
    │   ├─ [0] console::log("Added to proof (odd level):", 68707805291125709217780897399343780900556216299315256742021570282172139855342 [6.87e76]) [staticcall]
    │   │   └─ ← ()
    │   ├─ [0] console::log("Level", 2, "size:", 5) [staticcall]
    │   │   └─ ← ()
    │   ├─ [0] console::log("Added to proof (odd level):", 68707805291125709217780897399343780900556216299315256742021570282172139855342 [6.87e76]) [staticcall]
    │   │   └─ ← ()
    │   ├─ [0] console::log("Level", 3, "size:", 3) [staticcall]
    │   │   └─ ← ()
    │   ├─ [0] console::log("Added to proof (odd level):", 68707805291125709217780897399343780900556216299315256742021570282172139855342 [6.87e76]) [staticcall]
    │   │   └─ ← ()
    │   ├─ [0] console::log("Level", 4, "size:", 2) [staticcall]
    │   │   └─ ← ()
    │   ├─ [0] console::log("Added to proof:", 86128377917019908445957012829255022949550602761192088501649658527506321620714 [8.612e76]) [staticcall]
    │   │   └─ ← ()
    │   ├─ [0] console::log("Final proof length:", 5) [staticcall]
    │   │   └─ ← ()
    │   └─ ← [0xba992a2886849d2ee7d1a5d829bc0808a4fdf5efefb777966a072ead27f69d44, 0x97e73d5bdc5b93c5f1f4f821883ba4b1948b2ff1ac00d508e0f7bf386b165dee, 0x97e73d5bdc5b93c5f1f4f821883ba4b1948b2ff1ac00d508e0f7bf386b165dee, 0x97e73d5bdc5b93c5f1f4f821883ba4b1948b2ff1ac00d508e0f7bf386b165dee, 0xbe6aef332f76fab2501328e00212a75716fd7cf5be4cd3c68a372010ccc3beea]
    ├─ [0] console::log("--- Verification details for leaf 17 after adding 18 leaves ---") [staticcall]
    │   └─ ← ()
    ├─ [16229] MerkleStorageOZ::verifyLeaf(0x6c6561663137, [0xba992a2886849d2ee7d1a5d829bc0808a4fdf5efefb777966a072ead27f69d44, 0x97e73d5bdc5b93c5f1f4f821883ba4b1948b2ff1ac00d508e0f7bf386b165dee, 0x97e73d5bdc5b93c5f1f4f821883ba4b1948b2ff1ac00d508e0f7bf386b165dee, 0x97e73d5bdc5b93c5f1f4f821883ba4b1948b2ff1ac00d508e0f7bf386b165dee, 0xbe6aef332f76fab2501328e00212a75716fd7cf5be4cd3c68a372010ccc3beea]) [staticcall]
    │   ├─ [0] console::log("Verifying leaf:", 21979652522633138675855471474548080148032271092062185065410366224797086795229 [2.197e76]) [staticcall]
    │   │   └─ ← ()
    │   ├─ [0] console::log("Merkle root:", 73342511100887225238186916130623334392844955136943380784671174336087748334064 [7.334e76]) [staticcall]
    │   │   └─ ← ()
    │   ├─ [0] console::log("Proof length:", 5) [staticcall]
    │   │   └─ ← ()
    │   ├─ [0] console::log("Proof element", 0, ":", 84400808403309474247251277457382660891608361063132282181411243421902705171780 [8.44e76]) [staticcall]
    │   │   └─ ← ()
    │   ├─ [0] console::log("Computed hash after element", 0, ":", 68707805291125709217780897399343780900556216299315256742021570282172139855342 [6.87e76]) [staticcall]
    │   │   └─ ← ()
    │   ├─ [0] console::log("Proof element", 1, ":", 68707805291125709217780897399343780900556216299315256742021570282172139855342 [6.87e76]) [staticcall]
    │   │   └─ ← ()
    │   ├─ [0] console::log("Computed hash after element", 1, ":", 51920681184817115840818331037065371666768967414446632903266149244701009050274 [5.192e76]) [staticcall]
    │   │   └─ ← ()
    │   ├─ [0] console::log("Proof element", 2, ":", 68707805291125709217780897399343780900556216299315256742021570282172139855342 [6.87e76]) [staticcall]
    │   │   └─ ← ()
    │   ├─ [0] console::log("Computed hash after element", 2, ":", 28845211188060999399791334133571501923208662972992643563965153604619897181222 [2.884e76]) [staticcall]
    │   │   └─ ← ()
    │   ├─ [0] console::log("Proof element", 3, ":", 68707805291125709217780897399343780900556216299315256742021570282172139855342 [6.87e76]) [staticcall]
    │   │   └─ ← ()
    │   ├─ [0] console::log("Computed hash after element", 3, ":", 27464650503479803145911618257982466293589248500392197134237082968620206368099 [2.746e76]) [staticcall]
    │   │   └─ ← ()
    │   ├─ [0] console::log("Proof element", 4, ":", 86128377917019908445957012829255022949550602761192088501649658527506321620714 [8.612e76]) [staticcall]
    │   │   └─ ← ()
    │   ├─ [0] console::log("Computed hash after element", 4, ":", 106202056338403788838062510589052385211326445108795870231196612377321081896590 [1.062e77]) [staticcall]
    │   │   └─ ← ()
    │   ├─ [0] console::log("Is valid:", false) [staticcall]
    │   │   └─ ← ()
    │   └─ ← false
    ├─ [0] console::log("--- End of verification details ---") [staticcall]
    │   └─ ← ()
    ├─ [0] console::log("Failed to verify leaf 17 after adding 18 leaves") [staticcall]
    │   └─ ← ()
    ├─ [36610] MerkleStorageOZ::getProof(17) [staticcall]
    │   ├─ [0] console::log("Getting proof for leaf index:", 17) [staticcall]
    │   │   └─ ← ()
    │   ├─ [0] console::log("Tree depth:", 5) [staticcall]
    │   │   └─ ← ()
    │   ├─ [0] console::log("Level", 0, "size:", 18) [staticcall]
    │   │   └─ ← ()
    │   ├─ [0] console::log("Added to proof:", 21979652522633138675855471474548080148032271092062185065410366224797086795229 [2.197e76]) [staticcall]
    │   │   └─ ← ()
    │   ├─ [0] console::log("Level", 1, "size:", 9) [staticcall]
    │   │   └─ ← ()
    │   ├─ [0] console::log("Added to proof (odd level):", 68707805291125709217780897399343780900556216299315256742021570282172139855342 [6.87e76]) [staticcall]
    │   │   └─ ← ()
    │   ├─ [0] console::log("Level", 2, "size:", 5) [staticcall]
    │   │   └─ ← ()
    │   ├─ [0] console::log("Added to proof (odd level):", 68707805291125709217780897399343780900556216299315256742021570282172139855342 [6.87e76]) [staticcall]
    │   │   └─ ← ()
    │   ├─ [0] console::log("Level", 3, "size:", 3) [staticcall]
    │   │   └─ ← ()
    │   ├─ [0] console::log("Added to proof (odd level):", 68707805291125709217780897399343780900556216299315256742021570282172139855342 [6.87e76]) [staticcall]
    │   │   └─ ← ()
    │   ├─ [0] console::log("Level", 4, "size:", 2) [staticcall]
    │   │   └─ ← ()
    │   ├─ [0] console::log("Added to proof:", 86128377917019908445957012829255022949550602761192088501649658527506321620714 [8.612e76]) [staticcall]
    │   │   └─ ← ()
    │   ├─ [0] console::log("Final proof length:", 5) [staticcall]
    │   │   └─ ← ()
    │   └─ ← [0x30980adf44ec5892ff4ea3c608050515b01f7dd94be63b1753067cb9601445dd, 0x97e73d5bdc5b93c5f1f4f821883ba4b1948b2ff1ac00d508e0f7bf386b165dee, 0x97e73d5bdc5b93c5f1f4f821883ba4b1948b2ff1ac00d508e0f7bf386b165dee, 0x97e73d5bdc5b93c5f1f4f821883ba4b1948b2ff1ac00d508e0f7bf386b165dee, 0xbe6aef332f76fab2501328e00212a75716fd7cf5be4cd3c68a372010ccc3beea]
    ├─ [0] console::log("--- Verification details for leaf 18 after adding 18 leaves ---") [staticcall]
    │   └─ ← ()
    ├─ [16219] MerkleStorageOZ::verifyLeaf(0x6c6561663138, [0x30980adf44ec5892ff4ea3c608050515b01f7dd94be63b1753067cb9601445dd, 0x97e73d5bdc5b93c5f1f4f821883ba4b1948b2ff1ac00d508e0f7bf386b165dee, 0x97e73d5bdc5b93c5f1f4f821883ba4b1948b2ff1ac00d508e0f7bf386b165dee, 0x97e73d5bdc5b93c5f1f4f821883ba4b1948b2ff1ac00d508e0f7bf386b165dee, 0xbe6aef332f76fab2501328e00212a75716fd7cf5be4cd3c68a372010ccc3beea]) [staticcall]
    │   ├─ [0] console::log("Verifying leaf:", 84400808403309474247251277457382660891608361063132282181411243421902705171780 [8.44e76]) [staticcall]
    │   │   └─ ← ()
    │   ├─ [0] console::log("Merkle root:", 73342511100887225238186916130623334392844955136943380784671174336087748334064 [7.334e76]) [staticcall]
    │   │   └─ ← ()
    │   ├─ [0] console::log("Proof length:", 5) [staticcall]
    │   │   └─ ← ()
    │   ├─ [0] console::log("Proof element", 0, ":", 21979652522633138675855471474548080148032271092062185065410366224797086795229 [2.197e76]) [staticcall]
    │   │   └─ ← ()
    │   ├─ [0] console::log("Computed hash after element", 0, ":", 68707805291125709217780897399343780900556216299315256742021570282172139855342 [6.87e76]) [staticcall]
    │   │   └─ ← ()
    │   ├─ [0] console::log("Proof element", 1, ":", 68707805291125709217780897399343780900556216299315256742021570282172139855342 [6.87e76]) [staticcall]
    │   │   └─ ← ()
    │   ├─ [0] console::log("Computed hash after element", 1, ":", 51920681184817115840818331037065371666768967414446632903266149244701009050274 [5.192e76]) [staticcall]
    │   │   └─ ← ()
    │   ├─ [0] console::log("Proof element", 2, ":", 68707805291125709217780897399343780900556216299315256742021570282172139855342 [6.87e76]) [staticcall]
    │   │   └─ ← ()
    │   ├─ [0] console::log("Computed hash after element", 2, ":", 28845211188060999399791334133571501923208662972992643563965153604619897181222 [2.884e76]) [staticcall]
    │   │   └─ ← ()
    │   ├─ [0] console::log("Proof element", 3, ":", 68707805291125709217780897399343780900556216299315256742021570282172139855342 [6.87e76]) [staticcall]
    │   │   └─ ← ()
    │   ├─ [0] console::log("Computed hash after element", 3, ":", 27464650503479803145911618257982466293589248500392197134237082968620206368099 [2.746e76]) [staticcall]
    │   │   └─ ← ()
    │   ├─ [0] console::log("Proof element", 4, ":", 86128377917019908445957012829255022949550602761192088501649658527506321620714 [8.612e76]) [staticcall]
    │   │   └─ ← ()
    │   ├─ [0] console::log("Computed hash after element", 4, ":", 106202056338403788838062510589052385211326445108795870231196612377321081896590 [1.062e77]) [staticcall]
    │   │   └─ ← ()
    │   ├─ [0] console::log("Is valid:", false) [staticcall]
    │   │   └─ ← ()
    │   └─ ← false
    ├─ [0] console::log("--- End of verification details ---") [staticcall]
    │   └─ ← ()
    ├─ [0] console::log("Failed to verify leaf 18 after adding 18 leaves") [staticcall]
    │   └─ ← ()
    ├─ [44513] MerkleStorageOZ::addLeaf(0x6c6561663139)
    │   ├─ emit LeafAdded(leaf: 0x7ccb822b9ff1cebd103b23ca271c13c8c7bcc0a56e894bba26dd9494975561eb, index: 18)
    │   ├─ emit MerkleRootUpdated(newRoot: 0xc49612d6dcd61bb94f6136bd0dd3c9e4f29e7b8deb97a4c5e9cce0cb912b0838)
    │   └─ ← ()
    ├─ [0] console::log("Added leaf 19") [staticcall]
    │   └─ ← ()
    ├─ [37736] MerkleStorageOZ::getProof(0) [staticcall]
    │   ├─ [0] console::log("Getting proof for leaf index:", 0) [staticcall]
    │   │   └─ ← ()
    │   ├─ [0] console::log("Tree depth:", 5) [staticcall]
    │   │   └─ ← ()
    │   ├─ [0] console::log("Level", 0, "size:", 19) [staticcall]
    │   │   └─ ← ()
    │   ├─ [0] console::log("Added to proof:", 84303433209692230857384970403333823748570319246869449369625637863858470744792 [8.43e76]) [staticcall]
    │   │   └─ ← ()
    │   ├─ [0] console::log("Level", 1, "size:", 10) [staticcall]
    │   │   └─ ← ()
    │   ├─ [0] console::log("Added to proof:", 42994468410347004737970376126143620665813473361490896099477539813509562736181 [4.299e76]) [staticcall]
    │   │   └─ ← ()
    │   ├─ [0] console::log("Level", 2, "size:", 5) [staticcall]
    │   │   └─ ← ()
    │   ├─ [0] console::log("Added to proof:", 90519645207031266945590244632322326520069529432013691057992262226385608141027 [9.051e76]) [staticcall]
    │   │   └─ ← ()
    │   ├─ [0] console::log("Level", 3, "size:", 3) [staticcall]
    │   │   └─ ← ()
    │   ├─ [0] console::log("Added to proof:", 58589837049834144583211226689647012306316922949101456466201253300155303082111 [5.858e76]) [staticcall]
    │   │   └─ ← ()
    │   ├─ [0] console::log("Level", 4, "size:", 2) [staticcall]
    │   │   └─ ← ()
    │   ├─ [0] console::log("Added to proof:", 58970799088961112952336647953399251088847930591391758063450723545172698691839 [5.897e76]) [staticcall]
    │   │   └─ ← ()
    │   ├─ [0] console::log("Final proof length:", 5) [staticcall]
    │   │   └─ ← ()
    │   └─ ← [0xba620d61dac4ddf2d7905722b259b0bd34ec4d37c5796d9a22537c54b3f972d8, 0x5f0e01babb612c872c711c3804090c0fcd42d13e2ddbd99d21e73f30afa59e35, 0xc8204db79981b461dca6928459414628e9784deec1c74154434eb580b50868e3, 0x8188ac2f87ba406f83118b08d992d3fa8d32cc600972164a103cefd56f28387f, 0x82604a1aead20a418c0a99bc727230ed2413d3ae78e40673adc604ad1acf78ff]
    ├─ [0] console::log("--- Verification details for leaf 1 after adding 19 leaves ---") [staticcall]
    │   └─ ← ()
    ├─ [16219] MerkleStorageOZ::verifyLeaf(0x6c65616631, [0xba620d61dac4ddf2d7905722b259b0bd34ec4d37c5796d9a22537c54b3f972d8, 0x5f0e01babb612c872c711c3804090c0fcd42d13e2ddbd99d21e73f30afa59e35, 0xc8204db79981b461dca6928459414628e9784deec1c74154434eb580b50868e3, 0x8188ac2f87ba406f83118b08d992d3fa8d32cc600972164a103cefd56f28387f, 0x82604a1aead20a418c0a99bc727230ed2413d3ae78e40673adc604ad1acf78ff]) [staticcall]
    │   ├─ [0] console::log("Verifying leaf:", 1534629507014924801801850062420965747762703560098700086918056654539096211930 [1.534e75]) [staticcall]
    │   │   └─ ← ()
    │   ├─ [0] console::log("Merkle root:", 88918475406156581982430787140777871531310201529806011182131589911559220693048 [8.891e76]) [staticcall]
    │   │   └─ ← ()
    │   ├─ [0] console::log("Proof length:", 5) [staticcall]
    │   │   └─ ← ()
    │   ├─ [0] console::log("Proof element", 0, ":", 84303433209692230857384970403333823748570319246869449369625637863858470744792 [8.43e76]) [staticcall]
    │   │   └─ ← ()
    │   ├─ [0] console::log("Computed hash after element", 0, ":", 4819654492366420278237764346194618123787186199882361681321774604810163462263 [4.819e75]) [staticcall]
    │   │   └─ ← ()
    │   ├─ [0] console::log("Proof element", 1, ":", 42994468410347004737970376126143620665813473361490896099477539813509562736181 [4.299e76]) [staticcall]
    │   │   └─ ← ()
    │   ├─ [0] console::log("Computed hash after element", 1, ":", 86167276729270415220365293603154116830872546334163333883227179387055231533441 [8.616e76]) [staticcall]
    │   │   └─ ← ()
    │   ├─ [0] console::log("Proof element", 2, ":", 90519645207031266945590244632322326520069529432013691057992262226385608141027 [9.051e76]) [staticcall]
    │   │   └─ ← ()
    │   ├─ [0] console::log("Computed hash after element", 2, ":", 44812029912269844639383167223451376600872748978496635971607178627452478213724 [4.481e76]) [staticcall]
    │   │   └─ ← ()
    │   ├─ [0] console::log("Proof element", 3, ":", 58589837049834144583211226689647012306316922949101456466201253300155303082111 [5.858e76]) [staticcall]
    │   │   └─ ← ()
    │   ├─ [0] console::log("Computed hash after element", 3, ":", 86128377917019908445957012829255022949550602761192088501649658527506321620714 [8.612e76]) [staticcall]
    │   │   └─ ← ()
    │   ├─ [0] console::log("Proof element", 4, ":", 58970799088961112952336647953399251088847930591391758063450723545172698691839 [5.897e76]) [staticcall]
    │   │   └─ ← ()
    │   ├─ [0] console::log("Computed hash after element", 4, ":", 88918475406156581982430787140777871531310201529806011182131589911559220693048 [8.891e76]) [staticcall]
    │   │   └─ ← ()
    │   ├─ [0] console::log("Is valid:", true) [staticcall]
    │   │   └─ ← ()
    │   └─ ← true
    ├─ [0] console::log("--- End of verification details ---") [staticcall]
    │   └─ ← ()
    ├─ [0] console::log("Successfully verified leaf 1 after adding 19 leaves") [staticcall]
    │   └─ ← ()
    ├─ [37651] MerkleStorageOZ::getProof(1) [staticcall]
    │   ├─ [0] console::log("Getting proof for leaf index:", 1) [staticcall]
    │   │   └─ ← ()
    │   ├─ [0] console::log("Tree depth:", 5) [staticcall]
    │   │   └─ ← ()
    │   ├─ [0] console::log("Level", 0, "size:", 19) [staticcall]
    │   │   └─ ← ()
    │   ├─ [0] console::log("Added to proof:", 1534629507014924801801850062420965747762703560098700086918056654539096211930 [1.534e75]) [staticcall]
    │   │   └─ ← ()
    │   ├─ [0] console::log("Level", 1, "size:", 10) [staticcall]
    │   │   └─ ← ()
    │   ├─ [0] console::log("Added to proof:", 42994468410347004737970376126143620665813473361490896099477539813509562736181 [4.299e76]) [staticcall]
    │   │   └─ ← ()
    │   ├─ [0] console::log("Level", 2, "size:", 5) [staticcall]
    │   │   └─ ← ()
    │   ├─ [0] console::log("Added to proof:", 90519645207031266945590244632322326520069529432013691057992262226385608141027 [9.051e76]) [staticcall]
    │   │   └─ ← ()
    │   ├─ [0] console::log("Level", 3, "size:", 3) [staticcall]
    │   │   └─ ← ()
    │   ├─ [0] console::log("Added to proof:", 58589837049834144583211226689647012306316922949101456466201253300155303082111 [5.858e76]) [staticcall]
    │   │   └─ ← ()
    │   ├─ [0] console::log("Level", 4, "size:", 2) [staticcall]
    │   │   └─ ← ()
    │   ├─ [0] console::log("Added to proof:", 58970799088961112952336647953399251088847930591391758063450723545172698691839 [5.897e76]) [staticcall]
    │   │   └─ ← ()
    │   ├─ [0] console::log("Final proof length:", 5) [staticcall]
    │   │   └─ ← ()
    │   └─ ← [0x036491cc10808eeb0ff717314df6f19ba2e232d04d5f039f6fa382cae41641da, 0x5f0e01babb612c872c711c3804090c0fcd42d13e2ddbd99d21e73f30afa59e35, 0xc8204db79981b461dca6928459414628e9784deec1c74154434eb580b50868e3, 0x8188ac2f87ba406f83118b08d992d3fa8d32cc600972164a103cefd56f28387f, 0x82604a1aead20a418c0a99bc727230ed2413d3ae78e40673adc604ad1acf78ff]
    ├─ [0] console::log("--- Verification details for leaf 2 after adding 19 leaves ---") [staticcall]
    │   └─ ← ()
    ├─ [16209] MerkleStorageOZ::verifyLeaf(0x6c65616632, [0x036491cc10808eeb0ff717314df6f19ba2e232d04d5f039f6fa382cae41641da, 0x5f0e01babb612c872c711c3804090c0fcd42d13e2ddbd99d21e73f30afa59e35, 0xc8204db79981b461dca6928459414628e9784deec1c74154434eb580b50868e3, 0x8188ac2f87ba406f83118b08d992d3fa8d32cc600972164a103cefd56f28387f, 0x82604a1aead20a418c0a99bc727230ed2413d3ae78e40673adc604ad1acf78ff]) [staticcall]
    │   ├─ [0] console::log("Verifying leaf:", 84303433209692230857384970403333823748570319246869449369625637863858470744792 [8.43e76]) [staticcall]
    │   │   └─ ← ()
    │   ├─ [0] console::log("Merkle root:", 88918475406156581982430787140777871531310201529806011182131589911559220693048 [8.891e76]) [staticcall]
    │   │   └─ ← ()
    │   ├─ [0] console::log("Proof length:", 5) [staticcall]
    │   │   └─ ← ()
    │   ├─ [0] console::log("Proof element", 0, ":", 1534629507014924801801850062420965747762703560098700086918056654539096211930 [1.534e75]) [staticcall]
    │   │   └─ ← ()
    │   ├─ [0] console::log("Computed hash after element", 0, ":", 4819654492366420278237764346194618123787186199882361681321774604810163462263 [4.819e75]) [staticcall]
    │   │   └─ ← ()
    │   ├─ [0] console::log("Proof element", 1, ":", 42994468410347004737970376126143620665813473361490896099477539813509562736181 [4.299e76]) [staticcall]
    │   │   └─ ← ()
    │   ├─ [0] console::log("Computed hash after element", 1, ":", 86167276729270415220365293603154116830872546334163333883227179387055231533441 [8.616e76]) [staticcall]
    │   │   └─ ← ()
    │   ├─ [0] console::log("Proof element", 2, ":", 90519645207031266945590244632322326520069529432013691057992262226385608141027 [9.051e76]) [staticcall]
    │   │   └─ ← ()
    │   ├─ [0] console::log("Computed hash after element", 2, ":", 44812029912269844639383167223451376600872748978496635971607178627452478213724 [4.481e76]) [staticcall]
    │   │   └─ ← ()
    │   ├─ [0] console::log("Proof element", 3, ":", 58589837049834144583211226689647012306316922949101456466201253300155303082111 [5.858e76]) [staticcall]
    │   │   └─ ← ()
    │   ├─ [0] console::log("Computed hash after element", 3, ":", 86128377917019908445957012829255022949550602761192088501649658527506321620714 [8.612e76]) [staticcall]
    │   │   └─ ← ()
    │   ├─ [0] console::log("Proof element", 4, ":", 58970799088961112952336647953399251088847930591391758063450723545172698691839 [5.897e76]) [staticcall]
    │   │   └─ ← ()
    │   ├─ [0] console::log("Computed hash after element", 4, ":", 88918475406156581982430787140777871531310201529806011182131589911559220693048 [8.891e76]) [staticcall]
    │   │   └─ ← ()
    │   ├─ [0] console::log("Is valid:", true) [staticcall]
    │   │   └─ ← ()
    │   └─ ← true
    ├─ [0] console::log("--- End of verification details ---") [staticcall]
    │   └─ ← ()
    ├─ [0] console::log("Successfully verified leaf 2 after adding 19 leaves") [staticcall]
    │   └─ ← ()
    ├─ [37651] MerkleStorageOZ::getProof(2) [staticcall]
    │   ├─ [0] console::log("Getting proof for leaf index:", 2) [staticcall]
    │   │   └─ ← ()
    │   ├─ [0] console::log("Tree depth:", 5) [staticcall]
    │   │   └─ ← ()
    │   ├─ [0] console::log("Level", 0, "size:", 19) [staticcall]
    │   │   └─ ← ()
    │   ├─ [0] console::log("Added to proof:", 9718660262289985226213547307049526568607798083323067650698233131271439501106 [9.718e75]) [staticcall]
    │   │   └─ ← ()
    │   ├─ [0] console::log("Level", 1, "size:", 10) [staticcall]
    │   │   └─ ← ()
    │   ├─ [0] console::log("Added to proof:", 4819654492366420278237764346194618123787186199882361681321774604810163462263 [4.819e75]) [staticcall]
    │   │   └─ ← ()
    │   ├─ [0] console::log("Level", 2, "size:", 5) [staticcall]
    │   │   └─ ← ()
    │   ├─ [0] console::log("Added to proof:", 90519645207031266945590244632322326520069529432013691057992262226385608141027 [9.051e76]) [staticcall]
    │   │   └─ ← ()
    │   ├─ [0] console::log("Level", 3, "size:", 3) [staticcall]
    │   │   └─ ← ()
    │   ├─ [0] console::log("Added to proof:", 58589837049834144583211226689647012306316922949101456466201253300155303082111 [5.858e76]) [staticcall]
    │   │   └─ ← ()
    │   ├─ [0] console::log("Level", 4, "size:", 2) [staticcall]
    │   │   └─ ← ()
    │   ├─ [0] console::log("Added to proof:", 58970799088961112952336647953399251088847930591391758063450723545172698691839 [5.897e76]) [staticcall]
    │   │   └─ ← ()
    │   ├─ [0] console::log("Final proof length:", 5) [staticcall]
    │   │   └─ ← ()
    │   └─ ← [0x157c9118369926e028fa6cf8dfe68c750c1adbd7b0e4918c2b3a23fe4017c732, 0x0aa7d3e8df6bbfe087828aef70a86fff5964660e89f14cbbbe406695bc1e2077, 0xc8204db79981b461dca6928459414628e9784deec1c74154434eb580b50868e3, 0x8188ac2f87ba406f83118b08d992d3fa8d32cc600972164a103cefd56f28387f, 0x82604a1aead20a418c0a99bc727230ed2413d3ae78e40673adc604ad1acf78ff]
    ├─ [0] console::log("--- Verification details for leaf 3 after adding 19 leaves ---") [staticcall]
    │   └─ ← ()
    ├─ [16199] MerkleStorageOZ::verifyLeaf(0x6c65616633, [0x157c9118369926e028fa6cf8dfe68c750c1adbd7b0e4918c2b3a23fe4017c732, 0x0aa7d3e8df6bbfe087828aef70a86fff5964660e89f14cbbbe406695bc1e2077, 0xc8204db79981b461dca6928459414628e9784deec1c74154434eb580b50868e3, 0x8188ac2f87ba406f83118b08d992d3fa8d32cc600972164a103cefd56f28387f, 0x82604a1aead20a418c0a99bc727230ed2413d3ae78e40673adc604ad1acf78ff]) [staticcall]
    │   ├─ [0] console::log("Verifying leaf:", 114806096316174656260172984043681595992173194076043313710926606652151351550195 [1.148e77]) [staticcall]
    │   │   └─ ← ()
    │   ├─ [0] console::log("Merkle root:", 88918475406156581982430787140777871531310201529806011182131589911559220693048 [8.891e76]) [staticcall]
    │   │   └─ ← ()
    │   ├─ [0] console::log("Proof length:", 5) [staticcall]
    │   │   └─ ← ()
    │   ├─ [0] console::log("Proof element", 0, ":", 9718660262289985226213547307049526568607798083323067650698233131271439501106 [9.718e75]) [staticcall]
    │   │   └─ ← ()
    │   ├─ [0] console::log("Computed hash after element", 0, ":", 42994468410347004737970376126143620665813473361490896099477539813509562736181 [4.299e76]) [staticcall]
    │   │   └─ ← ()
    │   ├─ [0] console::log("Proof element", 1, ":", 4819654492366420278237764346194618123787186199882361681321774604810163462263 [4.819e75]) [staticcall]
    │   │   └─ ← ()
    │   ├─ [0] console::log("Computed hash after element", 1, ":", 86167276729270415220365293603154116830872546334163333883227179387055231533441 [8.616e76]) [staticcall]
    │   │   └─ ← ()
    │   ├─ [0] console::log("Proof element", 2, ":", 90519645207031266945590244632322326520069529432013691057992262226385608141027 [9.051e76]) [staticcall]
    │   │   └─ ← ()
    │   ├─ [0] console::log("Computed hash after element", 2, ":", 44812029912269844639383167223451376600872748978496635971607178627452478213724 [4.481e76]) [staticcall]
    │   │   └─ ← ()
    │   ├─ [0] console::log("Proof element", 3, ":", 58589837049834144583211226689647012306316922949101456466201253300155303082111 [5.858e76]) [staticcall]
    │   │   └─ ← ()
    │   ├─ [0] console::log("Computed hash after element", 3, ":", 86128377917019908445957012829255022949550602761192088501649658527506321620714 [8.612e76]) [staticcall]
    │   │   └─ ← ()
    │   ├─ [0] console::log("Proof element", 4, ":", 58970799088961112952336647953399251088847930591391758063450723545172698691839 [5.897e76]) [staticcall]
    │   │   └─ ← ()
    │   ├─ [0] console::log("Computed hash after element", 4, ":", 88918475406156581982430787140777871531310201529806011182131589911559220693048 [8.891e76]) [staticcall]
    │   │   └─ ← ()
    │   ├─ [0] console::log("Is valid:", true) [staticcall]
    │   │   └─ ← ()
    │   └─ ← true
    ├─ [0] console::log("--- End of verification details ---") [staticcall]
    │   └─ ← ()
    ├─ [0] console::log("Successfully verified leaf 3 after adding 19 leaves") [staticcall]
    │   └─ ← ()
    ├─ [37566] MerkleStorageOZ::getProof(3) [staticcall]
    │   ├─ [0] console::log("Getting proof for leaf index:", 3) [staticcall]
    │   │   └─ ← ()
    │   ├─ [0] console::log("Tree depth:", 5) [staticcall]
    │   │   └─ ← ()
    │   ├─ [0] console::log("Level", 0, "size:", 19) [staticcall]
    │   │   └─ ← ()
    │   ├─ [0] console::log("Added to proof:", 114806096316174656260172984043681595992173194076043313710926606652151351550195 [1.148e77]) [staticcall]
    │   │   └─ ← ()
    │   ├─ [0] console::log("Level", 1, "size:", 10) [staticcall]
    │   │   └─ ← ()
    │   ├─ [0] console::log("Added to proof:", 4819654492366420278237764346194618123787186199882361681321774604810163462263 [4.819e75]) [staticcall]
    │   │   └─ ← ()
    │   ├─ [0] console::log("Level", 2, "size:", 5) [staticcall]
    │   │   └─ ← ()
    │   ├─ [0] console::log("Added to proof:", 90519645207031266945590244632322326520069529432013691057992262226385608141027 [9.051e76]) [staticcall]
    │   │   └─ ← ()
    │   ├─ [0] console::log("Level", 3, "size:", 3) [staticcall]
    │   │   └─ ← ()
    │   ├─ [0] console::log("Added to proof:", 58589837049834144583211226689647012306316922949101456466201253300155303082111 [5.858e76]) [staticcall]
    │   │   └─ ← ()
    │   ├─ [0] console::log("Level", 4, "size:", 2) [staticcall]
    │   │   └─ ← ()
    │   ├─ [0] console::log("Added to proof:", 58970799088961112952336647953399251088847930591391758063450723545172698691839 [5.897e76]) [staticcall]
    │   │   └─ ← ()
    │   ├─ [0] console::log("Final proof length:", 5) [staticcall]
    │   │   └─ ← ()
    │   └─ ← [0xfdd1f2a1ec75fe968421a41d2282200de6bec6a21f81080a71b1053d9c0120f3, 0x0aa7d3e8df6bbfe087828aef70a86fff5964660e89f14cbbbe406695bc1e2077, 0xc8204db79981b461dca6928459414628e9784deec1c74154434eb580b50868e3, 0x8188ac2f87ba406f83118b08d992d3fa8d32cc600972164a103cefd56f28387f, 0x82604a1aead20a418c0a99bc727230ed2413d3ae78e40673adc604ad1acf78ff]
    ├─ [0] console::log("--- Verification details for leaf 4 after adding 19 leaves ---") [staticcall]
    │   └─ ← ()
    ├─ [16209] MerkleStorageOZ::verifyLeaf(0x6c65616634, [0xfdd1f2a1ec75fe968421a41d2282200de6bec6a21f81080a71b1053d9c0120f3, 0x0aa7d3e8df6bbfe087828aef70a86fff5964660e89f14cbbbe406695bc1e2077, 0xc8204db79981b461dca6928459414628e9784deec1c74154434eb580b50868e3, 0x8188ac2f87ba406f83118b08d992d3fa8d32cc600972164a103cefd56f28387f, 0x82604a1aead20a418c0a99bc727230ed2413d3ae78e40673adc604ad1acf78ff]) [staticcall]
    │   ├─ [0] console::log("Verifying leaf:", 9718660262289985226213547307049526568607798083323067650698233131271439501106 [9.718e75]) [staticcall]
    │   │   └─ ← ()
    │   ├─ [0] console::log("Merkle root:", 88918475406156581982430787140777871531310201529806011182131589911559220693048 [8.891e76]) [staticcall]
    │   │   └─ ← ()
    │   ├─ [0] console::log("Proof length:", 5) [staticcall]
    │   │   └─ ← ()
    │   ├─ [0] console::log("Proof element", 0, ":", 114806096316174656260172984043681595992173194076043313710926606652151351550195 [1.148e77]) [staticcall]
    │   │   └─ ← ()
    │   ├─ [0] console::log("Computed hash after element", 0, ":", 42994468410347004737970376126143620665813473361490896099477539813509562736181 [4.299e76]) [staticcall]
    │   │   └─ ← ()
    │   ├─ [0] console::log("Proof element", 1, ":", 4819654492366420278237764346194618123787186199882361681321774604810163462263 [4.819e75]) [staticcall]
    │   │   └─ ← ()
    │   ├─ [0] console::log("Computed hash after element", 1, ":", 86167276729270415220365293603154116830872546334163333883227179387055231533441 [8.616e76]) [staticcall]
    │   │   └─ ← ()
    │   ├─ [0] console::log("Proof element", 2, ":", 90519645207031266945590244632322326520069529432013691057992262226385608141027 [9.051e76]) [staticcall]
    │   │   └─ ← ()
    │   ├─ [0] console::log("Computed hash after element", 2, ":", 44812029912269844639383167223451376600872748978496635971607178627452478213724 [4.481e76]) [staticcall]
    │   │   └─ ← ()
    │   ├─ [0] console::log("Proof element", 3, ":", 58589837049834144583211226689647012306316922949101456466201253300155303082111 [5.858e76]) [staticcall]
    │   │   └─ ← ()
    │   ├─ [0] console::log("Computed hash after element", 3, ":", 86128377917019908445957012829255022949550602761192088501649658527506321620714 [8.612e76]) [staticcall]
    │   │   └─ ← ()
    │   ├─ [0] console::log("Proof element", 4, ":", 58970799088961112952336647953399251088847930591391758063450723545172698691839 [5.897e76]) [staticcall]
    │   │   └─ ← ()
    │   ├─ [0] console::log("Computed hash after element", 4, ":", 88918475406156581982430787140777871531310201529806011182131589911559220693048 [8.891e76]) [staticcall]
    │   │   └─ ← ()
    │   ├─ [0] console::log("Is valid:", true) [staticcall]
    │   │   └─ ← ()
    │   └─ ← true
    ├─ [0] console::log("--- End of verification details ---") [staticcall]
    │   └─ ← ()
    ├─ [0] console::log("Successfully verified leaf 4 after adding 19 leaves") [staticcall]
    │   └─ ← ()
    ├─ [37651] MerkleStorageOZ::getProof(4) [staticcall]
    │   ├─ [0] console::log("Getting proof for leaf index:", 4) [staticcall]
    │   │   └─ ← ()
    │   ├─ [0] console::log("Tree depth:", 5) [staticcall]
    │   │   └─ ← ()
    │   ├─ [0] console::log("Level", 0, "size:", 19) [staticcall]
    │   │   └─ ← ()
    │   ├─ [0] console::log("Added to proof:", 42656216575733633865718546135288608701490211943531992892543518422469545049160 [4.265e76]) [staticcall]
    │   │   └─ ← ()
    │   ├─ [0] console::log("Level", 1, "size:", 10) [staticcall]
    │   │   └─ ← ()
    │   ├─ [0] console::log("Added to proof:", 89139659228322516991511902812947417818976567277539582619759529237285492222351 [8.913e76]) [staticcall]
    │   │   └─ ← ()
    │   ├─ [0] console::log("Level", 2, "size:", 5) [staticcall]
    │   │   └─ ← ()
    │   ├─ [0] console::log("Added to proof:", 86167276729270415220365293603154116830872546334163333883227179387055231533441 [8.616e76]) [staticcall]
    │   │   └─ ← ()
    │   ├─ [0] console::log("Level", 3, "size:", 3) [staticcall]
    │   │   └─ ← ()
    │   ├─ [0] console::log("Added to proof:", 58589837049834144583211226689647012306316922949101456466201253300155303082111 [5.858e76]) [staticcall]
    │   │   └─ ← ()
    │   ├─ [0] console::log("Level", 4, "size:", 2) [staticcall]
    │   │   └─ ← ()
    │   ├─ [0] console::log("Added to proof:", 58970799088961112952336647953399251088847930591391758063450723545172698691839 [5.897e76]) [staticcall]
    │   │   └─ ← ()
    │   ├─ [0] console::log("Final proof length:", 5) [staticcall]
    │   │   └─ ← ()
    │   └─ ← [0x5e4e9020e0ae47d1b353192e416c1873ec642cb2e75d68faa1be2665df6c3c48, 0xc513425acc7aa543abb5dc1ff382f69776a7ff7f57d334f6cea222ae2803e98f, 0xbe80f348526b4646bc0697bf2fe649f1835863538924cb6b91ad4eb57ced0181, 0x8188ac2f87ba406f83118b08d992d3fa8d32cc600972164a103cefd56f28387f, 0x82604a1aead20a418c0a99bc727230ed2413d3ae78e40673adc604ad1acf78ff]
    ├─ [0] console::log("--- Verification details for leaf 5 after adding 19 leaves ---") [staticcall]
    │   └─ ← ()
    ├─ [16209] MerkleStorageOZ::verifyLeaf(0x6c65616635, [0x5e4e9020e0ae47d1b353192e416c1873ec642cb2e75d68faa1be2665df6c3c48, 0xc513425acc7aa543abb5dc1ff382f69776a7ff7f57d334f6cea222ae2803e98f, 0xbe80f348526b4646bc0697bf2fe649f1835863538924cb6b91ad4eb57ced0181, 0x8188ac2f87ba406f83118b08d992d3fa8d32cc600972164a103cefd56f28387f, 0x82604a1aead20a418c0a99bc727230ed2413d3ae78e40673adc604ad1acf78ff]) [staticcall]
    │   ├─ [0] console::log("Verifying leaf:", 3327891084304698462684256911003812127873740397003554529128445276024109161606 [3.327e75]) [staticcall]
    │   │   └─ ← ()
    │   ├─ [0] console::log("Merkle root:", 88918475406156581982430787140777871531310201529806011182131589911559220693048 [8.891e76]) [staticcall]
    │   │   └─ ← ()
    │   ├─ [0] console::log("Proof length:", 5) [staticcall]
    │   │   └─ ← ()
    │   ├─ [0] console::log("Proof element", 0, ":", 42656216575733633865718546135288608701490211943531992892543518422469545049160 [4.265e76]) [staticcall]
    │   │   └─ ← ()
    │   ├─ [0] console::log("Computed hash after element", 0, ":", 79680312521381101304386615379526824036772258414601889669286272159596699208134 [7.968e76]) [staticcall]
    │   │   └─ ← ()
    │   ├─ [0] console::log("Proof element", 1, ":", 89139659228322516991511902812947417818976567277539582619759529237285492222351 [8.913e76]) [staticcall]
    │   │   └─ ← ()
    │   ├─ [0] console::log("Computed hash after element", 1, ":", 90519645207031266945590244632322326520069529432013691057992262226385608141027 [9.051e76]) [staticcall]
    │   │   └─ ← ()
    │   ├─ [0] console::log("Proof element", 2, ":", 86167276729270415220365293603154116830872546334163333883227179387055231533441 [8.616e76]) [staticcall]
    │   │   └─ ← ()
    │   ├─ [0] console::log("Computed hash after element", 2, ":", 44812029912269844639383167223451376600872748978496635971607178627452478213724 [4.481e76]) [staticcall]
    │   │   └─ ← ()
    │   ├─ [0] console::log("Proof element", 3, ":", 58589837049834144583211226689647012306316922949101456466201253300155303082111 [5.858e76]) [staticcall]
    │   │   └─ ← ()
    │   ├─ [0] console::log("Computed hash after element", 3, ":", 86128377917019908445957012829255022949550602761192088501649658527506321620714 [8.612e76]) [staticcall]
    │   │   └─ ← ()
    │   ├─ [0] console::log("Proof element", 4, ":", 58970799088961112952336647953399251088847930591391758063450723545172698691839 [5.897e76]) [staticcall]
    │   │   └─ ← ()
    │   ├─ [0] console::log("Computed hash after element", 4, ":", 88918475406156581982430787140777871531310201529806011182131589911559220693048 [8.891e76]) [staticcall]
    │   │   └─ ← ()
    │   ├─ [0] console::log("Is valid:", true) [staticcall]
    │   │   └─ ← ()
    │   └─ ← true
    ├─ [0] console::log("--- End of verification details ---") [staticcall]
    │   └─ ← ()
    ├─ [0] console::log("Successfully verified leaf 5 after adding 19 leaves") [staticcall]
    │   └─ ← ()
    ├─ [37566] MerkleStorageOZ::getProof(5) [staticcall]
    │   ├─ [0] console::log("Getting proof for leaf index:", 5) [staticcall]
    │   │   └─ ← ()
    │   ├─ [0] console::log("Tree depth:", 5) [staticcall]
    │   │   └─ ← ()
    │   ├─ [0] console::log("Level", 0, "size:", 19) [staticcall]
    │   │   └─ ← ()
    │   ├─ [0] console::log("Added to proof:", 3327891084304698462684256911003812127873740397003554529128445276024109161606 [3.327e75]) [staticcall]
    │   │   └─ ← ()
    │   ├─ [0] console::log("Level", 1, "size:", 10) [staticcall]
    │   │   └─ ← ()
    │   ├─ [0] console::log("Added to proof:", 89139659228322516991511902812947417818976567277539582619759529237285492222351 [8.913e76]) [staticcall]
    │   │   └─ ← ()
    │   ├─ [0] console::log("Level", 2, "size:", 5) [staticcall]
    │   │   └─ ← ()
    │   ├─ [0] console::log("Added to proof:", 86167276729270415220365293603154116830872546334163333883227179387055231533441 [8.616e76]) [staticcall]
    │   │   └─ ← ()
    │   ├─ [0] console::log("Level", 3, "size:", 3) [staticcall]
    │   │   └─ ← ()
    │   ├─ [0] console::log("Added to proof:", 58589837049834144583211226689647012306316922949101456466201253300155303082111 [5.858e76]) [staticcall]
    │   │   └─ ← ()
    │   ├─ [0] console::log("Level", 4, "size:", 2) [staticcall]
    │   │   └─ ← ()
    │   ├─ [0] console::log("Added to proof:", 58970799088961112952336647953399251088847930591391758063450723545172698691839 [5.897e76]) [staticcall]
    │   │   └─ ← ()
    │   ├─ [0] console::log("Final proof length:", 5) [staticcall]
    │   │   └─ ← ()
    │   └─ ← [0x075b8504c98679ed33a097ef9b1466e8f4652142d4b19ab2c37fdf1668a65c86, 0xc513425acc7aa543abb5dc1ff382f69776a7ff7f57d334f6cea222ae2803e98f, 0xbe80f348526b4646bc0697bf2fe649f1835863538924cb6b91ad4eb57ced0181, 0x8188ac2f87ba406f83118b08d992d3fa8d32cc600972164a103cefd56f28387f, 0x82604a1aead20a418c0a99bc727230ed2413d3ae78e40673adc604ad1acf78ff]
    ├─ [0] console::log("--- Verification details for leaf 6 after adding 19 leaves ---") [staticcall]
    │   └─ ← ()
    ├─ [16199] MerkleStorageOZ::verifyLeaf(0x6c65616636, [0x075b8504c98679ed33a097ef9b1466e8f4652142d4b19ab2c37fdf1668a65c86, 0xc513425acc7aa543abb5dc1ff382f69776a7ff7f57d334f6cea222ae2803e98f, 0xbe80f348526b4646bc0697bf2fe649f1835863538924cb6b91ad4eb57ced0181, 0x8188ac2f87ba406f83118b08d992d3fa8d32cc600972164a103cefd56f28387f, 0x82604a1aead20a418c0a99bc727230ed2413d3ae78e40673adc604ad1acf78ff]) [staticcall]
    │   ├─ [0] console::log("Verifying leaf:", 42656216575733633865718546135288608701490211943531992892543518422469545049160 [4.265e76]) [staticcall]
    │   │   └─ ← ()
    │   ├─ [0] console::log("Merkle root:", 88918475406156581982430787140777871531310201529806011182131589911559220693048 [8.891e76]) [staticcall]
    │   │   └─ ← ()
    │   ├─ [0] console::log("Proof length:", 5) [staticcall]
    │   │   └─ ← ()
    │   ├─ [0] console::log("Proof element", 0, ":", 3327891084304698462684256911003812127873740397003554529128445276024109161606 [3.327e75]) [staticcall]
    │   │   └─ ← ()
    │   ├─ [0] console::log("Computed hash after element", 0, ":", 79680312521381101304386615379526824036772258414601889669286272159596699208134 [7.968e76]) [staticcall]
    │   │   └─ ← ()
    │   ├─ [0] console::log("Proof element", 1, ":", 89139659228322516991511902812947417818976567277539582619759529237285492222351 [8.913e76]) [staticcall]
    │   │   └─ ← ()
    │   ├─ [0] console::log("Computed hash after element", 1, ":", 90519645207031266945590244632322326520069529432013691057992262226385608141027 [9.051e76]) [staticcall]
    │   │   └─ ← ()
    │   ├─ [0] console::log("Proof element", 2, ":", 86167276729270415220365293603154116830872546334163333883227179387055231533441 [8.616e76]) [staticcall]
    │   │   └─ ← ()
    │   ├─ [0] console::log("Computed hash after element", 2, ":", 44812029912269844639383167223451376600872748978496635971607178627452478213724 [4.481e76]) [staticcall]
    │   │   └─ ← ()
    │   ├─ [0] console::log("Proof element", 3, ":", 58589837049834144583211226689647012306316922949101456466201253300155303082111 [5.858e76]) [staticcall]
    │   │   └─ ← ()
    │   ├─ [0] console::log("Computed hash after element", 3, ":", 86128377917019908445957012829255022949550602761192088501649658527506321620714 [8.612e76]) [staticcall]
    │   │   └─ ← ()
    │   ├─ [0] console::log("Proof element", 4, ":", 58970799088961112952336647953399251088847930591391758063450723545172698691839 [5.897e76]) [staticcall]
    │   │   └─ ← ()
    │   ├─ [0] console::log("Computed hash after element", 4, ":", 88918475406156581982430787140777871531310201529806011182131589911559220693048 [8.891e76]) [staticcall]
    │   │   └─ ← ()
    │   ├─ [0] console::log("Is valid:", true) [staticcall]
    │   │   └─ ← ()
    │   └─ ← true
    ├─ [0] console::log("--- End of verification details ---") [staticcall]
    │   └─ ← ()
    ├─ [0] console::log("Successfully verified leaf 6 after adding 19 leaves") [staticcall]
    │   └─ ← ()
    ├─ [37566] MerkleStorageOZ::getProof(6) [staticcall]
    │   ├─ [0] console::log("Getting proof for leaf index:", 6) [staticcall]
    │   │   └─ ← ()
    │   ├─ [0] console::log("Tree depth:", 5) [staticcall]
    │   │   └─ ← ()
    │   ├─ [0] console::log("Level", 0, "size:", 19) [staticcall]
    │   │   └─ ← ()
    │   ├─ [0] console::log("Added to proof:", 41333877701255859865019379003725985110118058655845990608936096526874421775531 [4.133e76]) [staticcall]
    │   │   └─ ← ()
    │   ├─ [0] console::log("Level", 1, "size:", 10) [staticcall]
    │   │   └─ ← ()
    │   ├─ [0] console::log("Added to proof:", 79680312521381101304386615379526824036772258414601889669286272159596699208134 [7.968e76]) [staticcall]
    │   │   └─ ← ()
    │   ├─ [0] console::log("Level", 2, "size:", 5) [staticcall]
    │   │   └─ ← ()
    │   ├─ [0] console::log("Added to proof:", 86167276729270415220365293603154116830872546334163333883227179387055231533441 [8.616e76]) [staticcall]
    │   │   └─ ← ()
    │   ├─ [0] console::log("Level", 3, "size:", 3) [staticcall]
    │   │   └─ ← ()
    │   ├─ [0] console::log("Added to proof:", 58589837049834144583211226689647012306316922949101456466201253300155303082111 [5.858e76]) [staticcall]
    │   │   └─ ← ()
    │   ├─ [0] console::log("Level", 4, "size:", 2) [staticcall]
    │   │   └─ ← ()
    │   ├─ [0] console::log("Added to proof:", 58970799088961112952336647953399251088847930591391758063450723545172698691839 [5.897e76]) [staticcall]
    │   │   └─ ← ()
    │   ├─ [0] console::log("Final proof length:", 5) [staticcall]
    │   │   └─ ← ()
    │   └─ ← [0x5b62254e0339ae673a4773d31a564007f04f6ccf4934746b49ada87734d04cab, 0xb029756cee16464a69763ada5c6cf8b91c34e842abc58c709550cdda1e5049c6, 0xbe80f348526b4646bc0697bf2fe649f1835863538924cb6b91ad4eb57ced0181, 0x8188ac2f87ba406f83118b08d992d3fa8d32cc600972164a103cefd56f28387f, 0x82604a1aead20a418c0a99bc727230ed2413d3ae78e40673adc604ad1acf78ff]
    ├─ [0] console::log("--- Verification details for leaf 7 after adding 19 leaves ---") [staticcall]
    │   └─ ← ()
    ├─ [16189] MerkleStorageOZ::verifyLeaf(0x6c65616637, [0x5b62254e0339ae673a4773d31a564007f04f6ccf4934746b49ada87734d04cab, 0xb029756cee16464a69763ada5c6cf8b91c34e842abc58c709550cdda1e5049c6, 0xbe80f348526b4646bc0697bf2fe649f1835863538924cb6b91ad4eb57ced0181, 0x8188ac2f87ba406f83118b08d992d3fa8d32cc600972164a103cefd56f28387f, 0x82604a1aead20a418c0a99bc727230ed2413d3ae78e40673adc604ad1acf78ff]) [staticcall]
    │   ├─ [0] console::log("Verifying leaf:", 77058788664304649396218556642747909996121735590822886025965307874683454946759 [7.705e76]) [staticcall]
    │   │   └─ ← ()
    │   ├─ [0] console::log("Merkle root:", 88918475406156581982430787140777871531310201529806011182131589911559220693048 [8.891e76]) [staticcall]
    │   │   └─ ← ()
    │   ├─ [0] console::log("Proof length:", 5) [staticcall]
    │   │   └─ ← ()
    │   ├─ [0] console::log("Proof element", 0, ":", 41333877701255859865019379003725985110118058655845990608936096526874421775531 [4.133e76]) [staticcall]
    │   │   └─ ← ()
    │   ├─ [0] console::log("Computed hash after element", 0, ":", 89139659228322516991511902812947417818976567277539582619759529237285492222351 [8.913e76]) [staticcall]
    │   │   └─ ← ()
    │   ├─ [0] console::log("Proof element", 1, ":", 79680312521381101304386615379526824036772258414601889669286272159596699208134 [7.968e76]) [staticcall]
    │   │   └─ ← ()
    │   ├─ [0] console::log("Computed hash after element", 1, ":", 90519645207031266945590244632322326520069529432013691057992262226385608141027 [9.051e76]) [staticcall]
    │   │   └─ ← ()
    │   ├─ [0] console::log("Proof element", 2, ":", 86167276729270415220365293603154116830872546334163333883227179387055231533441 [8.616e76]) [staticcall]
    │   │   └─ ← ()
    │   ├─ [0] console::log("Computed hash after element", 2, ":", 44812029912269844639383167223451376600872748978496635971607178627452478213724 [4.481e76]) [staticcall]
    │   │   └─ ← ()
    │   ├─ [0] console::log("Proof element", 3, ":", 58589837049834144583211226689647012306316922949101456466201253300155303082111 [5.858e76]) [staticcall]
    │   │   └─ ← ()
    │   ├─ [0] console::log("Computed hash after element", 3, ":", 86128377917019908445957012829255022949550602761192088501649658527506321620714 [8.612e76]) [staticcall]
    │   │   └─ ← ()
    │   ├─ [0] console::log("Proof element", 4, ":", 58970799088961112952336647953399251088847930591391758063450723545172698691839 [5.897e76]) [staticcall]
    │   │   └─ ← ()
    │   ├─ [0] console::log("Computed hash after element", 4, ":", 88918475406156581982430787140777871531310201529806011182131589911559220693048 [8.891e76]) [staticcall]
    │   │   └─ ← ()
    │   ├─ [0] console::log("Is valid:", true) [staticcall]
    │   │   └─ ← ()
    │   └─ ← true
    ├─ [0] console::log("--- End of verification details ---") [staticcall]
    │   └─ ← ()
    ├─ [0] console::log("Successfully verified leaf 7 after adding 19 leaves") [staticcall]
    │   └─ ← ()
    ├─ [37481] MerkleStorageOZ::getProof(7) [staticcall]
    │   ├─ [0] console::log("Getting proof for leaf index:", 7) [staticcall]
    │   │   └─ ← ()
    │   ├─ [0] console::log("Tree depth:", 5) [staticcall]
    │   │   └─ ← ()
    │   ├─ [0] console::log("Level", 0, "size:", 19) [staticcall]
    │   │   └─ ← ()
    │   ├─ [0] console::log("Added to proof:", 77058788664304649396218556642747909996121735590822886025965307874683454946759 [7.705e76]) [staticcall]
    │   │   └─ ← ()
    │   ├─ [0] console::log("Level", 1, "size:", 10) [staticcall]
    │   │   └─ ← ()
    │   ├─ [0] console::log("Added to proof:", 79680312521381101304386615379526824036772258414601889669286272159596699208134 [7.968e76]) [staticcall]
    │   │   └─ ← ()
    │   ├─ [0] console::log("Level", 2, "size:", 5) [staticcall]
    │   │   └─ ← ()
    │   ├─ [0] console::log("Added to proof:", 86167276729270415220365293603154116830872546334163333883227179387055231533441 [8.616e76]) [staticcall]
    │   │   └─ ← ()
    │   ├─ [0] console::log("Level", 3, "size:", 3) [staticcall]
    │   │   └─ ← ()
    │   ├─ [0] console::log("Added to proof:", 58589837049834144583211226689647012306316922949101456466201253300155303082111 [5.858e76]) [staticcall]
    │   │   └─ ← ()
    │   ├─ [0] console::log("Level", 4, "size:", 2) [staticcall]
    │   │   └─ ← ()
    │   ├─ [0] console::log("Added to proof:", 58970799088961112952336647953399251088847930591391758063450723545172698691839 [5.897e76]) [staticcall]
    │   │   └─ ← ()
    │   ├─ [0] console::log("Final proof length:", 5) [staticcall]
    │   │   └─ ← ()
    │   └─ ← [0xaa5dba90c8178f75a5eb7bdb098f0cec525bb61e5ba2ad6dc5fa580f163efdc7, 0xb029756cee16464a69763ada5c6cf8b91c34e842abc58c709550cdda1e5049c6, 0xbe80f348526b4646bc0697bf2fe649f1835863538924cb6b91ad4eb57ced0181, 0x8188ac2f87ba406f83118b08d992d3fa8d32cc600972164a103cefd56f28387f, 0x82604a1aead20a418c0a99bc727230ed2413d3ae78e40673adc604ad1acf78ff]
    ├─ [0] console::log("--- Verification details for leaf 8 after adding 19 leaves ---") [staticcall]
    │   └─ ← ()
    ├─ [16199] MerkleStorageOZ::verifyLeaf(0x6c65616638, [0xaa5dba90c8178f75a5eb7bdb098f0cec525bb61e5ba2ad6dc5fa580f163efdc7, 0xb029756cee16464a69763ada5c6cf8b91c34e842abc58c709550cdda1e5049c6, 0xbe80f348526b4646bc0697bf2fe649f1835863538924cb6b91ad4eb57ced0181, 0x8188ac2f87ba406f83118b08d992d3fa8d32cc600972164a103cefd56f28387f, 0x82604a1aead20a418c0a99bc727230ed2413d3ae78e40673adc604ad1acf78ff]) [staticcall]
    │   ├─ [0] console::log("Verifying leaf:", 41333877701255859865019379003725985110118058655845990608936096526874421775531 [4.133e76]) [staticcall]
    │   │   └─ ← ()
    │   ├─ [0] console::log("Merkle root:", 88918475406156581982430787140777871531310201529806011182131589911559220693048 [8.891e76]) [staticcall]
    │   │   └─ ← ()
    │   ├─ [0] console::log("Proof length:", 5) [staticcall]
    │   │   └─ ← ()
    │   ├─ [0] console::log("Proof element", 0, ":", 77058788664304649396218556642747909996121735590822886025965307874683454946759 [7.705e76]) [staticcall]
    │   │   └─ ← ()
    │   ├─ [0] console::log("Computed hash after element", 0, ":", 89139659228322516991511902812947417818976567277539582619759529237285492222351 [8.913e76]) [staticcall]
    │   │   └─ ← ()
    │   ├─ [0] console::log("Proof element", 1, ":", 79680312521381101304386615379526824036772258414601889669286272159596699208134 [7.968e76]) [staticcall]
    │   │   └─ ← ()
    │   ├─ [0] console::log("Computed hash after element", 1, ":", 90519645207031266945590244632322326520069529432013691057992262226385608141027 [9.051e76]) [staticcall]
    │   │   └─ ← ()
    │   ├─ [0] console::log("Proof element", 2, ":", 86167276729270415220365293603154116830872546334163333883227179387055231533441 [8.616e76]) [staticcall]
    │   │   └─ ← ()
    │   ├─ [0] console::log("Computed hash after element", 2, ":", 44812029912269844639383167223451376600872748978496635971607178627452478213724 [4.481e76]) [staticcall]
    │   │   └─ ← ()
    │   ├─ [0] console::log("Proof element", 3, ":", 58589837049834144583211226689647012306316922949101456466201253300155303082111 [5.858e76]) [staticcall]
    │   │   └─ ← ()
    │   ├─ [0] console::log("Computed hash after element", 3, ":", 86128377917019908445957012829255022949550602761192088501649658527506321620714 [8.612e76]) [staticcall]
    │   │   └─ ← ()
    │   ├─ [0] console::log("Proof element", 4, ":", 58970799088961112952336647953399251088847930591391758063450723545172698691839 [5.897e76]) [staticcall]
    │   │   └─ ← ()
    │   ├─ [0] console::log("Computed hash after element", 4, ":", 88918475406156581982430787140777871531310201529806011182131589911559220693048 [8.891e76]) [staticcall]
    │   │   └─ ← ()
    │   ├─ [0] console::log("Is valid:", true) [staticcall]
    │   │   └─ ← ()
    │   └─ ← true
    ├─ [0] console::log("--- End of verification details ---") [staticcall]
    │   └─ ← ()
    ├─ [0] console::log("Successfully verified leaf 8 after adding 19 leaves") [staticcall]
    │   └─ ← ()
    ├─ [37651] MerkleStorageOZ::getProof(8) [staticcall]
    │   ├─ [0] console::log("Getting proof for leaf index:", 8) [staticcall]
    │   │   └─ ← ()
    │   ├─ [0] console::log("Tree depth:", 5) [staticcall]
    │   │   └─ ← ()
    │   ├─ [0] console::log("Level", 0, "size:", 19) [staticcall]
    │   │   └─ ← ()
    │   ├─ [0] console::log("Added to proof:", 19972288769315928479630679177845711677268766594983667860090139443496462084286 [1.997e76]) [staticcall]
    │   │   └─ ← ()
    │   ├─ [0] console::log("Level", 1, "size:", 10) [staticcall]
    │   │   └─ ← ()
    │   ├─ [0] console::log("Added to proof:", 86830204781467795827957492631466613281393886399951120238877606491319470472592 [8.683e76]) [staticcall]
    │   │   └─ ← ()
    │   ├─ [0] console::log("Level", 2, "size:", 5) [staticcall]
    │   │   └─ ← ()
    │   ├─ [0] console::log("Added to proof:", 71129321183645985042233441554048622660549772896301430670938088189986418104761 [7.112e76]) [staticcall]
    │   │   └─ ← ()
    │   ├─ [0] console::log("Level", 3, "size:", 3) [staticcall]
    │   │   └─ ← ()
    │   ├─ [0] console::log("Added to proof:", 44812029912269844639383167223451376600872748978496635971607178627452478213724 [4.481e76]) [staticcall]
    │   │   └─ ← ()
    │   ├─ [0] console::log("Level", 4, "size:", 2) [staticcall]
    │   │   └─ ← ()
    │   ├─ [0] console::log("Added to proof:", 58970799088961112952336647953399251088847930591391758063450723545172698691839 [5.897e76]) [staticcall]
    │   │   └─ ← ()
    │   ├─ [0] console::log("Final proof length:", 5) [staticcall]
    │   │   └─ ← ()
    │   └─ ← [0x2c27ea3376eac042eece8f0c78a7d7051fe8b7945d2746e7c321d2b5968468be, 0xbff82780689fb511deecdc2c0b8617120192ec77d9ea1e66d818d078c2b93d90, 0x9d41c4e44937cf4145290fe7608388df300aac1673c26cd3122cde8c7e5a99b9, 0x6312b5c9c0f90c16707fa38ba42f8fe1608c5fa99a1772af08b1ea466614ce5c, 0x82604a1aead20a418c0a99bc727230ed2413d3ae78e40673adc604ad1acf78ff]
    ├─ [0] console::log("--- Verification details for leaf 9 after adding 19 leaves ---") [staticcall]
    │   └─ ← ()
    ├─ [16179] MerkleStorageOZ::verifyLeaf(0x6c65616639, [0x2c27ea3376eac042eece8f0c78a7d7051fe8b7945d2746e7c321d2b5968468be, 0xbff82780689fb511deecdc2c0b8617120192ec77d9ea1e66d818d078c2b93d90, 0x9d41c4e44937cf4145290fe7608388df300aac1673c26cd3122cde8c7e5a99b9, 0x6312b5c9c0f90c16707fa38ba42f8fe1608c5fa99a1772af08b1ea466614ce5c, 0x82604a1aead20a418c0a99bc727230ed2413d3ae78e40673adc604ad1acf78ff]) [staticcall]
    │   ├─ [0] console::log("Verifying leaf:", 83097023403658896075826216087624068326805273787826444717403742070225742999267 [8.309e76]) [staticcall]
    │   │   └─ ← ()
    │   ├─ [0] console::log("Merkle root:", 88918475406156581982430787140777871531310201529806011182131589911559220693048 [8.891e76]) [staticcall]
    │   │   └─ ← ()
    │   ├─ [0] console::log("Proof length:", 5) [staticcall]
    │   │   └─ ← ()
    │   ├─ [0] console::log("Proof element", 0, ":", 19972288769315928479630679177845711677268766594983667860090139443496462084286 [1.997e76]) [staticcall]
    │   │   └─ ← ()
    │   ├─ [0] console::log("Computed hash after element", 0, ":", 110058130168134052799716071097073281996591153893535428294527808496692578065614 [1.1e77]) [staticcall]
    │   │   └─ ← ()
    │   ├─ [0] console::log("Proof element", 1, ":", 86830204781467795827957492631466613281393886399951120238877606491319470472592 [8.683e76]) [staticcall]
    │   │   └─ ← ()
    │   ├─ [0] console::log("Computed hash after element", 1, ":", 107653161125649642032491443308982527566324346567968513637810199776622513001405 [1.076e77]) [staticcall]
    │   │   └─ ← ()
    │   ├─ [0] console::log("Proof element", 2, ":", 71129321183645985042233441554048622660549772896301430670938088189986418104761 [7.112e76]) [staticcall]
    │   │   └─ ← ()
    │   ├─ [0] console::log("Computed hash after element", 2, ":", 58589837049834144583211226689647012306316922949101456466201253300155303082111 [5.858e76]) [staticcall]
    │   │   └─ ← ()
    │   ├─ [0] console::log("Proof element", 3, ":", 44812029912269844639383167223451376600872748978496635971607178627452478213724 [4.481e76]) [staticcall]
    │   │   └─ ← ()
    │   ├─ [0] console::log("Computed hash after element", 3, ":", 86128377917019908445957012829255022949550602761192088501649658527506321620714 [8.612e76]) [staticcall]
    │   │   └─ ← ()
    │   ├─ [0] console::log("Proof element", 4, ":", 58970799088961112952336647953399251088847930591391758063450723545172698691839 [5.897e76]) [staticcall]
    │   │   └─ ← ()
    │   ├─ [0] console::log("Computed hash after element", 4, ":", 88918475406156581982430787140777871531310201529806011182131589911559220693048 [8.891e76]) [staticcall]
    │   │   └─ ← ()
    │   ├─ [0] console::log("Is valid:", true) [staticcall]
    │   │   └─ ← ()
    │   └─ ← true
    ├─ [0] console::log("--- End of verification details ---") [staticcall]
    │   └─ ← ()
    ├─ [0] console::log("Successfully verified leaf 9 after adding 19 leaves") [staticcall]
    │   └─ ← ()
    ├─ [37566] MerkleStorageOZ::getProof(9) [staticcall]
    │   ├─ [0] console::log("Getting proof for leaf index:", 9) [staticcall]
    │   │   └─ ← ()
    │   ├─ [0] console::log("Tree depth:", 5) [staticcall]
    │   │   └─ ← ()
    │   ├─ [0] console::log("Level", 0, "size:", 19) [staticcall]
    │   │   └─ ← ()
    │   ├─ [0] console::log("Added to proof:", 83097023403658896075826216087624068326805273787826444717403742070225742999267 [8.309e76]) [staticcall]
    │   │   └─ ← ()
    │   ├─ [0] console::log("Level", 1, "size:", 10) [staticcall]
    │   │   └─ ← ()
    │   ├─ [0] console::log("Added to proof:", 86830204781467795827957492631466613281393886399951120238877606491319470472592 [8.683e76]) [staticcall]
    │   │   └─ ← ()
    │   ├─ [0] console::log("Level", 2, "size:", 5) [staticcall]
    │   │   └─ ← ()
    │   ├─ [0] console::log("Added to proof:", 71129321183645985042233441554048622660549772896301430670938088189986418104761 [7.112e76]) [staticcall]
    │   │   └─ ← ()
    │   ├─ [0] console::log("Level", 3, "size:", 3) [staticcall]
    │   │   └─ ← ()
    │   ├─ [0] console::log("Added to proof:", 44812029912269844639383167223451376600872748978496635971607178627452478213724 [4.481e76]) [staticcall]
    │   │   └─ ← ()
    │   ├─ [0] console::log("Level", 4, "size:", 2) [staticcall]
    │   │   └─ ← ()
    │   ├─ [0] console::log("Added to proof:", 58970799088961112952336647953399251088847930591391758063450723545172698691839 [5.897e76]) [staticcall]
    │   │   └─ ← ()
    │   ├─ [0] console::log("Final proof length:", 5) [staticcall]
    │   │   └─ ← ()
    │   └─ ← [0xb7b73f9f206e380e92907f3d38c9caa544ee92ddc0a78c67c76f3eb5e05a2ee3, 0xbff82780689fb511deecdc2c0b8617120192ec77d9ea1e66d818d078c2b93d90, 0x9d41c4e44937cf4145290fe7608388df300aac1673c26cd3122cde8c7e5a99b9, 0x6312b5c9c0f90c16707fa38ba42f8fe1608c5fa99a1772af08b1ea466614ce5c, 0x82604a1aead20a418c0a99bc727230ed2413d3ae78e40673adc604ad1acf78ff]
    ├─ [0] console::log("--- Verification details for leaf 10 after adding 19 leaves ---") [staticcall]
    │   └─ ← ()
    ├─ [16189] MerkleStorageOZ::verifyLeaf(0x6c6561663130, [0xb7b73f9f206e380e92907f3d38c9caa544ee92ddc0a78c67c76f3eb5e05a2ee3, 0xbff82780689fb511deecdc2c0b8617120192ec77d9ea1e66d818d078c2b93d90, 0x9d41c4e44937cf4145290fe7608388df300aac1673c26cd3122cde8c7e5a99b9, 0x6312b5c9c0f90c16707fa38ba42f8fe1608c5fa99a1772af08b1ea466614ce5c, 0x82604a1aead20a418c0a99bc727230ed2413d3ae78e40673adc604ad1acf78ff]) [staticcall]
    │   ├─ [0] console::log("Verifying leaf:", 19972288769315928479630679177845711677268766594983667860090139443496462084286 [1.997e76]) [staticcall]
    │   │   └─ ← ()
    │   ├─ [0] console::log("Merkle root:", 88918475406156581982430787140777871531310201529806011182131589911559220693048 [8.891e76]) [staticcall]
    │   │   └─ ← ()
    │   ├─ [0] console::log("Proof length:", 5) [staticcall]
    │   │   └─ ← ()
    │   ├─ [0] console::log("Proof element", 0, ":", 83097023403658896075826216087624068326805273787826444717403742070225742999267 [8.309e76]) [staticcall]
    │   │   └─ ← ()
    │   ├─ [0] console::log("Computed hash after element", 0, ":", 110058130168134052799716071097073281996591153893535428294527808496692578065614 [1.1e77]) [staticcall]
    │   │   └─ ← ()
    │   ├─ [0] console::log("Proof element", 1, ":", 86830204781467795827957492631466613281393886399951120238877606491319470472592 [8.683e76]) [staticcall]
    │   │   └─ ← ()
    │   ├─ [0] console::log("Computed hash after element", 1, ":", 107653161125649642032491443308982527566324346567968513637810199776622513001405 [1.076e77]) [staticcall]
    │   │   └─ ← ()
    │   ├─ [0] console::log("Proof element", 2, ":", 71129321183645985042233441554048622660549772896301430670938088189986418104761 [7.112e76]) [staticcall]
    │   │   └─ ← ()
    │   ├─ [0] console::log("Computed hash after element", 2, ":", 58589837049834144583211226689647012306316922949101456466201253300155303082111 [5.858e76]) [staticcall]
    │   │   └─ ← ()
    │   ├─ [0] console::log("Proof element", 3, ":", 44812029912269844639383167223451376600872748978496635971607178627452478213724 [4.481e76]) [staticcall]
    │   │   └─ ← ()
    │   ├─ [0] console::log("Computed hash after element", 3, ":", 86128377917019908445957012829255022949550602761192088501649658527506321620714 [8.612e76]) [staticcall]
    │   │   └─ ← ()
    │   ├─ [0] console::log("Proof element", 4, ":", 58970799088961112952336647953399251088847930591391758063450723545172698691839 [5.897e76]) [staticcall]
    │   │   └─ ← ()
    │   ├─ [0] console::log("Computed hash after element", 4, ":", 88918475406156581982430787140777871531310201529806011182131589911559220693048 [8.891e76]) [staticcall]
    │   │   └─ ← ()
    │   ├─ [0] console::log("Is valid:", true) [staticcall]
    │   │   └─ ← ()
    │   └─ ← true
    ├─ [0] console::log("--- End of verification details ---") [staticcall]
    │   └─ ← ()
    ├─ [0] console::log("Successfully verified leaf 10 after adding 19 leaves") [staticcall]
    │   └─ ← ()
    ├─ [37566] MerkleStorageOZ::getProof(10) [staticcall]
    │   ├─ [0] console::log("Getting proof for leaf index:", 10) [staticcall]
    │   │   └─ ← ()
    │   ├─ [0] console::log("Tree depth:", 5) [staticcall]
    │   │   └─ ← ()
    │   ├─ [0] console::log("Level", 0, "size:", 19) [staticcall]
    │   │   └─ ← ()
    │   ├─ [0] console::log("Added to proof:", 96593053628671560174693064981485823685325506728506954480672468072431603451342 [9.659e76]) [staticcall]
    │   │   └─ ← ()
    │   ├─ [0] console::log("Level", 1, "size:", 10) [staticcall]
    │   │   └─ ← ()
    │   ├─ [0] console::log("Added to proof:", 110058130168134052799716071097073281996591153893535428294527808496692578065614 [1.1e77]) [staticcall]
    │   │   └─ ← ()
    │   ├─ [0] console::log("Level", 2, "size:", 5) [staticcall]
    │   │   └─ ← ()
    │   ├─ [0] console::log("Added to proof:", 71129321183645985042233441554048622660549772896301430670938088189986418104761 [7.112e76]) [staticcall]
    │   │   └─ ← ()
    │   ├─ [0] console::log("Level", 3, "size:", 3) [staticcall]
    │   │   └─ ← ()
    │   ├─ [0] console::log("Added to proof:", 44812029912269844639383167223451376600872748978496635971607178627452478213724 [4.481e76]) [staticcall]
    │   │   └─ ← ()
    │   ├─ [0] console::log("Level", 4, "size:", 2) [staticcall]
    │   │   └─ ← ()
    │   ├─ [0] console::log("Added to proof:", 58970799088961112952336647953399251088847930591391758063450723545172698691839 [5.897e76]) [staticcall]
    │   │   └─ ← ()
    │   ├─ [0] console::log("Final proof length:", 5) [staticcall]
    │   │   └─ ← ()
    │   └─ ← [0xd58dbb1e54dc3320d5987448e4420e22460237351984e558e88f81a4e36085ce, 0xf352b1b5872acb8684bb694175cf18f81a134d5ff86ae93833369c25d9cd9cce, 0x9d41c4e44937cf4145290fe7608388df300aac1673c26cd3122cde8c7e5a99b9, 0x6312b5c9c0f90c16707fa38ba42f8fe1608c5fa99a1772af08b1ea466614ce5c, 0x82604a1aead20a418c0a99bc727230ed2413d3ae78e40673adc604ad1acf78ff]
    ├─ [0] console::log("--- Verification details for leaf 11 after adding 19 leaves ---") [staticcall]
    │   └─ ← ()
    ├─ [16199] MerkleStorageOZ::verifyLeaf(0x6c6561663131, [0xd58dbb1e54dc3320d5987448e4420e22460237351984e558e88f81a4e36085ce, 0xf352b1b5872acb8684bb694175cf18f81a134d5ff86ae93833369c25d9cd9cce, 0x9d41c4e44937cf4145290fe7608388df300aac1673c26cd3122cde8c7e5a99b9, 0x6312b5c9c0f90c16707fa38ba42f8fe1608c5fa99a1772af08b1ea466614ce5c, 0x82604a1aead20a418c0a99bc727230ed2413d3ae78e40673adc604ad1acf78ff]) [staticcall]
    │   ├─ [0] console::log("Verifying leaf:", 11059502003765752708342665740916089834825294147016530688590526355732680035651 [1.105e76]) [staticcall]
    │   │   └─ ← ()
    │   ├─ [0] console::log("Merkle root:", 88918475406156581982430787140777871531310201529806011182131589911559220693048 [8.891e76]) [staticcall]
    │   │   └─ ← ()
    │   ├─ [0] console::log("Proof length:", 5) [staticcall]
    │   │   └─ ← ()
    │   ├─ [0] console::log("Proof element", 0, ":", 96593053628671560174693064981485823685325506728506954480672468072431603451342 [9.659e76]) [staticcall]
    │   │   └─ ← ()
    │   ├─ [0] console::log("Computed hash after element", 0, ":", 86830204781467795827957492631466613281393886399951120238877606491319470472592 [8.683e76]) [staticcall]
    │   │   └─ ← ()
    │   ├─ [0] console::log("Proof element", 1, ":", 110058130168134052799716071097073281996591153893535428294527808496692578065614 [1.1e77]) [staticcall]
    │   │   └─ ← ()
    │   ├─ [0] console::log("Computed hash after element", 1, ":", 107653161125649642032491443308982527566324346567968513637810199776622513001405 [1.076e77]) [staticcall]
    │   │   └─ ← ()
    │   ├─ [0] console::log("Proof element", 2, ":", 71129321183645985042233441554048622660549772896301430670938088189986418104761 [7.112e76]) [staticcall]
    │   │   └─ ← ()
    │   ├─ [0] console::log("Computed hash after element", 2, ":", 58589837049834144583211226689647012306316922949101456466201253300155303082111 [5.858e76]) [staticcall]
    │   │   └─ ← ()
    │   ├─ [0] console::log("Proof element", 3, ":", 44812029912269844639383167223451376600872748978496635971607178627452478213724 [4.481e76]) [staticcall]
    │   │   └─ ← ()
    │   ├─ [0] console::log("Computed hash after element", 3, ":", 86128377917019908445957012829255022949550602761192088501649658527506321620714 [8.612e76]) [staticcall]
    │   │   └─ ← ()
    │   ├─ [0] console::log("Proof element", 4, ":", 58970799088961112952336647953399251088847930591391758063450723545172698691839 [5.897e76]) [staticcall]
    │   │   └─ ← ()
    │   ├─ [0] console::log("Computed hash after element", 4, ":", 88918475406156581982430787140777871531310201529806011182131589911559220693048 [8.891e76]) [staticcall]
    │   │   └─ ← ()
    │   ├─ [0] console::log("Is valid:", true) [staticcall]
    │   │   └─ ← ()
    │   └─ ← true
    ├─ [0] console::log("--- End of verification details ---") [staticcall]
    │   └─ ← ()
    ├─ [0] console::log("Successfully verified leaf 11 after adding 19 leaves") [staticcall]
    │   └─ ← ()
    ├─ [37481] MerkleStorageOZ::getProof(11) [staticcall]
    │   ├─ [0] console::log("Getting proof for leaf index:", 11) [staticcall]
    │   │   └─ ← ()
    │   ├─ [0] console::log("Tree depth:", 5) [staticcall]
    │   │   └─ ← ()
    │   ├─ [0] console::log("Level", 0, "size:", 19) [staticcall]
    │   │   └─ ← ()
    │   ├─ [0] console::log("Added to proof:", 11059502003765752708342665740916089834825294147016530688590526355732680035651 [1.105e76]) [staticcall]
    │   │   └─ ← ()
    │   ├─ [0] console::log("Level", 1, "size:", 10) [staticcall]
    │   │   └─ ← ()
    │   ├─ [0] console::log("Added to proof:", 110058130168134052799716071097073281996591153893535428294527808496692578065614 [1.1e77]) [staticcall]
    │   │   └─ ← ()
    │   ├─ [0] console::log("Level", 2, "size:", 5) [staticcall]
    │   │   └─ ← ()
    │   ├─ [0] console::log("Added to proof:", 71129321183645985042233441554048622660549772896301430670938088189986418104761 [7.112e76]) [staticcall]
    │   │   └─ ← ()
    │   ├─ [0] console::log("Level", 3, "size:", 3) [staticcall]
    │   │   └─ ← ()
    │   ├─ [0] console::log("Added to proof:", 44812029912269844639383167223451376600872748978496635971607178627452478213724 [4.481e76]) [staticcall]
    │   │   └─ ← ()
    │   ├─ [0] console::log("Level", 4, "size:", 2) [staticcall]
    │   │   └─ ← ()
    │   ├─ [0] console::log("Added to proof:", 58970799088961112952336647953399251088847930591391758063450723545172698691839 [5.897e76]) [staticcall]
    │   │   └─ ← ()
    │   ├─ [0] console::log("Final proof length:", 5) [staticcall]
    │   │   └─ ← ()
    │   └─ ← [0x187374d08f1fbae82b4bfcec5f832bc78271f5d335a3860d721db1e6b05a4d43, 0xf352b1b5872acb8684bb694175cf18f81a134d5ff86ae93833369c25d9cd9cce, 0x9d41c4e44937cf4145290fe7608388df300aac1673c26cd3122cde8c7e5a99b9, 0x6312b5c9c0f90c16707fa38ba42f8fe1608c5fa99a1772af08b1ea466614ce5c, 0x82604a1aead20a418c0a99bc727230ed2413d3ae78e40673adc604ad1acf78ff]
    ├─ [0] console::log("--- Verification details for leaf 12 after adding 19 leaves ---") [staticcall]
    │   └─ ← ()
    ├─ [16189] MerkleStorageOZ::verifyLeaf(0x6c6561663132, [0x187374d08f1fbae82b4bfcec5f832bc78271f5d335a3860d721db1e6b05a4d43, 0xf352b1b5872acb8684bb694175cf18f81a134d5ff86ae93833369c25d9cd9cce, 0x9d41c4e44937cf4145290fe7608388df300aac1673c26cd3122cde8c7e5a99b9, 0x6312b5c9c0f90c16707fa38ba42f8fe1608c5fa99a1772af08b1ea466614ce5c, 0x82604a1aead20a418c0a99bc727230ed2413d3ae78e40673adc604ad1acf78ff]) [staticcall]
    │   ├─ [0] console::log("Verifying leaf:", 96593053628671560174693064981485823685325506728506954480672468072431603451342 [9.659e76]) [staticcall]
    │   │   └─ ← ()
    │   ├─ [0] console::log("Merkle root:", 88918475406156581982430787140777871531310201529806011182131589911559220693048 [8.891e76]) [staticcall]
    │   │   └─ ← ()
    │   ├─ [0] console::log("Proof length:", 5) [staticcall]
    │   │   └─ ← ()
    │   ├─ [0] console::log("Proof element", 0, ":", 11059502003765752708342665740916089834825294147016530688590526355732680035651 [1.105e76]) [staticcall]
    │   │   └─ ← ()
    │   ├─ [0] console::log("Computed hash after element", 0, ":", 86830204781467795827957492631466613281393886399951120238877606491319470472592 [8.683e76]) [staticcall]
    │   │   └─ ← ()
    │   ├─ [0] console::log("Proof element", 1, ":", 110058130168134052799716071097073281996591153893535428294527808496692578065614 [1.1e77]) [staticcall]
    │   │   └─ ← ()
    │   ├─ [0] console::log("Computed hash after element", 1, ":", 107653161125649642032491443308982527566324346567968513637810199776622513001405 [1.076e77]) [staticcall]
    │   │   └─ ← ()
    │   ├─ [0] console::log("Proof element", 2, ":", 71129321183645985042233441554048622660549772896301430670938088189986418104761 [7.112e76]) [staticcall]
    │   │   └─ ← ()
    │   ├─ [0] console::log("Computed hash after element", 2, ":", 58589837049834144583211226689647012306316922949101456466201253300155303082111 [5.858e76]) [staticcall]
    │   │   └─ ← ()
    │   ├─ [0] console::log("Proof element", 3, ":", 44812029912269844639383167223451376600872748978496635971607178627452478213724 [4.481e76]) [staticcall]
    │   │   └─ ← ()
    │   ├─ [0] console::log("Computed hash after element", 3, ":", 86128377917019908445957012829255022949550602761192088501649658527506321620714 [8.612e76]) [staticcall]
    │   │   └─ ← ()
    │   ├─ [0] console::log("Proof element", 4, ":", 58970799088961112952336647953399251088847930591391758063450723545172698691839 [5.897e76]) [staticcall]
    │   │   └─ ← ()
    │   ├─ [0] console::log("Computed hash after element", 4, ":", 88918475406156581982430787140777871531310201529806011182131589911559220693048 [8.891e76]) [staticcall]
    │   │   └─ ← ()
    │   ├─ [0] console::log("Is valid:", true) [staticcall]
    │   │   └─ ← ()
    │   └─ ← true
    ├─ [0] console::log("--- End of verification details ---") [staticcall]
    │   └─ ← ()
    ├─ [0] console::log("Successfully verified leaf 12 after adding 19 leaves") [staticcall]
    │   └─ ← ()
    ├─ [37566] MerkleStorageOZ::getProof(12) [staticcall]
    │   ├─ [0] console::log("Getting proof for leaf index:", 12) [staticcall]
    │   │   └─ ← ()
    │   ├─ [0] console::log("Tree depth:", 5) [staticcall]
    │   │   └─ ← ()
    │   ├─ [0] console::log("Level", 0, "size:", 19) [staticcall]
    │   │   └─ ← ()
    │   ├─ [0] console::log("Added to proof:", 33672592122163231522297444352452316230401835406380993219594760926723533962405 [3.367e76]) [staticcall]
    │   │   └─ ← ()
    │   ├─ [0] console::log("Level", 1, "size:", 10) [staticcall]
    │   │   └─ ← ()
    │   ├─ [0] console::log("Added to proof:", 68222527226755524790505848492501156006903177263714150024810130256539423849504 [6.822e76]) [staticcall]
    │   │   └─ ← ()
    │   ├─ [0] console::log("Level", 2, "size:", 5) [staticcall]
    │   │   └─ ← ()
    │   ├─ [0] console::log("Added to proof:", 107653161125649642032491443308982527566324346567968513637810199776622513001405 [1.076e77]) [staticcall]
    │   │   └─ ← ()
    │   ├─ [0] console::log("Level", 3, "size:", 3) [staticcall]
    │   │   └─ ← ()
    │   ├─ [0] console::log("Added to proof:", 44812029912269844639383167223451376600872748978496635971607178627452478213724 [4.481e76]) [staticcall]
    │   │   └─ ← ()
    │   ├─ [0] console::log("Level", 4, "size:", 2) [staticcall]
    │   │   └─ ← ()
    │   ├─ [0] console::log("Added to proof:", 58970799088961112952336647953399251088847930591391758063450723545172698691839 [5.897e76]) [staticcall]
    │   │   └─ ← ()
    │   ├─ [0] console::log("Final proof length:", 5) [staticcall]
    │   │   └─ ← ()
    │   └─ ← [0x4a7203021756b359fbd744929fcb5fee1a5c9a156dcfc02424db42480a3ffca5, 0x96d495000c9975bf6a9539f2b5dcb819f776e3a1a0645c12298f65bb916fbc20, 0xee0187a9e1cd26963ee5f1e99031a2da9d737039b6c237adc84770a6d2d893bd, 0x6312b5c9c0f90c16707fa38ba42f8fe1608c5fa99a1772af08b1ea466614ce5c, 0x82604a1aead20a418c0a99bc727230ed2413d3ae78e40673adc604ad1acf78ff]
    ├─ [0] console::log("--- Verification details for leaf 13 after adding 19 leaves ---") [staticcall]
    │   └─ ← ()
    ├─ [16199] MerkleStorageOZ::verifyLeaf(0x6c6561663133, [0x4a7203021756b359fbd744929fcb5fee1a5c9a156dcfc02424db42480a3ffca5, 0x96d495000c9975bf6a9539f2b5dcb819f776e3a1a0645c12298f65bb916fbc20, 0xee0187a9e1cd26963ee5f1e99031a2da9d737039b6c237adc84770a6d2d893bd, 0x6312b5c9c0f90c16707fa38ba42f8fe1608c5fa99a1772af08b1ea466614ce5c, 0x82604a1aead20a418c0a99bc727230ed2413d3ae78e40673adc604ad1acf78ff]) [staticcall]
    │   ├─ [0] console::log("Verifying leaf:", 92619562252365677669901163699204566607949558994432207550606556910840817279335 [9.261e76]) [staticcall]
    │   │   └─ ← ()
    │   ├─ [0] console::log("Merkle root:", 88918475406156581982430787140777871531310201529806011182131589911559220693048 [8.891e76]) [staticcall]
    │   │   └─ ← ()
    │   ├─ [0] console::log("Proof length:", 5) [staticcall]
    │   │   └─ ← ()
    │   ├─ [0] console::log("Proof element", 0, ":", 33672592122163231522297444352452316230401835406380993219594760926723533962405 [3.367e76]) [staticcall]
    │   │   └─ ← ()
    │   ├─ [0] console::log("Computed hash after element", 0, ":", 27450459817178025726961910999305864805083219849135273456119843313523604327146 [2.745e76]) [staticcall]
    │   │   └─ ← ()
    │   ├─ [0] console::log("Proof element", 1, ":", 68222527226755524790505848492501156006903177263714150024810130256539423849504 [6.822e76]) [staticcall]
    │   │   └─ ← ()
    │   ├─ [0] console::log("Computed hash after element", 1, ":", 71129321183645985042233441554048622660549772896301430670938088189986418104761 [7.112e76]) [staticcall]
    │   │   └─ ← ()
    │   ├─ [0] console::log("Proof element", 2, ":", 107653161125649642032491443308982527566324346567968513637810199776622513001405 [1.076e77]) [staticcall]
    │   │   └─ ← ()
    │   ├─ [0] console::log("Computed hash after element", 2, ":", 58589837049834144583211226689647012306316922949101456466201253300155303082111 [5.858e76]) [staticcall]
    │   │   └─ ← ()
    │   ├─ [0] console::log("Proof element", 3, ":", 44812029912269844639383167223451376600872748978496635971607178627452478213724 [4.481e76]) [staticcall]
    │   │   └─ ← ()
    │   ├─ [0] console::log("Computed hash after element", 3, ":", 86128377917019908445957012829255022949550602761192088501649658527506321620714 [8.612e76]) [staticcall]
    │   │   └─ ← ()
    │   ├─ [0] console::log("Proof element", 4, ":", 58970799088961112952336647953399251088847930591391758063450723545172698691839 [5.897e76]) [staticcall]
    │   │   └─ ← ()
    │   ├─ [0] console::log("Computed hash after element", 4, ":", 88918475406156581982430787140777871531310201529806011182131589911559220693048 [8.891e76]) [staticcall]
    │   │   └─ ← ()
    │   ├─ [0] console::log("Is valid:", true) [staticcall]
    │   │   └─ ← ()
    │   └─ ← true
    ├─ [0] console::log("--- End of verification details ---") [staticcall]
    │   └─ ← ()
    ├─ [0] console::log("Successfully verified leaf 13 after adding 19 leaves") [staticcall]
    │   └─ ← ()
    ├─ [37481] MerkleStorageOZ::getProof(13) [staticcall]
    │   ├─ [0] console::log("Getting proof for leaf index:", 13) [staticcall]
    │   │   └─ ← ()
    │   ├─ [0] console::log("Tree depth:", 5) [staticcall]
    │   │   └─ ← ()
    │   ├─ [0] console::log("Level", 0, "size:", 19) [staticcall]
    │   │   └─ ← ()
    │   ├─ [0] console::log("Added to proof:", 92619562252365677669901163699204566607949558994432207550606556910840817279335 [9.261e76]) [staticcall]
    │   │   └─ ← ()
    │   ├─ [0] console::log("Level", 1, "size:", 10) [staticcall]
    │   │   └─ ← ()
    │   ├─ [0] console::log("Added to proof:", 68222527226755524790505848492501156006903177263714150024810130256539423849504 [6.822e76]) [staticcall]
    │   │   └─ ← ()
    │   ├─ [0] console::log("Level", 2, "size:", 5) [staticcall]
    │   │   └─ ← ()
    │   ├─ [0] console::log("Added to proof:", 107653161125649642032491443308982527566324346567968513637810199776622513001405 [1.076e77]) [staticcall]
    │   │   └─ ← ()
    │   ├─ [0] console::log("Level", 3, "size:", 3) [staticcall]
    │   │   └─ ← ()
    │   ├─ [0] console::log("Added to proof:", 44812029912269844639383167223451376600872748978496635971607178627452478213724 [4.481e76]) [staticcall]
    │   │   └─ ← ()
    │   ├─ [0] console::log("Level", 4, "size:", 2) [staticcall]
    │   │   └─ ← ()
    │   ├─ [0] console::log("Added to proof:", 58970799088961112952336647953399251088847930591391758063450723545172698691839 [5.897e76]) [staticcall]
    │   │   └─ ← ()
    │   ├─ [0] console::log("Final proof length:", 5) [staticcall]
    │   │   └─ ← ()
    │   └─ ← [0xccc4d083cdf48ef2c50a0a45b13aae2642eda593dfb5894236e409ed3ff26167, 0x96d495000c9975bf6a9539f2b5dcb819f776e3a1a0645c12298f65bb916fbc20, 0xee0187a9e1cd26963ee5f1e99031a2da9d737039b6c237adc84770a6d2d893bd, 0x6312b5c9c0f90c16707fa38ba42f8fe1608c5fa99a1772af08b1ea466614ce5c, 0x82604a1aead20a418c0a99bc727230ed2413d3ae78e40673adc604ad1acf78ff]
    ├─ [0] console::log("--- Verification details for leaf 14 after adding 19 leaves ---") [staticcall]
    │   └─ ← ()
    ├─ [16209] MerkleStorageOZ::verifyLeaf(0x6c6561663134, [0xccc4d083cdf48ef2c50a0a45b13aae2642eda593dfb5894236e409ed3ff26167, 0x96d495000c9975bf6a9539f2b5dcb819f776e3a1a0645c12298f65bb916fbc20, 0xee0187a9e1cd26963ee5f1e99031a2da9d737039b6c237adc84770a6d2d893bd, 0x6312b5c9c0f90c16707fa38ba42f8fe1608c5fa99a1772af08b1ea466614ce5c, 0x82604a1aead20a418c0a99bc727230ed2413d3ae78e40673adc604ad1acf78ff]) [staticcall]
    │   ├─ [0] console::log("Verifying leaf:", 33672592122163231522297444352452316230401835406380993219594760926723533962405 [3.367e76]) [staticcall]
    │   │   └─ ← ()
    │   ├─ [0] console::log("Merkle root:", 88918475406156581982430787140777871531310201529806011182131589911559220693048 [8.891e76]) [staticcall]
    │   │   └─ ← ()
    │   ├─ [0] console::log("Proof length:", 5) [staticcall]
    │   │   └─ ← ()
    │   ├─ [0] console::log("Proof element", 0, ":", 92619562252365677669901163699204566607949558994432207550606556910840817279335 [9.261e76]) [staticcall]
    │   │   └─ ← ()
    │   ├─ [0] console::log("Computed hash after element", 0, ":", 27450459817178025726961910999305864805083219849135273456119843313523604327146 [2.745e76]) [staticcall]
    │   │   └─ ← ()
    │   ├─ [0] console::log("Proof element", 1, ":", 68222527226755524790505848492501156006903177263714150024810130256539423849504 [6.822e76]) [staticcall]
    │   │   └─ ← ()
    │   ├─ [0] console::log("Computed hash after element", 1, ":", 71129321183645985042233441554048622660549772896301430670938088189986418104761 [7.112e76]) [staticcall]
    │   │   └─ ← ()
    │   ├─ [0] console::log("Proof element", 2, ":", 107653161125649642032491443308982527566324346567968513637810199776622513001405 [1.076e77]) [staticcall]
    │   │   └─ ← ()
    │   ├─ [0] console::log("Computed hash after element", 2, ":", 58589837049834144583211226689647012306316922949101456466201253300155303082111 [5.858e76]) [staticcall]
    │   │   └─ ← ()
    │   ├─ [0] console::log("Proof element", 3, ":", 44812029912269844639383167223451376600872748978496635971607178627452478213724 [4.481e76]) [staticcall]
    │   │   └─ ← ()
    │   ├─ [0] console::log("Computed hash after element", 3, ":", 86128377917019908445957012829255022949550602761192088501649658527506321620714 [8.612e76]) [staticcall]
    │   │   └─ ← ()
    │   ├─ [0] console::log("Proof element", 4, ":", 58970799088961112952336647953399251088847930591391758063450723545172698691839 [5.897e76]) [staticcall]
    │   │   └─ ← ()
    │   ├─ [0] console::log("Computed hash after element", 4, ":", 88918475406156581982430787140777871531310201529806011182131589911559220693048 [8.891e76]) [staticcall]
    │   │   └─ ← ()
    │   ├─ [0] console::log("Is valid:", true) [staticcall]
    │   │   └─ ← ()
    │   └─ ← true
    ├─ [0] console::log("--- End of verification details ---") [staticcall]
    │   └─ ← ()
    ├─ [0] console::log("Successfully verified leaf 14 after adding 19 leaves") [staticcall]
    │   └─ ← ()
    ├─ [37481] MerkleStorageOZ::getProof(14) [staticcall]
    │   ├─ [0] console::log("Getting proof for leaf index:", 14) [staticcall]
    │   │   └─ ← ()
    │   ├─ [0] console::log("Tree depth:", 5) [staticcall]
    │   │   └─ ← ()
    │   ├─ [0] console::log("Level", 0, "size:", 19) [staticcall]
    │   │   └─ ← ()
    │   ├─ [0] console::log("Added to proof:", 29282441118156610795451351767893172742723572721638635483486521378003152140138 [2.928e76]) [staticcall]
    │   │   └─ ← ()
    │   ├─ [0] console::log("Level", 1, "size:", 10) [staticcall]
    │   │   └─ ← ()
    │   ├─ [0] console::log("Added to proof:", 27450459817178025726961910999305864805083219849135273456119843313523604327146 [2.745e76]) [staticcall]
    │   │   └─ ← ()
    │   ├─ [0] console::log("Level", 2, "size:", 5) [staticcall]
    │   │   └─ ← ()
    │   ├─ [0] console::log("Added to proof:", 107653161125649642032491443308982527566324346567968513637810199776622513001405 [1.076e77]) [staticcall]
    │   │   └─ ← ()
    │   ├─ [0] console::log("Level", 3, "size:", 3) [staticcall]
    │   │   └─ ← ()
    │   ├─ [0] console::log("Added to proof:", 44812029912269844639383167223451376600872748978496635971607178627452478213724 [4.481e76]) [staticcall]
    │   │   └─ ← ()
    │   ├─ [0] console::log("Level", 4, "size:", 2) [staticcall]
    │   │   └─ ← ()
    │   ├─ [0] console::log("Added to proof:", 58970799088961112952336647953399251088847930591391758063450723545172698691839 [5.897e76]) [staticcall]
    │   │   └─ ← ()
    │   ├─ [0] console::log("Final proof length:", 5) [staticcall]
    │   │   └─ ← ()
    │   └─ ← [0x40bd463b06adac3d3f4d9f69acf274bf72617327c94407540c58a969aa4df76a, 0x3cb068dfee4565b215b4fbdb3cdb15bce0a9c6c2e3b7b093b67b46c926340aea, 0xee0187a9e1cd26963ee5f1e99031a2da9d737039b6c237adc84770a6d2d893bd, 0x6312b5c9c0f90c16707fa38ba42f8fe1608c5fa99a1772af08b1ea466614ce5c, 0x82604a1aead20a418c0a99bc727230ed2413d3ae78e40673adc604ad1acf78ff]
    ├─ [0] console::log("--- Verification details for leaf 15 after adding 19 leaves ---") [staticcall]
    │   └─ ← ()
    ├─ [16189] MerkleStorageOZ::verifyLeaf(0x6c6561663135, [0x40bd463b06adac3d3f4d9f69acf274bf72617327c94407540c58a969aa4df76a, 0x3cb068dfee4565b215b4fbdb3cdb15bce0a9c6c2e3b7b093b67b46c926340aea, 0xee0187a9e1cd26963ee5f1e99031a2da9d737039b6c237adc84770a6d2d893bd, 0x6312b5c9c0f90c16707fa38ba42f8fe1608c5fa99a1772af08b1ea466614ce5c, 0x82604a1aead20a418c0a99bc727230ed2413d3ae78e40673adc604ad1acf78ff]) [staticcall]
    │   ├─ [0] console::log("Verifying leaf:", 49376861721947691573602341854337835825465271023485523889471862409499079557266 [4.937e76]) [staticcall]
    │   │   └─ ← ()
    │   ├─ [0] console::log("Merkle root:", 88918475406156581982430787140777871531310201529806011182131589911559220693048 [8.891e76]) [staticcall]
    │   │   └─ ← ()
    │   ├─ [0] console::log("Proof length:", 5) [staticcall]
    │   │   └─ ← ()
    │   ├─ [0] console::log("Proof element", 0, ":", 29282441118156610795451351767893172742723572721638635483486521378003152140138 [2.928e76]) [staticcall]
    │   │   └─ ← ()
    │   ├─ [0] console::log("Computed hash after element", 0, ":", 68222527226755524790505848492501156006903177263714150024810130256539423849504 [6.822e76]) [staticcall]
    │   │   └─ ← ()
    │   ├─ [0] console::log("Proof element", 1, ":", 27450459817178025726961910999305864805083219849135273456119843313523604327146 [2.745e76]) [staticcall]
    │   │   └─ ← ()
    │   ├─ [0] console::log("Computed hash after element", 1, ":", 71129321183645985042233441554048622660549772896301430670938088189986418104761 [7.112e76]) [staticcall]
    │   │   └─ ← ()
    │   ├─ [0] console::log("Proof element", 2, ":", 107653161125649642032491443308982527566324346567968513637810199776622513001405 [1.076e77]) [staticcall]
    │   │   └─ ← ()
    │   ├─ [0] console::log("Computed hash after element", 2, ":", 58589837049834144583211226689647012306316922949101456466201253300155303082111 [5.858e76]) [staticcall]
    │   │   └─ ← ()
    │   ├─ [0] console::log("Proof element", 3, ":", 44812029912269844639383167223451376600872748978496635971607178627452478213724 [4.481e76]) [staticcall]
    │   │   └─ ← ()
    │   ├─ [0] console::log("Computed hash after element", 3, ":", 86128377917019908445957012829255022949550602761192088501649658527506321620714 [8.612e76]) [staticcall]
    │   │   └─ ← ()
    │   ├─ [0] console::log("Proof element", 4, ":", 58970799088961112952336647953399251088847930591391758063450723545172698691839 [5.897e76]) [staticcall]
    │   │   └─ ← ()
    │   ├─ [0] console::log("Computed hash after element", 4, ":", 88918475406156581982430787140777871531310201529806011182131589911559220693048 [8.891e76]) [staticcall]
    │   │   └─ ← ()
    │   ├─ [0] console::log("Is valid:", true) [staticcall]
    │   │   └─ ← ()
    │   └─ ← true
    ├─ [0] console::log("--- End of verification details ---") [staticcall]
    │   └─ ← ()
    ├─ [0] console::log("Successfully verified leaf 15 after adding 19 leaves") [staticcall]
    │   └─ ← ()
    ├─ [37396] MerkleStorageOZ::getProof(15) [staticcall]
    │   ├─ [0] console::log("Getting proof for leaf index:", 15) [staticcall]
    │   │   └─ ← ()
    │   ├─ [0] console::log("Tree depth:", 5) [staticcall]
    │   │   └─ ← ()
    │   ├─ [0] console::log("Level", 0, "size:", 19) [staticcall]
    │   │   └─ ← ()
    │   ├─ [0] console::log("Added to proof:", 49376861721947691573602341854337835825465271023485523889471862409499079557266 [4.937e76]) [staticcall]
    │   │   └─ ← ()
    │   ├─ [0] console::log("Level", 1, "size:", 10) [staticcall]
    │   │   └─ ← ()
    │   ├─ [0] console::log("Added to proof:", 27450459817178025726961910999305864805083219849135273456119843313523604327146 [2.745e76]) [staticcall]
    │   │   └─ ← ()
    │   ├─ [0] console::log("Level", 2, "size:", 5) [staticcall]
    │   │   └─ ← ()
    │   ├─ [0] console::log("Added to proof:", 107653161125649642032491443308982527566324346567968513637810199776622513001405 [1.076e77]) [staticcall]
    │   │   └─ ← ()
    │   ├─ [0] console::log("Level", 3, "size:", 3) [staticcall]
    │   │   └─ ← ()
    │   ├─ [0] console::log("Added to proof:", 44812029912269844639383167223451376600872748978496635971607178627452478213724 [4.481e76]) [staticcall]
    │   │   └─ ← ()
    │   ├─ [0] console::log("Level", 4, "size:", 2) [staticcall]
    │   │   └─ ← ()
    │   ├─ [0] console::log("Added to proof:", 58970799088961112952336647953399251088847930591391758063450723545172698691839 [5.897e76]) [staticcall]
    │   │   └─ ← ()
    │   ├─ [0] console::log("Final proof length:", 5) [staticcall]
    │   │   └─ ← ()
    │   └─ ← [0x6d2a503801c4a495dd34ec63d048cc1c56cd4e99ed480da77c09d497092b4092, 0x3cb068dfee4565b215b4fbdb3cdb15bce0a9c6c2e3b7b093b67b46c926340aea, 0xee0187a9e1cd26963ee5f1e99031a2da9d737039b6c237adc84770a6d2d893bd, 0x6312b5c9c0f90c16707fa38ba42f8fe1608c5fa99a1772af08b1ea466614ce5c, 0x82604a1aead20a418c0a99bc727230ed2413d3ae78e40673adc604ad1acf78ff]
    ├─ [0] console::log("--- Verification details for leaf 16 after adding 19 leaves ---") [staticcall]
    │   └─ ← ()
    ├─ [16199] MerkleStorageOZ::verifyLeaf(0x6c6561663136, [0x6d2a503801c4a495dd34ec63d048cc1c56cd4e99ed480da77c09d497092b4092, 0x3cb068dfee4565b215b4fbdb3cdb15bce0a9c6c2e3b7b093b67b46c926340aea, 0xee0187a9e1cd26963ee5f1e99031a2da9d737039b6c237adc84770a6d2d893bd, 0x6312b5c9c0f90c16707fa38ba42f8fe1608c5fa99a1772af08b1ea466614ce5c, 0x82604a1aead20a418c0a99bc727230ed2413d3ae78e40673adc604ad1acf78ff]) [staticcall]
    │   ├─ [0] console::log("Verifying leaf:", 29282441118156610795451351767893172742723572721638635483486521378003152140138 [2.928e76]) [staticcall]
    │   │   └─ ← ()
    │   ├─ [0] console::log("Merkle root:", 88918475406156581982430787140777871531310201529806011182131589911559220693048 [8.891e76]) [staticcall]
    │   │   └─ ← ()
    │   ├─ [0] console::log("Proof length:", 5) [staticcall]
    │   │   └─ ← ()
    │   ├─ [0] console::log("Proof element", 0, ":", 49376861721947691573602341854337835825465271023485523889471862409499079557266 [4.937e76]) [staticcall]
    │   │   └─ ← ()
    │   ├─ [0] console::log("Computed hash after element", 0, ":", 68222527226755524790505848492501156006903177263714150024810130256539423849504 [6.822e76]) [staticcall]
    │   │   └─ ← ()
    │   ├─ [0] console::log("Proof element", 1, ":", 27450459817178025726961910999305864805083219849135273456119843313523604327146 [2.745e76]) [staticcall]
    │   │   └─ ← ()
    │   ├─ [0] console::log("Computed hash after element", 1, ":", 71129321183645985042233441554048622660549772896301430670938088189986418104761 [7.112e76]) [staticcall]
    │   │   └─ ← ()
    │   ├─ [0] console::log("Proof element", 2, ":", 107653161125649642032491443308982527566324346567968513637810199776622513001405 [1.076e77]) [staticcall]
    │   │   └─ ← ()
    │   ├─ [0] console::log("Computed hash after element", 2, ":", 58589837049834144583211226689647012306316922949101456466201253300155303082111 [5.858e76]) [staticcall]
    │   │   └─ ← ()
    │   ├─ [0] console::log("Proof element", 3, ":", 44812029912269844639383167223451376600872748978496635971607178627452478213724 [4.481e76]) [staticcall]
    │   │   └─ ← ()
    │   ├─ [0] console::log("Computed hash after element", 3, ":", 86128377917019908445957012829255022949550602761192088501649658527506321620714 [8.612e76]) [staticcall]
    │   │   └─ ← ()
    │   ├─ [0] console::log("Proof element", 4, ":", 58970799088961112952336647953399251088847930591391758063450723545172698691839 [5.897e76]) [staticcall]
    │   │   └─ ← ()
    │   ├─ [0] console::log("Computed hash after element", 4, ":", 88918475406156581982430787140777871531310201529806011182131589911559220693048 [8.891e76]) [staticcall]
    │   │   └─ ← ()
    │   ├─ [0] console::log("Is valid:", true) [staticcall]
    │   │   └─ ← ()
    │   └─ ← true
    ├─ [0] console::log("--- End of verification details ---") [staticcall]
    │   └─ ← ()
    ├─ [0] console::log("Successfully verified leaf 16 after adding 19 leaves") [staticcall]
    │   └─ ← ()
    ├─ [37655] MerkleStorageOZ::getProof(16) [staticcall]
    │   ├─ [0] console::log("Getting proof for leaf index:", 16) [staticcall]
    │   │   └─ ← ()
    │   ├─ [0] console::log("Tree depth:", 5) [staticcall]
    │   │   └─ ← ()
    │   ├─ [0] console::log("Level", 0, "size:", 19) [staticcall]
    │   │   └─ ← ()
    │   ├─ [0] console::log("Added to proof:", 84400808403309474247251277457382660891608361063132282181411243421902705171780 [8.44e76]) [staticcall]
    │   │   └─ ← ()
    │   ├─ [0] console::log("Level", 1, "size:", 10) [staticcall]
    │   │   └─ ← ()
    │   ├─ [0] console::log("Added to proof:", 56446361581621961878854006960535880407422028979022664102747530868558482727403 [5.644e76]) [staticcall]
    │   │   └─ ← ()
    │   ├─ [0] console::log("Level", 2, "size:", 5) [staticcall]
    │   │   └─ ← ()
    │   ├─ [0] console::log("Added to proof (odd level):", 58970799088961112952336647953399251088847930591391758063450723545172698691839 [5.897e76]) [staticcall]
    │   │   └─ ← ()
    │   ├─ [0] console::log("Level", 3, "size:", 3) [staticcall]
    │   │   └─ ← ()
    │   ├─ [0] console::log("Added to proof (odd level):", 58970799088961112952336647953399251088847930591391758063450723545172698691839 [5.897e76]) [staticcall]
    │   │   └─ ← ()
    │   ├─ [0] console::log("Level", 4, "size:", 2) [staticcall]
    │   │   └─ ← ()
    │   ├─ [0] console::log("Added to proof:", 86128377917019908445957012829255022949550602761192088501649658527506321620714 [8.612e76]) [staticcall]
    │   │   └─ ← ()
    │   ├─ [0] console::log("Final proof length:", 5) [staticcall]
    │   │   └─ ← ()
    │   └─ ← [0xba992a2886849d2ee7d1a5d829bc0808a4fdf5efefb777966a072ead27f69d44, 0x7ccb822b9ff1cebd103b23ca271c13c8c7bcc0a56e894bba26dd9494975561eb, 0x82604a1aead20a418c0a99bc727230ed2413d3ae78e40673adc604ad1acf78ff, 0x82604a1aead20a418c0a99bc727230ed2413d3ae78e40673adc604ad1acf78ff, 0xbe6aef332f76fab2501328e00212a75716fd7cf5be4cd3c68a372010ccc3beea]
    ├─ [0] console::log("--- Verification details for leaf 17 after adding 19 leaves ---") [staticcall]
    │   └─ ← ()
    ├─ [16209] MerkleStorageOZ::verifyLeaf(0x6c6561663137, [0xba992a2886849d2ee7d1a5d829bc0808a4fdf5efefb777966a072ead27f69d44, 0x7ccb822b9ff1cebd103b23ca271c13c8c7bcc0a56e894bba26dd9494975561eb, 0x82604a1aead20a418c0a99bc727230ed2413d3ae78e40673adc604ad1acf78ff, 0x82604a1aead20a418c0a99bc727230ed2413d3ae78e40673adc604ad1acf78ff, 0xbe6aef332f76fab2501328e00212a75716fd7cf5be4cd3c68a372010ccc3beea]) [staticcall]
    │   ├─ [0] console::log("Verifying leaf:", 21979652522633138675855471474548080148032271092062185065410366224797086795229 [2.197e76]) [staticcall]
    │   │   └─ ← ()
    │   ├─ [0] console::log("Merkle root:", 88918475406156581982430787140777871531310201529806011182131589911559220693048 [8.891e76]) [staticcall]
    │   │   └─ ← ()
    │   ├─ [0] console::log("Proof length:", 5) [staticcall]
    │   │   └─ ← ()
    │   ├─ [0] console::log("Proof element", 0, ":", 84400808403309474247251277457382660891608361063132282181411243421902705171780 [8.44e76]) [staticcall]
    │   │   └─ ← ()
    │   ├─ [0] console::log("Computed hash after element", 0, ":", 68707805291125709217780897399343780900556216299315256742021570282172139855342 [6.87e76]) [staticcall]
    │   │   └─ ← ()
    │   ├─ [0] console::log("Proof element", 1, ":", 56446361581621961878854006960535880407422028979022664102747530868558482727403 [5.644e76]) [staticcall]
    │   │   └─ ← ()
    │   ├─ [0] console::log("Computed hash after element", 1, ":", 58970799088961112952336647953399251088847930591391758063450723545172698691839 [5.897e76]) [staticcall]
    │   │   └─ ← ()
    │   ├─ [0] console::log("Proof element", 2, ":", 58970799088961112952336647953399251088847930591391758063450723545172698691839 [5.897e76]) [staticcall]
    │   │   └─ ← ()
    │   ├─ [0] console::log("Computed hash after element", 2, ":", 68567689481260466743281011357049185489631513587573967413572058138852122733494 [6.856e76]) [staticcall]
    │   │   └─ ← ()
    │   ├─ [0] console::log("Proof element", 3, ":", 58970799088961112952336647953399251088847930591391758063450723545172698691839 [5.897e76]) [staticcall]
    │   │   └─ ← ()
    │   ├─ [0] console::log("Computed hash after element", 3, ":", 44888843632910077371569580368172930204377773458216003463656876301897754660750 [4.488e76]) [staticcall]
    │   │   └─ ← ()
    │   ├─ [0] console::log("Proof element", 4, ":", 86128377917019908445957012829255022949550602761192088501649658527506321620714 [8.612e76]) [staticcall]
    │   │   └─ ← ()
    │   ├─ [0] console::log("Computed hash after element", 4, ":", 58492472723876915730569456836906956410051189645119284595007705311591956292770 [5.849e76]) [staticcall]
    │   │   └─ ← ()
    │   ├─ [0] console::log("Is valid:", false) [staticcall]
    │   │   └─ ← ()
    │   └─ ← false
    ├─ [0] console::log("--- End of verification details ---") [staticcall]
    │   └─ ← ()
    ├─ [0] console::log("Failed to verify leaf 17 after adding 19 leaves") [staticcall]
    │   └─ ← ()
    ├─ [37570] MerkleStorageOZ::getProof(17) [staticcall]
    │   ├─ [0] console::log("Getting proof for leaf index:", 17) [staticcall]
    │   │   └─ ← ()
    │   ├─ [0] console::log("Tree depth:", 5) [staticcall]
    │   │   └─ ← ()
    │   ├─ [0] console::log("Level", 0, "size:", 19) [staticcall]
    │   │   └─ ← ()
    │   ├─ [0] console::log("Added to proof:", 21979652522633138675855471474548080148032271092062185065410366224797086795229 [2.197e76]) [staticcall]
    │   │   └─ ← ()
    │   ├─ [0] console::log("Level", 1, "size:", 10) [staticcall]
    │   │   └─ ← ()
    │   ├─ [0] console::log("Added to proof:", 56446361581621961878854006960535880407422028979022664102747530868558482727403 [5.644e76]) [staticcall]
    │   │   └─ ← ()
    │   ├─ [0] console::log("Level", 2, "size:", 5) [staticcall]
    │   │   └─ ← ()
    │   ├─ [0] console::log("Added to proof (odd level):", 58970799088961112952336647953399251088847930591391758063450723545172698691839 [5.897e76]) [staticcall]
    │   │   └─ ← ()
    │   ├─ [0] console::log("Level", 3, "size:", 3) [staticcall]
    │   │   └─ ← ()
    │   ├─ [0] console::log("Added to proof (odd level):", 58970799088961112952336647953399251088847930591391758063450723545172698691839 [5.897e76]) [staticcall]
    │   │   └─ ← ()
    │   ├─ [0] console::log("Level", 4, "size:", 2) [staticcall]
    │   │   └─ ← ()
    │   ├─ [0] console::log("Added to proof:", 86128377917019908445957012829255022949550602761192088501649658527506321620714 [8.612e76]) [staticcall]
    │   │   └─ ← ()
    │   ├─ [0] console::log("Final proof length:", 5) [staticcall]
    │   │   └─ ← ()
    │   └─ ← [0x30980adf44ec5892ff4ea3c608050515b01f7dd94be63b1753067cb9601445dd, 0x7ccb822b9ff1cebd103b23ca271c13c8c7bcc0a56e894bba26dd9494975561eb, 0x82604a1aead20a418c0a99bc727230ed2413d3ae78e40673adc604ad1acf78ff, 0x82604a1aead20a418c0a99bc727230ed2413d3ae78e40673adc604ad1acf78ff, 0xbe6aef332f76fab2501328e00212a75716fd7cf5be4cd3c68a372010ccc3beea]
    ├─ [0] console::log("--- Verification details for leaf 18 after adding 19 leaves ---") [staticcall]
    │   └─ ← ()
    ├─ [16199] MerkleStorageOZ::verifyLeaf(0x6c6561663138, [0x30980adf44ec5892ff4ea3c608050515b01f7dd94be63b1753067cb9601445dd, 0x7ccb822b9ff1cebd103b23ca271c13c8c7bcc0a56e894bba26dd9494975561eb, 0x82604a1aead20a418c0a99bc727230ed2413d3ae78e40673adc604ad1acf78ff, 0x82604a1aead20a418c0a99bc727230ed2413d3ae78e40673adc604ad1acf78ff, 0xbe6aef332f76fab2501328e00212a75716fd7cf5be4cd3c68a372010ccc3beea]) [staticcall]
    │   ├─ [0] console::log("Verifying leaf:", 84400808403309474247251277457382660891608361063132282181411243421902705171780 [8.44e76]) [staticcall]
    │   │   └─ ← ()
    │   ├─ [0] console::log("Merkle root:", 88918475406156581982430787140777871531310201529806011182131589911559220693048 [8.891e76]) [staticcall]
    │   │   └─ ← ()
    │   ├─ [0] console::log("Proof length:", 5) [staticcall]
    │   │   └─ ← ()
    │   ├─ [0] console::log("Proof element", 0, ":", 21979652522633138675855471474548080148032271092062185065410366224797086795229 [2.197e76]) [staticcall]
    │   │   └─ ← ()
    │   ├─ [0] console::log("Computed hash after element", 0, ":", 68707805291125709217780897399343780900556216299315256742021570282172139855342 [6.87e76]) [staticcall]
    │   │   └─ ← ()
    │   ├─ [0] console::log("Proof element", 1, ":", 56446361581621961878854006960535880407422028979022664102747530868558482727403 [5.644e76]) [staticcall]
    │   │   └─ ← ()
    │   ├─ [0] console::log("Computed hash after element", 1, ":", 58970799088961112952336647953399251088847930591391758063450723545172698691839 [5.897e76]) [staticcall]
    │   │   └─ ← ()
    │   ├─ [0] console::log("Proof element", 2, ":", 58970799088961112952336647953399251088847930591391758063450723545172698691839 [5.897e76]) [staticcall]
    │   │   └─ ← ()
    │   ├─ [0] console::log("Computed hash after element", 2, ":", 68567689481260466743281011357049185489631513587573967413572058138852122733494 [6.856e76]) [staticcall]
    │   │   └─ ← ()
    │   ├─ [0] console::log("Proof element", 3, ":", 58970799088961112952336647953399251088847930591391758063450723545172698691839 [5.897e76]) [staticcall]
    │   │   └─ ← ()
    │   ├─ [0] console::log("Computed hash after element", 3, ":", 44888843632910077371569580368172930204377773458216003463656876301897754660750 [4.488e76]) [staticcall]
    │   │   └─ ← ()
    │   ├─ [0] console::log("Proof element", 4, ":", 86128377917019908445957012829255022949550602761192088501649658527506321620714 [8.612e76]) [staticcall]
    │   │   └─ ← ()
    │   ├─ [0] console::log("Computed hash after element", 4, ":", 58492472723876915730569456836906956410051189645119284595007705311591956292770 [5.849e76]) [staticcall]
    │   │   └─ ← ()
    │   ├─ [0] console::log("Is valid:", false) [staticcall]
    │   │   └─ ← ()
    │   └─ ← false
    ├─ [0] console::log("--- End of verification details ---") [staticcall]
    │   └─ ← ()
    ├─ [0] console::log("Failed to verify leaf 18 after adding 19 leaves") [staticcall]
    │   └─ ← ()
    ├─ [37572] MerkleStorageOZ::getProof(18) [staticcall]
    │   ├─ [0] console::log("Getting proof for leaf index:", 18) [staticcall]
    │   │   └─ ← ()
    │   ├─ [0] console::log("Tree depth:", 5) [staticcall]
    │   │   └─ ← ()
    │   ├─ [0] console::log("Level", 0, "size:", 19) [staticcall]
    │   │   └─ ← ()
    │   ├─ [0] console::log("Added to proof (odd level):", 56446361581621961878854006960535880407422028979022664102747530868558482727403 [5.644e76]) [staticcall]
    │   │   └─ ← ()
    │   ├─ [0] console::log("Level", 1, "size:", 10) [staticcall]
    │   │   └─ ← ()
    │   ├─ [0] console::log("Added to proof:", 68707805291125709217780897399343780900556216299315256742021570282172139855342 [6.87e76]) [staticcall]
    │   │   └─ ← ()
    │   ├─ [0] console::log("Level", 2, "size:", 5) [staticcall]
    │   │   └─ ← ()
    │   ├─ [0] console::log("Added to proof (odd level):", 58970799088961112952336647953399251088847930591391758063450723545172698691839 [5.897e76]) [staticcall]
    │   │   └─ ← ()
    │   ├─ [0] console::log("Level", 3, "size:", 3) [staticcall]
    │   │   └─ ← ()
    │   ├─ [0] console::log("Added to proof (odd level):", 58970799088961112952336647953399251088847930591391758063450723545172698691839 [5.897e76]) [staticcall]
    │   │   └─ ← ()
    │   ├─ [0] console::log("Level", 4, "size:", 2) [staticcall]
    │   │   └─ ← ()
    │   ├─ [0] console::log("Added to proof:", 86128377917019908445957012829255022949550602761192088501649658527506321620714 [8.612e76]) [staticcall]
    │   │   └─ ← ()
    │   ├─ [0] console::log("Final proof length:", 5) [staticcall]
    │   │   └─ ← ()
    │   └─ ← [0x7ccb822b9ff1cebd103b23ca271c13c8c7bcc0a56e894bba26dd9494975561eb, 0x97e73d5bdc5b93c5f1f4f821883ba4b1948b2ff1ac00d508e0f7bf386b165dee, 0x82604a1aead20a418c0a99bc727230ed2413d3ae78e40673adc604ad1acf78ff, 0x82604a1aead20a418c0a99bc727230ed2413d3ae78e40673adc604ad1acf78ff, 0xbe6aef332f76fab2501328e00212a75716fd7cf5be4cd3c68a372010ccc3beea]
    ├─ [0] console::log("--- Verification details for leaf 19 after adding 19 leaves ---") [staticcall]
    │   └─ ← ()
    ├─ [16209] MerkleStorageOZ::verifyLeaf(0x6c6561663139, [0x7ccb822b9ff1cebd103b23ca271c13c8c7bcc0a56e894bba26dd9494975561eb, 0x97e73d5bdc5b93c5f1f4f821883ba4b1948b2ff1ac00d508e0f7bf386b165dee, 0x82604a1aead20a418c0a99bc727230ed2413d3ae78e40673adc604ad1acf78ff, 0x82604a1aead20a418c0a99bc727230ed2413d3ae78e40673adc604ad1acf78ff, 0xbe6aef332f76fab2501328e00212a75716fd7cf5be4cd3c68a372010ccc3beea]) [staticcall]
    │   ├─ [0] console::log("Verifying leaf:", 56446361581621961878854006960535880407422028979022664102747530868558482727403 [5.644e76]) [staticcall]
    │   │   └─ ← ()
    │   ├─ [0] console::log("Merkle root:", 88918475406156581982430787140777871531310201529806011182131589911559220693048 [8.891e76]) [staticcall]
    │   │   └─ ← ()
    │   ├─ [0] console::log("Proof length:", 5) [staticcall]
    │   │   └─ ← ()
    │   ├─ [0] console::log("Proof element", 0, ":", 56446361581621961878854006960535880407422028979022664102747530868558482727403 [5.644e76]) [staticcall]
    │   │   └─ ← ()
    │   ├─ [0] console::log("Computed hash after element", 0, ":", 57668693676130105546935172549993152352589434164954523451209149985523179387776 [5.766e76]) [staticcall]
    │   │   └─ ← ()
    │   ├─ [0] console::log("Proof element", 1, ":", 68707805291125709217780897399343780900556216299315256742021570282172139855342 [6.87e76]) [staticcall]
    │   │   └─ ← ()
    │   ├─ [0] console::log("Computed hash after element", 1, ":", 63746377945667765146912583754295906334036992725100889637980076657157232658450 [6.374e76]) [staticcall]
    │   │   └─ ← ()
    │   ├─ [0] console::log("Proof element", 2, ":", 58970799088961112952336647953399251088847930591391758063450723545172698691839 [5.897e76]) [staticcall]
    │   │   └─ ← ()
    │   ├─ [0] console::log("Computed hash after element", 2, ":", 105125610412559125655960930173746574191784865889562593319227259643654714088305 [1.051e77]) [staticcall]
    │   │   └─ ← ()
    │   ├─ [0] console::log("Proof element", 3, ":", 58970799088961112952336647953399251088847930591391758063450723545172698691839 [5.897e76]) [staticcall]
    │   │   └─ ← ()
    │   ├─ [0] console::log("Computed hash after element", 3, ":", 54374366710063061936134915728827793786402390871625358549138501673152368953572 [5.437e76]) [staticcall]
    │   │   └─ ← ()
    │   ├─ [0] console::log("Proof element", 4, ":", 86128377917019908445957012829255022949550602761192088501649658527506321620714 [8.612e76]) [staticcall]
    │   │   └─ ← ()
    │   ├─ [0] console::log("Computed hash after element", 4, ":", 114540695271644002688968139818908523976382189866333475880539716612337728254645 [1.145e77]) [staticcall]
    │   │   └─ ← ()
    │   ├─ [0] console::log("Is valid:", false) [staticcall]
    │   │   └─ ← ()
    │   └─ ← false
    ├─ [0] console::log("--- End of verification details ---") [staticcall]
    │   └─ ← ()
    ├─ [0] console::log("Failed to verify leaf 19 after adding 19 leaves") [staticcall]
    │   └─ ← ()
    ├─ [44936] MerkleStorageOZ::addLeaf(0x6c6561663230)
    │   ├─ emit LeafAdded(leaf: 0x641d680887700f3f54c0b5447e7e2a7e0bad727b61dfcc1f0ce73efdb682d014, index: 19)
    │   ├─ emit MerkleRootUpdated(newRoot: 0xec46bada9ff27a074172ab15b1d29f6e4ed4c35c5ebf3e1c5efd030d23eae21b)
    │   └─ ← ()
    ├─ [0] console::log("Added leaf 20") [staticcall]
    │   └─ ← ()
    ├─ [38158] MerkleStorageOZ::getProof(0) [staticcall]
    │   ├─ [0] console::log("Getting proof for leaf index:", 0) [staticcall]
    │   │   └─ ← ()
    │   ├─ [0] console::log("Tree depth:", 5) [staticcall]
    │   │   └─ ← ()
    │   ├─ [0] console::log("Level", 0, "size:", 20) [staticcall]
    │   │   └─ ← ()
    │   ├─ [0] console::log("Added to proof:", 84303433209692230857384970403333823748570319246869449369625637863858470744792 [8.43e76]) [staticcall]
    │   │   └─ ← ()
    │   ├─ [0] console::log("Level", 1, "size:", 10) [staticcall]
    │   │   └─ ← ()
    │   ├─ [0] console::log("Added to proof:", 42994468410347004737970376126143620665813473361490896099477539813509562736181 [4.299e76]) [staticcall]
    │   │   └─ ← ()
    │   ├─ [0] console::log("Level", 2, "size:", 5) [staticcall]
    │   │   └─ ← ()
    │   ├─ [0] console::log("Added to proof:", 90519645207031266945590244632322326520069529432013691057992262226385608141027 [9.051e76]) [staticcall]
    │   │   └─ ← ()
    │   ├─ [0] console::log("Level", 3, "size:", 3) [staticcall]
    │   │   └─ ← ()
    │   ├─ [0] console::log("Added to proof:", 58589837049834144583211226689647012306316922949101456466201253300155303082111 [5.858e76]) [staticcall]
    │   │   └─ ← ()
    │   ├─ [0] console::log("Level", 4, "size:", 2) [staticcall]
    │   │   └─ ← ()
    │   ├─ [0] console::log("Added to proof:", 45139666723238355772826244904596550483916276039110793439475289965711815832849 [4.513e76]) [staticcall]
    │   │   └─ ← ()
    │   ├─ [0] console::log("Final proof length:", 5) [staticcall]
    │   │   └─ ← ()
    │   └─ ← [0xba620d61dac4ddf2d7905722b259b0bd34ec4d37c5796d9a22537c54b3f972d8, 0x5f0e01babb612c872c711c3804090c0fcd42d13e2ddbd99d21e73f30afa59e35, 0xc8204db79981b461dca6928459414628e9784deec1c74154434eb580b50868e3, 0x8188ac2f87ba406f83118b08d992d3fa8d32cc600972164a103cefd56f28387f, 0x63cc255e7f876edad840850e1194773827a1ace7e5091cbfaef4246ad5bf7511]
    ├─ [0] console::log("--- Verification details for leaf 1 after adding 20 leaves ---") [staticcall]
    │   └─ ← ()
    ├─ [16219] MerkleStorageOZ::verifyLeaf(0x6c65616631, [0xba620d61dac4ddf2d7905722b259b0bd34ec4d37c5796d9a22537c54b3f972d8, 0x5f0e01babb612c872c711c3804090c0fcd42d13e2ddbd99d21e73f30afa59e35, 0xc8204db79981b461dca6928459414628e9784deec1c74154434eb580b50868e3, 0x8188ac2f87ba406f83118b08d992d3fa8d32cc600972164a103cefd56f28387f, 0x63cc255e7f876edad840850e1194773827a1ace7e5091cbfaef4246ad5bf7511]) [staticcall]
    │   ├─ [0] console::log("Verifying leaf:", 1534629507014924801801850062420965747762703560098700086918056654539096211930 [1.534e75]) [staticcall]
    │   │   └─ ← ()
    │   ├─ [0] console::log("Merkle root:", 106870801179118634535883686530607157812509355522546186431046939568699077222939 [1.068e77]) [staticcall]
    │   │   └─ ← ()
    │   ├─ [0] console::log("Proof length:", 5) [staticcall]
    │   │   └─ ← ()
    │   ├─ [0] console::log("Proof element", 0, ":", 84303433209692230857384970403333823748570319246869449369625637863858470744792 [8.43e76]) [staticcall]
    │   │   └─ ← ()
    │   ├─ [0] console::log("Computed hash after element", 0, ":", 4819654492366420278237764346194618123787186199882361681321774604810163462263 [4.819e75]) [staticcall]
    │   │   └─ ← ()
    │   ├─ [0] console::log("Proof element", 1, ":", 42994468410347004737970376126143620665813473361490896099477539813509562736181 [4.299e76]) [staticcall]
    │   │   └─ ← ()
    │   ├─ [0] console::log("Computed hash after element", 1, ":", 86167276729270415220365293603154116830872546334163333883227179387055231533441 [8.616e76]) [staticcall]
    │   │   └─ ← ()
    │   ├─ [0] console::log("Proof element", 2, ":", 90519645207031266945590244632322326520069529432013691057992262226385608141027 [9.051e76]) [staticcall]
    │   │   └─ ← ()
    │   ├─ [0] console::log("Computed hash after element", 2, ":", 44812029912269844639383167223451376600872748978496635971607178627452478213724 [4.481e76]) [staticcall]
    │   │   └─ ← ()
    │   ├─ [0] console::log("Proof element", 3, ":", 58589837049834144583211226689647012306316922949101456466201253300155303082111 [5.858e76]) [staticcall]
    │   │   └─ ← ()
    │   ├─ [0] console::log("Computed hash after element", 3, ":", 86128377917019908445957012829255022949550602761192088501649658527506321620714 [8.612e76]) [staticcall]
    │   │   └─ ← ()
    │   ├─ [0] console::log("Proof element", 4, ":", 45139666723238355772826244904596550483916276039110793439475289965711815832849 [4.513e76]) [staticcall]
    │   │   └─ ← ()
    │   ├─ [0] console::log("Computed hash after element", 4, ":", 106870801179118634535883686530607157812509355522546186431046939568699077222939 [1.068e77]) [staticcall]
    │   │   └─ ← ()
    │   ├─ [0] console::log("Is valid:", true) [staticcall]
    │   │   └─ ← ()
    │   └─ ← true
    ├─ [0] console::log("--- End of verification details ---") [staticcall]
    │   └─ ← ()
    ├─ [0] console::log("Successfully verified leaf 1 after adding 20 leaves") [staticcall]
    │   └─ ← ()
    ├─ [38073] MerkleStorageOZ::getProof(1) [staticcall]
    │   ├─ [0] console::log("Getting proof for leaf index:", 1) [staticcall]
    │   │   └─ ← ()
    │   ├─ [0] console::log("Tree depth:", 5) [staticcall]
    │   │   └─ ← ()
    │   ├─ [0] console::log("Level", 0, "size:", 20) [staticcall]
    │   │   └─ ← ()
    │   ├─ [0] console::log("Added to proof:", 1534629507014924801801850062420965747762703560098700086918056654539096211930 [1.534e75]) [staticcall]
    │   │   └─ ← ()
    │   ├─ [0] console::log("Level", 1, "size:", 10) [staticcall]
    │   │   └─ ← ()
    │   ├─ [0] console::log("Added to proof:", 42994468410347004737970376126143620665813473361490896099477539813509562736181 [4.299e76]) [staticcall]
    │   │   └─ ← ()
    │   ├─ [0] console::log("Level", 2, "size:", 5) [staticcall]
    │   │   └─ ← ()
    │   ├─ [0] console::log("Added to proof:", 90519645207031266945590244632322326520069529432013691057992262226385608141027 [9.051e76]) [staticcall]
    │   │   └─ ← ()
    │   ├─ [0] console::log("Level", 3, "size:", 3) [staticcall]
    │   │   └─ ← ()
    │   ├─ [0] console::log("Added to proof:", 58589837049834144583211226689647012306316922949101456466201253300155303082111 [5.858e76]) [staticcall]
    │   │   └─ ← ()
    │   ├─ [0] console::log("Level", 4, "size:", 2) [staticcall]
    │   │   └─ ← ()
    │   ├─ [0] console::log("Added to proof:", 45139666723238355772826244904596550483916276039110793439475289965711815832849 [4.513e76]) [staticcall]
    │   │   └─ ← ()
    │   ├─ [0] console::log("Final proof length:", 5) [staticcall]
    │   │   └─ ← ()
    │   └─ ← [0x036491cc10808eeb0ff717314df6f19ba2e232d04d5f039f6fa382cae41641da, 0x5f0e01babb612c872c711c3804090c0fcd42d13e2ddbd99d21e73f30afa59e35, 0xc8204db79981b461dca6928459414628e9784deec1c74154434eb580b50868e3, 0x8188ac2f87ba406f83118b08d992d3fa8d32cc600972164a103cefd56f28387f, 0x63cc255e7f876edad840850e1194773827a1ace7e5091cbfaef4246ad5bf7511]
    ├─ [0] console::log("--- Verification details for leaf 2 after adding 20 leaves ---") [staticcall]
    │   └─ ← ()
    ├─ [16209] MerkleStorageOZ::verifyLeaf(0x6c65616632, [0x036491cc10808eeb0ff717314df6f19ba2e232d04d5f039f6fa382cae41641da, 0x5f0e01babb612c872c711c3804090c0fcd42d13e2ddbd99d21e73f30afa59e35, 0xc8204db79981b461dca6928459414628e9784deec1c74154434eb580b50868e3, 0x8188ac2f87ba406f83118b08d992d3fa8d32cc600972164a103cefd56f28387f, 0x63cc255e7f876edad840850e1194773827a1ace7e5091cbfaef4246ad5bf7511]) [staticcall]
    │   ├─ [0] console::log("Verifying leaf:", 84303433209692230857384970403333823748570319246869449369625637863858470744792 [8.43e76]) [staticcall]
    │   │   └─ ← ()
    │   ├─ [0] console::log("Merkle root:", 106870801179118634535883686530607157812509355522546186431046939568699077222939 [1.068e77]) [staticcall]
    │   │   └─ ← ()
    │   ├─ [0] console::log("Proof length:", 5) [staticcall]
    │   │   └─ ← ()
    │   ├─ [0] console::log("Proof element", 0, ":", 1534629507014924801801850062420965747762703560098700086918056654539096211930 [1.534e75]) [staticcall]
    │   │   └─ ← ()
    │   ├─ [0] console::log("Computed hash after element", 0, ":", 4819654492366420278237764346194618123787186199882361681321774604810163462263 [4.819e75]) [staticcall]
    │   │   └─ ← ()
    │   ├─ [0] console::log("Proof element", 1, ":", 42994468410347004737970376126143620665813473361490896099477539813509562736181 [4.299e76]) [staticcall]
    │   │   └─ ← ()
    │   ├─ [0] console::log("Computed hash after element", 1, ":", 86167276729270415220365293603154116830872546334163333883227179387055231533441 [8.616e76]) [staticcall]
    │   │   └─ ← ()
    │   ├─ [0] console::log("Proof element", 2, ":", 90519645207031266945590244632322326520069529432013691057992262226385608141027 [9.051e76]) [staticcall]
    │   │   └─ ← ()
    │   ├─ [0] console::log("Computed hash after element", 2, ":", 44812029912269844639383167223451376600872748978496635971607178627452478213724 [4.481e76]) [staticcall]
    │   │   └─ ← ()
    │   ├─ [0] console::log("Proof element", 3, ":", 58589837049834144583211226689647012306316922949101456466201253300155303082111 [5.858e76]) [staticcall]
    │   │   └─ ← ()
    │   ├─ [0] console::log("Computed hash after element", 3, ":", 86128377917019908445957012829255022949550602761192088501649658527506321620714 [8.612e76]) [staticcall]
    │   │   └─ ← ()
    │   ├─ [0] console::log("Proof element", 4, ":", 45139666723238355772826244904596550483916276039110793439475289965711815832849 [4.513e76]) [staticcall]
    │   │   └─ ← ()
    │   ├─ [0] console::log("Computed hash after element", 4, ":", 106870801179118634535883686530607157812509355522546186431046939568699077222939 [1.068e77]) [staticcall]
    │   │   └─ ← ()
    │   ├─ [0] console::log("Is valid:", true) [staticcall]
    │   │   └─ ← ()
    │   └─ ← true
    ├─ [0] console::log("--- End of verification details ---") [staticcall]
    │   └─ ← ()
    ├─ [0] console::log("Successfully verified leaf 2 after adding 20 leaves") [staticcall]
    │   └─ ← ()
    ├─ [38073] MerkleStorageOZ::getProof(2) [staticcall]
    │   ├─ [0] console::log("Getting proof for leaf index:", 2) [staticcall]
    │   │   └─ ← ()
    │   ├─ [0] console::log("Tree depth:", 5) [staticcall]
    │   │   └─ ← ()
    │   ├─ [0] console::log("Level", 0, "size:", 20) [staticcall]
    │   │   └─ ← ()
    │   ├─ [0] console::log("Added to proof:", 9718660262289985226213547307049526568607798083323067650698233131271439501106 [9.718e75]) [staticcall]
    │   │   └─ ← ()
    │   ├─ [0] console::log("Level", 1, "size:", 10) [staticcall]
    │   │   └─ ← ()
    │   ├─ [0] console::log("Added to proof:", 4819654492366420278237764346194618123787186199882361681321774604810163462263 [4.819e75]) [staticcall]
    │   │   └─ ← ()
    │   ├─ [0] console::log("Level", 2, "size:", 5) [staticcall]
    │   │   └─ ← ()
    │   ├─ [0] console::log("Added to proof:", 90519645207031266945590244632322326520069529432013691057992262226385608141027 [9.051e76]) [staticcall]
    │   │   └─ ← ()
    │   ├─ [0] console::log("Level", 3, "size:", 3) [staticcall]
    │   │   └─ ← ()
    │   ├─ [0] console::log("Added to proof:", 58589837049834144583211226689647012306316922949101456466201253300155303082111 [5.858e76]) [staticcall]
    │   │   └─ ← ()
    │   ├─ [0] console::log("Level", 4, "size:", 2) [staticcall]
    │   │   └─ ← ()
    │   ├─ [0] console::log("Added to proof:", 45139666723238355772826244904596550483916276039110793439475289965711815832849 [4.513e76]) [staticcall]
    │   │   └─ ← ()
    │   ├─ [0] console::log("Final proof length:", 5) [staticcall]
    │   │   └─ ← ()
    │   └─ ← [0x157c9118369926e028fa6cf8dfe68c750c1adbd7b0e4918c2b3a23fe4017c732, 0x0aa7d3e8df6bbfe087828aef70a86fff5964660e89f14cbbbe406695bc1e2077, 0xc8204db79981b461dca6928459414628e9784deec1c74154434eb580b50868e3, 0x8188ac2f87ba406f83118b08d992d3fa8d32cc600972164a103cefd56f28387f, 0x63cc255e7f876edad840850e1194773827a1ace7e5091cbfaef4246ad5bf7511]
    ├─ [0] console::log("--- Verification details for leaf 3 after adding 20 leaves ---") [staticcall]
    │   └─ ← ()
    ├─ [16199] MerkleStorageOZ::verifyLeaf(0x6c65616633, [0x157c9118369926e028fa6cf8dfe68c750c1adbd7b0e4918c2b3a23fe4017c732, 0x0aa7d3e8df6bbfe087828aef70a86fff5964660e89f14cbbbe406695bc1e2077, 0xc8204db79981b461dca6928459414628e9784deec1c74154434eb580b50868e3, 0x8188ac2f87ba406f83118b08d992d3fa8d32cc600972164a103cefd56f28387f, 0x63cc255e7f876edad840850e1194773827a1ace7e5091cbfaef4246ad5bf7511]) [staticcall]
    │   ├─ [0] console::log("Verifying leaf:", 114806096316174656260172984043681595992173194076043313710926606652151351550195 [1.148e77]) [staticcall]
    │   │   └─ ← ()
    │   ├─ [0] console::log("Merkle root:", 106870801179118634535883686530607157812509355522546186431046939568699077222939 [1.068e77]) [staticcall]
    │   │   └─ ← ()
    │   ├─ [0] console::log("Proof length:", 5) [staticcall]
    │   │   └─ ← ()
    │   ├─ [0] console::log("Proof element", 0, ":", 9718660262289985226213547307049526568607798083323067650698233131271439501106 [9.718e75]) [staticcall]
    │   │   └─ ← ()
    │   ├─ [0] console::log("Computed hash after element", 0, ":", 42994468410347004737970376126143620665813473361490896099477539813509562736181 [4.299e76]) [staticcall]
    │   │   └─ ← ()
    │   ├─ [0] console::log("Proof element", 1, ":", 4819654492366420278237764346194618123787186199882361681321774604810163462263 [4.819e75]) [staticcall]
    │   │   └─ ← ()
    │   ├─ [0] console::log("Computed hash after element", 1, ":", 86167276729270415220365293603154116830872546334163333883227179387055231533441 [8.616e76]) [staticcall]
    │   │   └─ ← ()
    │   ├─ [0] console::log("Proof element", 2, ":", 90519645207031266945590244632322326520069529432013691057992262226385608141027 [9.051e76]) [staticcall]
    │   │   └─ ← ()
    │   ├─ [0] console::log("Computed hash after element", 2, ":", 44812029912269844639383167223451376600872748978496635971607178627452478213724 [4.481e76]) [staticcall]
    │   │   └─ ← ()
    │   ├─ [0] console::log("Proof element", 3, ":", 58589837049834144583211226689647012306316922949101456466201253300155303082111 [5.858e76]) [staticcall]
    │   │   └─ ← ()
    │   ├─ [0] console::log("Computed hash after element", 3, ":", 86128377917019908445957012829255022949550602761192088501649658527506321620714 [8.612e76]) [staticcall]
    │   │   └─ ← ()
    │   ├─ [0] console::log("Proof element", 4, ":", 45139666723238355772826244904596550483916276039110793439475289965711815832849 [4.513e76]) [staticcall]
    │   │   └─ ← ()
    │   ├─ [0] console::log("Computed hash after element", 4, ":", 106870801179118634535883686530607157812509355522546186431046939568699077222939 [1.068e77]) [staticcall]
    │   │   └─ ← ()
    │   ├─ [0] console::log("Is valid:", true) [staticcall]
    │   │   └─ ← ()
    │   └─ ← true
    ├─ [0] console::log("--- End of verification details ---") [staticcall]
    │   └─ ← ()
    ├─ [0] console::log("Successfully verified leaf 3 after adding 20 leaves") [staticcall]
    │   └─ ← ()
    ├─ [37988] MerkleStorageOZ::getProof(3) [staticcall]
    │   ├─ [0] console::log("Getting proof for leaf index:", 3) [staticcall]
    │   │   └─ ← ()
    │   ├─ [0] console::log("Tree depth:", 5) [staticcall]
    │   │   └─ ← ()
    │   ├─ [0] console::log("Level", 0, "size:", 20) [staticcall]
    │   │   └─ ← ()
    │   ├─ [0] console::log("Added to proof:", 114806096316174656260172984043681595992173194076043313710926606652151351550195 [1.148e77]) [staticcall]
    │   │   └─ ← ()
    │   ├─ [0] console::log("Level", 1, "size:", 10) [staticcall]
    │   │   └─ ← ()
    │   ├─ [0] console::log("Added to proof:", 4819654492366420278237764346194618123787186199882361681321774604810163462263 [4.819e75]) [staticcall]
    │   │   └─ ← ()
    │   ├─ [0] console::log("Level", 2, "size:", 5) [staticcall]
    │   │   └─ ← ()
    │   ├─ [0] console::log("Added to proof:", 90519645207031266945590244632322326520069529432013691057992262226385608141027 [9.051e76]) [staticcall]
    │   │   └─ ← ()
    │   ├─ [0] console::log("Level", 3, "size:", 3) [staticcall]
    │   │   └─ ← ()
    │   ├─ [0] console::log("Added to proof:", 58589837049834144583211226689647012306316922949101456466201253300155303082111 [5.858e76]) [staticcall]
    │   │   └─ ← ()
    │   ├─ [0] console::log("Level", 4, "size:", 2) [staticcall]
    │   │   └─ ← ()
    │   ├─ [0] console::log("Added to proof:", 45139666723238355772826244904596550483916276039110793439475289965711815832849 [4.513e76]) [staticcall]
    │   │   └─ ← ()
    │   ├─ [0] console::log("Final proof length:", 5) [staticcall]
    │   │   └─ ← ()
    │   └─ ← [0xfdd1f2a1ec75fe968421a41d2282200de6bec6a21f81080a71b1053d9c0120f3, 0x0aa7d3e8df6bbfe087828aef70a86fff5964660e89f14cbbbe406695bc1e2077, 0xc8204db79981b461dca6928459414628e9784deec1c74154434eb580b50868e3, 0x8188ac2f87ba406f83118b08d992d3fa8d32cc600972164a103cefd56f28387f, 0x63cc255e7f876edad840850e1194773827a1ace7e5091cbfaef4246ad5bf7511]
    ├─ [0] console::log("--- Verification details for leaf 4 after adding 20 leaves ---") [staticcall]
    │   └─ ← ()
    ├─ [16209] MerkleStorageOZ::verifyLeaf(0x6c65616634, [0xfdd1f2a1ec75fe968421a41d2282200de6bec6a21f81080a71b1053d9c0120f3, 0x0aa7d3e8df6bbfe087828aef70a86fff5964660e89f14cbbbe406695bc1e2077, 0xc8204db79981b461dca6928459414628e9784deec1c74154434eb580b50868e3, 0x8188ac2f87ba406f83118b08d992d3fa8d32cc600972164a103cefd56f28387f, 0x63cc255e7f876edad840850e1194773827a1ace7e5091cbfaef4246ad5bf7511]) [staticcall]
    │   ├─ [0] console::log("Verifying leaf:", 9718660262289985226213547307049526568607798083323067650698233131271439501106 [9.718e75]) [staticcall]
    │   │   └─ ← ()
    │   ├─ [0] console::log("Merkle root:", 106870801179118634535883686530607157812509355522546186431046939568699077222939 [1.068e77]) [staticcall]
    │   │   └─ ← ()
    │   ├─ [0] console::log("Proof length:", 5) [staticcall]
    │   │   └─ ← ()
    │   ├─ [0] console::log("Proof element", 0, ":", 114806096316174656260172984043681595992173194076043313710926606652151351550195 [1.148e77]) [staticcall]
    │   │   └─ ← ()
    │   ├─ [0] console::log("Computed hash after element", 0, ":", 42994468410347004737970376126143620665813473361490896099477539813509562736181 [4.299e76]) [staticcall]
    │   │   └─ ← ()
    │   ├─ [0] console::log("Proof element", 1, ":", 4819654492366420278237764346194618123787186199882361681321774604810163462263 [4.819e75]) [staticcall]
    │   │   └─ ← ()
    │   ├─ [0] console::log("Computed hash after element", 1, ":", 86167276729270415220365293603154116830872546334163333883227179387055231533441 [8.616e76]) [staticcall]
    │   │   └─ ← ()
    │   ├─ [0] console::log("Proof element", 2, ":", 90519645207031266945590244632322326520069529432013691057992262226385608141027 [9.051e76]) [staticcall]
    │   │   └─ ← ()
    │   ├─ [0] console::log("Computed hash after element", 2, ":", 44812029912269844639383167223451376600872748978496635971607178627452478213724 [4.481e76]) [staticcall]
    │   │   └─ ← ()
    │   ├─ [0] console::log("Proof element", 3, ":", 58589837049834144583211226689647012306316922949101456466201253300155303082111 [5.858e76]) [staticcall]
    │   │   └─ ← ()
    │   ├─ [0] console::log("Computed hash after element", 3, ":", 86128377917019908445957012829255022949550602761192088501649658527506321620714 [8.612e76]) [staticcall]
    │   │   └─ ← ()
    │   ├─ [0] console::log("Proof element", 4, ":", 45139666723238355772826244904596550483916276039110793439475289965711815832849 [4.513e76]) [staticcall]
    │   │   └─ ← ()
    │   ├─ [0] console::log("Computed hash after element", 4, ":", 106870801179118634535883686530607157812509355522546186431046939568699077222939 [1.068e77]) [staticcall]
    │   │   └─ ← ()
    │   ├─ [0] console::log("Is valid:", true) [staticcall]
    │   │   └─ ← ()
    │   └─ ← true
    ├─ [0] console::log("--- End of verification details ---") [staticcall]
    │   └─ ← ()
    ├─ [0] console::log("Successfully verified leaf 4 after adding 20 leaves") [staticcall]
    │   └─ ← ()
    ├─ [38073] MerkleStorageOZ::getProof(4) [staticcall]
    │   ├─ [0] console::log("Getting proof for leaf index:", 4) [staticcall]
    │   │   └─ ← ()
    │   ├─ [0] console::log("Tree depth:", 5) [staticcall]
    │   │   └─ ← ()
    │   ├─ [0] console::log("Level", 0, "size:", 20) [staticcall]
    │   │   └─ ← ()
    │   ├─ [0] console::log("Added to proof:", 42656216575733633865718546135288608701490211943531992892543518422469545049160 [4.265e76]) [staticcall]
    │   │   └─ ← ()
    │   ├─ [0] console::log("Level", 1, "size:", 10) [staticcall]
    │   │   └─ ← ()
    │   ├─ [0] console::log("Added to proof:", 89139659228322516991511902812947417818976567277539582619759529237285492222351 [8.913e76]) [staticcall]
    │   │   └─ ← ()
    │   ├─ [0] console::log("Level", 2, "size:", 5) [staticcall]
    │   │   └─ ← ()
    │   ├─ [0] console::log("Added to proof:", 86167276729270415220365293603154116830872546334163333883227179387055231533441 [8.616e76]) [staticcall]
    │   │   └─ ← ()
    │   ├─ [0] console::log("Level", 3, "size:", 3) [staticcall]
    │   │   └─ ← ()
    │   ├─ [0] console::log("Added to proof:", 58589837049834144583211226689647012306316922949101456466201253300155303082111 [5.858e76]) [staticcall]
    │   │   └─ ← ()
    │   ├─ [0] console::log("Level", 4, "size:", 2) [staticcall]
    │   │   └─ ← ()
    │   ├─ [0] console::log("Added to proof:", 45139666723238355772826244904596550483916276039110793439475289965711815832849 [4.513e76]) [staticcall]
    │   │   └─ ← ()
    │   ├─ [0] console::log("Final proof length:", 5) [staticcall]
    │   │   └─ ← ()
    │   └─ ← [0x5e4e9020e0ae47d1b353192e416c1873ec642cb2e75d68faa1be2665df6c3c48, 0xc513425acc7aa543abb5dc1ff382f69776a7ff7f57d334f6cea222ae2803e98f, 0xbe80f348526b4646bc0697bf2fe649f1835863538924cb6b91ad4eb57ced0181, 0x8188ac2f87ba406f83118b08d992d3fa8d32cc600972164a103cefd56f28387f, 0x63cc255e7f876edad840850e1194773827a1ace7e5091cbfaef4246ad5bf7511]
    ├─ [0] console::log("--- Verification details for leaf 5 after adding 20 leaves ---") [staticcall]
    │   └─ ← ()
    ├─ [16209] MerkleStorageOZ::verifyLeaf(0x6c65616635, [0x5e4e9020e0ae47d1b353192e416c1873ec642cb2e75d68faa1be2665df6c3c48, 0xc513425acc7aa543abb5dc1ff382f69776a7ff7f57d334f6cea222ae2803e98f, 0xbe80f348526b4646bc0697bf2fe649f1835863538924cb6b91ad4eb57ced0181, 0x8188ac2f87ba406f83118b08d992d3fa8d32cc600972164a103cefd56f28387f, 0x63cc255e7f876edad840850e1194773827a1ace7e5091cbfaef4246ad5bf7511]) [staticcall]
    │   ├─ [0] console::log("Verifying leaf:", 3327891084304698462684256911003812127873740397003554529128445276024109161606 [3.327e75]) [staticcall]
    │   │   └─ ← ()
    │   ├─ [0] console::log("Merkle root:", 106870801179118634535883686530607157812509355522546186431046939568699077222939 [1.068e77]) [staticcall]
    │   │   └─ ← ()
    │   ├─ [0] console::log("Proof length:", 5) [staticcall]
    │   │   └─ ← ()
    │   ├─ [0] console::log("Proof element", 0, ":", 42656216575733633865718546135288608701490211943531992892543518422469545049160 [4.265e76]) [staticcall]
    │   │   └─ ← ()
    │   ├─ [0] console::log("Computed hash after element", 0, ":", 79680312521381101304386615379526824036772258414601889669286272159596699208134 [7.968e76]) [staticcall]
    │   │   └─ ← ()
    │   ├─ [0] console::log("Proof element", 1, ":", 89139659228322516991511902812947417818976567277539582619759529237285492222351 [8.913e76]) [staticcall]
    │   │   └─ ← ()
    │   ├─ [0] console::log("Computed hash after element", 1, ":", 90519645207031266945590244632322326520069529432013691057992262226385608141027 [9.051e76]) [staticcall]
    │   │   └─ ← ()
    │   ├─ [0] console::log("Proof element", 2, ":", 86167276729270415220365293603154116830872546334163333883227179387055231533441 [8.616e76]) [staticcall]
    │   │   └─ ← ()
    │   ├─ [0] console::log("Computed hash after element", 2, ":", 44812029912269844639383167223451376600872748978496635971607178627452478213724 [4.481e76]) [staticcall]
    │   │   └─ ← ()
    │   ├─ [0] console::log("Proof element", 3, ":", 58589837049834144583211226689647012306316922949101456466201253300155303082111 [5.858e76]) [staticcall]
    │   │   └─ ← ()
    │   ├─ [0] console::log("Computed hash after element", 3, ":", 86128377917019908445957012829255022949550602761192088501649658527506321620714 [8.612e76]) [staticcall]
    │   │   └─ ← ()
    │   ├─ [0] console::log("Proof element", 4, ":", 45139666723238355772826244904596550483916276039110793439475289965711815832849 [4.513e76]) [staticcall]
    │   │   └─ ← ()
    │   ├─ [0] console::log("Computed hash after element", 4, ":", 106870801179118634535883686530607157812509355522546186431046939568699077222939 [1.068e77]) [staticcall]
    │   │   └─ ← ()
    │   ├─ [0] console::log("Is valid:", true) [staticcall]
    │   │   └─ ← ()
    │   └─ ← true
    ├─ [0] console::log("--- End of verification details ---") [staticcall]
    │   └─ ← ()
    ├─ [0] console::log("Successfully verified leaf 5 after adding 20 leaves") [staticcall]
    │   └─ ← ()
    ├─ [37988] MerkleStorageOZ::getProof(5) [staticcall]
    │   ├─ [0] console::log("Getting proof for leaf index:", 5) [staticcall]
    │   │   └─ ← ()
    │   ├─ [0] console::log("Tree depth:", 5) [staticcall]
    │   │   └─ ← ()
    │   ├─ [0] console::log("Level", 0, "size:", 20) [staticcall]
    │   │   └─ ← ()
    │   ├─ [0] console::log("Added to proof:", 3327891084304698462684256911003812127873740397003554529128445276024109161606 [3.327e75]) [staticcall]
    │   │   └─ ← ()
    │   ├─ [0] console::log("Level", 1, "size:", 10) [staticcall]
    │   │   └─ ← ()
    │   ├─ [0] console::log("Added to proof:", 89139659228322516991511902812947417818976567277539582619759529237285492222351 [8.913e76]) [staticcall]
    │   │   └─ ← ()
    │   ├─ [0] console::log("Level", 2, "size:", 5) [staticcall]
    │   │   └─ ← ()
    │   ├─ [0] console::log("Added to proof:", 86167276729270415220365293603154116830872546334163333883227179387055231533441 [8.616e76]) [staticcall]
    │   │   └─ ← ()
    │   ├─ [0] console::log("Level", 3, "size:", 3) [staticcall]
    │   │   └─ ← ()
    │   ├─ [0] console::log("Added to proof:", 58589837049834144583211226689647012306316922949101456466201253300155303082111 [5.858e76]) [staticcall]
    │   │   └─ ← ()
    │   ├─ [0] console::log("Level", 4, "size:", 2) [staticcall]
    │   │   └─ ← ()
    │   ├─ [0] console::log("Added to proof:", 45139666723238355772826244904596550483916276039110793439475289965711815832849 [4.513e76]) [staticcall]
    │   │   └─ ← ()
    │   ├─ [0] console::log("Final proof length:", 5) [staticcall]
    │   │   └─ ← ()
    │   └─ ← [0x075b8504c98679ed33a097ef9b1466e8f4652142d4b19ab2c37fdf1668a65c86, 0xc513425acc7aa543abb5dc1ff382f69776a7ff7f57d334f6cea222ae2803e98f, 0xbe80f348526b4646bc0697bf2fe649f1835863538924cb6b91ad4eb57ced0181, 0x8188ac2f87ba406f83118b08d992d3fa8d32cc600972164a103cefd56f28387f, 0x63cc255e7f876edad840850e1194773827a1ace7e5091cbfaef4246ad5bf7511]
    ├─ [0] console::log("--- Verification details for leaf 6 after adding 20 leaves ---") [staticcall]
    │   └─ ← ()
    ├─ [16199] MerkleStorageOZ::verifyLeaf(0x6c65616636, [0x075b8504c98679ed33a097ef9b1466e8f4652142d4b19ab2c37fdf1668a65c86, 0xc513425acc7aa543abb5dc1ff382f69776a7ff7f57d334f6cea222ae2803e98f, 0xbe80f348526b4646bc0697bf2fe649f1835863538924cb6b91ad4eb57ced0181, 0x8188ac2f87ba406f83118b08d992d3fa8d32cc600972164a103cefd56f28387f, 0x63cc255e7f876edad840850e1194773827a1ace7e5091cbfaef4246ad5bf7511]) [staticcall]
    │   ├─ [0] console::log("Verifying leaf:", 42656216575733633865718546135288608701490211943531992892543518422469545049160 [4.265e76]) [staticcall]
    │   │   └─ ← ()
    │   ├─ [0] console::log("Merkle root:", 106870801179118634535883686530607157812509355522546186431046939568699077222939 [1.068e77]) [staticcall]
    │   │   └─ ← ()
    │   ├─ [0] console::log("Proof length:", 5) [staticcall]
    │   │   └─ ← ()
    │   ├─ [0] console::log("Proof element", 0, ":", 3327891084304698462684256911003812127873740397003554529128445276024109161606 [3.327e75]) [staticcall]
    │   │   └─ ← ()
    │   ├─ [0] console::log("Computed hash after element", 0, ":", 79680312521381101304386615379526824036772258414601889669286272159596699208134 [7.968e76]) [staticcall]
    │   │   └─ ← ()
    │   ├─ [0] console::log("Proof element", 1, ":", 89139659228322516991511902812947417818976567277539582619759529237285492222351 [8.913e76]) [staticcall]
    │   │   └─ ← ()
    │   ├─ [0] console::log("Computed hash after element", 1, ":", 90519645207031266945590244632322326520069529432013691057992262226385608141027 [9.051e76]) [staticcall]
    │   │   └─ ← ()
    │   ├─ [0] console::log("Proof element", 2, ":", 86167276729270415220365293603154116830872546334163333883227179387055231533441 [8.616e76]) [staticcall]
    │   │   └─ ← ()
    │   ├─ [0] console::log("Computed hash after element", 2, ":", 44812029912269844639383167223451376600872748978496635971607178627452478213724 [4.481e76]) [staticcall]
    │   │   └─ ← ()
    │   ├─ [0] console::log("Proof element", 3, ":", 58589837049834144583211226689647012306316922949101456466201253300155303082111 [5.858e76]) [staticcall]
    │   │   └─ ← ()
    │   ├─ [0] console::log("Computed hash after element", 3, ":", 86128377917019908445957012829255022949550602761192088501649658527506321620714 [8.612e76]) [staticcall]
    │   │   └─ ← ()
    │   ├─ [0] console::log("Proof element", 4, ":", 45139666723238355772826244904596550483916276039110793439475289965711815832849 [4.513e76]) [staticcall]
    │   │   └─ ← ()
    │   ├─ [0] console::log("Computed hash after element", 4, ":", 106870801179118634535883686530607157812509355522546186431046939568699077222939 [1.068e77]) [staticcall]
    │   │   └─ ← ()
    │   ├─ [0] console::log("Is valid:", true) [staticcall]
    │   │   └─ ← ()
    │   └─ ← true
    ├─ [0] console::log("--- End of verification details ---") [staticcall]
    │   └─ ← ()
    ├─ [0] console::log("Successfully verified leaf 6 after adding 20 leaves") [staticcall]
    │   └─ ← ()
    ├─ [37988] MerkleStorageOZ::getProof(6) [staticcall]
    │   ├─ [0] console::log("Getting proof for leaf index:", 6) [staticcall]
    │   │   └─ ← ()
    │   ├─ [0] console::log("Tree depth:", 5) [staticcall]
    │   │   └─ ← ()
    │   ├─ [0] console::log("Level", 0, "size:", 20) [staticcall]
    │   │   └─ ← ()
    │   ├─ [0] console::log("Added to proof:", 41333877701255859865019379003725985110118058655845990608936096526874421775531 [4.133e76]) [staticcall]
    │   │   └─ ← ()
    │   ├─ [0] console::log("Level", 1, "size:", 10) [staticcall]
    │   │   └─ ← ()
    │   ├─ [0] console::log("Added to proof:", 79680312521381101304386615379526824036772258414601889669286272159596699208134 [7.968e76]) [staticcall]
    │   │   └─ ← ()
    │   ├─ [0] console::log("Level", 2, "size:", 5) [staticcall]
    │   │   └─ ← ()
    │   ├─ [0] console::log("Added to proof:", 86167276729270415220365293603154116830872546334163333883227179387055231533441 [8.616e76]) [staticcall]
    │   │   └─ ← ()
    │   ├─ [0] console::log("Level", 3, "size:", 3) [staticcall]
    │   │   └─ ← ()
    │   ├─ [0] console::log("Added to proof:", 58589837049834144583211226689647012306316922949101456466201253300155303082111 [5.858e76]) [staticcall]
    │   │   └─ ← ()
    │   ├─ [0] console::log("Level", 4, "size:", 2) [staticcall]
    │   │   └─ ← ()
    │   ├─ [0] console::log("Added to proof:", 45139666723238355772826244904596550483916276039110793439475289965711815832849 [4.513e76]) [staticcall]
    │   │   └─ ← ()
    │   ├─ [0] console::log("Final proof length:", 5) [staticcall]
    │   │   └─ ← ()
    │   └─ ← [0x5b62254e0339ae673a4773d31a564007f04f6ccf4934746b49ada87734d04cab, 0xb029756cee16464a69763ada5c6cf8b91c34e842abc58c709550cdda1e5049c6, 0xbe80f348526b4646bc0697bf2fe649f1835863538924cb6b91ad4eb57ced0181, 0x8188ac2f87ba406f83118b08d992d3fa8d32cc600972164a103cefd56f28387f, 0x63cc255e7f876edad840850e1194773827a1ace7e5091cbfaef4246ad5bf7511]
    ├─ [0] console::log("--- Verification details for leaf 7 after adding 20 leaves ---") [staticcall]
    │   └─ ← ()
    ├─ [16189] MerkleStorageOZ::verifyLeaf(0x6c65616637, [0x5b62254e0339ae673a4773d31a564007f04f6ccf4934746b49ada87734d04cab, 0xb029756cee16464a69763ada5c6cf8b91c34e842abc58c709550cdda1e5049c6, 0xbe80f348526b4646bc0697bf2fe649f1835863538924cb6b91ad4eb57ced0181, 0x8188ac2f87ba406f83118b08d992d3fa8d32cc600972164a103cefd56f28387f, 0x63cc255e7f876edad840850e1194773827a1ace7e5091cbfaef4246ad5bf7511]) [staticcall]
    │   ├─ [0] console::log("Verifying leaf:", 77058788664304649396218556642747909996121735590822886025965307874683454946759 [7.705e76]) [staticcall]
    │   │   └─ ← ()
    │   ├─ [0] console::log("Merkle root:", 106870801179118634535883686530607157812509355522546186431046939568699077222939 [1.068e77]) [staticcall]
    │   │   └─ ← ()
    │   ├─ [0] console::log("Proof length:", 5) [staticcall]
    │   │   └─ ← ()
    │   ├─ [0] console::log("Proof element", 0, ":", 41333877701255859865019379003725985110118058655845990608936096526874421775531 [4.133e76]) [staticcall]
    │   │   └─ ← ()
    │   ├─ [0] console::log("Computed hash after element", 0, ":", 89139659228322516991511902812947417818976567277539582619759529237285492222351 [8.913e76]) [staticcall]
    │   │   └─ ← ()
    │   ├─ [0] console::log("Proof element", 1, ":", 79680312521381101304386615379526824036772258414601889669286272159596699208134 [7.968e76]) [staticcall]
    │   │   └─ ← ()
    │   ├─ [0] console::log("Computed hash after element", 1, ":", 90519645207031266945590244632322326520069529432013691057992262226385608141027 [9.051e76]) [staticcall]
    │   │   └─ ← ()
    │   ├─ [0] console::log("Proof element", 2, ":", 86167276729270415220365293603154116830872546334163333883227179387055231533441 [8.616e76]) [staticcall]
    │   │   └─ ← ()
    │   ├─ [0] console::log("Computed hash after element", 2, ":", 44812029912269844639383167223451376600872748978496635971607178627452478213724 [4.481e76]) [staticcall]
    │   │   └─ ← ()
    │   ├─ [0] console::log("Proof element", 3, ":", 58589837049834144583211226689647012306316922949101456466201253300155303082111 [5.858e76]) [staticcall]
    │   │   └─ ← ()
    │   ├─ [0] console::log("Computed hash after element", 3, ":", 86128377917019908445957012829255022949550602761192088501649658527506321620714 [8.612e76]) [staticcall]
    │   │   └─ ← ()
    │   ├─ [0] console::log("Proof element", 4, ":", 45139666723238355772826244904596550483916276039110793439475289965711815832849 [4.513e76]) [staticcall]
    │   │   └─ ← ()
    │   ├─ [0] console::log("Computed hash after element", 4, ":", 106870801179118634535883686530607157812509355522546186431046939568699077222939 [1.068e77]) [staticcall]
    │   │   └─ ← ()
    │   ├─ [0] console::log("Is valid:", true) [staticcall]
    │   │   └─ ← ()
    │   └─ ← true
    ├─ [0] console::log("--- End of verification details ---") [staticcall]
    │   └─ ← ()
    ├─ [0] console::log("Successfully verified leaf 7 after adding 20 leaves") [staticcall]
    │   └─ ← ()
    ├─ [37903] MerkleStorageOZ::getProof(7) [staticcall]
    │   ├─ [0] console::log("Getting proof for leaf index:", 7) [staticcall]
    │   │   └─ ← ()
    │   ├─ [0] console::log("Tree depth:", 5) [staticcall]
    │   │   └─ ← ()
    │   ├─ [0] console::log("Level", 0, "size:", 20) [staticcall]
    │   │   └─ ← ()
    │   ├─ [0] console::log("Added to proof:", 77058788664304649396218556642747909996121735590822886025965307874683454946759 [7.705e76]) [staticcall]
    │   │   └─ ← ()
    │   ├─ [0] console::log("Level", 1, "size:", 10) [staticcall]
    │   │   └─ ← ()
    │   ├─ [0] console::log("Added to proof:", 79680312521381101304386615379526824036772258414601889669286272159596699208134 [7.968e76]) [staticcall]
    │   │   └─ ← ()
    │   ├─ [0] console::log("Level", 2, "size:", 5) [staticcall]
    │   │   └─ ← ()
    │   ├─ [0] console::log("Added to proof:", 86167276729270415220365293603154116830872546334163333883227179387055231533441 [8.616e76]) [staticcall]
    │   │   └─ ← ()
    │   ├─ [0] console::log("Level", 3, "size:", 3) [staticcall]
    │   │   └─ ← ()
    │   ├─ [0] console::log("Added to proof:", 58589837049834144583211226689647012306316922949101456466201253300155303082111 [5.858e76]) [staticcall]
    │   │   └─ ← ()
    │   ├─ [0] console::log("Level", 4, "size:", 2) [staticcall]
    │   │   └─ ← ()
    │   ├─ [0] console::log("Added to proof:", 45139666723238355772826244904596550483916276039110793439475289965711815832849 [4.513e76]) [staticcall]
    │   │   └─ ← ()
    │   ├─ [0] console::log("Final proof length:", 5) [staticcall]
    │   │   └─ ← ()
    │   └─ ← [0xaa5dba90c8178f75a5eb7bdb098f0cec525bb61e5ba2ad6dc5fa580f163efdc7, 0xb029756cee16464a69763ada5c6cf8b91c34e842abc58c709550cdda1e5049c6, 0xbe80f348526b4646bc0697bf2fe649f1835863538924cb6b91ad4eb57ced0181, 0x8188ac2f87ba406f83118b08d992d3fa8d32cc600972164a103cefd56f28387f, 0x63cc255e7f876edad840850e1194773827a1ace7e5091cbfaef4246ad5bf7511]
    ├─ [0] console::log("--- Verification details for leaf 8 after adding 20 leaves ---") [staticcall]
    │   └─ ← ()
    ├─ [16199] MerkleStorageOZ::verifyLeaf(0x6c65616638, [0xaa5dba90c8178f75a5eb7bdb098f0cec525bb61e5ba2ad6dc5fa580f163efdc7, 0xb029756cee16464a69763ada5c6cf8b91c34e842abc58c709550cdda1e5049c6, 0xbe80f348526b4646bc0697bf2fe649f1835863538924cb6b91ad4eb57ced0181, 0x8188ac2f87ba406f83118b08d992d3fa8d32cc600972164a103cefd56f28387f, 0x63cc255e7f876edad840850e1194773827a1ace7e5091cbfaef4246ad5bf7511]) [staticcall]
    │   ├─ [0] console::log("Verifying leaf:", 41333877701255859865019379003725985110118058655845990608936096526874421775531 [4.133e76]) [staticcall]
    │   │   └─ ← ()
    │   ├─ [0] console::log("Merkle root:", 106870801179118634535883686530607157812509355522546186431046939568699077222939 [1.068e77]) [staticcall]
    │   │   └─ ← ()
    │   ├─ [0] console::log("Proof length:", 5) [staticcall]
    │   │   └─ ← ()
    │   ├─ [0] console::log("Proof element", 0, ":", 77058788664304649396218556642747909996121735590822886025965307874683454946759 [7.705e76]) [staticcall]
    │   │   └─ ← ()
    │   ├─ [0] console::log("Computed hash after element", 0, ":", 89139659228322516991511902812947417818976567277539582619759529237285492222351 [8.913e76]) [staticcall]
    │   │   └─ ← ()
    │   ├─ [0] console::log("Proof element", 1, ":", 79680312521381101304386615379526824036772258414601889669286272159596699208134 [7.968e76]) [staticcall]
    │   │   └─ ← ()
    │   ├─ [0] console::log("Computed hash after element", 1, ":", 90519645207031266945590244632322326520069529432013691057992262226385608141027 [9.051e76]) [staticcall]
    │   │   └─ ← ()
    │   ├─ [0] console::log("Proof element", 2, ":", 86167276729270415220365293603154116830872546334163333883227179387055231533441 [8.616e76]) [staticcall]
    │   │   └─ ← ()
    │   ├─ [0] console::log("Computed hash after element", 2, ":", 44812029912269844639383167223451376600872748978496635971607178627452478213724 [4.481e76]) [staticcall]
    │   │   └─ ← ()
    │   ├─ [0] console::log("Proof element", 3, ":", 58589837049834144583211226689647012306316922949101456466201253300155303082111 [5.858e76]) [staticcall]
    │   │   └─ ← ()
    │   ├─ [0] console::log("Computed hash after element", 3, ":", 86128377917019908445957012829255022949550602761192088501649658527506321620714 [8.612e76]) [staticcall]
    │   │   └─ ← ()
    │   ├─ [0] console::log("Proof element", 4, ":", 45139666723238355772826244904596550483916276039110793439475289965711815832849 [4.513e76]) [staticcall]
    │   │   └─ ← ()
    │   ├─ [0] console::log("Computed hash after element", 4, ":", 106870801179118634535883686530607157812509355522546186431046939568699077222939 [1.068e77]) [staticcall]
    │   │   └─ ← ()
    │   ├─ [0] console::log("Is valid:", true) [staticcall]
    │   │   └─ ← ()
    │   └─ ← true
    ├─ [0] console::log("--- End of verification details ---") [staticcall]
    │   └─ ← ()
    ├─ [0] console::log("Successfully verified leaf 8 after adding 20 leaves") [staticcall]
    │   └─ ← ()
    ├─ [38073] MerkleStorageOZ::getProof(8) [staticcall]
    │   ├─ [0] console::log("Getting proof for leaf index:", 8) [staticcall]
    │   │   └─ ← ()
    │   ├─ [0] console::log("Tree depth:", 5) [staticcall]
    │   │   └─ ← ()
    │   ├─ [0] console::log("Level", 0, "size:", 20) [staticcall]
    │   │   └─ ← ()
    │   ├─ [0] console::log("Added to proof:", 19972288769315928479630679177845711677268766594983667860090139443496462084286 [1.997e76]) [staticcall]
    │   │   └─ ← ()
    │   ├─ [0] console::log("Level", 1, "size:", 10) [staticcall]
    │   │   └─ ← ()
    │   ├─ [0] console::log("Added to proof:", 86830204781467795827957492631466613281393886399951120238877606491319470472592 [8.683e76]) [staticcall]
    │   │   └─ ← ()
    │   ├─ [0] console::log("Level", 2, "size:", 5) [staticcall]
    │   │   └─ ← ()
    │   ├─ [0] console::log("Added to proof:", 71129321183645985042233441554048622660549772896301430670938088189986418104761 [7.112e76]) [staticcall]
    │   │   └─ ← ()
    │   ├─ [0] console::log("Level", 3, "size:", 3) [staticcall]
    │   │   └─ ← ()
    │   ├─ [0] console::log("Added to proof:", 44812029912269844639383167223451376600872748978496635971607178627452478213724 [4.481e76]) [staticcall]
    │   │   └─ ← ()
    │   ├─ [0] console::log("Level", 4, "size:", 2) [staticcall]
    │   │   └─ ← ()
    │   ├─ [0] console::log("Added to proof:", 45139666723238355772826244904596550483916276039110793439475289965711815832849 [4.513e76]) [staticcall]
    │   │   └─ ← ()
    │   ├─ [0] console::log("Final proof length:", 5) [staticcall]
    │   │   └─ ← ()
    │   └─ ← [0x2c27ea3376eac042eece8f0c78a7d7051fe8b7945d2746e7c321d2b5968468be, 0xbff82780689fb511deecdc2c0b8617120192ec77d9ea1e66d818d078c2b93d90, 0x9d41c4e44937cf4145290fe7608388df300aac1673c26cd3122cde8c7e5a99b9, 0x6312b5c9c0f90c16707fa38ba42f8fe1608c5fa99a1772af08b1ea466614ce5c, 0x63cc255e7f876edad840850e1194773827a1ace7e5091cbfaef4246ad5bf7511]
    ├─ [0] console::log("--- Verification details for leaf 9 after adding 20 leaves ---") [staticcall]
    │   └─ ← ()
    ├─ [16179] MerkleStorageOZ::verifyLeaf(0x6c65616639, [0x2c27ea3376eac042eece8f0c78a7d7051fe8b7945d2746e7c321d2b5968468be, 0xbff82780689fb511deecdc2c0b8617120192ec77d9ea1e66d818d078c2b93d90, 0x9d41c4e44937cf4145290fe7608388df300aac1673c26cd3122cde8c7e5a99b9, 0x6312b5c9c0f90c16707fa38ba42f8fe1608c5fa99a1772af08b1ea466614ce5c, 0x63cc255e7f876edad840850e1194773827a1ace7e5091cbfaef4246ad5bf7511]) [staticcall]
    │   ├─ [0] console::log("Verifying leaf:", 83097023403658896075826216087624068326805273787826444717403742070225742999267 [8.309e76]) [staticcall]
    │   │   └─ ← ()
    │   ├─ [0] console::log("Merkle root:", 106870801179118634535883686530607157812509355522546186431046939568699077222939 [1.068e77]) [staticcall]
    │   │   └─ ← ()
    │   ├─ [0] console::log("Proof length:", 5) [staticcall]
    │   │   └─ ← ()
    │   ├─ [0] console::log("Proof element", 0, ":", 19972288769315928479630679177845711677268766594983667860090139443496462084286 [1.997e76]) [staticcall]
    │   │   └─ ← ()
    │   ├─ [0] console::log("Computed hash after element", 0, ":", 110058130168134052799716071097073281996591153893535428294527808496692578065614 [1.1e77]) [staticcall]
    │   │   └─ ← ()
    │   ├─ [0] console::log("Proof element", 1, ":", 86830204781467795827957492631466613281393886399951120238877606491319470472592 [8.683e76]) [staticcall]
    │   │   └─ ← ()
    │   ├─ [0] console::log("Computed hash after element", 1, ":", 107653161125649642032491443308982527566324346567968513637810199776622513001405 [1.076e77]) [staticcall]
    │   │   └─ ← ()
    │   ├─ [0] console::log("Proof element", 2, ":", 71129321183645985042233441554048622660549772896301430670938088189986418104761 [7.112e76]) [staticcall]
    │   │   └─ ← ()
    │   ├─ [0] console::log("Computed hash after element", 2, ":", 58589837049834144583211226689647012306316922949101456466201253300155303082111 [5.858e76]) [staticcall]
    │   │   └─ ← ()
    │   ├─ [0] console::log("Proof element", 3, ":", 44812029912269844639383167223451376600872748978496635971607178627452478213724 [4.481e76]) [staticcall]
    │   │   └─ ← ()
    │   ├─ [0] console::log("Computed hash after element", 3, ":", 86128377917019908445957012829255022949550602761192088501649658527506321620714 [8.612e76]) [staticcall]
    │   │   └─ ← ()
    │   ├─ [0] console::log("Proof element", 4, ":", 45139666723238355772826244904596550483916276039110793439475289965711815832849 [4.513e76]) [staticcall]
    │   │   └─ ← ()
    │   ├─ [0] console::log("Computed hash after element", 4, ":", 106870801179118634535883686530607157812509355522546186431046939568699077222939 [1.068e77]) [staticcall]
    │   │   └─ ← ()
    │   ├─ [0] console::log("Is valid:", true) [staticcall]
    │   │   └─ ← ()
    │   └─ ← true
    ├─ [0] console::log("--- End of verification details ---") [staticcall]
    │   └─ ← ()
    ├─ [0] console::log("Successfully verified leaf 9 after adding 20 leaves") [staticcall]
    │   └─ ← ()
    ├─ [37988] MerkleStorageOZ::getProof(9) [staticcall]
    │   ├─ [0] console::log("Getting proof for leaf index:", 9) [staticcall]
    │   │   └─ ← ()
    │   ├─ [0] console::log("Tree depth:", 5) [staticcall]
    │   │   └─ ← ()
    │   ├─ [0] console::log("Level", 0, "size:", 20) [staticcall]
    │   │   └─ ← ()
    │   ├─ [0] console::log("Added to proof:", 83097023403658896075826216087624068326805273787826444717403742070225742999267 [8.309e76]) [staticcall]
    │   │   └─ ← ()
    │   ├─ [0] console::log("Level", 1, "size:", 10) [staticcall]
    │   │   └─ ← ()
    │   ├─ [0] console::log("Added to proof:", 86830204781467795827957492631466613281393886399951120238877606491319470472592 [8.683e76]) [staticcall]
    │   │   └─ ← ()
    │   ├─ [0] console::log("Level", 2, "size:", 5) [staticcall]
    │   │   └─ ← ()
    │   ├─ [0] console::log("Added to proof:", 71129321183645985042233441554048622660549772896301430670938088189986418104761 [7.112e76]) [staticcall]
    │   │   └─ ← ()
    │   ├─ [0] console::log("Level", 3, "size:", 3) [staticcall]
    │   │   └─ ← ()
    │   ├─ [0] console::log("Added to proof:", 44812029912269844639383167223451376600872748978496635971607178627452478213724 [4.481e76]) [staticcall]
    │   │   └─ ← ()
    │   ├─ [0] console::log("Level", 4, "size:", 2) [staticcall]
    │   │   └─ ← ()
    │   ├─ [0] console::log("Added to proof:", 45139666723238355772826244904596550483916276039110793439475289965711815832849 [4.513e76]) [staticcall]
    │   │   └─ ← ()
    │   ├─ [0] console::log("Final proof length:", 5) [staticcall]
    │   │   └─ ← ()
    │   └─ ← [0xb7b73f9f206e380e92907f3d38c9caa544ee92ddc0a78c67c76f3eb5e05a2ee3, 0xbff82780689fb511deecdc2c0b8617120192ec77d9ea1e66d818d078c2b93d90, 0x9d41c4e44937cf4145290fe7608388df300aac1673c26cd3122cde8c7e5a99b9, 0x6312b5c9c0f90c16707fa38ba42f8fe1608c5fa99a1772af08b1ea466614ce5c, 0x63cc255e7f876edad840850e1194773827a1ace7e5091cbfaef4246ad5bf7511]
    ├─ [0] console::log("--- Verification details for leaf 10 after adding 20 leaves ---") [staticcall]
    │   └─ ← ()
    ├─ [16189] MerkleStorageOZ::verifyLeaf(0x6c6561663130, [0xb7b73f9f206e380e92907f3d38c9caa544ee92ddc0a78c67c76f3eb5e05a2ee3, 0xbff82780689fb511deecdc2c0b8617120192ec77d9ea1e66d818d078c2b93d90, 0x9d41c4e44937cf4145290fe7608388df300aac1673c26cd3122cde8c7e5a99b9, 0x6312b5c9c0f90c16707fa38ba42f8fe1608c5fa99a1772af08b1ea466614ce5c, 0x63cc255e7f876edad840850e1194773827a1ace7e5091cbfaef4246ad5bf7511]) [staticcall]
    │   ├─ [0] console::log("Verifying leaf:", 19972288769315928479630679177845711677268766594983667860090139443496462084286 [1.997e76]) [staticcall]
    │   │   └─ ← ()
    │   ├─ [0] console::log("Merkle root:", 106870801179118634535883686530607157812509355522546186431046939568699077222939 [1.068e77]) [staticcall]
    │   │   └─ ← ()
    │   ├─ [0] console::log("Proof length:", 5) [staticcall]
    │   │   └─ ← ()
    │   ├─ [0] console::log("Proof element", 0, ":", 83097023403658896075826216087624068326805273787826444717403742070225742999267 [8.309e76]) [staticcall]
    │   │   └─ ← ()
    │   ├─ [0] console::log("Computed hash after element", 0, ":", 110058130168134052799716071097073281996591153893535428294527808496692578065614 [1.1e77]) [staticcall]
    │   │   └─ ← ()
    │   ├─ [0] console::log("Proof element", 1, ":", 86830204781467795827957492631466613281393886399951120238877606491319470472592 [8.683e76]) [staticcall]
    │   │   └─ ← ()
    │   ├─ [0] console::log("Computed hash after element", 1, ":", 107653161125649642032491443308982527566324346567968513637810199776622513001405 [1.076e77]) [staticcall]
    │   │   └─ ← ()
    │   ├─ [0] console::log("Proof element", 2, ":", 71129321183645985042233441554048622660549772896301430670938088189986418104761 [7.112e76]) [staticcall]
    │   │   └─ ← ()
    │   ├─ [0] console::log("Computed hash after element", 2, ":", 58589837049834144583211226689647012306316922949101456466201253300155303082111 [5.858e76]) [staticcall]
    │   │   └─ ← ()
    │   ├─ [0] console::log("Proof element", 3, ":", 44812029912269844639383167223451376600872748978496635971607178627452478213724 [4.481e76]) [staticcall]
    │   │   └─ ← ()
    │   ├─ [0] console::log("Computed hash after element", 3, ":", 86128377917019908445957012829255022949550602761192088501649658527506321620714 [8.612e76]) [staticcall]
    │   │   └─ ← ()
    │   ├─ [0] console::log("Proof element", 4, ":", 45139666723238355772826244904596550483916276039110793439475289965711815832849 [4.513e76]) [staticcall]
    │   │   └─ ← ()
    │   ├─ [0] console::log("Computed hash after element", 4, ":", 106870801179118634535883686530607157812509355522546186431046939568699077222939 [1.068e77]) [staticcall]
    │   │   └─ ← ()
    │   ├─ [0] console::log("Is valid:", true) [staticcall]
    │   │   └─ ← ()
    │   └─ ← true
    ├─ [0] console::log("--- End of verification details ---") [staticcall]
    │   └─ ← ()
    ├─ [0] console::log("Successfully verified leaf 10 after adding 20 leaves") [staticcall]
    │   └─ ← ()
    ├─ [37988] MerkleStorageOZ::getProof(10) [staticcall]
    │   ├─ [0] console::log("Getting proof for leaf index:", 10) [staticcall]
    │   │   └─ ← ()
    │   ├─ [0] console::log("Tree depth:", 5) [staticcall]
    │   │   └─ ← ()
    │   ├─ [0] console::log("Level", 0, "size:", 20) [staticcall]
    │   │   └─ ← ()
    │   ├─ [0] console::log("Added to proof:", 96593053628671560174693064981485823685325506728506954480672468072431603451342 [9.659e76]) [staticcall]
    │   │   └─ ← ()
    │   ├─ [0] console::log("Level", 1, "size:", 10) [staticcall]
    │   │   └─ ← ()
    │   ├─ [0] console::log("Added to proof:", 110058130168134052799716071097073281996591153893535428294527808496692578065614 [1.1e77]) [staticcall]
    │   │   └─ ← ()
    │   ├─ [0] console::log("Level", 2, "size:", 5) [staticcall]
    │   │   └─ ← ()
    │   ├─ [0] console::log("Added to proof:", 71129321183645985042233441554048622660549772896301430670938088189986418104761 [7.112e76]) [staticcall]
    │   │   └─ ← ()
    │   ├─ [0] console::log("Level", 3, "size:", 3) [staticcall]
    │   │   └─ ← ()
    │   ├─ [0] console::log("Added to proof:", 44812029912269844639383167223451376600872748978496635971607178627452478213724 [4.481e76]) [staticcall]
    │   │   └─ ← ()
    │   ├─ [0] console::log("Level", 4, "size:", 2) [staticcall]
    │   │   └─ ← ()
    │   ├─ [0] console::log("Added to proof:", 45139666723238355772826244904596550483916276039110793439475289965711815832849 [4.513e76]) [staticcall]
    │   │   └─ ← ()
    │   ├─ [0] console::log("Final proof length:", 5) [staticcall]
    │   │   └─ ← ()
    │   └─ ← [0xd58dbb1e54dc3320d5987448e4420e22460237351984e558e88f81a4e36085ce, 0xf352b1b5872acb8684bb694175cf18f81a134d5ff86ae93833369c25d9cd9cce, 0x9d41c4e44937cf4145290fe7608388df300aac1673c26cd3122cde8c7e5a99b9, 0x6312b5c9c0f90c16707fa38ba42f8fe1608c5fa99a1772af08b1ea466614ce5c, 0x63cc255e7f876edad840850e1194773827a1ace7e5091cbfaef4246ad5bf7511]
    ├─ [0] console::log("--- Verification details for leaf 11 after adding 20 leaves ---") [staticcall]
    │   └─ ← ()
    ├─ [16199] MerkleStorageOZ::verifyLeaf(0x6c6561663131, [0xd58dbb1e54dc3320d5987448e4420e22460237351984e558e88f81a4e36085ce, 0xf352b1b5872acb8684bb694175cf18f81a134d5ff86ae93833369c25d9cd9cce, 0x9d41c4e44937cf4145290fe7608388df300aac1673c26cd3122cde8c7e5a99b9, 0x6312b5c9c0f90c16707fa38ba42f8fe1608c5fa99a1772af08b1ea466614ce5c, 0x63cc255e7f876edad840850e1194773827a1ace7e5091cbfaef4246ad5bf7511]) [staticcall]
    │   ├─ [0] console::log("Verifying leaf:", 11059502003765752708342665740916089834825294147016530688590526355732680035651 [1.105e76]) [staticcall]
    │   │   └─ ← ()
    │   ├─ [0] console::log("Merkle root:", 106870801179118634535883686530607157812509355522546186431046939568699077222939 [1.068e77]) [staticcall]
    │   │   └─ ← ()
    │   ├─ [0] console::log("Proof length:", 5) [staticcall]
    │   │   └─ ← ()
    │   ├─ [0] console::log("Proof element", 0, ":", 96593053628671560174693064981485823685325506728506954480672468072431603451342 [9.659e76]) [staticcall]
    │   │   └─ ← ()
    │   ├─ [0] console::log("Computed hash after element", 0, ":", 86830204781467795827957492631466613281393886399951120238877606491319470472592 [8.683e76]) [staticcall]
    │   │   └─ ← ()
    │   ├─ [0] console::log("Proof element", 1, ":", 110058130168134052799716071097073281996591153893535428294527808496692578065614 [1.1e77]) [staticcall]
    │   │   └─ ← ()
    │   ├─ [0] console::log("Computed hash after element", 1, ":", 107653161125649642032491443308982527566324346567968513637810199776622513001405 [1.076e77]) [staticcall]
    │   │   └─ ← ()
    │   ├─ [0] console::log("Proof element", 2, ":", 71129321183645985042233441554048622660549772896301430670938088189986418104761 [7.112e76]) [staticcall]
    │   │   └─ ← ()
    │   ├─ [0] console::log("Computed hash after element", 2, ":", 58589837049834144583211226689647012306316922949101456466201253300155303082111 [5.858e76]) [staticcall]
    │   │   └─ ← ()
    │   ├─ [0] console::log("Proof element", 3, ":", 44812029912269844639383167223451376600872748978496635971607178627452478213724 [4.481e76]) [staticcall]
    │   │   └─ ← ()
    │   ├─ [0] console::log("Computed hash after element", 3, ":", 86128377917019908445957012829255022949550602761192088501649658527506321620714 [8.612e76]) [staticcall]
    │   │   └─ ← ()
    │   ├─ [0] console::log("Proof element", 4, ":", 45139666723238355772826244904596550483916276039110793439475289965711815832849 [4.513e76]) [staticcall]
    │   │   └─ ← ()
    │   ├─ [0] console::log("Computed hash after element", 4, ":", 106870801179118634535883686530607157812509355522546186431046939568699077222939 [1.068e77]) [staticcall]
    │   │   └─ ← ()
    │   ├─ [0] console::log("Is valid:", true) [staticcall]
    │   │   └─ ← ()
    │   └─ ← true
    ├─ [0] console::log("--- End of verification details ---") [staticcall]
    │   └─ ← ()
    ├─ [0] console::log("Successfully verified leaf 11 after adding 20 leaves") [staticcall]
    │   └─ ← ()
    ├─ [37903] MerkleStorageOZ::getProof(11) [staticcall]
    │   ├─ [0] console::log("Getting proof for leaf index:", 11) [staticcall]
    │   │   └─ ← ()
    │   ├─ [0] console::log("Tree depth:", 5) [staticcall]
    │   │   └─ ← ()
    │   ├─ [0] console::log("Level", 0, "size:", 20) [staticcall]
    │   │   └─ ← ()
    │   ├─ [0] console::log("Added to proof:", 11059502003765752708342665740916089834825294147016530688590526355732680035651 [1.105e76]) [staticcall]
    │   │   └─ ← ()
    │   ├─ [0] console::log("Level", 1, "size:", 10) [staticcall]
    │   │   └─ ← ()
    │   ├─ [0] console::log("Added to proof:", 110058130168134052799716071097073281996591153893535428294527808496692578065614 [1.1e77]) [staticcall]
    │   │   └─ ← ()
    │   ├─ [0] console::log("Level", 2, "size:", 5) [staticcall]
    │   │   └─ ← ()
    │   ├─ [0] console::log("Added to proof:", 71129321183645985042233441554048622660549772896301430670938088189986418104761 [7.112e76]) [staticcall]
    │   │   └─ ← ()
    │   ├─ [0] console::log("Level", 3, "size:", 3) [staticcall]
    │   │   └─ ← ()
    │   ├─ [0] console::log("Added to proof:", 44812029912269844639383167223451376600872748978496635971607178627452478213724 [4.481e76]) [staticcall]
    │   │   └─ ← ()
    │   ├─ [0] console::log("Level", 4, "size:", 2) [staticcall]
    │   │   └─ ← ()
    │   ├─ [0] console::log("Added to proof:", 45139666723238355772826244904596550483916276039110793439475289965711815832849 [4.513e76]) [staticcall]
    │   │   └─ ← ()
    │   ├─ [0] console::log("Final proof length:", 5) [staticcall]
    │   │   └─ ← ()
    │   └─ ← [0x187374d08f1fbae82b4bfcec5f832bc78271f5d335a3860d721db1e6b05a4d43, 0xf352b1b5872acb8684bb694175cf18f81a134d5ff86ae93833369c25d9cd9cce, 0x9d41c4e44937cf4145290fe7608388df300aac1673c26cd3122cde8c7e5a99b9, 0x6312b5c9c0f90c16707fa38ba42f8fe1608c5fa99a1772af08b1ea466614ce5c, 0x63cc255e7f876edad840850e1194773827a1ace7e5091cbfaef4246ad5bf7511]
    ├─ [0] console::log("--- Verification details for leaf 12 after adding 20 leaves ---") [staticcall]
    │   └─ ← ()
    ├─ [16189] MerkleStorageOZ::verifyLeaf(0x6c6561663132, [0x187374d08f1fbae82b4bfcec5f832bc78271f5d335a3860d721db1e6b05a4d43, 0xf352b1b5872acb8684bb694175cf18f81a134d5ff86ae93833369c25d9cd9cce, 0x9d41c4e44937cf4145290fe7608388df300aac1673c26cd3122cde8c7e5a99b9, 0x6312b5c9c0f90c16707fa38ba42f8fe1608c5fa99a1772af08b1ea466614ce5c, 0x63cc255e7f876edad840850e1194773827a1ace7e5091cbfaef4246ad5bf7511]) [staticcall]
    │   ├─ [0] console::log("Verifying leaf:", 96593053628671560174693064981485823685325506728506954480672468072431603451342 [9.659e76]) [staticcall]
    │   │   └─ ← ()
    │   ├─ [0] console::log("Merkle root:", 106870801179118634535883686530607157812509355522546186431046939568699077222939 [1.068e77]) [staticcall]
    │   │   └─ ← ()
    │   ├─ [0] console::log("Proof length:", 5) [staticcall]
    │   │   └─ ← ()
    │   ├─ [0] console::log("Proof element", 0, ":", 11059502003765752708342665740916089834825294147016530688590526355732680035651 [1.105e76]) [staticcall]
    │   │   └─ ← ()
    │   ├─ [0] console::log("Computed hash after element", 0, ":", 86830204781467795827957492631466613281393886399951120238877606491319470472592 [8.683e76]) [staticcall]
    │   │   └─ ← ()
    │   ├─ [0] console::log("Proof element", 1, ":", 110058130168134052799716071097073281996591153893535428294527808496692578065614 [1.1e77]) [staticcall]
    │   │   └─ ← ()
    │   ├─ [0] console::log("Computed hash after element", 1, ":", 107653161125649642032491443308982527566324346567968513637810199776622513001405 [1.076e77]) [staticcall]
    │   │   └─ ← ()
    │   ├─ [0] console::log("Proof element", 2, ":", 71129321183645985042233441554048622660549772896301430670938088189986418104761 [7.112e76]) [staticcall]
    │   │   └─ ← ()
    │   ├─ [0] console::log("Computed hash after element", 2, ":", 58589837049834144583211226689647012306316922949101456466201253300155303082111 [5.858e76]) [staticcall]
    │   │   └─ ← ()
    │   ├─ [0] console::log("Proof element", 3, ":", 44812029912269844639383167223451376600872748978496635971607178627452478213724 [4.481e76]) [staticcall]
    │   │   └─ ← ()
    │   ├─ [0] console::log("Computed hash after element", 3, ":", 86128377917019908445957012829255022949550602761192088501649658527506321620714 [8.612e76]) [staticcall]
    │   │   └─ ← ()
    │   ├─ [0] console::log("Proof element", 4, ":", 45139666723238355772826244904596550483916276039110793439475289965711815832849 [4.513e76]) [staticcall]
    │   │   └─ ← ()
    │   ├─ [0] console::log("Computed hash after element", 4, ":", 106870801179118634535883686530607157812509355522546186431046939568699077222939 [1.068e77]) [staticcall]
    │   │   └─ ← ()
    │   ├─ [0] console::log("Is valid:", true) [staticcall]
    │   │   └─ ← ()
    │   └─ ← true
    ├─ [0] console::log("--- End of verification details ---") [staticcall]
    │   └─ ← ()
    ├─ [0] console::log("Successfully verified leaf 12 after adding 20 leaves") [staticcall]
    │   └─ ← ()
    ├─ [37988] MerkleStorageOZ::getProof(12) [staticcall]
    │   ├─ [0] console::log("Getting proof for leaf index:", 12) [staticcall]
    │   │   └─ ← ()
    │   ├─ [0] console::log("Tree depth:", 5) [staticcall]
    │   │   └─ ← ()
    │   ├─ [0] console::log("Level", 0, "size:", 20) [staticcall]
    │   │   └─ ← ()
    │   ├─ [0] console::log("Added to proof:", 33672592122163231522297444352452316230401835406380993219594760926723533962405 [3.367e76]) [staticcall]
    │   │   └─ ← ()
    │   ├─ [0] console::log("Level", 1, "size:", 10) [staticcall]
    │   │   └─ ← ()
    │   ├─ [0] console::log("Added to proof:", 68222527226755524790505848492501156006903177263714150024810130256539423849504 [6.822e76]) [staticcall]
    │   │   └─ ← ()
    │   ├─ [0] console::log("Level", 2, "size:", 5) [staticcall]
    │   │   └─ ← ()
    │   ├─ [0] console::log("Added to proof:", 107653161125649642032491443308982527566324346567968513637810199776622513001405 [1.076e77]) [staticcall]
    │   │   └─ ← ()
    │   ├─ [0] console::log("Level", 3, "size:", 3) [staticcall]
    │   │   └─ ← ()
    │   ├─ [0] console::log("Added to proof:", 44812029912269844639383167223451376600872748978496635971607178627452478213724 [4.481e76]) [staticcall]
    │   │   └─ ← ()
    │   ├─ [0] console::log("Level", 4, "size:", 2) [staticcall]
    │   │   └─ ← ()
    │   ├─ [0] console::log("Added to proof:", 45139666723238355772826244904596550483916276039110793439475289965711815832849 [4.513e76]) [staticcall]
    │   │   └─ ← ()
    │   ├─ [0] console::log("Final proof length:", 5) [staticcall]
    │   │   └─ ← ()
    │   └─ ← [0x4a7203021756b359fbd744929fcb5fee1a5c9a156dcfc02424db42480a3ffca5, 0x96d495000c9975bf6a9539f2b5dcb819f776e3a1a0645c12298f65bb916fbc20, 0xee0187a9e1cd26963ee5f1e99031a2da9d737039b6c237adc84770a6d2d893bd, 0x6312b5c9c0f90c16707fa38ba42f8fe1608c5fa99a1772af08b1ea466614ce5c, 0x63cc255e7f876edad840850e1194773827a1ace7e5091cbfaef4246ad5bf7511]
    ├─ [0] console::log("--- Verification details for leaf 13 after adding 20 leaves ---") [staticcall]
    │   └─ ← ()
    ├─ [16199] MerkleStorageOZ::verifyLeaf(0x6c6561663133, [0x4a7203021756b359fbd744929fcb5fee1a5c9a156dcfc02424db42480a3ffca5, 0x96d495000c9975bf6a9539f2b5dcb819f776e3a1a0645c12298f65bb916fbc20, 0xee0187a9e1cd26963ee5f1e99031a2da9d737039b6c237adc84770a6d2d893bd, 0x6312b5c9c0f90c16707fa38ba42f8fe1608c5fa99a1772af08b1ea466614ce5c, 0x63cc255e7f876edad840850e1194773827a1ace7e5091cbfaef4246ad5bf7511]) [staticcall]
    │   ├─ [0] console::log("Verifying leaf:", 92619562252365677669901163699204566607949558994432207550606556910840817279335 [9.261e76]) [staticcall]
    │   │   └─ ← ()
    │   ├─ [0] console::log("Merkle root:", 106870801179118634535883686530607157812509355522546186431046939568699077222939 [1.068e77]) [staticcall]
    │   │   └─ ← ()
    │   ├─ [0] console::log("Proof length:", 5) [staticcall]
    │   │   └─ ← ()
    │   ├─ [0] console::log("Proof element", 0, ":", 33672592122163231522297444352452316230401835406380993219594760926723533962405 [3.367e76]) [staticcall]
    │   │   └─ ← ()
    │   ├─ [0] console::log("Computed hash after element", 0, ":", 27450459817178025726961910999305864805083219849135273456119843313523604327146 [2.745e76]) [staticcall]
    │   │   └─ ← ()
    │   ├─ [0] console::log("Proof element", 1, ":", 68222527226755524790505848492501156006903177263714150024810130256539423849504 [6.822e76]) [staticcall]
    │   │   └─ ← ()
    │   ├─ [0] console::log("Computed hash after element", 1, ":", 71129321183645985042233441554048622660549772896301430670938088189986418104761 [7.112e76]) [staticcall]
    │   │   └─ ← ()
    │   ├─ [0] console::log("Proof element", 2, ":", 107653161125649642032491443308982527566324346567968513637810199776622513001405 [1.076e77]) [staticcall]
    │   │   └─ ← ()
    │   ├─ [0] console::log("Computed hash after element", 2, ":", 58589837049834144583211226689647012306316922949101456466201253300155303082111 [5.858e76]) [staticcall]
    │   │   └─ ← ()
    │   ├─ [0] console::log("Proof element", 3, ":", 44812029912269844639383167223451376600872748978496635971607178627452478213724 [4.481e76]) [staticcall]
    │   │   └─ ← ()
    │   ├─ [0] console::log("Computed hash after element", 3, ":", 86128377917019908445957012829255022949550602761192088501649658527506321620714 [8.612e76]) [staticcall]
    │   │   └─ ← ()
    │   ├─ [0] console::log("Proof element", 4, ":", 45139666723238355772826244904596550483916276039110793439475289965711815832849 [4.513e76]) [staticcall]
    │   │   └─ ← ()
    │   ├─ [0] console::log("Computed hash after element", 4, ":", 106870801179118634535883686530607157812509355522546186431046939568699077222939 [1.068e77]) [staticcall]
    │   │   └─ ← ()
    │   ├─ [0] console::log("Is valid:", true) [staticcall]
    │   │   └─ ← ()
    │   └─ ← true
    ├─ [0] console::log("--- End of verification details ---") [staticcall]
    │   └─ ← ()
    ├─ [0] console::log("Successfully verified leaf 13 after adding 20 leaves") [staticcall]
    │   └─ ← ()
    ├─ [37903] MerkleStorageOZ::getProof(13) [staticcall]
    │   ├─ [0] console::log("Getting proof for leaf index:", 13) [staticcall]
    │   │   └─ ← ()
    │   ├─ [0] console::log("Tree depth:", 5) [staticcall]
    │   │   └─ ← ()
    │   ├─ [0] console::log("Level", 0, "size:", 20) [staticcall]
    │   │   └─ ← ()
    │   ├─ [0] console::log("Added to proof:", 92619562252365677669901163699204566607949558994432207550606556910840817279335 [9.261e76]) [staticcall]
    │   │   └─ ← ()
    │   ├─ [0] console::log("Level", 1, "size:", 10) [staticcall]
    │   │   └─ ← ()
    │   ├─ [0] console::log("Added to proof:", 68222527226755524790505848492501156006903177263714150024810130256539423849504 [6.822e76]) [staticcall]
    │   │   └─ ← ()
    │   ├─ [0] console::log("Level", 2, "size:", 5) [staticcall]
    │   │   └─ ← ()
    │   ├─ [0] console::log("Added to proof:", 107653161125649642032491443308982527566324346567968513637810199776622513001405 [1.076e77]) [staticcall]
    │   │   └─ ← ()
    │   ├─ [0] console::log("Level", 3, "size:", 3) [staticcall]
    │   │   └─ ← ()
    │   ├─ [0] console::log("Added to proof:", 44812029912269844639383167223451376600872748978496635971607178627452478213724 [4.481e76]) [staticcall]
    │   │   └─ ← ()
    │   ├─ [0] console::log("Level", 4, "size:", 2) [staticcall]
    │   │   └─ ← ()
    │   ├─ [0] console::log("Added to proof:", 45139666723238355772826244904596550483916276039110793439475289965711815832849 [4.513e76]) [staticcall]
    │   │   └─ ← ()
    │   ├─ [0] console::log("Final proof length:", 5) [staticcall]
    │   │   └─ ← ()
    │   └─ ← [0xccc4d083cdf48ef2c50a0a45b13aae2642eda593dfb5894236e409ed3ff26167, 0x96d495000c9975bf6a9539f2b5dcb819f776e3a1a0645c12298f65bb916fbc20, 0xee0187a9e1cd26963ee5f1e99031a2da9d737039b6c237adc84770a6d2d893bd, 0x6312b5c9c0f90c16707fa38ba42f8fe1608c5fa99a1772af08b1ea466614ce5c, 0x63cc255e7f876edad840850e1194773827a1ace7e5091cbfaef4246ad5bf7511]
    ├─ [0] console::log("--- Verification details for leaf 14 after adding 20 leaves ---") [staticcall]
    │   └─ ← ()
    ├─ [16209] MerkleStorageOZ::verifyLeaf(0x6c6561663134, [0xccc4d083cdf48ef2c50a0a45b13aae2642eda593dfb5894236e409ed3ff26167, 0x96d495000c9975bf6a9539f2b5dcb819f776e3a1a0645c12298f65bb916fbc20, 0xee0187a9e1cd26963ee5f1e99031a2da9d737039b6c237adc84770a6d2d893bd, 0x6312b5c9c0f90c16707fa38ba42f8fe1608c5fa99a1772af08b1ea466614ce5c, 0x63cc255e7f876edad840850e1194773827a1ace7e5091cbfaef4246ad5bf7511]) [staticcall]
    │   ├─ [0] console::log("Verifying leaf:", 33672592122163231522297444352452316230401835406380993219594760926723533962405 [3.367e76]) [staticcall]
    │   │   └─ ← ()
    │   ├─ [0] console::log("Merkle root:", 106870801179118634535883686530607157812509355522546186431046939568699077222939 [1.068e77]) [staticcall]
    │   │   └─ ← ()
    │   ├─ [0] console::log("Proof length:", 5) [staticcall]
    │   │   └─ ← ()
    │   ├─ [0] console::log("Proof element", 0, ":", 92619562252365677669901163699204566607949558994432207550606556910840817279335 [9.261e76]) [staticcall]
    │   │   └─ ← ()
    │   ├─ [0] console::log("Computed hash after element", 0, ":", 27450459817178025726961910999305864805083219849135273456119843313523604327146 [2.745e76]) [staticcall]
    │   │   └─ ← ()
    │   ├─ [0] console::log("Proof element", 1, ":", 68222527226755524790505848492501156006903177263714150024810130256539423849504 [6.822e76]) [staticcall]
    │   │   └─ ← ()
    │   ├─ [0] console::log("Computed hash after element", 1, ":", 71129321183645985042233441554048622660549772896301430670938088189986418104761 [7.112e76]) [staticcall]
    │   │   └─ ← ()
    │   ├─ [0] console::log("Proof element", 2, ":", 107653161125649642032491443308982527566324346567968513637810199776622513001405 [1.076e77]) [staticcall]
    │   │   └─ ← ()
    │   ├─ [0] console::log("Computed hash after element", 2, ":", 58589837049834144583211226689647012306316922949101456466201253300155303082111 [5.858e76]) [staticcall]
    │   │   └─ ← ()
    │   ├─ [0] console::log("Proof element", 3, ":", 44812029912269844639383167223451376600872748978496635971607178627452478213724 [4.481e76]) [staticcall]
    │   │   └─ ← ()
    │   ├─ [0] console::log("Computed hash after element", 3, ":", 86128377917019908445957012829255022949550602761192088501649658527506321620714 [8.612e76]) [staticcall]
    │   │   └─ ← ()
    │   ├─ [0] console::log("Proof element", 4, ":", 45139666723238355772826244904596550483916276039110793439475289965711815832849 [4.513e76]) [staticcall]
    │   │   └─ ← ()
    │   ├─ [0] console::log("Computed hash after element", 4, ":", 106870801179118634535883686530607157812509355522546186431046939568699077222939 [1.068e77]) [staticcall]
    │   │   └─ ← ()
    │   ├─ [0] console::log("Is valid:", true) [staticcall]
    │   │   └─ ← ()
    │   └─ ← true
    ├─ [0] console::log("--- End of verification details ---") [staticcall]
    │   └─ ← ()
    ├─ [0] console::log("Successfully verified leaf 14 after adding 20 leaves") [staticcall]
    │   └─ ← ()
    ├─ [37903] MerkleStorageOZ::getProof(14) [staticcall]
    │   ├─ [0] console::log("Getting proof for leaf index:", 14) [staticcall]
    │   │   └─ ← ()
    │   ├─ [0] console::log("Tree depth:", 5) [staticcall]
    │   │   └─ ← ()
    │   ├─ [0] console::log("Level", 0, "size:", 20) [staticcall]
    │   │   └─ ← ()
    │   ├─ [0] console::log("Added to proof:", 29282441118156610795451351767893172742723572721638635483486521378003152140138 [2.928e76]) [staticcall]
    │   │   └─ ← ()
    │   ├─ [0] console::log("Level", 1, "size:", 10) [staticcall]
    │   │   └─ ← ()
    │   ├─ [0] console::log("Added to proof:", 27450459817178025726961910999305864805083219849135273456119843313523604327146 [2.745e76]) [staticcall]
    │   │   └─ ← ()
    │   ├─ [0] console::log("Level", 2, "size:", 5) [staticcall]
    │   │   └─ ← ()
    │   ├─ [0] console::log("Added to proof:", 107653161125649642032491443308982527566324346567968513637810199776622513001405 [1.076e77]) [staticcall]
    │   │   └─ ← ()
    │   ├─ [0] console::log("Level", 3, "size:", 3) [staticcall]
    │   │   └─ ← ()
    │   ├─ [0] console::log("Added to proof:", 44812029912269844639383167223451376600872748978496635971607178627452478213724 [4.481e76]) [staticcall]
    │   │   └─ ← ()
    │   ├─ [0] console::log("Level", 4, "size:", 2) [staticcall]
    │   │   └─ ← ()
    │   ├─ [0] console::log("Added to proof:", 45139666723238355772826244904596550483916276039110793439475289965711815832849 [4.513e76]) [staticcall]
    │   │   └─ ← ()
    │   ├─ [0] console::log("Final proof length:", 5) [staticcall]
    │   │   └─ ← ()
    │   └─ ← [0x40bd463b06adac3d3f4d9f69acf274bf72617327c94407540c58a969aa4df76a, 0x3cb068dfee4565b215b4fbdb3cdb15bce0a9c6c2e3b7b093b67b46c926340aea, 0xee0187a9e1cd26963ee5f1e99031a2da9d737039b6c237adc84770a6d2d893bd, 0x6312b5c9c0f90c16707fa38ba42f8fe1608c5fa99a1772af08b1ea466614ce5c, 0x63cc255e7f876edad840850e1194773827a1ace7e5091cbfaef4246ad5bf7511]
    ├─ [0] console::log("--- Verification details for leaf 15 after adding 20 leaves ---") [staticcall]
    │   └─ ← ()
    ├─ [16189] MerkleStorageOZ::verifyLeaf(0x6c6561663135, [0x40bd463b06adac3d3f4d9f69acf274bf72617327c94407540c58a969aa4df76a, 0x3cb068dfee4565b215b4fbdb3cdb15bce0a9c6c2e3b7b093b67b46c926340aea, 0xee0187a9e1cd26963ee5f1e99031a2da9d737039b6c237adc84770a6d2d893bd, 0x6312b5c9c0f90c16707fa38ba42f8fe1608c5fa99a1772af08b1ea466614ce5c, 0x63cc255e7f876edad840850e1194773827a1ace7e5091cbfaef4246ad5bf7511]) [staticcall]
    │   ├─ [0] console::log("Verifying leaf:", 49376861721947691573602341854337835825465271023485523889471862409499079557266 [4.937e76]) [staticcall]
    │   │   └─ ← ()
    │   ├─ [0] console::log("Merkle root:", 106870801179118634535883686530607157812509355522546186431046939568699077222939 [1.068e77]) [staticcall]
    │   │   └─ ← ()
    │   ├─ [0] console::log("Proof length:", 5) [staticcall]
    │   │   └─ ← ()
    │   ├─ [0] console::log("Proof element", 0, ":", 29282441118156610795451351767893172742723572721638635483486521378003152140138 [2.928e76]) [staticcall]
    │   │   └─ ← ()
    │   ├─ [0] console::log("Computed hash after element", 0, ":", 68222527226755524790505848492501156006903177263714150024810130256539423849504 [6.822e76]) [staticcall]
    │   │   └─ ← ()
    │   ├─ [0] console::log("Proof element", 1, ":", 27450459817178025726961910999305864805083219849135273456119843313523604327146 [2.745e76]) [staticcall]
    │   │   └─ ← ()
    │   ├─ [0] console::log("Computed hash after element", 1, ":", 71129321183645985042233441554048622660549772896301430670938088189986418104761 [7.112e76]) [staticcall]
    │   │   └─ ← ()
    │   ├─ [0] console::log("Proof element", 2, ":", 107653161125649642032491443308982527566324346567968513637810199776622513001405 [1.076e77]) [staticcall]
    │   │   └─ ← ()
    │   ├─ [0] console::log("Computed hash after element", 2, ":", 58589837049834144583211226689647012306316922949101456466201253300155303082111 [5.858e76]) [staticcall]
    │   │   └─ ← ()
    │   ├─ [0] console::log("Proof element", 3, ":", 44812029912269844639383167223451376600872748978496635971607178627452478213724 [4.481e76]) [staticcall]
    │   │   └─ ← ()
    │   ├─ [0] console::log("Computed hash after element", 3, ":", 86128377917019908445957012829255022949550602761192088501649658527506321620714 [8.612e76]) [staticcall]
    │   │   └─ ← ()
    │   ├─ [0] console::log("Proof element", 4, ":", 45139666723238355772826244904596550483916276039110793439475289965711815832849 [4.513e76]) [staticcall]
    │   │   └─ ← ()
    │   ├─ [0] console::log("Computed hash after element", 4, ":", 106870801179118634535883686530607157812509355522546186431046939568699077222939 [1.068e77]) [staticcall]
    │   │   └─ ← ()
    │   ├─ [0] console::log("Is valid:", true) [staticcall]
    │   │   └─ ← ()
    │   └─ ← true
    ├─ [0] console::log("--- End of verification details ---") [staticcall]
    │   └─ ← ()
    ├─ [0] console::log("Successfully verified leaf 15 after adding 20 leaves") [staticcall]
    │   └─ ← ()
    ├─ [37818] MerkleStorageOZ::getProof(15) [staticcall]
    │   ├─ [0] console::log("Getting proof for leaf index:", 15) [staticcall]
    │   │   └─ ← ()
    │   ├─ [0] console::log("Tree depth:", 5) [staticcall]
    │   │   └─ ← ()
    │   ├─ [0] console::log("Level", 0, "size:", 20) [staticcall]
    │   │   └─ ← ()
    │   ├─ [0] console::log("Added to proof:", 49376861721947691573602341854337835825465271023485523889471862409499079557266 [4.937e76]) [staticcall]
    │   │   └─ ← ()
    │   ├─ [0] console::log("Level", 1, "size:", 10) [staticcall]
    │   │   └─ ← ()
    │   ├─ [0] console::log("Added to proof:", 27450459817178025726961910999305864805083219849135273456119843313523604327146 [2.745e76]) [staticcall]
    │   │   └─ ← ()
    │   ├─ [0] console::log("Level", 2, "size:", 5) [staticcall]
    │   │   └─ ← ()
    │   ├─ [0] console::log("Added to proof:", 107653161125649642032491443308982527566324346567968513637810199776622513001405 [1.076e77]) [staticcall]
    │   │   └─ ← ()
    │   ├─ [0] console::log("Level", 3, "size:", 3) [staticcall]
    │   │   └─ ← ()
    │   ├─ [0] console::log("Added to proof:", 44812029912269844639383167223451376600872748978496635971607178627452478213724 [4.481e76]) [staticcall]
    │   │   └─ ← ()
    │   ├─ [0] console::log("Level", 4, "size:", 2) [staticcall]
    │   │   └─ ← ()
    │   ├─ [0] console::log("Added to proof:", 45139666723238355772826244904596550483916276039110793439475289965711815832849 [4.513e76]) [staticcall]
    │   │   └─ ← ()
    │   ├─ [0] console::log("Final proof length:", 5) [staticcall]
    │   │   └─ ← ()
    │   └─ ← [0x6d2a503801c4a495dd34ec63d048cc1c56cd4e99ed480da77c09d497092b4092, 0x3cb068dfee4565b215b4fbdb3cdb15bce0a9c6c2e3b7b093b67b46c926340aea, 0xee0187a9e1cd26963ee5f1e99031a2da9d737039b6c237adc84770a6d2d893bd, 0x6312b5c9c0f90c16707fa38ba42f8fe1608c5fa99a1772af08b1ea466614ce5c, 0x63cc255e7f876edad840850e1194773827a1ace7e5091cbfaef4246ad5bf7511]
    ├─ [0] console::log("--- Verification details for leaf 16 after adding 20 leaves ---") [staticcall]
    │   └─ ← ()
    ├─ [16199] MerkleStorageOZ::verifyLeaf(0x6c6561663136, [0x6d2a503801c4a495dd34ec63d048cc1c56cd4e99ed480da77c09d497092b4092, 0x3cb068dfee4565b215b4fbdb3cdb15bce0a9c6c2e3b7b093b67b46c926340aea, 0xee0187a9e1cd26963ee5f1e99031a2da9d737039b6c237adc84770a6d2d893bd, 0x6312b5c9c0f90c16707fa38ba42f8fe1608c5fa99a1772af08b1ea466614ce5c, 0x63cc255e7f876edad840850e1194773827a1ace7e5091cbfaef4246ad5bf7511]) [staticcall]
    │   ├─ [0] console::log("Verifying leaf:", 29282441118156610795451351767893172742723572721638635483486521378003152140138 [2.928e76]) [staticcall]
    │   │   └─ ← ()
    │   ├─ [0] console::log("Merkle root:", 106870801179118634535883686530607157812509355522546186431046939568699077222939 [1.068e77]) [staticcall]
    │   │   └─ ← ()
    │   ├─ [0] console::log("Proof length:", 5) [staticcall]
    │   │   └─ ← ()
    │   ├─ [0] console::log("Proof element", 0, ":", 49376861721947691573602341854337835825465271023485523889471862409499079557266 [4.937e76]) [staticcall]
    │   │   └─ ← ()
    │   ├─ [0] console::log("Computed hash after element", 0, ":", 68222527226755524790505848492501156006903177263714150024810130256539423849504 [6.822e76]) [staticcall]
    │   │   └─ ← ()
    │   ├─ [0] console::log("Proof element", 1, ":", 27450459817178025726961910999305864805083219849135273456119843313523604327146 [2.745e76]) [staticcall]
    │   │   └─ ← ()
    │   ├─ [0] console::log("Computed hash after element", 1, ":", 71129321183645985042233441554048622660549772896301430670938088189986418104761 [7.112e76]) [staticcall]
    │   │   └─ ← ()
    │   ├─ [0] console::log("Proof element", 2, ":", 107653161125649642032491443308982527566324346567968513637810199776622513001405 [1.076e77]) [staticcall]
    │   │   └─ ← ()
    │   ├─ [0] console::log("Computed hash after element", 2, ":", 58589837049834144583211226689647012306316922949101456466201253300155303082111 [5.858e76]) [staticcall]
    │   │   └─ ← ()
    │   ├─ [0] console::log("Proof element", 3, ":", 44812029912269844639383167223451376600872748978496635971607178627452478213724 [4.481e76]) [staticcall]
    │   │   └─ ← ()
    │   ├─ [0] console::log("Computed hash after element", 3, ":", 86128377917019908445957012829255022949550602761192088501649658527506321620714 [8.612e76]) [staticcall]
    │   │   └─ ← ()
    │   ├─ [0] console::log("Proof element", 4, ":", 45139666723238355772826244904596550483916276039110793439475289965711815832849 [4.513e76]) [staticcall]
    │   │   └─ ← ()
    │   ├─ [0] console::log("Computed hash after element", 4, ":", 106870801179118634535883686530607157812509355522546186431046939568699077222939 [1.068e77]) [staticcall]
    │   │   └─ ← ()
    │   ├─ [0] console::log("Is valid:", true) [staticcall]
    │   │   └─ ← ()
    │   └─ ← true
    ├─ [0] console::log("--- End of verification details ---") [staticcall]
    │   └─ ← ()
    ├─ [0] console::log("Successfully verified leaf 16 after adding 20 leaves") [staticcall]
    │   └─ ← ()
    ├─ [38077] MerkleStorageOZ::getProof(16) [staticcall]
    │   ├─ [0] console::log("Getting proof for leaf index:", 16) [staticcall]
    │   │   └─ ← ()
    │   ├─ [0] console::log("Tree depth:", 5) [staticcall]
    │   │   └─ ← ()
    │   ├─ [0] console::log("Level", 0, "size:", 20) [staticcall]
    │   │   └─ ← ()
    │   ├─ [0] console::log("Added to proof:", 84400808403309474247251277457382660891608361063132282181411243421902705171780 [8.44e76]) [staticcall]
    │   │   └─ ← ()
    │   ├─ [0] console::log("Level", 1, "size:", 10) [staticcall]
    │   │   └─ ← ()
    │   ├─ [0] console::log("Added to proof:", 88575591579172084758772601398406961970416021707547377613245270537555338277781 [8.857e76]) [staticcall]
    │   │   └─ ← ()
    │   ├─ [0] console::log("Level", 2, "size:", 5) [staticcall]
    │   │   └─ ← ()
    │   ├─ [0] console::log("Added to proof (odd level):", 45139666723238355772826244904596550483916276039110793439475289965711815832849 [4.513e76]) [staticcall]
    │   │   └─ ← ()
    │   ├─ [0] console::log("Level", 3, "size:", 3) [staticcall]
    │   │   └─ ← ()
    │   ├─ [0] console::log("Added to proof (odd level):", 45139666723238355772826244904596550483916276039110793439475289965711815832849 [4.513e76]) [staticcall]
    │   │   └─ ← ()
    │   ├─ [0] console::log("Level", 4, "size:", 2) [staticcall]
    │   │   └─ ← ()
    │   ├─ [0] console::log("Added to proof:", 86128377917019908445957012829255022949550602761192088501649658527506321620714 [8.612e76]) [staticcall]
    │   │   └─ ← ()
    │   ├─ [0] console::log("Final proof length:", 5) [staticcall]
    │   │   └─ ← ()
    │   └─ ← [0xba992a2886849d2ee7d1a5d829bc0808a4fdf5efefb777966a072ead27f69d44, 0xc3d4021adcc79976013dbf2600d1207a30952df22aeb1c09fb014a0cfd2b3395, 0x63cc255e7f876edad840850e1194773827a1ace7e5091cbfaef4246ad5bf7511, 0x63cc255e7f876edad840850e1194773827a1ace7e5091cbfaef4246ad5bf7511, 0xbe6aef332f76fab2501328e00212a75716fd7cf5be4cd3c68a372010ccc3beea]
    ├─ [0] console::log("--- Verification details for leaf 17 after adding 20 leaves ---") [staticcall]
    │   └─ ← ()
    ├─ [16229] MerkleStorageOZ::verifyLeaf(0x6c6561663137, [0xba992a2886849d2ee7d1a5d829bc0808a4fdf5efefb777966a072ead27f69d44, 0xc3d4021adcc79976013dbf2600d1207a30952df22aeb1c09fb014a0cfd2b3395, 0x63cc255e7f876edad840850e1194773827a1ace7e5091cbfaef4246ad5bf7511, 0x63cc255e7f876edad840850e1194773827a1ace7e5091cbfaef4246ad5bf7511, 0xbe6aef332f76fab2501328e00212a75716fd7cf5be4cd3c68a372010ccc3beea]) [staticcall]
    │   ├─ [0] console::log("Verifying leaf:", 21979652522633138675855471474548080148032271092062185065410366224797086795229 [2.197e76]) [staticcall]
    │   │   └─ ← ()
    │   ├─ [0] console::log("Merkle root:", 106870801179118634535883686530607157812509355522546186431046939568699077222939 [1.068e77]) [staticcall]
    │   │   └─ ← ()
    │   ├─ [0] console::log("Proof length:", 5) [staticcall]
    │   │   └─ ← ()
    │   ├─ [0] console::log("Proof element", 0, ":", 84400808403309474247251277457382660891608361063132282181411243421902705171780 [8.44e76]) [staticcall]
    │   │   └─ ← ()
    │   ├─ [0] console::log("Computed hash after element", 0, ":", 68707805291125709217780897399343780900556216299315256742021570282172139855342 [6.87e76]) [staticcall]
    │   │   └─ ← ()
    │   ├─ [0] console::log("Proof element", 1, ":", 88575591579172084758772601398406961970416021707547377613245270537555338277781 [8.857e76]) [staticcall]
    │   │   └─ ← ()
    │   ├─ [0] console::log("Computed hash after element", 1, ":", 45139666723238355772826244904596550483916276039110793439475289965711815832849 [4.513e76]) [staticcall]
    │   │   └─ ← ()
    │   ├─ [0] console::log("Proof element", 2, ":", 45139666723238355772826244904596550483916276039110793439475289965711815832849 [4.513e76]) [staticcall]
    │   │   └─ ← ()
    │   ├─ [0] console::log("Computed hash after element", 2, ":", 21542622059012190635906369546430773539738915079117799307359510961146431274570 [2.154e76]) [staticcall]
    │   │   └─ ← ()
    │   ├─ [0] console::log("Proof element", 3, ":", 45139666723238355772826244904596550483916276039110793439475289965711815832849 [4.513e76]) [staticcall]
    │   │   └─ ← ()
    │   ├─ [0] console::log("Computed hash after element", 3, ":", 13190317291286434167144621804752306629194723587825587121685396644725887523839 [1.319e76]) [staticcall]
    │   │   └─ ← ()
    │   ├─ [0] console::log("Proof element", 4, ":", 86128377917019908445957012829255022949550602761192088501649658527506321620714 [8.612e76]) [staticcall]
    │   │   └─ ← ()
    │   ├─ [0] console::log("Computed hash after element", 4, ":", 63582448114380680916039930615641943399471311578877930942071226955265822137423 [6.358e76]) [staticcall]
    │   │   └─ ← ()
    │   ├─ [0] console::log("Is valid:", false) [staticcall]
    │   │   └─ ← ()
    │   └─ ← false
    ├─ [0] console::log("--- End of verification details ---") [staticcall]
    │   └─ ← ()
    ├─ [0] console::log("Failed to verify leaf 17 after adding 20 leaves") [staticcall]
    │   └─ ← ()
    ├─ [37992] MerkleStorageOZ::getProof(17) [staticcall]
    │   ├─ [0] console::log("Getting proof for leaf index:", 17) [staticcall]
    │   │   └─ ← ()
    │   ├─ [0] console::log("Tree depth:", 5) [staticcall]
    │   │   └─ ← ()
    │   ├─ [0] console::log("Level", 0, "size:", 20) [staticcall]
    │   │   └─ ← ()
    │   ├─ [0] console::log("Added to proof:", 21979652522633138675855471474548080148032271092062185065410366224797086795229 [2.197e76]) [staticcall]
    │   │   └─ ← ()
    │   ├─ [0] console::log("Level", 1, "size:", 10) [staticcall]
    │   │   └─ ← ()
    │   ├─ [0] console::log("Added to proof:", 88575591579172084758772601398406961970416021707547377613245270537555338277781 [8.857e76]) [staticcall]
    │   │   └─ ← ()
    │   ├─ [0] console::log("Level", 2, "size:", 5) [staticcall]
    │   │   └─ ← ()
    │   ├─ [0] console::log("Added to proof (odd level):", 45139666723238355772826244904596550483916276039110793439475289965711815832849 [4.513e76]) [staticcall]
    │   │   └─ ← ()
    │   ├─ [0] console::log("Level", 3, "size:", 3) [staticcall]
    │   │   └─ ← ()
    │   ├─ [0] console::log("Added to proof (odd level):", 45139666723238355772826244904596550483916276039110793439475289965711815832849 [4.513e76]) [staticcall]
    │   │   └─ ← ()
    │   ├─ [0] console::log("Level", 4, "size:", 2) [staticcall]
    │   │   └─ ← ()
    │   ├─ [0] console::log("Added to proof:", 86128377917019908445957012829255022949550602761192088501649658527506321620714 [8.612e76]) [staticcall]
    │   │   └─ ← ()
    │   ├─ [0] console::log("Final proof length:", 5) [staticcall]
    │   │   └─ ← ()
    │   └─ ← [0x30980adf44ec5892ff4ea3c608050515b01f7dd94be63b1753067cb9601445dd, 0xc3d4021adcc79976013dbf2600d1207a30952df22aeb1c09fb014a0cfd2b3395, 0x63cc255e7f876edad840850e1194773827a1ace7e5091cbfaef4246ad5bf7511, 0x63cc255e7f876edad840850e1194773827a1ace7e5091cbfaef4246ad5bf7511, 0xbe6aef332f76fab2501328e00212a75716fd7cf5be4cd3c68a372010ccc3beea]
    ├─ [0] console::log("--- Verification details for leaf 18 after adding 20 leaves ---") [staticcall]
    │   └─ ← ()
    ├─ [16219] MerkleStorageOZ::verifyLeaf(0x6c6561663138, [0x30980adf44ec5892ff4ea3c608050515b01f7dd94be63b1753067cb9601445dd, 0xc3d4021adcc79976013dbf2600d1207a30952df22aeb1c09fb014a0cfd2b3395, 0x63cc255e7f876edad840850e1194773827a1ace7e5091cbfaef4246ad5bf7511, 0x63cc255e7f876edad840850e1194773827a1ace7e5091cbfaef4246ad5bf7511, 0xbe6aef332f76fab2501328e00212a75716fd7cf5be4cd3c68a372010ccc3beea]) [staticcall]
    │   ├─ [0] console::log("Verifying leaf:", 84400808403309474247251277457382660891608361063132282181411243421902705171780 [8.44e76]) [staticcall]
    │   │   └─ ← ()
    │   ├─ [0] console::log("Merkle root:", 106870801179118634535883686530607157812509355522546186431046939568699077222939 [1.068e77]) [staticcall]
    │   │   └─ ← ()
    │   ├─ [0] console::log("Proof length:", 5) [staticcall]
    │   │   └─ ← ()
    │   ├─ [0] console::log("Proof element", 0, ":", 21979652522633138675855471474548080148032271092062185065410366224797086795229 [2.197e76]) [staticcall]
    │   │   └─ ← ()
    │   ├─ [0] console::log("Computed hash after element", 0, ":", 68707805291125709217780897399343780900556216299315256742021570282172139855342 [6.87e76]) [staticcall]
    │   │   └─ ← ()
    │   ├─ [0] console::log("Proof element", 1, ":", 88575591579172084758772601398406961970416021707547377613245270537555338277781 [8.857e76]) [staticcall]
    │   │   └─ ← ()
    │   ├─ [0] console::log("Computed hash after element", 1, ":", 45139666723238355772826244904596550483916276039110793439475289965711815832849 [4.513e76]) [staticcall]
    │   │   └─ ← ()
    │   ├─ [0] console::log("Proof element", 2, ":", 45139666723238355772826244904596550483916276039110793439475289965711815832849 [4.513e76]) [staticcall]
    │   │   └─ ← ()
    │   ├─ [0] console::log("Computed hash after element", 2, ":", 21542622059012190635906369546430773539738915079117799307359510961146431274570 [2.154e76]) [staticcall]
    │   │   └─ ← ()
    │   ├─ [0] console::log("Proof element", 3, ":", 45139666723238355772826244904596550483916276039110793439475289965711815832849 [4.513e76]) [staticcall]
    │   │   └─ ← ()
    │   ├─ [0] console::log("Computed hash after element", 3, ":", 13190317291286434167144621804752306629194723587825587121685396644725887523839 [1.319e76]) [staticcall]
    │   │   └─ ← ()
    │   ├─ [0] console::log("Proof element", 4, ":", 86128377917019908445957012829255022949550602761192088501649658527506321620714 [8.612e76]) [staticcall]
    │   │   └─ ← ()
    │   ├─ [0] console::log("Computed hash after element", 4, ":", 63582448114380680916039930615641943399471311578877930942071226955265822137423 [6.358e76]) [staticcall]
    │   │   └─ ← ()
    │   ├─ [0] console::log("Is valid:", false) [staticcall]
    │   │   └─ ← ()
    │   └─ ← false
    ├─ [0] console::log("--- End of verification details ---") [staticcall]
    │   └─ ← ()
    ├─ [0] console::log("Failed to verify leaf 18 after adding 20 leaves") [staticcall]
    │   └─ ← ()
    ├─ [37992] MerkleStorageOZ::getProof(18) [staticcall]
    │   ├─ [0] console::log("Getting proof for leaf index:", 18) [staticcall]
    │   │   └─ ← ()
    │   ├─ [0] console::log("Tree depth:", 5) [staticcall]
    │   │   └─ ← ()
    │   ├─ [0] console::log("Level", 0, "size:", 20) [staticcall]
    │   │   └─ ← ()
    │   ├─ [0] console::log("Added to proof:", 45283241434768109543195762179758620702218781048592697717780870725838066339860 [4.528e76]) [staticcall]
    │   │   └─ ← ()
    │   ├─ [0] console::log("Level", 1, "size:", 10) [staticcall]
    │   │   └─ ← ()
    │   ├─ [0] console::log("Added to proof:", 68707805291125709217780897399343780900556216299315256742021570282172139855342 [6.87e76]) [staticcall]
    │   │   └─ ← ()
    │   ├─ [0] console::log("Level", 2, "size:", 5) [staticcall]
    │   │   └─ ← ()
    │   ├─ [0] console::log("Added to proof (odd level):", 45139666723238355772826244904596550483916276039110793439475289965711815832849 [4.513e76]) [staticcall]
    │   │   └─ ← ()
    │   ├─ [0] console::log("Level", 3, "size:", 3) [staticcall]
    │   │   └─ ← ()
    │   ├─ [0] console::log("Added to proof (odd level):", 45139666723238355772826244904596550483916276039110793439475289965711815832849 [4.513e76]) [staticcall]
    │   │   └─ ← ()
    │   ├─ [0] console::log("Level", 4, "size:", 2) [staticcall]
    │   │   └─ ← ()
    │   ├─ [0] console::log("Added to proof:", 86128377917019908445957012829255022949550602761192088501649658527506321620714 [8.612e76]) [staticcall]
    │   │   └─ ← ()
    │   ├─ [0] console::log("Final proof length:", 5) [staticcall]
    │   │   └─ ← ()
    │   └─ ← [0x641d680887700f3f54c0b5447e7e2a7e0bad727b61dfcc1f0ce73efdb682d014, 0x97e73d5bdc5b93c5f1f4f821883ba4b1948b2ff1ac00d508e0f7bf386b165dee, 0x63cc255e7f876edad840850e1194773827a1ace7e5091cbfaef4246ad5bf7511, 0x63cc255e7f876edad840850e1194773827a1ace7e5091cbfaef4246ad5bf7511, 0xbe6aef332f76fab2501328e00212a75716fd7cf5be4cd3c68a372010ccc3beea]
    ├─ [0] console::log("--- Verification details for leaf 19 after adding 20 leaves ---") [staticcall]
    │   └─ ← ()
    ├─ [16209] MerkleStorageOZ::verifyLeaf(0x6c6561663139, [0x641d680887700f3f54c0b5447e7e2a7e0bad727b61dfcc1f0ce73efdb682d014, 0x97e73d5bdc5b93c5f1f4f821883ba4b1948b2ff1ac00d508e0f7bf386b165dee, 0x63cc255e7f876edad840850e1194773827a1ace7e5091cbfaef4246ad5bf7511, 0x63cc255e7f876edad840850e1194773827a1ace7e5091cbfaef4246ad5bf7511, 0xbe6aef332f76fab2501328e00212a75716fd7cf5be4cd3c68a372010ccc3beea]) [staticcall]
    │   ├─ [0] console::log("Verifying leaf:", 56446361581621961878854006960535880407422028979022664102747530868558482727403 [5.644e76]) [staticcall]
    │   │   └─ ← ()
    │   ├─ [0] console::log("Merkle root:", 106870801179118634535883686530607157812509355522546186431046939568699077222939 [1.068e77]) [staticcall]
    │   │   └─ ← ()
    │   ├─ [0] console::log("Proof length:", 5) [staticcall]
    │   │   └─ ← ()
    │   ├─ [0] console::log("Proof element", 0, ":", 45283241434768109543195762179758620702218781048592697717780870725838066339860 [4.528e76]) [staticcall]
    │   │   └─ ← ()
    │   ├─ [0] console::log("Computed hash after element", 0, ":", 88575591579172084758772601398406961970416021707547377613245270537555338277781 [8.857e76]) [staticcall]
    │   │   └─ ← ()
    │   ├─ [0] console::log("Proof element", 1, ":", 68707805291125709217780897399343780900556216299315256742021570282172139855342 [6.87e76]) [staticcall]
    │   │   └─ ← ()
    │   ├─ [0] console::log("Computed hash after element", 1, ":", 45139666723238355772826244904596550483916276039110793439475289965711815832849 [4.513e76]) [staticcall]
    │   │   └─ ← ()
    │   ├─ [0] console::log("Proof element", 2, ":", 45139666723238355772826244904596550483916276039110793439475289965711815832849 [4.513e76]) [staticcall]
    │   │   └─ ← ()
    │   ├─ [0] console::log("Computed hash after element", 2, ":", 21542622059012190635906369546430773539738915079117799307359510961146431274570 [2.154e76]) [staticcall]
    │   │   └─ ← ()
    │   ├─ [0] console::log("Proof element", 3, ":", 45139666723238355772826244904596550483916276039110793439475289965711815832849 [4.513e76]) [staticcall]
    │   │   └─ ← ()
    │   ├─ [0] console::log("Computed hash after element", 3, ":", 13190317291286434167144621804752306629194723587825587121685396644725887523839 [1.319e76]) [staticcall]
    │   │   └─ ← ()
    │   ├─ [0] console::log("Proof element", 4, ":", 86128377917019908445957012829255022949550602761192088501649658527506321620714 [8.612e76]) [staticcall]
    │   │   └─ ← ()
    │   ├─ [0] console::log("Computed hash after element", 4, ":", 63582448114380680916039930615641943399471311578877930942071226955265822137423 [6.358e76]) [staticcall]
    │   │   └─ ← ()
    │   ├─ [0] console::log("Is valid:", false) [staticcall]
    │   │   └─ ← ()
    │   └─ ← false
    ├─ [0] console::log("--- End of verification details ---") [staticcall]
    │   └─ ← ()
    ├─ [0] console::log("Failed to verify leaf 19 after adding 20 leaves") [staticcall]
    │   └─ ← ()
    ├─ [37907] MerkleStorageOZ::getProof(19) [staticcall]
    │   ├─ [0] console::log("Getting proof for leaf index:", 19) [staticcall]
    │   │   └─ ← ()
    │   ├─ [0] console::log("Tree depth:", 5) [staticcall]
    │   │   └─ ← ()
    │   ├─ [0] console::log("Level", 0, "size:", 20) [staticcall]
    │   │   └─ ← ()
    │   ├─ [0] console::log("Added to proof:", 56446361581621961878854006960535880407422028979022664102747530868558482727403 [5.644e76]) [staticcall]
    │   │   └─ ← ()
    │   ├─ [0] console::log("Level", 1, "size:", 10) [staticcall]
    │   │   └─ ← ()
    │   ├─ [0] console::log("Added to proof:", 68707805291125709217780897399343780900556216299315256742021570282172139855342 [6.87e76]) [staticcall]
    │   │   └─ ← ()
    │   ├─ [0] console::log("Level", 2, "size:", 5) [staticcall]
    │   │   └─ ← ()
    │   ├─ [0] console::log("Added to proof (odd level):", 45139666723238355772826244904596550483916276039110793439475289965711815832849 [4.513e76]) [staticcall]
    │   │   └─ ← ()
    │   ├─ [0] console::log("Level", 3, "size:", 3) [staticcall]
    │   │   └─ ← ()
    │   ├─ [0] console::log("Added to proof (odd level):", 45139666723238355772826244904596550483916276039110793439475289965711815832849 [4.513e76]) [staticcall]
    │   │   └─ ← ()
    │   ├─ [0] console::log("Level", 4, "size:", 2) [staticcall]
    │   │   └─ ← ()
    │   ├─ [0] console::log("Added to proof:", 86128377917019908445957012829255022949550602761192088501649658527506321620714 [8.612e76]) [staticcall]
    │   │   └─ ← ()
    │   ├─ [0] console::log("Final proof length:", 5) [staticcall]
    │   │   └─ ← ()
    │   └─ ← [0x7ccb822b9ff1cebd103b23ca271c13c8c7bcc0a56e894bba26dd9494975561eb, 0x97e73d5bdc5b93c5f1f4f821883ba4b1948b2ff1ac00d508e0f7bf386b165dee, 0x63cc255e7f876edad840850e1194773827a1ace7e5091cbfaef4246ad5bf7511, 0x63cc255e7f876edad840850e1194773827a1ace7e5091cbfaef4246ad5bf7511, 0xbe6aef332f76fab2501328e00212a75716fd7cf5be4cd3c68a372010ccc3beea]
    ├─ [0] console::log("--- Verification details for leaf 20 after adding 20 leaves ---") [staticcall]
    │   └─ ← ()
    ├─ [16219] MerkleStorageOZ::verifyLeaf(0x6c6561663230, [0x7ccb822b9ff1cebd103b23ca271c13c8c7bcc0a56e894bba26dd9494975561eb, 0x97e73d5bdc5b93c5f1f4f821883ba4b1948b2ff1ac00d508e0f7bf386b165dee, 0x63cc255e7f876edad840850e1194773827a1ace7e5091cbfaef4246ad5bf7511, 0x63cc255e7f876edad840850e1194773827a1ace7e5091cbfaef4246ad5bf7511, 0xbe6aef332f76fab2501328e00212a75716fd7cf5be4cd3c68a372010ccc3beea]) [staticcall]
    │   ├─ [0] console::log("Verifying leaf:", 45283241434768109543195762179758620702218781048592697717780870725838066339860 [4.528e76]) [staticcall]
    │   │   └─ ← ()
    │   ├─ [0] console::log("Merkle root:", 106870801179118634535883686530607157812509355522546186431046939568699077222939 [1.068e77]) [staticcall]
    │   │   └─ ← ()
    │   ├─ [0] console::log("Proof length:", 5) [staticcall]
    │   │   └─ ← ()
    │   ├─ [0] console::log("Proof element", 0, ":", 56446361581621961878854006960535880407422028979022664102747530868558482727403 [5.644e76]) [staticcall]
    │   │   └─ ← ()
    │   ├─ [0] console::log("Computed hash after element", 0, ":", 88575591579172084758772601398406961970416021707547377613245270537555338277781 [8.857e76]) [staticcall]
    │   │   └─ ← ()
    │   ├─ [0] console::log("Proof element", 1, ":", 68707805291125709217780897399343780900556216299315256742021570282172139855342 [6.87e76]) [staticcall]
    │   │   └─ ← ()
    │   ├─ [0] console::log("Computed hash after element", 1, ":", 45139666723238355772826244904596550483916276039110793439475289965711815832849 [4.513e76]) [staticcall]
    │   │   └─ ← ()
    │   ├─ [0] console::log("Proof element", 2, ":", 45139666723238355772826244904596550483916276039110793439475289965711815832849 [4.513e76]) [staticcall]
    │   │   └─ ← ()
    │   ├─ [0] console::log("Computed hash after element", 2, ":", 21542622059012190635906369546430773539738915079117799307359510961146431274570 [2.154e76]) [staticcall]
    │   │   └─ ← ()
    │   ├─ [0] console::log("Proof element", 3, ":", 45139666723238355772826244904596550483916276039110793439475289965711815832849 [4.513e76]) [staticcall]
    │   │   └─ ← ()
    │   ├─ [0] console::log("Computed hash after element", 3, ":", 13190317291286434167144621804752306629194723587825587121685396644725887523839 [1.319e76]) [staticcall]
    │   │   └─ ← ()
    │   ├─ [0] console::log("Proof element", 4, ":", 86128377917019908445957012829255022949550602761192088501649658527506321620714 [8.612e76]) [staticcall]
    │   │   └─ ← ()
    │   ├─ [0] console::log("Computed hash after element", 4, ":", 63582448114380680916039930615641943399471311578877930942071226955265822137423 [6.358e76]) [staticcall]
    │   │   └─ ← ()
    │   ├─ [0] console::log("Is valid:", false) [staticcall]
    │   │   └─ ← ()
    │   └─ ← false
    ├─ [0] console::log("--- End of verification details ---") [staticcall]
    │   └─ ← ()
    ├─ [0] console::log("Failed to verify leaf 20 after adding 20 leaves") [staticcall]
    │   └─ ← ()
    ├─ [0] VM::assertEq(29, 0, "All leaves should be verifiable") [staticcall]
    │   └─ ← All leaves should be verifiable: 29 != 0
    └─ ← All leaves should be verifiable: 29 != 0

Suite result: FAILED. 0 passed; 1 failed; 0 skipped; finished in 68.55ms (66.84ms CPU time)

Ran 1 test suite in 696.23ms (68.55ms CPU time): 0 tests passed, 1 failed, 0 skipped (1 total tests)

Failing tests:
Encountered 1 failing test in test/MerkleStorageOZ.t.sol:MerkleStorageOZTest
[FAIL. Reason: All leaves should be verifiable: 29 != 0] testAddAndVerifySequentially() (gas: 11840497)

Encountered a total of 1 failing tests, 0 tests succeeded
